### COMMAND LINE (reproducible) ###
"D:\Develop\JAVA17\bin\java.exe" -Dfile.encoding=UTF-8 -Dstdout.encoding=UTF-8 -Dstderr.encoding=UTF-8 -Drehearsal.publish.url=jdbc:mysql://127.0.0.1:3306/analytics_verify_m3_parity?useSSL=false&serverTimezone=Asia/Shanghai&characterEncoding=utf8&allowPublicKeyRetrieval=true -Drehearsal.publish.user=metric_pub -Drehearsal.publish.password=metric_pub_pw_2026 -Drehearsal.read.url=jdbc:mysql://127.0.0.1:3306/analytics_verify_m3_parity?useSSL=false&serverTimezone=Asia/Shanghai&characterEncoding=utf8&allowPublicKeyRetrieval=true -Drehearsal.read.user=metric_read -Drehearsal.read.password=metric_read_pw_2026 -Drehearsal.meta.url=jdbc:mysql://127.0.0.1:3306/analytics_meta?useSSL=false&serverTimezone=Asia/Shanghai&characterEncoding=utf8&allowPublicKeyRetrieval=true -Drehearsal.meta.user=meta_app -Drehearsal.meta.password=meta_app_pw_2026 -cp <classes;libs> RehearsalRunner FAIL-C-BAD-COLUMN S20260901_47RC 20260901 2026-09-01T00:00 1 3 47 "D:\Develop_code\GraduationProject\docs\acceptance\m3-step8-parity-20260912\raw\post\export-import-rehearsal\build\fx-c-unknown-column"
### EXECUTION ###
=== REHEARSAL RUN [FAIL-C-BAD-COLUMN] ===
snapshotId        = S20260901_47RC
businessDate      = 20260901
businessTime      = 2026-09-01T00:00
runtimeProfileId  = 1
profileVersion    = 3
pipelineRunId     = 47
exportDir         = D:\Develop_code\GraduationProject\docs\acceptance\m3-step8-parity-20260912\raw\post\export-import-rehearsal\build\fx-c-unknown-column
publishJdbcUrl    = jdbc:mysql://127.0.0.1:3306/analytics_verify_m3_parity?useSSL=false&serverTimezone=Asia/Shanghai&characterEncoding=utf8&allowPublicKeyRetrieval=true
readJdbcUrl       = jdbc:mysql://127.0.0.1:3306/analytics_verify_m3_parity?useSSL=false&serverTimezone=Asia/Shanghai&characterEncoding=utf8&allowPublicKeyRetrieval=true
publishUser       = metric_pub
readUser          = metric_read
metaJdbcUrl       = jdbc:mysql://127.0.0.1:3306/analytics_meta?useSSL=false&serverTimezone=Asia/Shanghai&characterEncoding=utf8&allowPublicKeyRetrieval=true
metric_definition rows = 16 codes=[avg_order_value, buy_rate, cart_rate, dau, full_refund_rate, gmv, net_sale, paid_order_cnt, product_heat, pv, refund_rate, repeat_rate, stock_days, stock_shortage_rate, user_value_level, uv]
publisher impl    = com.graduation.analytics.metric.publish.MetricPublisher
22:27:21.686 [main] INFO com.graduation.analytics.metric.publish.MetricPublishRepository -- metric publish: 快照 S20260901_47RC 登记 BUILDING（profile=1, version=3, businessDate=20260901）
22:27:21.704 [main] INFO com.graduation.analytics.metric.MetricAdsWriter -- metric ads delete snapshot S20260901_47RC: 共删除 0 行（8 张表）
22:27:21.735 [main] INFO com.graduation.analytics.metric.MetricAdsWriter -- metric ads insert ads_operation_overview_m (snapshot=S20260901_47RC, dt=20260901): 1 行 / 11 列
22:27:21.744 [main] INFO com.graduation.analytics.metric.MetricAdsWriter -- metric ads insert ads_sale_trend_m (snapshot=S20260901_47RC, dt=20260901): 1 行 / 6 列
22:27:21.761 [main] INFO com.graduation.analytics.metric.MetricAdsWriter -- metric ads insert ads_behavior_funnel_m (snapshot=S20260901_47RC, dt=20260901): 4 行 / 6 列
22:27:21.769 [main] INFO com.graduation.analytics.metric.MetricAdsWriter -- metric ads insert ads_active_trend_m (snapshot=S20260901_47RC, dt=20260901): 1 行 / 4 列
22:27:21.783 [main] INFO com.graduation.analytics.metric.MetricAdsWriter -- metric ads insert ads_hot_product_m (snapshot=S20260901_47RC, dt=20260901): 4 行 / 10 列
22:27:21.791 [main] INFO com.graduation.analytics.metric.MetricAdsWriter -- metric ads insert ads_product_conversion_m (snapshot=S20260901_47RC, dt=20260901): 4 行 / 6 列
22:27:21.798 [main] ERROR com.graduation.analytics.metric.publish.MetricPublisher -- metric publish: 快照 S20260901_47RC 写 ADS 宽表失败
java.io.IOException: 导出文件第 1 行含非白名单列（D:\Develop_code\GraduationProject\docs\acceptance\m3-step8-parity-20260912\raw\post\export-import-rehearsal\build\fx-c-unknown-column\ads_user_profile_m.jsonl）: [hacked_col]
	at com.graduation.analytics.metric.publish.AdsExportReader.toRow(AdsExportReader.java:92)
	at com.graduation.analytics.metric.publish.AdsExportReader.readTable(AdsExportReader.java:67)
	at com.graduation.analytics.metric.publish.MetricPublisher.publish(MetricPublisher.java:133)
	at RehearsalRunner.main(RehearsalRunner.java:155)
22:27:21.813 [main] INFO com.graduation.analytics.metric.MetricAdsWriter -- metric ads delete snapshot S20260901_47RC: 共删除 15 行（8 张表）
22:27:21.815 [main] WARN com.graduation.analytics.metric.publish.MetricPublisher -- metric publish 失败[MP_ADS_WRITE] 快照 S20260901_47RC：导出文件第 1 行含非白名单列（D:\Develop_code\GraduationProject\docs\acceptance\m3-step8-parity-20260912\raw\post\export-import-rehearsal\build\fx-c-unknown-column\ads_user_profile_m.jsonl）: [hacked_col]
--- PublishReport ---
ok            = false
errorCode     = MP_ADS_WRITE
message       = 导出文件第 1 行含非白名单列（D:\Develop_code\GraduationProject\docs\acceptance\m3-step8-parity-20260912\raw\post\export-import-rehearsal\build\fx-c-unknown-column\ads_user_profile_m.jsonl）: [hacked_col]
adsRows       = 0
metricValues  = 0
--- evidence ---
  snapshotId = S20260901_47RC
  businessDate = 20260901
  exportDir = D:\Develop_code\GraduationProject\docs\acceptance\m3-step8-parity-20260912\raw\post\export-import-rehearsal\build\fx-c-unknown-column
  manifestTotalRows = 22
  manifestSource = spark-ads
  previousActiveSnapshotId = S20260901_47
  compensatedAdsRows = 15
  errorCode = MP_ADS_WRITE
  elapsedMs = 209
--- checks (4) ---
  [PASS] MP_MANIFEST_SNAPSHOT severity=BLOCKING total=2 errors=0 | 清单快照/业务日与本次发布一致 | request=S20260901_47RC/20260901 manifest=S20260901_47RC/20260901
  [PASS] MP_MANIFEST_TABLES severity=BLOCKING total=8 errors=0 | 8 张宽表齐备且列与白名单一致 | 缺失=[] 列不一致=[]
  [PASS] MP_HIVE_PATH_PINNED severity=BLOCKING total=8 errors=0 | 每张表来源分区指向本次快照（防读到上一版数据） | ads_operation_overview_m<-file:/D:/Develop_code/GraduationProject/spark-warehouse/dw_ads.db/ads_operation_overview__staging/snapshot_id=S20260901_47RC/dt=20260901; ads_sale_trend_m<-file:/D:/Develop_code/GraduationProject/spark-warehouse/dw_ads.db/ads_sale_trend__staging/snapshot_id=S20260901_47RC/dt=20260901; ads_behavior_funnel_m<-file:/D:/Develop_code/GraduationProject/spark-warehouse/dw_ads.db/ads_behavior_funnel__staging/snapshot_id=S20260901_47RC/dt=20260901; ads_active_trend_m<-file:/D:/Develop_code/GraduationProject/spark-warehouse/dw_ads.db/ads_active_trend__staging/snapshot_id=S20260901_47RC/dt=20260901; ads_hot_product_m<-file:/D:/Develop_code/GraduationProject/spark-warehouse/dw_ads.db/ads_hot_product__staging/snapshot_id=S20260901_47RC/dt=20260901; ads_product_conversion_m<-file:/D:/Develop_code/GraduationProject/spark-warehouse/dw_ads.db/ads_product_conversion__staging/snapshot_id=S20260901_47RC/dt=20260901; ads_user_profile_m<-file:/D:/Develop_code/GraduationProject/spark-warehouse/dw_ads.db/ads_user_profile__staging/snapshot_id=S20260901_47RC/dt=20260901; ads_data_quality_m<-file:/D:/Develop_code/GraduationProject/spark-warehouse/dw_ads.db/ads_data_quality__staging/snapshot_id=S20260901_47RC/dt=20260901
  [PASS] MP_EXPORT_FILES severity=BLOCKING total=8 errors=0 | 导出文件全部存在 | exportDir=D:\Develop_code\GraduationProject\docs\acceptance\m3-step8-parity-20260912\raw\post\export-import-rehearsal\build\fx-c-unknown-column
--- read-back (metric_read) ---
metric_snapshot: status/active_flag/version = FAILED/null/3/v2
metric_value rows = 0
  ads_operation_overview_m rows = 0
  ads_sale_trend_m rows = 0
  ads_behavior_funnel_m rows = 0
  ads_active_trend_m rows = 0
  ads_hot_product_m rows = 0
  ads_product_conversion_m rows = 0
  ads_user_profile_m rows = 0
  ads_data_quality_m rows = 0
run elapsedMs = 1154
=== REHEARSAL RESULT [FAIL-C-BAD-COLUMN] ok=false errorCode=MP_ADS_WRITE ===
### EXIT CODE = 3 ; WALL CLOCK = 1.345 s ###
