
  .   ____          _            __ _ _
 /\\ / ___'_ __ _ _(_)_ __  __ _ \ \ \ \
( ( )\___ | '_ | '_| | '_ \/ _` | \ \ \ \
 \\/  ___)| |_)| | | | | || (_| |  ) ) ) )
  '  |____| .__|_| |_|_| |_\__, | / / / /
 =========|_|==============|___/=/_/_/_/
 :: Spring Boot ::                (v3.2.5)

2026-09-12T09:48:11.047+08:00  INFO 10412 --- [synthetic-data-generator] [           main] c.g.generator.GeneratorApplication       : Starting GeneratorApplication v0.1.0-SNAPSHOT using Java 17.0.12 with PID 10412 (D:\Develop_code\GraduationProject\synthetic-data-generator\target\synthetic-data-generator-0.1.0-SNAPSHOT.jar started by ASUS in D:\Develop_code\GraduationProject)
2026-09-12T09:48:11.052+08:00  INFO 10412 --- [synthetic-data-generator] [           main] c.g.generator.GeneratorApplication       : No active profile set, falling back to 1 default profile: "default"
2026-09-12T09:48:12.487+08:00  INFO 10412 --- [synthetic-data-generator] [           main] o.s.b.w.embedded.tomcat.TomcatWebServer  : Tomcat initialized with port 8092 (http)
2026-09-12T09:48:12.491+08:00  INFO 10412 --- [synthetic-data-generator] [           main] o.a.catalina.core.AprLifecycleListener   : Loaded Apache Tomcat Native library [2.0.14] using APR version [1.7.6].
2026-09-12T09:48:12.493+08:00  INFO 10412 --- [synthetic-data-generator] [           main] o.a.catalina.core.AprLifecycleListener   : OpenSSL successfully initialized [OpenSSL 3.5.5 27 Jan 2026]
2026-09-12T09:48:12.501+08:00  INFO 10412 --- [synthetic-data-generator] [           main] o.apache.catalina.core.StandardService   : Starting service [Tomcat]
2026-09-12T09:48:12.502+08:00  INFO 10412 --- [synthetic-data-generator] [           main] o.apache.catalina.core.StandardEngine    : Starting Servlet engine: [Apache Tomcat/10.1.20]
2026-09-12T09:48:12.537+08:00  INFO 10412 --- [synthetic-data-generator] [           main] o.a.c.c.C.[Tomcat].[localhost].[/]       : Initializing Spring embedded WebApplicationContext
2026-09-12T09:48:12.538+08:00  INFO 10412 --- [synthetic-data-generator] [           main] w.s.c.ServletWebServerApplicationContext : Root WebApplicationContext: initialization completed in 1420 ms
2026-09-12T09:48:12.666+08:00  INFO 10412 --- [synthetic-data-generator] [           main] com.zaxxer.hikari.HikariDataSource       : HikariPool-1 - Starting...
2026-09-12T09:48:12.901+08:00  INFO 10412 --- [synthetic-data-generator] [           main] com.zaxxer.hikari.pool.HikariPool        : HikariPool-1 - Added connection com.mysql.cj.jdbc.ConnectionImpl@65e22def
2026-09-12T09:48:12.904+08:00  INFO 10412 --- [synthetic-data-generator] [           main] com.zaxxer.hikari.HikariDataSource       : HikariPool-1 - Start completed.
2026-09-12T09:48:13.002+08:00  INFO 10412 --- [synthetic-data-generator] [           main] o.f.c.internal.license.VersionPrinter    : Flyway Community Edition 9.22.3 by Redgate
2026-09-12T09:48:13.004+08:00  INFO 10412 --- [synthetic-data-generator] [           main] o.f.c.internal.license.VersionPrinter    : See release notes here: https://rd.gt/416ObMi
2026-09-12T09:48:13.004+08:00  INFO 10412 --- [synthetic-data-generator] [           main] o.f.c.internal.license.VersionPrinter    : 
2026-09-12T09:48:13.019+08:00  INFO 10412 --- [synthetic-data-generator] [           main] org.flywaydb.core.FlywayExecutor         : Database: jdbc:mysql://127.0.0.1:3306/generator_meta (MySQL 8.0)
2026-09-12T09:48:13.051+08:00  INFO 10412 --- [synthetic-data-generator] [           main] o.f.core.internal.command.DbValidate     : Successfully validated 1 migration (execution time 00:00.018s)
2026-09-12T09:48:13.061+08:00  INFO 10412 --- [synthetic-data-generator] [           main] o.f.core.internal.command.DbMigrate      : Current version of schema `generator_meta`: 1
2026-09-12T09:48:13.064+08:00  INFO 10412 --- [synthetic-data-generator] [           main] o.f.core.internal.command.DbMigrate      : Schema `generator_meta` is up to date. No migration necessary.
2026-09-12T09:48:13.718+08:00  INFO 10412 --- [synthetic-data-generator] [           main] o.s.b.w.embedded.tomcat.TomcatWebServer  : Tomcat started on port 8092 (http) with context path ''
2026-09-12T09:48:13.739+08:00  INFO 10412 --- [synthetic-data-generator] [           main] c.g.generator.GeneratorApplication       : Started GeneratorApplication in 3.238 seconds (process running for 3.679)
2026-09-12T09:48:14.137+08:00  INFO 10412 --- [synthetic-data-generator] [nio-8092-exec-1] o.a.c.c.C.[Tomcat].[localhost].[/]       : Initializing Spring DispatcherServlet 'dispatcherServlet'
2026-09-12T09:48:14.138+08:00  INFO 10412 --- [synthetic-data-generator] [nio-8092-exec-1] o.s.web.servlet.DispatcherServlet        : Initializing Servlet 'dispatcherServlet'
2026-09-12T09:48:14.139+08:00  INFO 10412 --- [synthetic-data-generator] [nio-8092-exec-1] o.s.web.servlet.DispatcherServlet        : Completed initialization in 1 ms
