Picked up JAVA_TOOL_OPTIONS: -Dfile.encoding=UTF-8 -XX:+UseSerialGC
[INFO] Scanning for projects...
[INFO] 
[INFO] --------------< com.graduation:synthetic-data-generator >---------------
[INFO] Building synthetic-data-generator 0.1.0-SNAPSHOT
[INFO]   from pom.xml
[INFO] --------------------------------[ jar ]---------------------------------
[INFO] 
[INFO] --- resources:3.3.1:resources (default-resources) @ synthetic-data-generator ---
[INFO] Copying 1 resource from src\main\resources to target\classes
[INFO] Copying 1 resource from src\main\resources to target\classes
[INFO] 
[INFO] --- compiler:3.11.0:compile (default-compile) @ synthetic-data-generator ---
[INFO] Nothing to compile - all classes are up to date
[INFO] 
[INFO] --- resources:3.3.1:testResources (default-testResources) @ synthetic-data-generator ---
[INFO] skip non existing resourceDirectory D:\Develop_code\GraduationProject\synthetic-data-generator\src\test\resources
[INFO] 
[INFO] --- compiler:3.11.0:testCompile (default-testCompile) @ synthetic-data-generator ---
[INFO] Nothing to compile - all classes are up to date
[INFO] 
[INFO] --- surefire:3.1.2:test (default-test) @ synthetic-data-generator ---
[INFO] Using auto detected provider org.apache.maven.surefire.junitplatform.JUnitPlatformProvider
[INFO] 
[INFO] -------------------------------------------------------
[INFO]  T E S T S
[INFO] -------------------------------------------------------
Picked up JAVA_TOOL_OPTIONS: -Dfile.encoding=UTF-8 -XX:+UseSerialGC
[INFO] Running com.graduation.generator.adapter.MallTargetAdapterRegistryTest
[INFO] Tests run: 4, Failures: 0, Errors: 0, Skipped: 0, Time elapsed: 0.135 s -- in com.graduation.generator.adapter.MallTargetAdapterRegistryTest
[INFO] Running com.graduation.generator.adapter.ReferenceMallHttpAdapterTest
19:49:40.647 [main] INFO com.graduation.generator.adapter.ReferenceMallHttpAdapter -- 目标能力探测完成：id=42 {PRODUCT=SUPPORTED, USER=SUPPORTED, ORDER=SUPPORTED, REFUND=ABSENT, BEHAVIOR=UNDETERMINED, RESET_STATE=UNDETERMINED, ADMIN=SUPPORTED}
19:49:40.683 [main] INFO com.graduation.generator.adapter.ReferenceMallHttpAdapter -- 目标能力探测完成：id=42 {PRODUCT=SUPPORTED, USER=SUPPORTED, ORDER=SUPPORTED, REFUND=SUPPORTED, BEHAVIOR=ABSENT, RESET_STATE=SUPPORTED, ADMIN=SUPPORTED}
19:49:40.702 [main] INFO com.graduation.generator.adapter.ReferenceMallHttpAdapter -- 目标能力探测完成：id=42 {PRODUCT=SUPPORTED, USER=SUPPORTED, ORDER=SUPPORTED, REFUND=SUPPORTED, BEHAVIOR=UNDETERMINED, RESET_STATE=UNDETERMINED, ADMIN=SUPPORTED}
19:49:40.732 [main] INFO com.graduation.generator.adapter.ReferenceMallHttpAdapter -- 目标能力探测完成：id=42 {PRODUCT=SUPPORTED, USER=SUPPORTED, ORDER=SUPPORTED, REFUND=SUPPORTED, BEHAVIOR=UNDETERMINED, RESET_STATE=UNDETERMINED, ADMIN=SUPPORTED}
19:49:40.751 [main] INFO com.graduation.generator.adapter.ReferenceMallHttpAdapter -- 目标能力探测完成：id=42 {PRODUCT=SUPPORTED, USER=SUPPORTED, ORDER=SUPPORTED, REFUND=SUPPORTED, BEHAVIOR=UNDETERMINED, RESET_STATE=UNDETERMINED, ADMIN=UNDETERMINED}
19:49:40.768 [main] INFO com.graduation.generator.adapter.ReferenceMallHttpAdapter -- 目标能力探测完成：id=42 {PRODUCT=SUPPORTED, USER=SUPPORTED, ORDER=SUPPORTED, REFUND=SUPPORTED, BEHAVIOR=SUPPORTED, RESET_STATE=SUPPORTED, ADMIN=SUPPORTED}
19:49:40.781 [main] WARN com.graduation.generator.adapter.ReferenceMallHttpAdapter -- 目标能力探测失败：id=42 无法连接 http://127.0.0.1:10175（ConnectException: null）
19:49:40.797 [main] INFO com.graduation.generator.adapter.ReferenceMallHttpAdapter -- 目标能力探测完成：id=42 {PRODUCT=SUPPORTED, USER=SUPPORTED, ORDER=SUPPORTED, REFUND=SUPPORTED, BEHAVIOR=UNDETERMINED, RESET_STATE=UNDETERMINED, ADMIN=SUPPORTED}
[INFO] Tests run: 8, Failures: 0, Errors: 0, Skipped: 0, Time elapsed: 0.370 s -- in com.graduation.generator.adapter.ReferenceMallHttpAdapterTest
[INFO] Running com.graduation.generator.boundary.GeneratorBoundarySourcePolicyTest
[INFO] Tests run: 4, Failures: 0, Errors: 0, Skipped: 0, Time elapsed: 0.062 s -- in com.graduation.generator.boundary.GeneratorBoundarySourcePolicyTest
[INFO] Running com.graduation.generator.contract.GeneratorContractParityTest
[INFO] Tests run: 7, Failures: 0, Errors: 0, Skipped: 0, Time elapsed: 0.061 s -- in com.graduation.generator.contract.GeneratorContractParityTest
[INFO] Running com.graduation.generator.contract.JsonlEventSinkTest
[INFO] Tests run: 5, Failures: 0, Errors: 0, Skipped: 0, Time elapsed: 0.134 s -- in com.graduation.generator.contract.JsonlEventSinkTest
[INFO] Running com.graduation.generator.core.BehaviorChainTest
[INFO] Tests run: 4, Failures: 0, Errors: 0, Skipped: 0, Time elapsed: 0.002 s -- in com.graduation.generator.core.BehaviorChainTest
[INFO] Running com.graduation.generator.core.DistributionKitTest
[INFO] Tests run: 4, Failures: 0, Errors: 0, Skipped: 0, Time elapsed: 0.007 s -- in com.graduation.generator.core.DistributionKitTest
[INFO] Running com.graduation.generator.core.GeneratorDeterminismTest
[INFO] Tests run: 2, Failures: 0, Errors: 0, Skipped: 0, Time elapsed: 0.022 s -- in com.graduation.generator.core.GeneratorDeterminismTest
[INFO] Running com.graduation.generator.core.ScenarioEffectTest
[INFO] Tests run: 2, Failures: 0, Errors: 0, Skipped: 0, Time elapsed: 0.003 s -- in com.graduation.generator.core.ScenarioEffectTest
[INFO] Running com.graduation.generator.core.ScenarioRegistryTest
[INFO] Tests run: 2, Failures: 0, Errors: 0, Skipped: 0, Time elapsed: 0.002 s -- in com.graduation.generator.core.ScenarioRegistryTest
[INFO] Running com.graduation.generator.engine.FileModeGenerationEngineTest
[INFO] Tests run: 9, Failures: 0, Errors: 0, Skipped: 0, Time elapsed: 0.910 s -- in com.graduation.generator.engine.FileModeGenerationEngineTest
[INFO] Running com.graduation.generator.meta.GeneratorMetaStoreTest
[INFO] Tests run: 5, Failures: 0, Errors: 0, Skipped: 0, Time elapsed: 0.338 s -- in com.graduation.generator.meta.GeneratorMetaStoreTest
[INFO] Running com.graduation.generator.meta.RunStatusTest
[INFO] Tests run: 4, Failures: 0, Errors: 0, Skipped: 0, Time elapsed: 0.003 s -- in com.graduation.generator.meta.RunStatusTest
[INFO] Running com.graduation.generator.web.GeneratorApiSmokeTest
19:49:42.391 [main] INFO org.springframework.test.context.support.AnnotationConfigContextLoaderUtils -- Could not detect default configuration classes for test class [com.graduation.generator.web.GeneratorApiSmokeTest]: GeneratorApiSmokeTest does not declare any static, non-private, non-final, nested classes annotated with @Configuration.
19:49:42.452 [main] INFO org.springframework.boot.test.context.SpringBootTestContextBootstrapper -- Found @SpringBootConfiguration com.graduation.generator.GeneratorApplication for test class com.graduation.generator.web.GeneratorApiSmokeTest

  .   ____          _            __ _ _
 /\\ / ___'_ __ _ _(_)_ __  __ _ \ \ \ \
( ( )\___ | '_ | '_| | '_ \/ _` | \ \ \ \
 \\/  ___)| |_)| | | | | || (_| |  ) ) ) )
  '  |____| .__|_| |_|_| |_\__, | / / / /
 =========|_|==============|___/=/_/_/_/
 :: Spring Boot ::                (v3.2.5)

2026-09-11T19:49:42.809+08:00  INFO 9356 --- [synthetic-data-generator] [           main] c.g.generator.web.GeneratorApiSmokeTest  : Starting GeneratorApiSmokeTest using Java 17.0.12 with PID 9356 (started by ASUS in D:\Develop_code\GraduationProject\synthetic-data-generator)
2026-09-11T19:49:42.811+08:00  INFO 9356 --- [synthetic-data-generator] [           main] c.g.generator.web.GeneratorApiSmokeTest  : No active profile set, falling back to 1 default profile: "default"
2026-09-11T19:49:43.893+08:00  INFO 9356 --- [synthetic-data-generator] [           main] o.s.b.w.embedded.tomcat.TomcatWebServer  : Tomcat initialized with port 0 (http)
2026-09-11T19:49:43.902+08:00  INFO 9356 --- [synthetic-data-generator] [           main] o.a.catalina.core.AprLifecycleListener   : Loaded Apache Tomcat Native library [2.0.14] using APR version [1.7.6].
2026-09-11T19:49:43.904+08:00  INFO 9356 --- [synthetic-data-generator] [           main] o.a.catalina.core.AprLifecycleListener   : OpenSSL successfully initialized [OpenSSL 3.5.5 27 Jan 2026]
2026-09-11T19:49:43.927+08:00  INFO 9356 --- [synthetic-data-generator] [           main] o.apache.catalina.core.StandardService   : Starting service [Tomcat]
2026-09-11T19:49:43.927+08:00  INFO 9356 --- [synthetic-data-generator] [           main] o.apache.catalina.core.StandardEngine    : Starting Servlet engine: [Apache Tomcat/10.1.20]
2026-09-11T19:49:44.002+08:00  INFO 9356 --- [synthetic-data-generator] [           main] o.a.c.c.C.[Tomcat].[localhost].[/]       : Initializing Spring embedded WebApplicationContext
2026-09-11T19:49:44.002+08:00  INFO 9356 --- [synthetic-data-generator] [           main] w.s.c.ServletWebServerApplicationContext : Root WebApplicationContext: initialization completed in 1177 ms
2026-09-11T19:49:44.189+08:00  INFO 9356 --- [synthetic-data-generator] [           main] com.zaxxer.hikari.HikariDataSource       : HikariPool-1 - Starting...
2026-09-11T19:49:44.218+08:00  INFO 9356 --- [synthetic-data-generator] [           main] com.zaxxer.hikari.pool.HikariPool        : HikariPool-1 - Added connection com.mysql.cj.jdbc.ConnectionImpl@24fc2c80
2026-09-11T19:49:44.221+08:00  INFO 9356 --- [synthetic-data-generator] [           main] com.zaxxer.hikari.HikariDataSource       : HikariPool-1 - Start completed.
2026-09-11T19:49:44.401+08:00  INFO 9356 --- [synthetic-data-generator] [           main] o.f.c.internal.license.VersionPrinter    : Flyway Community Edition 9.22.3 by Redgate
2026-09-11T19:49:44.401+08:00  INFO 9356 --- [synthetic-data-generator] [           main] o.f.c.internal.license.VersionPrinter    : See release notes here: https://rd.gt/416ObMi
2026-09-11T19:49:44.401+08:00  INFO 9356 --- [synthetic-data-generator] [           main] o.f.c.internal.license.VersionPrinter    : 
2026-09-11T19:49:44.417+08:00  INFO 9356 --- [synthetic-data-generator] [           main] org.flywaydb.core.FlywayExecutor         : Database: jdbc:mysql://127.0.0.1:3306/generator_meta (MySQL 8.0)
2026-09-11T19:49:44.450+08:00  INFO 9356 --- [synthetic-data-generator] [           main] o.f.core.internal.command.DbValidate     : Successfully validated 1 migration (execution time 00:00.019s)
2026-09-11T19:49:44.463+08:00  INFO 9356 --- [synthetic-data-generator] [           main] o.f.core.internal.command.DbMigrate      : Current version of schema `generator_meta`: 1
2026-09-11T19:49:44.464+08:00  INFO 9356 --- [synthetic-data-generator] [           main] o.f.core.internal.command.DbMigrate      : Schema `generator_meta` is up to date. No migration necessary.
2026-09-11T19:49:45.213+08:00  INFO 9356 --- [synthetic-data-generator] [           main] o.s.b.w.embedded.tomcat.TomcatWebServer  : Tomcat started on port 10327 (http) with context path ''
2026-09-11T19:49:45.224+08:00  INFO 9356 --- [synthetic-data-generator] [           main] c.g.generator.web.GeneratorApiSmokeTest  : Started GeneratorApiSmokeTest in 2.685 seconds (process running for 5.401)
Java HotSpot(TM) 64-Bit Server VM warning: Sharing is only supported for boot loader classes because bootstrap classpath has been appended
2026-09-11T19:49:45.929+08:00  INFO 9356 --- [synthetic-data-generator] [o-auto-1-exec-1] o.a.c.c.C.[Tomcat].[localhost].[/]       : Initializing Spring DispatcherServlet 'dispatcherServlet'
2026-09-11T19:49:45.929+08:00  INFO 9356 --- [synthetic-data-generator] [o-auto-1-exec-1] o.s.web.servlet.DispatcherServlet        : Initializing Servlet 'dispatcherServlet'
2026-09-11T19:49:45.929+08:00  INFO 9356 --- [synthetic-data-generator] [o-auto-1-exec-1] o.s.web.servlet.DispatcherServlet        : Completed initialization in 0 ms
2026-09-11T19:49:46.004+08:00  WARN 9356 --- [synthetic-data-generator] [o-auto-1-exec-3] c.g.generator.web.ApiExceptionHandler    : 唯一键冲突：Duplicate entry 'it-file-target-6171ce' for key 'generator_target.uk_generator_target_name'
2026-09-11T19:49:46.120+08:00  WARN 9356 --- [synthetic-data-generator] [o-auto-1-exec-2] c.g.generator.web.ApiExceptionHandler    : 请求了尚未实现的能力：模式 MALL_API 尚未实现：MALL_API 需要 ReferenceMallHttpAdapter（S4，且依赖 B-04 裁决）；本服务当前只支持 CANONICAL_EVENT_FILE
2026-09-11T19:49:46.155+08:00  INFO 9356 --- [synthetic-data-generator] [o-auto-1-exec-4] c.g.g.service.GenerationRunService       : 生成运行已入队：runId=it-s3b-2e51f859-v1-20260911-194946-c65c plan=it-s3b-2e51f859 v1 scenario=normal eventCount=200
2026-09-11T19:49:46.209+08:00  INFO 9356 --- [synthetic-data-generator] [  generator-run] c.g.g.service.GenerationRunService       : 生成运行收口：runId=it-s3b-2e51f859-v1-20260911-194946-c65c status=SUCCESS success=200 failed=0 artifacts=2 manifestRecords=200
[INFO] Tests run: 4, Failures: 0, Errors: 0, Skipped: 0, Time elapsed: 4.062 s -- in com.graduation.generator.web.GeneratorApiSmokeTest
[INFO] 
[INFO] Results:
[INFO] 
[INFO] Tests run: 64, Failures: 0, Errors: 0, Skipped: 0
[INFO] 
[INFO] ------------------------------------------------------------------------
[INFO] BUILD SUCCESS
[INFO] ------------------------------------------------------------------------
[INFO] Total time:  7.505 s
[INFO] Finished at: 2026-09-11T19:49:46+08:00
[INFO] ------------------------------------------------------------------------
