Picked up JAVA_TOOL_OPTIONS: -Dfile.encoding=UTF-8 -XX:+UseSerialGC
[INFO] Scanning for projects...
[INFO] 
[INFO] --------------< com.graduation:synthetic-data-generator >---------------
[INFO] Building synthetic-data-generator 0.1.0-SNAPSHOT
[INFO]   from pom.xml
[INFO] --------------------------------[ jar ]---------------------------------
[INFO] 
[INFO] --- resources:3.3.1:resources (default-resources) @ synthetic-data-generator ---
[INFO] Copying 1 resource from src\main\resources to target\classes
[INFO] Copying 1 resource from src\main\resources to target\classes
[INFO] 
[INFO] --- compiler:3.11.0:compile (default-compile) @ synthetic-data-generator ---
[INFO] Nothing to compile - all classes are up to date
[INFO] 
[INFO] --- resources:3.3.1:testResources (default-testResources) @ synthetic-data-generator ---
[INFO] skip non existing resourceDirectory D:\Develop_code\GraduationProject\synthetic-data-generator\src\test\resources
[INFO] 
[INFO] --- compiler:3.11.0:testCompile (default-testCompile) @ synthetic-data-generator ---
[INFO] Changes detected - recompiling the module! :source
[INFO] Compiling 14 source files with javac [debug release 17] to target\test-classes
[INFO] 
[INFO] --- surefire:3.1.2:test (default-test) @ synthetic-data-generator ---
[INFO] Using auto detected provider org.apache.maven.surefire.junitplatform.JUnitPlatformProvider
[INFO] 
[INFO] -------------------------------------------------------
[INFO]  T E S T S
[INFO] -------------------------------------------------------
Picked up JAVA_TOOL_OPTIONS: -Dfile.encoding=UTF-8 -XX:+UseSerialGC
[INFO] Running com.graduation.generator.target.ReferenceMallHttpAdapterTest
19:39:51.390 [main] INFO com.graduation.generator.target.ReferenceMallHttpAdapter -- 目标能力探测完成：id=42 {PRODUCT=SUPPORTED, USER=SUPPORTED, ORDER=SUPPORTED, REFUND=ABSENT, BEHAVIOR=UNDETERMINED, RESET_STATE=UNDETERMINED, ADMIN=SUPPORTED}
19:39:51.433 [main] INFO com.graduation.generator.target.ReferenceMallHttpAdapter -- 目标能力探测完成：id=42 {PRODUCT=SUPPORTED, USER=SUPPORTED, ORDER=SUPPORTED, REFUND=SUPPORTED, BEHAVIOR=ABSENT, RESET_STATE=SUPPORTED, ADMIN=SUPPORTED}
19:39:51.452 [main] INFO com.graduation.generator.target.ReferenceMallHttpAdapter -- 目标能力探测完成：id=42 {PRODUCT=SUPPORTED, USER=SUPPORTED, ORDER=SUPPORTED, REFUND=SUPPORTED, BEHAVIOR=UNDETERMINED, RESET_STATE=UNDETERMINED, ADMIN=SUPPORTED}
19:39:51.474 [main] INFO com.graduation.generator.target.ReferenceMallHttpAdapter -- 目标能力探测完成：id=42 {PRODUCT=UNDETERMINED, USER=UNDETERMINED, ORDER=UNDETERMINED, REFUND=UNDETERMINED, BEHAVIOR=UNDETERMINED, RESET_STATE=UNDETERMINED, ADMIN=SUPPORTED}
19:39:51.509 [main] INFO com.graduation.generator.target.ReferenceMallHttpAdapter -- 目标能力探测完成：id=42 {PRODUCT=SUPPORTED, USER=SUPPORTED, ORDER=SUPPORTED, REFUND=SUPPORTED, BEHAVIOR=UNDETERMINED, RESET_STATE=UNDETERMINED, ADMIN=UNDETERMINED}
19:39:51.528 [main] INFO com.graduation.generator.target.ReferenceMallHttpAdapter -- 目标能力探测完成：id=42 {PRODUCT=SUPPORTED, USER=SUPPORTED, ORDER=SUPPORTED, REFUND=SUPPORTED, BEHAVIOR=SUPPORTED, RESET_STATE=SUPPORTED, ADMIN=SUPPORTED}
19:39:51.543 [main] INFO com.graduation.generator.target.ReferenceMallHttpAdapter -- 目标能力探测完成：id=42 {PRODUCT=SUPPORTED, USER=SUPPORTED, ORDER=SUPPORTED, REFUND=SUPPORTED, BEHAVIOR=UNDETERMINED, RESET_STATE=UNDETERMINED, ADMIN=SUPPORTED}
19:39:51.558 [main] WARN com.graduation.generator.target.ReferenceMallHttpAdapter -- 目标能力探测失败：id=42 无法连接 http://127.0.0.1:8375（ConnectException: null）
[ERROR] Tests run: 8, Failures: 1, Errors: 0, Skipped: 0, Time elapsed: 0.510 s <<< FAILURE! -- in com.graduation.generator.target.ReferenceMallHttpAdapterTest
[ERROR] com.graduation.generator.target.ReferenceMallHttpAdapterTest.credentialIsSentOnPublicRoutesToo -- Time elapsed: 0.025 s <<< FAILURE!
org.opentest4j.AssertionFailedError: 公开路由也必须带上凭据，否则会被 401 判成 UNDETERMINED：OPTIONS 探测 http://127.0.0.1:8325：11 条代表路由；product=UNDETERMINED；user=UNDETERMINED；order=UNDETERMINED；refund=UNDETERMINED；behavior=UNDETERMINED；reset_state=UNDETERMINED；admin=SUPPORTED。路由明细：/api/v1/mall/products=GATED(401), /api/v1/mall/users=GATED(401), /api/v1/mall/orders=GATED(401), /api/v1/mall/orders/0/pay=GATED(401), /api/v1/mall/orders/0/cancel=GATED(401), /api/v1/mall/orders/0/refunds=GATED(401), /api/v1/mall/refunds/0/complete=GATED(401), /api/v1/admin/products=HTTP_ANSWERED(200), /api/v1/admin/products/0/price=HTTP_ANSWERED(200), /api/v1/admin/products/0/stock=HTTP_ANSWERED(200), /api/v1/admin/products/0/status=HTTP_ANSWERED(200)。已按凭据引用 GENERATOR_TARGET_TOKEN 取值（值不回显）。behavior 需在 config_json.behavior_path 声明公开行为埋点接口路径（参考商城尚无该接口，路径未冻结，B-04）。reset_state 需在 config_json.reset_path 声明受保护重置接口路径 ==> expected: <SUPPORTED> but was: <UNDETERMINED>
	at org.junit.jupiter.api.AssertionFailureBuilder.build(AssertionFailureBuilder.java:151)
	at org.junit.jupiter.api.AssertionFailureBuilder.buildAndThrow(AssertionFailureBuilder.java:132)
	at org.junit.jupiter.api.AssertEquals.failNotEqual(AssertEquals.java:197)
	at org.junit.jupiter.api.AssertEquals.assertEquals(AssertEquals.java:182)
	at org.junit.jupiter.api.Assertions.assertEquals(Assertions.java:1156)
	at com.graduation.generator.target.ReferenceMallHttpAdapterTest.credentialIsSentOnPublicRoutesToo(ReferenceMallHttpAdapterTest.java:121)
	at java.base/java.lang.reflect.Method.invoke(Method.java:568)
	at java.base/java.util.ArrayList.forEach(ArrayList.java:1511)
	at java.base/java.util.ArrayList.forEach(ArrayList.java:1511)

[INFO] 
[INFO] Results:
[INFO] 
[ERROR] Failures: 
[ERROR]   ReferenceMallHttpAdapterTest.credentialIsSentOnPublicRoutesToo:121 公开路由也必须带上凭据，否则会被 401 判成 UNDETERMINED：OPTIONS 探测 http://127.0.0.1:8325：11 条代表路由；product=UNDETERMINED；user=UNDETERMINED；order=UNDETERMINED；refund=UNDETERMINED；behavior=UNDETERMINED；reset_state=UNDETERMINED；admin=SUPPORTED。路由明细：/api/v1/mall/products=GATED(401), /api/v1/mall/users=GATED(401), /api/v1/mall/orders=GATED(401), /api/v1/mall/orders/0/pay=GATED(401), /api/v1/mall/orders/0/cancel=GATED(401), /api/v1/mall/orders/0/refunds=GATED(401), /api/v1/mall/refunds/0/complete=GATED(401), /api/v1/admin/products=HTTP_ANSWERED(200), /api/v1/admin/products/0/price=HTTP_ANSWERED(200), /api/v1/admin/products/0/stock=HTTP_ANSWERED(200), /api/v1/admin/products/0/status=HTTP_ANSWERED(200)。已按凭据引用 GENERATOR_TARGET_TOKEN 取值（值不回显）。behavior 需在 config_json.behavior_path 声明公开行为埋点接口路径（参考商城尚无该接口，路径未冻结，B-04）。reset_state 需在 config_json.reset_path 声明受保护重置接口路径 ==> expected: <SUPPORTED> but was: <UNDETERMINED>
[INFO] 
[ERROR] Tests run: 8, Failures: 1, Errors: 0, Skipped: 0
[INFO] 
[INFO] ------------------------------------------------------------------------
[INFO] BUILD FAILURE
