Picked up JAVA_TOOL_OPTIONS: -Dfile.encoding=UTF-8 -XX:+UseSerialGC
[INFO] Scanning for projects...
[INFO] 
[INFO] --------------< com.graduation:synthetic-data-generator >---------------
[INFO] Building synthetic-data-generator 0.1.0-SNAPSHOT
[INFO]   from pom.xml
[INFO] --------------------------------[ jar ]---------------------------------
[INFO] 
[INFO] --- resources:3.3.1:resources (default-resources) @ synthetic-data-generator ---
[INFO] Copying 1 resource from src\main\resources to target\classes
[INFO] Copying 1 resource from src\main\resources to target\classes
[INFO] 
[INFO] --- compiler:3.11.0:compile (default-compile) @ synthetic-data-generator ---
[INFO] Nothing to compile - all classes are up to date
[INFO] 
[INFO] --- resources:3.3.1:testResources (default-testResources) @ synthetic-data-generator ---
[INFO] skip non existing resourceDirectory D:\Develop_code\GraduationProject\synthetic-data-generator\src\test\resources
[INFO] 
[INFO] --- compiler:3.11.0:testCompile (default-testCompile) @ synthetic-data-generator ---
[INFO] Changes detected - recompiling the module! :source
[INFO] Compiling 14 source files with javac [debug release 17] to target\test-classes
[INFO] 
[INFO] --- surefire:3.1.2:test (default-test) @ synthetic-data-generator ---
[INFO] Using auto detected provider org.apache.maven.surefire.junitplatform.JUnitPlatformProvider
[INFO] 
[INFO] -------------------------------------------------------
[INFO]  T E S T S
[INFO] -------------------------------------------------------
Picked up JAVA_TOOL_OPTIONS: -Dfile.encoding=UTF-8 -XX:+UseSerialGC
[INFO] Running com.graduation.generator.adapter.MallTargetAdapterRegistryTest
[INFO] Tests run: 4, Failures: 0, Errors: 0, Skipped: 0, Time elapsed: 0.143 s -- in com.graduation.generator.adapter.MallTargetAdapterRegistryTest
[INFO] Running com.graduation.generator.adapter.ReferenceMallHttpAdapterTest
19:49:05.096 [main] INFO com.graduation.generator.adapter.ReferenceMallHttpAdapter -- 目标能力探测完成：id=42 {PRODUCT=SUPPORTED, USER=SUPPORTED, ORDER=SUPPORTED, REFUND=ABSENT, BEHAVIOR=UNDETERMINED, RESET_STATE=UNDETERMINED, ADMIN=SUPPORTED}
19:49:05.130 [main] INFO com.graduation.generator.adapter.ReferenceMallHttpAdapter -- 目标能力探测完成：id=42 {PRODUCT=SUPPORTED, USER=SUPPORTED, ORDER=SUPPORTED, REFUND=SUPPORTED, BEHAVIOR=ABSENT, RESET_STATE=SUPPORTED, ADMIN=SUPPORTED}
19:49:05.149 [main] INFO com.graduation.generator.adapter.ReferenceMallHttpAdapter -- 目标能力探测完成：id=42 {PRODUCT=SUPPORTED, USER=SUPPORTED, ORDER=SUPPORTED, REFUND=SUPPORTED, BEHAVIOR=UNDETERMINED, RESET_STATE=UNDETERMINED, ADMIN=SUPPORTED}
19:49:05.165 [main] INFO com.graduation.generator.adapter.ReferenceMallHttpAdapter -- 目标能力探测完成：id=42 {PRODUCT=SUPPORTED, USER=SUPPORTED, ORDER=SUPPORTED, REFUND=SUPPORTED, BEHAVIOR=UNDETERMINED, RESET_STATE=UNDETERMINED, ADMIN=SUPPORTED}
19:49:05.196 [main] INFO com.graduation.generator.adapter.ReferenceMallHttpAdapter -- 目标能力探测完成：id=42 {PRODUCT=SUPPORTED, USER=SUPPORTED, ORDER=SUPPORTED, REFUND=SUPPORTED, BEHAVIOR=UNDETERMINED, RESET_STATE=UNDETERMINED, ADMIN=UNDETERMINED}
19:49:05.216 [main] INFO com.graduation.generator.adapter.ReferenceMallHttpAdapter -- 目标能力探测完成：id=42 {PRODUCT=SUPPORTED, USER=SUPPORTED, ORDER=SUPPORTED, REFUND=SUPPORTED, BEHAVIOR=SUPPORTED, RESET_STATE=SUPPORTED, ADMIN=SUPPORTED}
19:49:05.228 [main] WARN com.graduation.generator.adapter.ReferenceMallHttpAdapter -- 目标能力探测失败：id=42 无法连接 http://127.0.0.1:13742（ConnectException: null）
19:49:05.244 [main] INFO com.graduation.generator.adapter.ReferenceMallHttpAdapter -- 目标能力探测完成：id=42 {PRODUCT=SUPPORTED, USER=SUPPORTED, ORDER=SUPPORTED, REFUND=SUPPORTED, BEHAVIOR=UNDETERMINED, RESET_STATE=UNDETERMINED, ADMIN=SUPPORTED}
[INFO] Tests run: 8, Failures: 0, Errors: 0, Skipped: 0, Time elapsed: 0.367 s -- in com.graduation.generator.adapter.ReferenceMallHttpAdapterTest
[INFO] 
[INFO] Results:
[INFO] 
[INFO] Tests run: 12, Failures: 0, Errors: 0, Skipped: 0
[INFO] 
[INFO] ------------------------------------------------------------------------
[INFO] BUILD SUCCESS
[INFO] ------------------------------------------------------------------------
[INFO] Total time:  3.233 s
[INFO] Finished at: 2026-09-11T19:49:05+08:00
[INFO] ------------------------------------------------------------------------
