Picked up JAVA_TOOL_OPTIONS: -Dfile.encoding=UTF-8 -XX:+UseSerialGC
[INFO] Scanning for projects...
[INFO] ------------------------------------------------------------------------
[INFO] Reactor Build Order:
[INFO] 
[INFO] analytics-server                                                   [pom]
[INFO] platform-common                                                    [jar]
[INFO] connection-ingestion                                               [jar]
[INFO] warehouse-pipeline                                                 [jar]
[INFO] metric-analysis                                                    [jar]
[INFO] ai-decision                                                        [jar]
[INFO] platform-app                                                       [jar]
[INFO] 
[INFO] -------------< com.graduation.analytics:analytics-server >--------------
[INFO] Building analytics-server 0.1.0-SNAPSHOT                           [1/7]
[INFO]   from pom.xml
[INFO] --------------------------------[ pom ]---------------------------------
[INFO] 
[INFO] --------------< com.graduation.analytics:platform-common >--------------
[INFO] Building platform-common 0.1.0-SNAPSHOT                            [2/7]
[INFO]   from platform-common\pom.xml
[INFO] --------------------------------[ jar ]---------------------------------
[INFO] 
[INFO] --- resources:3.3.1:resources (default-resources) @ platform-common ---
[INFO] skip non existing resourceDirectory D:\Develop_code\GraduationProject\analytics-server\platform-common\src\main\resources
[INFO] skip non existing resourceDirectory D:\Develop_code\GraduationProject\analytics-server\platform-common\src\main\resources
[INFO] 
[INFO] --- compiler:3.11.0:compile (default-compile) @ platform-common ---
[INFO] Nothing to compile - all classes are up to date
[INFO] 
[INFO] --- resources:3.3.1:testResources (default-testResources) @ platform-common ---
[INFO] skip non existing resourceDirectory D:\Develop_code\GraduationProject\analytics-server\platform-common\src\test\resources
[INFO] 
[INFO] --- compiler:3.11.0:testCompile (default-testCompile) @ platform-common ---
[INFO] Nothing to compile - all classes are up to date
[INFO] 
[INFO] --- surefire:3.1.2:test (default-test) @ platform-common ---
[WARNING] useSystemClassLoader setting has no effect when not forking
[WARNING] The parameter forkCount should likely not be 0. Forking a JVM for tests improves test accuracy. Ensure to have a <forkCount> >= 1.
[INFO] Using auto detected provider org.apache.maven.surefire.junitplatform.JUnitPlatformProvider
[INFO] Running com.graduation.analytics.common.GlobalExceptionHandlerSourceStatusTest
[INFO] Tests run: 5, Failures: 0, Errors: 0, Skipped: 0, Time elapsed: 0.126 s -- in com.graduation.analytics.common.GlobalExceptionHandlerSourceStatusTest
[INFO] Running com.graduation.analytics.common.LandingUriTest
[INFO] Tests run: 4, Failures: 0, Errors: 0, Skipped: 0, Time elapsed: 0.012 s -- in com.graduation.analytics.common.LandingUriTest
[INFO] Running com.graduation.analytics.contracts.CanonicalEventSchemaParityTest
[INFO] Tests run: 5, Failures: 0, Errors: 0, Skipped: 0, Time elapsed: 0.079 s -- in com.graduation.analytics.contracts.CanonicalEventSchemaParityTest
[INFO] Running com.graduation.analytics.warehouse.WarehouseNameLiteralGateTest
[INFO] Tests run: 3, Failures: 0, Errors: 0, Skipped: 0, Time elapsed: 0.072 s -- in com.graduation.analytics.warehouse.WarehouseNameLiteralGateTest
[INFO] Running com.graduation.analytics.warehouse.WarehouseNamespaceContractTest
[INFO] Tests run: 24, Failures: 0, Errors: 0, Skipped: 0, Time elapsed: 0.022 s -- in com.graduation.analytics.warehouse.WarehouseNamespaceContractTest
[INFO] 
[INFO] Results:
[INFO] 
[INFO] Tests run: 41, Failures: 0, Errors: 0, Skipped: 0
[INFO] 
[INFO] 
[INFO] -----------< com.graduation.analytics:connection-ingestion >------------
[INFO] Building connection-ingestion 0.1.0-SNAPSHOT                       [3/7]
[INFO]   from connection-ingestion\pom.xml
[INFO] --------------------------------[ jar ]---------------------------------
[WARNING] 2 problems were encountered while building the effective model for org.apache.yetus:audience-annotations:jar:0.5.0 during dependency collection step for project (use -X to see details)
[INFO] 
[INFO] --- resources:3.3.1:resources (default-resources) @ connection-ingestion ---
[INFO] skip non existing resourceDirectory D:\Develop_code\GraduationProject\analytics-server\connection-ingestion\src\main\resources
[INFO] skip non existing resourceDirectory D:\Develop_code\GraduationProject\analytics-server\connection-ingestion\src\main\resources
[INFO] 
[INFO] --- compiler:3.11.0:compile (default-compile) @ connection-ingestion ---
[INFO] Nothing to compile - all classes are up to date
[INFO] 
[INFO] --- resources:3.3.1:testResources (default-testResources) @ connection-ingestion ---
[INFO] skip non existing resourceDirectory D:\Develop_code\GraduationProject\analytics-server\connection-ingestion\src\test\resources
[INFO] 
[INFO] --- compiler:3.11.0:testCompile (default-testCompile) @ connection-ingestion ---
[INFO] Changes detected - recompiling the module! :source
[INFO] Compiling 16 source files with javac [debug release 17] to target\test-classes
[INFO] 
[INFO] --- surefire:3.1.2:test (default-test) @ connection-ingestion ---
[WARNING] useSystemClassLoader setting has no effect when not forking
[WARNING] The parameter forkCount should likely not be 0. Forking a JVM for tests improves test accuracy. Ensure to have a <forkCount> >= 1.
[INFO] Using auto detected provider org.apache.maven.surefire.junitplatform.JUnitPlatformProvider
[INFO] Running com.graduation.analytics.auth.AuthInterceptorTest
Java HotSpot(TM) 64-Bit Server VM warning: Sharing is only supported for boot loader classes because bootstrap classpath has been appended
Standard Commons Logging discovery in action with spring-jcl: please remove commons-logging.jar from classpath in order to avoid potential conflicts
SLF4J(W): Class path contains multiple SLF4J providers.
SLF4J(W): Found provider [ch.qos.logback.classic.spi.LogbackServiceProvider@6cddcab6]
SLF4J(W): Found provider [org.slf4j.reload4j.Reload4jServiceProvider@6a40a370]
SLF4J(W): See https://www.slf4j.org/codes.html#multiple_bindings for an explanation.
SLF4J(I): Actual provider is of type [ch.qos.logback.classic.spi.LogbackServiceProvider@6cddcab6]
[INFO] Tests run: 13, Failures: 0, Errors: 0, Skipped: 0, Time elapsed: 0.617 s -- in com.graduation.analytics.auth.AuthInterceptorTest
[INFO] Running com.graduation.analytics.auth.AuthServiceRoleWhitelistTest
[INFO] Tests run: 5, Failures: 0, Errors: 0, Skipped: 0, Time elapsed: 0.398 s -- in com.graduation.analytics.auth.AuthServiceRoleWhitelistTest
[INFO] Running com.graduation.analytics.auth.RolePermissionsTest
[INFO] Tests run: 11, Failures: 0, Errors: 0, Skipped: 0, Time elapsed: 0.008 s -- in com.graduation.analytics.auth.RolePermissionsTest
[INFO] Running com.graduation.analytics.ingestion.IngestionRunNoNewDataTest
08:50:16.192 [main] INFO com.graduation.analytics.ingestion.IngestionService -- ingestion run ing-20260912100000-772f10a7: status=QUARANTINED records=0 quarantine=4 errors=0 files=1 bytes=0 noNewData=false
08:50:16.233 [main] INFO com.graduation.analytics.ingestion.IngestionService -- ingestion run ing-20260912100000-044f06db: status=SUCCESS records=0 quarantine=0 errors=0 files=0 bytes=0 noNewData=true
08:50:16.245 [main] INFO com.graduation.analytics.ingestion.IngestionService -- ingestion run ing-20260912100000-0a407793: status=SUCCESS records=3 quarantine=0 errors=0 files=1 bytes=64 noNewData=false
08:50:16.255 [main] INFO com.graduation.analytics.ingestion.IngestionService -- ingestion run ing-20260912100000-bc34683c: status=SUCCESS records=0 quarantine=0 errors=0 files=0 bytes=0 noNewData=true
[INFO] Tests run: 4, Failures: 0, Errors: 0, Skipped: 0, Time elapsed: 0.216 s -- in com.graduation.analytics.ingestion.IngestionRunNoNewDataTest
[INFO] Running com.graduation.analytics.ingestion.IngestionServiceStatusTest
08:50:16.392 [main] WARN com.graduation.analytics.ingestion.IngestionService -- landingUri 不可解析（profile 1）：暂不支持的 landingUri 协议：hdfs://（当前仅支持本地 file:// 与裸路径）
[INFO] Tests run: 11, Failures: 0, Errors: 0, Skipped: 0, Time elapsed: 0.130 s -- in com.graduation.analytics.ingestion.IngestionServiceStatusTest
[INFO] Running com.graduation.analytics.ingestion.IngestionSourceManifestTest
08:50:16.433 [main] INFO com.graduation.analytics.ingestion.IngestionService -- ingestion run ing-20260912100000-47ec4833: status=SUCCESS records=1 quarantine=0 errors=0 files=1 bytes=16 noNewData=false
08:50:16.452 [main] INFO com.graduation.analytics.ingestion.IngestionService -- ingestion run ing-20260912100000-7a1b90c5: status=SUCCESS records=1 quarantine=0 errors=0 files=1 bytes=16 noNewData=false
08:50:16.468 [main] INFO com.graduation.analytics.ingestion.IngestionService -- ingestion run ing-20260912100000-3b13af90: status=SUCCESS records=1 quarantine=0 errors=0 files=1 bytes=16 noNewData=false
08:50:16.478 [main] INFO com.graduation.analytics.ingestion.IngestionService -- ingestion run ing-20260912100000-ba4c5275: status=SUCCESS records=1 quarantine=0 errors=0 files=1 bytes=16 noNewData=false
08:50:16.498 [main] INFO com.graduation.analytics.ingestion.IngestionService -- ingestion run ing-20260912100000-f2e15386: status=SUCCESS records=1 quarantine=0 errors=0 files=1 bytes=16 noNewData=false
[INFO] Tests run: 5, Failures: 0, Errors: 0, Skipped: 0, Time elapsed: 0.080 s -- in com.graduation.analytics.ingestion.IngestionSourceManifestTest
[INFO] Running com.graduation.analytics.ingestion.IngestionSourceNotBoundTest
08:50:16.552 [main] INFO com.graduation.analytics.ingestion.IngestionService -- ingestion run ing-20260912100000-d3d60ad3: status=SUCCESS records=1 quarantine=0 errors=0 files=1 bytes=16 noNewData=false
[INFO] Tests run: 4, Failures: 0, Errors: 0, Skipped: 0, Time elapsed: 0.025 s -- in com.graduation.analytics.ingestion.IngestionSourceNotBoundTest
[INFO] Running com.graduation.analytics.ingestion.LocalFileIngestorCheckpointKeyTest
[ERROR] Tests run: 4, Failures: 0, Errors: 3, Skipped: 0, Time elapsed: 0.060 s <<< FAILURE! -- in com.graduation.analytics.ingestion.LocalFileIngestorCheckpointKeyTest
[ERROR] com.graduation.analytics.ingestion.LocalFileIngestorCheckpointKeyTest.checkpointKeysCollapsesLegacySpelling(Path) -- Time elapsed: 0.008 s <<< ERROR!
java.lang.IllegalStateException: 查询条件里取不到 runtime_profile_id：MyBatis-Plus 实现变了，请同步修这个测试替身。sql=(runtime_profile_id = ? AND source_id = ?)
	at com.graduation.analytics.ingestion.LocalFileIngestorCheckpointKeyTest.queriedKey(LocalFileIngestorCheckpointKeyTest.java:134)
	at com.graduation.analytics.ingestion.LocalFileIngestorCheckpointKeyTest.lambda$ingestor$5(LocalFileIngestorCheckpointKeyTest.java:95)
	at org.mockito.internal.stubbing.StubbedInvocationMatcher.answer(StubbedInvocationMatcher.java:42)
	at org.mockito.internal.handler.MockHandlerImpl.handle(MockHandlerImpl.java:103)
	at org.mockito.internal.handler.NullResultGuardian.handle(NullResultGuardian.java:29)
	at org.mockito.internal.handler.InvocationNotifierHandler.handle(InvocationNotifierHandler.java:34)
	at org.mockito.internal.creation.bytebuddy.MockMethodInterceptor.doIntercept(MockMethodInterceptor.java:82)
	at org.mockito.internal.creation.bytebuddy.MockMethodInterceptor.doIntercept(MockMethodInterceptor.java:56)
	at org.mockito.internal.creation.bytebuddy.MockMethodInterceptor$DispatcherDefaultingToRealMethod.interceptAbstract(MockMethodInterceptor.java:161)
	at com.graduation.analytics.ingestion.mapper.FileCheckpointMapper$MockitoMock$jUPEXYVt.selectList(Unknown Source)
	at com.graduation.analytics.ingestion.LocalFileIngestor.checkpointKeys(LocalFileIngestor.java:254)
	at com.graduation.analytics.ingestion.LocalFileIngestorCheckpointKeyTest.checkpointKeysCollapsesLegacySpelling(LocalFileIngestorCheckpointKeyTest.java:210)
	at java.base/java.lang.reflect.Method.invoke(Method.java:568)
	at java.base/java.util.ArrayList.forEach(ArrayList.java:1511)
	at java.base/java.util.ArrayList.forEach(ArrayList.java:1511)

[ERROR] com.graduation.analytics.ingestion.LocalFileIngestorCheckpointKeyTest.checkpointKeysAreScopedToSource(Path) -- Time elapsed: 0.007 s <<< ERROR!
java.lang.IllegalStateException: selectList 的 wrapper 是 null：参数匹配器没对上，请同步修这个测试替身
	at com.graduation.analytics.ingestion.LocalFileIngestorCheckpointKeyTest.lambda$checkpointKeysAreScopedToSource$8(LocalFileIngestorCheckpointKeyTest.java:233)
	at org.mockito.internal.stubbing.StubbedInvocationMatcher.answer(StubbedInvocationMatcher.java:42)
	at org.mockito.internal.handler.MockHandlerImpl.handle(MockHandlerImpl.java:103)
	at org.mockito.internal.handler.NullResultGuardian.handle(NullResultGuardian.java:29)
	at org.mockito.internal.handler.InvocationNotifierHandler.handle(InvocationNotifierHandler.java:34)
	at org.mockito.internal.creation.bytebuddy.MockMethodInterceptor.doIntercept(MockMethodInterceptor.java:82)
	at org.mockito.internal.creation.bytebuddy.MockMethodInterceptor.doIntercept(MockMethodInterceptor.java:56)
	at org.mockito.internal.creation.bytebuddy.MockMethodInterceptor$DispatcherDefaultingToRealMethod.interceptAbstract(MockMethodInterceptor.java:161)
	at com.graduation.analytics.ingestion.mapper.FileCheckpointMapper$MockitoMock$jUPEXYVt.selectList(Unknown Source)
	at com.graduation.analytics.ingestion.LocalFileIngestorCheckpointKeyTest.ingestor(LocalFileIngestorCheckpointKeyTest.java:90)
	at com.graduation.analytics.ingestion.LocalFileIngestorCheckpointKeyTest.checkpointKeysAreScopedToSource(LocalFileIngestorCheckpointKeyTest.java:247)
	at java.base/java.lang.reflect.Method.invoke(Method.java:568)
	at java.base/java.util.ArrayList.forEach(ArrayList.java:1511)
	at java.base/java.util.ArrayList.forEach(ArrayList.java:1511)

[ERROR] com.graduation.analytics.ingestion.LocalFileIngestorCheckpointKeyTest.checkpointWrittenUnderOneSpellingIsVisibleToTheOther(Path) -- Time elapsed: 0.004 s <<< ERROR!
java.lang.IllegalStateException: 查询条件里取不到 runtime_profile_id：MyBatis-Plus 实现变了，请同步修这个测试替身。sql=(runtime_profile_id = ? AND source_id = ? AND file_path = ?)
	at com.graduation.analytics.ingestion.LocalFileIngestorCheckpointKeyTest.queriedKey(LocalFileIngestorCheckpointKeyTest.java:134)
	at com.graduation.analytics.ingestion.LocalFileIngestorCheckpointKeyTest.lambda$ingestor$1(LocalFileIngestorCheckpointKeyTest.java:87)
	at org.mockito.internal.stubbing.StubbedInvocationMatcher.answer(StubbedInvocationMatcher.java:42)
	at org.mockito.internal.handler.MockHandlerImpl.handle(MockHandlerImpl.java:103)
	at org.mockito.internal.handler.NullResultGuardian.handle(NullResultGuardian.java:29)
	at org.mockito.internal.handler.InvocationNotifierHandler.handle(InvocationNotifierHandler.java:34)
	at org.mockito.internal.creation.bytebuddy.MockMethodInterceptor.doIntercept(MockMethodInterceptor.java:82)
	at org.mockito.internal.creation.bytebuddy.MockMethodAdvice.handle(MockMethodAdvice.java:134)
	at com.baomidou.mybatisplus.core.mapper.BaseMapper.selectOne(BaseMapper.java:295)
	at com.graduation.analytics.ingestion.LocalFileIngestor.findCheckpoint(LocalFileIngestor.java:212)
	at com.graduation.analytics.ingestion.LocalFileIngestor.ingestFile(LocalFileIngestor.java:78)
	at com.graduation.analytics.ingestion.LocalFileIngestorCheckpointKeyTest.checkpointWrittenUnderOneSpellingIsVisibleToTheOther(LocalFileIngestorCheckpointKeyTest.java:172)
	at java.base/java.lang.reflect.Method.invoke(Method.java:568)
	at java.base/java.util.ArrayList.forEach(ArrayList.java:1511)
	at java.base/java.util.ArrayList.forEach(ArrayList.java:1511)

[INFO] Running com.graduation.analytics.ingestion.LocalFileIngestorConsumableDataTest
[INFO] Tests run: 11, Failures: 0, Errors: 0, Skipped: 0, Time elapsed: 0.045 s -- in com.graduation.analytics.ingestion.LocalFileIngestorConsumableDataTest
[INFO] Running com.graduation.analytics.ingestion.LocalFileIngestorSourceIsolationTest
[ERROR] Tests run: 10, Failures: 0, Errors: 9, Skipped: 0, Time elapsed: 0.035 s <<< FAILURE! -- in com.graduation.analytics.ingestion.LocalFileIngestorSourceIsolationTest
[ERROR] com.graduation.analytics.ingestion.LocalFileIngestorSourceIsolationTest.fileResultShapeUnchanged(Path) -- Time elapsed: 0.004 s <<< ERROR!
java.lang.IllegalStateException: 查询条件里取不到 runtime_profile_id：MyBatis-Plus 实现变了，请同步修这个测试替身。sql=(runtime_profile_id = ? AND source_id = ? AND file_path = ?)
	at com.graduation.analytics.ingestion.LocalFileIngestorSourceIsolationTest.queriedFilter(LocalFileIngestorSourceIsolationTest.java:141)
	at com.graduation.analytics.ingestion.LocalFileIngestorSourceIsolationTest.lambda$ingestor$1(LocalFileIngestorSourceIsolationTest.java:88)
	at org.mockito.internal.stubbing.StubbedInvocationMatcher.answer(StubbedInvocationMatcher.java:42)
	at org.mockito.internal.handler.MockHandlerImpl.handle(MockHandlerImpl.java:103)
	at org.mockito.internal.handler.NullResultGuardian.handle(NullResultGuardian.java:29)
	at org.mockito.internal.handler.InvocationNotifierHandler.handle(InvocationNotifierHandler.java:34)
	at org.mockito.internal.creation.bytebuddy.MockMethodInterceptor.doIntercept(MockMethodInterceptor.java:82)
	at org.mockito.internal.creation.bytebuddy.MockMethodAdvice.handle(MockMethodAdvice.java:134)
	at com.baomidou.mybatisplus.core.mapper.BaseMapper.selectOne(BaseMapper.java:295)
	at com.graduation.analytics.ingestion.LocalFileIngestor.findCheckpoint(LocalFileIngestor.java:212)
	at com.graduation.analytics.ingestion.LocalFileIngestor.ingestFile(LocalFileIngestor.java:78)
	at com.graduation.analytics.ingestion.LocalFileIngestorSourceIsolationTest.ingest(LocalFileIngestorSourceIsolationTest.java:156)
	at com.graduation.analytics.ingestion.LocalFileIngestorSourceIsolationTest.fileResultShapeUnchanged(LocalFileIngestorSourceIsolationTest.java:364)
	at java.base/java.lang.reflect.Method.invoke(Method.java:568)
	at java.base/java.util.ArrayList.forEach(ArrayList.java:1511)
	at java.base/java.util.ArrayList.forEach(ArrayList.java:1511)

[ERROR] com.graduation.analytics.ingestion.LocalFileIngestorSourceIsolationTest.checkpointKeysAreScopedToSource(Path) -- Time elapsed: 0.003 s <<< ERROR!
java.lang.IllegalStateException: 查询条件里取不到 runtime_profile_id：MyBatis-Plus 实现变了，请同步修这个测试替身。sql=(runtime_profile_id = ? AND source_id = ? AND file_path = ?)
	at com.graduation.analytics.ingestion.LocalFileIngestorSourceIsolationTest.queriedFilter(LocalFileIngestorSourceIsolationTest.java:141)
	at com.graduation.analytics.ingestion.LocalFileIngestorSourceIsolationTest.lambda$ingestor$1(LocalFileIngestorSourceIsolationTest.java:88)
	at org.mockito.internal.stubbing.StubbedInvocationMatcher.answer(StubbedInvocationMatcher.java:42)
	at org.mockito.internal.handler.MockHandlerImpl.handle(MockHandlerImpl.java:103)
	at org.mockito.internal.handler.NullResultGuardian.handle(NullResultGuardian.java:29)
	at org.mockito.internal.handler.InvocationNotifierHandler.handle(InvocationNotifierHandler.java:34)
	at org.mockito.internal.creation.bytebuddy.MockMethodInterceptor.doIntercept(MockMethodInterceptor.java:82)
	at org.mockito.internal.creation.bytebuddy.MockMethodAdvice.handle(MockMethodAdvice.java:134)
	at com.baomidou.mybatisplus.core.mapper.BaseMapper.selectOne(BaseMapper.java:295)
	at com.graduation.analytics.ingestion.LocalFileIngestor.findCheckpoint(LocalFileIngestor.java:212)
	at com.graduation.analytics.ingestion.LocalFileIngestor.ingestFile(LocalFileIngestor.java:78)
	at com.graduation.analytics.ingestion.LocalFileIngestorSourceIsolationTest.ingest(LocalFileIngestorSourceIsolationTest.java:156)
	at com.graduation.analytics.ingestion.LocalFileIngestorSourceIsolationTest.checkpointKeysAreScopedToSource(LocalFileIngestorSourceIsolationTest.java:293)
	at java.base/java.lang.reflect.Method.invoke(Method.java:568)
	at java.base/java.util.ArrayList.forEach(ArrayList.java:1511)
	at java.base/java.util.ArrayList.forEach(ArrayList.java:1511)

[ERROR] com.graduation.analytics.ingestion.LocalFileIngestorSourceIsolationTest.differentProfilesAlsoStayIsolated(Path) -- Time elapsed: 0.005 s <<< ERROR!
java.lang.IllegalStateException: 查询条件里取不到 runtime_profile_id：MyBatis-Plus 实现变了，请同步修这个测试替身。sql=(runtime_profile_id = ? AND source_id = ? AND file_path = ?)
	at com.graduation.analytics.ingestion.LocalFileIngestorSourceIsolationTest.queriedFilter(LocalFileIngestorSourceIsolationTest.java:141)
	at com.graduation.analytics.ingestion.LocalFileIngestorSourceIsolationTest.lambda$ingestor$1(LocalFileIngestorSourceIsolationTest.java:88)
	at org.mockito.internal.stubbing.StubbedInvocationMatcher.answer(StubbedInvocationMatcher.java:42)
	at org.mockito.internal.handler.MockHandlerImpl.handle(MockHandlerImpl.java:103)
	at org.mockito.internal.handler.NullResultGuardian.handle(NullResultGuardian.java:29)
	at org.mockito.internal.handler.InvocationNotifierHandler.handle(InvocationNotifierHandler.java:34)
	at org.mockito.internal.creation.bytebuddy.MockMethodInterceptor.doIntercept(MockMethodInterceptor.java:82)
	at org.mockito.internal.creation.bytebuddy.MockMethodAdvice.handle(MockMethodAdvice.java:134)
	at com.baomidou.mybatisplus.core.mapper.BaseMapper.selectOne(BaseMapper.java:295)
	at com.graduation.analytics.ingestion.LocalFileIngestor.findCheckpoint(LocalFileIngestor.java:212)
	at com.graduation.analytics.ingestion.LocalFileIngestor.ingestFile(LocalFileIngestor.java:78)
	at com.graduation.analytics.ingestion.LocalFileIngestorSourceIsolationTest.ingest(LocalFileIngestorSourceIsolationTest.java:156)
	at com.graduation.analytics.ingestion.LocalFileIngestorSourceIsolationTest.differentProfilesAlsoStayIsolated(LocalFileIngestorSourceIsolationTest.java:259)
	at java.base/java.lang.reflect.Method.invoke(Method.java:568)
	at java.base/java.util.ArrayList.forEach(ArrayList.java:1511)
	at java.base/java.util.ArrayList.forEach(ArrayList.java:1511)

[ERROR] com.graduation.analytics.ingestion.LocalFileIngestorSourceIsolationTest.partialTailSemanticsHoldPerSource(Path) -- Time elapsed: 0.003 s <<< ERROR!
java.lang.IllegalStateException: 查询条件里取不到 runtime_profile_id：MyBatis-Plus 实现变了，请同步修这个测试替身。sql=(runtime_profile_id = ? AND source_id = ? AND file_path = ?)
	at com.graduation.analytics.ingestion.LocalFileIngestorSourceIsolationTest.queriedFilter(LocalFileIngestorSourceIsolationTest.java:141)
	at com.graduation.analytics.ingestion.LocalFileIngestorSourceIsolationTest.lambda$ingestor$1(LocalFileIngestorSourceIsolationTest.java:88)
	at org.mockito.internal.stubbing.StubbedInvocationMatcher.answer(StubbedInvocationMatcher.java:42)
	at org.mockito.internal.handler.MockHandlerImpl.handle(MockHandlerImpl.java:103)
	at org.mockito.internal.handler.NullResultGuardian.handle(NullResultGuardian.java:29)
	at org.mockito.internal.handler.InvocationNotifierHandler.handle(InvocationNotifierHandler.java:34)
	at org.mockito.internal.creation.bytebuddy.MockMethodInterceptor.doIntercept(MockMethodInterceptor.java:82)
	at org.mockito.internal.creation.bytebuddy.MockMethodAdvice.handle(MockMethodAdvice.java:134)
	at com.baomidou.mybatisplus.core.mapper.BaseMapper.selectOne(BaseMapper.java:295)
	at com.graduation.analytics.ingestion.LocalFileIngestor.findCheckpoint(LocalFileIngestor.java:212)
	at com.graduation.analytics.ingestion.LocalFileIngestor.ingestFile(LocalFileIngestor.java:78)
	at com.graduation.analytics.ingestion.LocalFileIngestorSourceIsolationTest.ingest(LocalFileIngestorSourceIsolationTest.java:156)
	at com.graduation.analytics.ingestion.LocalFileIngestorSourceIsolationTest.partialTailSemanticsHoldPerSource(LocalFileIngestorSourceIsolationTest.java:315)
	at java.base/java.lang.reflect.Method.invoke(Method.java:568)
	at java.base/java.util.ArrayList.forEach(ArrayList.java:1511)
	at java.base/java.util.ArrayList.forEach(ArrayList.java:1511)

[ERROR] com.graduation.analytics.ingestion.LocalFileIngestorSourceIsolationTest.sourceTwoDoesNotAdvanceSourceOneCheckpoint(Path) -- Time elapsed: 0.002 s <<< ERROR!
java.lang.IllegalStateException: 查询条件里取不到 runtime_profile_id：MyBatis-Plus 实现变了，请同步修这个测试替身。sql=(runtime_profile_id = ? AND source_id = ? AND file_path = ?)
	at com.graduation.analytics.ingestion.LocalFileIngestorSourceIsolationTest.queriedFilter(LocalFileIngestorSourceIsolationTest.java:141)
	at com.graduation.analytics.ingestion.LocalFileIngestorSourceIsolationTest.lambda$ingestor$1(LocalFileIngestorSourceIsolationTest.java:88)
	at org.mockito.internal.stubbing.StubbedInvocationMatcher.answer(StubbedInvocationMatcher.java:42)
	at org.mockito.internal.handler.MockHandlerImpl.handle(MockHandlerImpl.java:103)
	at org.mockito.internal.handler.NullResultGuardian.handle(NullResultGuardian.java:29)
	at org.mockito.internal.handler.InvocationNotifierHandler.handle(InvocationNotifierHandler.java:34)
	at org.mockito.internal.creation.bytebuddy.MockMethodInterceptor.doIntercept(MockMethodInterceptor.java:82)
	at org.mockito.internal.creation.bytebuddy.MockMethodAdvice.handle(MockMethodAdvice.java:134)
	at com.baomidou.mybatisplus.core.mapper.BaseMapper.selectOne(BaseMapper.java:295)
	at com.graduation.analytics.ingestion.LocalFileIngestor.findCheckpoint(LocalFileIngestor.java:212)
	at com.graduation.analytics.ingestion.LocalFileIngestor.ingestFile(LocalFileIngestor.java:78)
	at com.graduation.analytics.ingestion.LocalFileIngestorSourceIsolationTest.ingest(LocalFileIngestorSourceIsolationTest.java:156)
	at com.graduation.analytics.ingestion.LocalFileIngestorSourceIsolationTest.sourceTwoDoesNotAdvanceSourceOneCheckpoint(LocalFileIngestorSourceIsolationTest.java:168)
	at java.base/java.lang.reflect.Method.invoke(Method.java:568)
	at java.base/java.util.ArrayList.forEach(ArrayList.java:1511)
	at java.base/java.util.ArrayList.forEach(ArrayList.java:1511)

[ERROR] com.graduation.analytics.ingestion.LocalFileIngestorSourceIsolationTest.sameSourceStaysUnique(Path) -- Time elapsed: 0.003 s <<< ERROR!
java.lang.IllegalStateException: 查询条件里取不到 runtime_profile_id：MyBatis-Plus 实现变了，请同步修这个测试替身。sql=(runtime_profile_id = ? AND source_id = ? AND file_path = ?)
	at com.graduation.analytics.ingestion.LocalFileIngestorSourceIsolationTest.queriedFilter(LocalFileIngestorSourceIsolationTest.java:141)
	at com.graduation.analytics.ingestion.LocalFileIngestorSourceIsolationTest.lambda$ingestor$1(LocalFileIngestorSourceIsolationTest.java:88)
	at org.mockito.internal.stubbing.StubbedInvocationMatcher.answer(StubbedInvocationMatcher.java:42)
	at org.mockito.internal.handler.MockHandlerImpl.handle(MockHandlerImpl.java:103)
	at org.mockito.internal.handler.NullResultGuardian.handle(NullResultGuardian.java:29)
	at org.mockito.internal.handler.InvocationNotifierHandler.handle(InvocationNotifierHandler.java:34)
	at org.mockito.internal.creation.bytebuddy.MockMethodInterceptor.doIntercept(MockMethodInterceptor.java:82)
	at org.mockito.internal.creation.bytebuddy.MockMethodAdvice.handle(MockMethodAdvice.java:134)
	at com.baomidou.mybatisplus.core.mapper.BaseMapper.selectOne(BaseMapper.java:295)
	at com.graduation.analytics.ingestion.LocalFileIngestor.findCheckpoint(LocalFileIngestor.java:212)
	at com.graduation.analytics.ingestion.LocalFileIngestor.ingestFile(LocalFileIngestor.java:78)
	at com.graduation.analytics.ingestion.LocalFileIngestorSourceIsolationTest.ingest(LocalFileIngestorSourceIsolationTest.java:156)
	at com.graduation.analytics.ingestion.LocalFileIngestorSourceIsolationTest.sameSourceStaysUnique(LocalFileIngestorSourceIsolationTest.java:245)
	at java.base/java.lang.reflect.Method.invoke(Method.java:568)
	at java.base/java.util.ArrayList.forEach(ArrayList.java:1511)
	at java.base/java.util.ArrayList.forEach(ArrayList.java:1511)

[ERROR] com.graduation.analytics.ingestion.LocalFileIngestorSourceIsolationTest.sourceOneRunCreatesNoSourceTwoRow(Path) -- Time elapsed: 0.003 s <<< ERROR!
java.lang.IllegalStateException: 查询条件里取不到 runtime_profile_id：MyBatis-Plus 实现变了，请同步修这个测试替身。sql=(runtime_profile_id = ? AND source_id = ? AND file_path = ?)
	at com.graduation.analytics.ingestion.LocalFileIngestorSourceIsolationTest.queriedFilter(LocalFileIngestorSourceIsolationTest.java:141)
	at com.graduation.analytics.ingestion.LocalFileIngestorSourceIsolationTest.lambda$ingestor$1(LocalFileIngestorSourceIsolationTest.java:88)
	at org.mockito.internal.stubbing.StubbedInvocationMatcher.answer(StubbedInvocationMatcher.java:42)
	at org.mockito.internal.handler.MockHandlerImpl.handle(MockHandlerImpl.java:103)
	at org.mockito.internal.handler.NullResultGuardian.handle(NullResultGuardian.java:29)
	at org.mockito.internal.handler.InvocationNotifierHandler.handle(InvocationNotifierHandler.java:34)
	at org.mockito.internal.creation.bytebuddy.MockMethodInterceptor.doIntercept(MockMethodInterceptor.java:82)
	at org.mockito.internal.creation.bytebuddy.MockMethodAdvice.handle(MockMethodAdvice.java:134)
	at com.baomidou.mybatisplus.core.mapper.BaseMapper.selectOne(BaseMapper.java:295)
	at com.graduation.analytics.ingestion.LocalFileIngestor.findCheckpoint(LocalFileIngestor.java:212)
	at com.graduation.analytics.ingestion.LocalFileIngestor.ingestFile(LocalFileIngestor.java:78)
	at com.graduation.analytics.ingestion.LocalFileIngestorSourceIsolationTest.ingest(LocalFileIngestorSourceIsolationTest.java:156)
	at com.graduation.analytics.ingestion.LocalFileIngestorSourceIsolationTest.sourceOneRunCreatesNoSourceTwoRow(LocalFileIngestorSourceIsolationTest.java:275)
	at java.base/java.lang.reflect.Method.invoke(Method.java:568)
	at java.base/java.util.ArrayList.forEach(ArrayList.java:1511)
	at java.base/java.util.ArrayList.forEach(ArrayList.java:1511)

[ERROR] com.graduation.analytics.ingestion.LocalFileIngestorSourceIsolationTest.checkpointRowsAreDistinctPerSource(Path) -- Time elapsed: 0.003 s <<< ERROR!
java.lang.IllegalStateException: 查询条件里取不到 runtime_profile_id：MyBatis-Plus 实现变了，请同步修这个测试替身。sql=(runtime_profile_id = ? AND source_id = ? AND file_path = ?)
	at com.graduation.analytics.ingestion.LocalFileIngestorSourceIsolationTest.queriedFilter(LocalFileIngestorSourceIsolationTest.java:141)
	at com.graduation.analytics.ingestion.LocalFileIngestorSourceIsolationTest.lambda$ingestor$1(LocalFileIngestorSourceIsolationTest.java:88)
	at org.mockito.internal.stubbing.StubbedInvocationMatcher.answer(StubbedInvocationMatcher.java:42)
	at org.mockito.internal.handler.MockHandlerImpl.handle(MockHandlerImpl.java:103)
	at org.mockito.internal.handler.NullResultGuardian.handle(NullResultGuardian.java:29)
	at org.mockito.internal.handler.InvocationNotifierHandler.handle(InvocationNotifierHandler.java:34)
	at org.mockito.internal.creation.bytebuddy.MockMethodInterceptor.doIntercept(MockMethodInterceptor.java:82)
	at org.mockito.internal.creation.bytebuddy.MockMethodAdvice.handle(MockMethodAdvice.java:134)
	at com.baomidou.mybatisplus.core.mapper.BaseMapper.selectOne(BaseMapper.java:295)
	at com.graduation.analytics.ingestion.LocalFileIngestor.findCheckpoint(LocalFileIngestor.java:212)
	at com.graduation.analytics.ingestion.LocalFileIngestor.ingestFile(LocalFileIngestor.java:78)
	at com.graduation.analytics.ingestion.LocalFileIngestorSourceIsolationTest.ingest(LocalFileIngestorSourceIsolationTest.java:156)
	at com.graduation.analytics.ingestion.LocalFileIngestorSourceIsolationTest.checkpointRowsAreDistinctPerSource(LocalFileIngestorSourceIsolationTest.java:226)
	at java.base/java.lang.reflect.Method.invoke(Method.java:568)
	at java.base/java.util.ArrayList.forEach(ArrayList.java:1511)
	at java.base/java.util.ArrayList.forEach(ArrayList.java:1511)

[ERROR] com.graduation.analytics.ingestion.LocalFileIngestorSourceIsolationTest.switchingBackKeepsEachSourcesOwnOffset(Path) -- Time elapsed: 0.003 s <<< ERROR!
java.lang.IllegalStateException: 查询条件里取不到 runtime_profile_id：MyBatis-Plus 实现变了，请同步修这个测试替身。sql=(runtime_profile_id = ? AND source_id = ? AND file_path = ?)
	at com.graduation.analytics.ingestion.LocalFileIngestorSourceIsolationTest.queriedFilter(LocalFileIngestorSourceIsolationTest.java:141)
	at com.graduation.analytics.ingestion.LocalFileIngestorSourceIsolationTest.lambda$ingestor$1(LocalFileIngestorSourceIsolationTest.java:88)
	at org.mockito.internal.stubbing.StubbedInvocationMatcher.answer(StubbedInvocationMatcher.java:42)
	at org.mockito.internal.handler.MockHandlerImpl.handle(MockHandlerImpl.java:103)
	at org.mockito.internal.handler.NullResultGuardian.handle(NullResultGuardian.java:29)
	at org.mockito.internal.handler.InvocationNotifierHandler.handle(InvocationNotifierHandler.java:34)
	at org.mockito.internal.creation.bytebuddy.MockMethodInterceptor.doIntercept(MockMethodInterceptor.java:82)
	at org.mockito.internal.creation.bytebuddy.MockMethodAdvice.handle(MockMethodAdvice.java:134)
	at com.baomidou.mybatisplus.core.mapper.BaseMapper.selectOne(BaseMapper.java:295)
	at com.graduation.analytics.ingestion.LocalFileIngestor.findCheckpoint(LocalFileIngestor.java:212)
	at com.graduation.analytics.ingestion.LocalFileIngestor.ingestFile(LocalFileIngestor.java:78)
	at com.graduation.analytics.ingestion.LocalFileIngestorSourceIsolationTest.ingest(LocalFileIngestorSourceIsolationTest.java:156)
	at com.graduation.analytics.ingestion.LocalFileIngestorSourceIsolationTest.switchingBackKeepsEachSourcesOwnOffset(LocalFileIngestorSourceIsolationTest.java:192)
	at java.base/java.lang.reflect.Method.invoke(Method.java:568)
	at java.base/java.util.ArrayList.forEach(ArrayList.java:1511)
	at java.base/java.util.ArrayList.forEach(ArrayList.java:1511)

[INFO] Running com.graduation.analytics.runtime.submit.LocalProcessSparkSubmitterLogTest
[INFO] Tests run: 5, Failures: 0, Errors: 0, Skipped: 0, Time elapsed: 0.023 s -- in com.graduation.analytics.runtime.submit.LocalProcessSparkSubmitterLogTest
[INFO] Running com.graduation.analytics.runtime.submit.LocalProcessSparkSubmitterProcessTest
08:50:16.770 [main] INFO com.graduation.analytics.runtime.submit.LocalProcessSparkSubmitter -- spark-submit lp-1789174216755-bc8984 -> pid=8248 log=C:\Users\ASUS\AppData\Local\Temp\junit6539119996442271288\m1-11-ok__lp-1789174216755-bc8984.log
08:50:16.885 [main] INFO com.graduation.analytics.runtime.submit.LocalProcessSparkSubmitter -- spark-submit lp-1789174216874-bbdeab -> pid=55656 log=C:\Users\ASUS\AppData\Local\Temp\junit6539119996442271288\m1-11-bad__lp-1789174216874-bbdeab.log
08:50:17.015 [main] INFO com.graduation.analytics.runtime.submit.LocalProcessSparkSubmitter -- spark-submit lp-1789174217002-96a59e -> pid=22400 log=C:\Users\ASUS\AppData\Local\Temp\junit1896783175142260271\m1-11-cancel__lp-1789174217002-96a59e.log
08:50:17.033 [main] WARN com.graduation.analytics.runtime.submit.LocalProcessSparkSubmitter -- 本地进程任务已终止: lp-1789174217002-96a59e pid=22400 子进程=1
[INFO] Tests run: 4, Failures: 0, Errors: 0, Skipped: 0, Time elapsed: 0.281 s -- in com.graduation.analytics.runtime.submit.LocalProcessSparkSubmitterProcessTest
08:50:17.052 [spark-log-lp-1789174217002-96a59e] WARN com.graduation.analytics.runtime.submit.LocalProcessSparkSubmitter -- capture spark-submit log failed: C:\Users\ASUS\AppData\Local\Temp\junit1896783175142260271\m1-11-cancel__lp-1789174217002-96a59e.log
[INFO] Running com.graduation.analytics.source.SourceProfileValidatorTest
08:50:17.072 [main] WARN com.graduation.analytics.source.SourceProfileValidator -- 源画像解析失败 path=analytics-server/source-profiles/p1-03-probe-1.v1.json: Unrecognized token 'not': was expecting (JSON String, Number, Array, Object or token 'null', 'true' or 'false')
 at [Source: (String)"not json at all"; line: 1, column: 4]
[INFO] Tests run: 8, Failures: 0, Errors: 0, Skipped: 0, Time elapsed: 0.028 s -- in com.graduation.analytics.source.SourceProfileValidatorTest
[INFO] Running com.graduation.analytics.source.SourceRegistryConcurrencyTest
08:50:17.142 [main] INFO com.graduation.analytics.source.SourceRegistryServiceImpl -- 源登记创建 sourceCode=p1-03-probe-1 id=1 status=DRAFT
08:50:17.142 [main] INFO com.graduation.analytics.source.SourceRegistryServiceImpl -- 源登记创建 sourceCode=p1-03-probe-2 id=2 status=DRAFT
08:50:17.146 [pool-2-thread-8] INFO com.graduation.analytics.source.SourceRegistryServiceImpl -- 源激活 sourceCode=p1-03-probe-2 id=2 绑定 runtime_profile.id=1
08:50:17.146 [pool-2-thread-7] INFO com.graduation.analytics.source.SourceRegistryServiceImpl -- 源激活 sourceCode=p1-03-probe-1 id=1 绑定 runtime_profile.id=1
08:50:17.147 [pool-2-thread-2] INFO com.graduation.analytics.source.SourceRegistryServiceImpl -- 源激活 sourceCode=p1-03-probe-2 id=2 绑定 runtime_profile.id=1
08:50:17.148 [pool-2-thread-3] INFO com.graduation.analytics.source.SourceRegistryServiceImpl -- 源激活 sourceCode=p1-03-probe-1 id=1 绑定 runtime_profile.id=1
08:50:17.149 [pool-2-thread-6] INFO com.graduation.analytics.source.SourceRegistryServiceImpl -- 源激活 sourceCode=p1-03-probe-2 id=2 绑定 runtime_profile.id=1
08:50:17.149 [pool-2-thread-5] INFO com.graduation.analytics.source.SourceRegistryServiceImpl -- 源激活 sourceCode=p1-03-probe-1 id=1 绑定 runtime_profile.id=1
08:50:17.154 [pool-3-thread-4] INFO com.graduation.analytics.source.SourceRegistryServiceImpl -- 源激活 sourceCode=p1-03-probe-2 id=2 绑定 runtime_profile.id=1
08:50:17.155 [pool-3-thread-3] INFO com.graduation.analytics.source.SourceRegistryServiceImpl -- 源激活 sourceCode=p1-03-probe-1 id=1 绑定 runtime_profile.id=1
08:50:17.155 [pool-3-thread-8] INFO com.graduation.analytics.source.SourceRegistryServiceImpl -- 源激活 sourceCode=p1-03-probe-2 id=2 绑定 runtime_profile.id=1
08:50:17.156 [pool-3-thread-5] INFO com.graduation.analytics.source.SourceRegistryServiceImpl -- 源激活 sourceCode=p1-03-probe-1 id=1 绑定 runtime_profile.id=1
08:50:17.158 [pool-3-thread-2] INFO com.graduation.analytics.source.SourceRegistryServiceImpl -- 源激活 sourceCode=p1-03-probe-2 id=2 绑定 runtime_profile.id=1
08:50:17.160 [pool-4-thread-7] INFO com.graduation.analytics.source.SourceRegistryServiceImpl -- 源激活 sourceCode=p1-03-probe-1 id=1 绑定 runtime_profile.id=1
08:50:17.161 [pool-4-thread-6] INFO com.graduation.analytics.source.SourceRegistryServiceImpl -- 源激活 sourceCode=p1-03-probe-2 id=2 绑定 runtime_profile.id=1
08:50:17.161 [pool-4-thread-5] INFO com.graduation.analytics.source.SourceRegistryServiceImpl -- 源激活 sourceCode=p1-03-probe-1 id=1 绑定 runtime_profile.id=1
08:50:17.162 [pool-4-thread-4] INFO com.graduation.analytics.source.SourceRegistryServiceImpl -- 源激活 sourceCode=p1-03-probe-2 id=2 绑定 runtime_profile.id=1
08:50:17.163 [pool-4-thread-3] INFO com.graduation.analytics.source.SourceRegistryServiceImpl -- 源激活 sourceCode=p1-03-probe-1 id=1 绑定 runtime_profile.id=1
08:50:17.163 [pool-4-thread-2] INFO com.graduation.analytics.source.SourceRegistryServiceImpl -- 源激活 sourceCode=p1-03-probe-2 id=2 绑定 runtime_profile.id=1
08:50:17.163 [pool-4-thread-1] INFO com.graduation.analytics.source.SourceRegistryServiceImpl -- 源激活 sourceCode=p1-03-probe-1 id=1 绑定 runtime_profile.id=1
08:50:17.165 [pool-5-thread-8] INFO com.graduation.analytics.source.SourceRegistryServiceImpl -- 源激活 sourceCode=p1-03-probe-2 id=2 绑定 runtime_profile.id=1
08:50:17.166 [pool-5-thread-3] INFO com.graduation.analytics.source.SourceRegistryServiceImpl -- 源激活 sourceCode=p1-03-probe-1 id=1 绑定 runtime_profile.id=1
08:50:17.166 [pool-5-thread-2] INFO com.graduation.analytics.source.SourceRegistryServiceImpl -- 源激活 sourceCode=p1-03-probe-2 id=2 绑定 runtime_profile.id=1
08:50:17.168 [pool-5-thread-1] INFO com.graduation.analytics.source.SourceRegistryServiceImpl -- 源激活 sourceCode=p1-03-probe-1 id=1 绑定 runtime_profile.id=1
08:50:17.169 [pool-5-thread-6] INFO com.graduation.analytics.source.SourceRegistryServiceImpl -- 源激活 sourceCode=p1-03-probe-2 id=2 绑定 runtime_profile.id=1
08:50:17.172 [pool-6-thread-5] INFO com.graduation.analytics.source.SourceRegistryServiceImpl -- 源激活 sourceCode=p1-03-probe-1 id=1 绑定 runtime_profile.id=1
08:50:17.172 [pool-6-thread-6] INFO com.graduation.analytics.source.SourceRegistryServiceImpl -- 源激活 sourceCode=p1-03-probe-2 id=2 绑定 runtime_profile.id=1
08:50:17.173 [pool-6-thread-3] INFO com.graduation.analytics.source.SourceRegistryServiceImpl -- 源激活 sourceCode=p1-03-probe-1 id=1 绑定 runtime_profile.id=1
08:50:17.174 [pool-6-thread-4] INFO com.graduation.analytics.source.SourceRegistryServiceImpl -- 源激活 sourceCode=p1-03-probe-2 id=2 绑定 runtime_profile.id=1
08:50:17.174 [pool-6-thread-1] INFO com.graduation.analytics.source.SourceRegistryServiceImpl -- 源激活 sourceCode=p1-03-probe-1 id=1 绑定 runtime_profile.id=1
08:50:17.176 [pool-7-thread-2] INFO com.graduation.analytics.source.SourceRegistryServiceImpl -- 源激活 sourceCode=p1-03-probe-2 id=2 绑定 runtime_profile.id=1
08:50:17.176 [pool-7-thread-7] INFO com.graduation.analytics.source.SourceRegistryServiceImpl -- 源激活 sourceCode=p1-03-probe-1 id=1 绑定 runtime_profile.id=1
08:50:17.178 [pool-7-thread-6] INFO com.graduation.analytics.source.SourceRegistryServiceImpl -- 源激活 sourceCode=p1-03-probe-2 id=2 绑定 runtime_profile.id=1
08:50:17.179 [pool-7-thread-3] INFO com.graduation.analytics.source.SourceRegistryServiceImpl -- 源激活 sourceCode=p1-03-probe-1 id=1 绑定 runtime_profile.id=1
08:50:17.181 [pool-8-thread-8] INFO com.graduation.analytics.source.SourceRegistryServiceImpl -- 源激活 sourceCode=p1-03-probe-2 id=2 绑定 runtime_profile.id=1
08:50:17.183 [pool-8-thread-3] INFO com.graduation.analytics.source.SourceRegistryServiceImpl -- 源激活 sourceCode=p1-03-probe-1 id=1 绑定 runtime_profile.id=1
08:50:17.183 [pool-8-thread-2] INFO com.graduation.analytics.source.SourceRegistryServiceImpl -- 源激活 sourceCode=p1-03-probe-2 id=2 绑定 runtime_profile.id=1
08:50:17.183 [pool-8-thread-1] INFO com.graduation.analytics.source.SourceRegistryServiceImpl -- 源激活 sourceCode=p1-03-probe-1 id=1 绑定 runtime_profile.id=1
08:50:17.185 [pool-9-thread-8] INFO com.graduation.analytics.source.SourceRegistryServiceImpl -- 源激活 sourceCode=p1-03-probe-2 id=2 绑定 runtime_profile.id=1
08:50:17.185 [pool-9-thread-5] INFO com.graduation.analytics.source.SourceRegistryServiceImpl -- 源激活 sourceCode=p1-03-probe-1 id=1 绑定 runtime_profile.id=1
08:50:17.186 [pool-9-thread-6] INFO com.graduation.analytics.source.SourceRegistryServiceImpl -- 源激活 sourceCode=p1-03-probe-2 id=2 绑定 runtime_profile.id=1
08:50:17.186 [pool-9-thread-3] INFO com.graduation.analytics.source.SourceRegistryServiceImpl -- 源激活 sourceCode=p1-03-probe-1 id=1 绑定 runtime_profile.id=1
08:50:17.189 [pool-10-thread-8] INFO com.graduation.analytics.source.SourceRegistryServiceImpl -- 源激活 sourceCode=p1-03-probe-2 id=2 绑定 runtime_profile.id=1
08:50:17.189 [pool-10-thread-7] INFO com.graduation.analytics.source.SourceRegistryServiceImpl -- 源激活 sourceCode=p1-03-probe-1 id=1 绑定 runtime_profile.id=1
08:50:17.189 [pool-10-thread-4] INFO com.graduation.analytics.source.SourceRegistryServiceImpl -- 源激活 sourceCode=p1-03-probe-2 id=2 绑定 runtime_profile.id=1
08:50:17.190 [pool-10-thread-5] INFO com.graduation.analytics.source.SourceRegistryServiceImpl -- 源激活 sourceCode=p1-03-probe-1 id=1 绑定 runtime_profile.id=1
08:50:17.191 [pool-10-thread-2] INFO com.graduation.analytics.source.SourceRegistryServiceImpl -- 源激活 sourceCode=p1-03-probe-2 id=2 绑定 runtime_profile.id=1
08:50:17.191 [pool-10-thread-1] INFO com.graduation.analytics.source.SourceRegistryServiceImpl -- 源激活 sourceCode=p1-03-probe-1 id=1 绑定 runtime_profile.id=1
08:50:17.193 [pool-11-thread-8] INFO com.graduation.analytics.source.SourceRegistryServiceImpl -- 源激活 sourceCode=p1-03-probe-2 id=2 绑定 runtime_profile.id=1
08:50:17.193 [pool-11-thread-5] INFO com.graduation.analytics.source.SourceRegistryServiceImpl -- 源激活 sourceCode=p1-03-probe-1 id=1 绑定 runtime_profile.id=1
08:50:17.194 [pool-11-thread-2] INFO com.graduation.analytics.source.SourceRegistryServiceImpl -- 源激活 sourceCode=p1-03-probe-2 id=2 绑定 runtime_profile.id=1
08:50:17.194 [pool-11-thread-3] INFO com.graduation.analytics.source.SourceRegistryServiceImpl -- 源激活 sourceCode=p1-03-probe-1 id=1 绑定 runtime_profile.id=1
08:50:17.195 [pool-11-thread-6] INFO com.graduation.analytics.source.SourceRegistryServiceImpl -- 源激活 sourceCode=p1-03-probe-2 id=2 绑定 runtime_profile.id=1
08:50:17.198 [pool-12-thread-7] INFO com.graduation.analytics.source.SourceRegistryServiceImpl -- 源激活 sourceCode=p1-03-probe-1 id=1 绑定 runtime_profile.id=1
08:50:17.199 [pool-12-thread-4] INFO com.graduation.analytics.source.SourceRegistryServiceImpl -- 源激活 sourceCode=p1-03-probe-2 id=2 绑定 runtime_profile.id=1
08:50:17.199 [pool-12-thread-5] INFO com.graduation.analytics.source.SourceRegistryServiceImpl -- 源激活 sourceCode=p1-03-probe-1 id=1 绑定 runtime_profile.id=1
08:50:17.199 [pool-12-thread-2] INFO com.graduation.analytics.source.SourceRegistryServiceImpl -- 源激活 sourceCode=p1-03-probe-2 id=2 绑定 runtime_profile.id=1
08:50:17.200 [pool-12-thread-3] INFO com.graduation.analytics.source.SourceRegistryServiceImpl -- 源激活 sourceCode=p1-03-probe-1 id=1 绑定 runtime_profile.id=1
08:50:17.202 [pool-13-thread-8] INFO com.graduation.analytics.source.SourceRegistryServiceImpl -- 源激活 sourceCode=p1-03-probe-2 id=2 绑定 runtime_profile.id=1
08:50:17.202 [pool-13-thread-1] INFO com.graduation.analytics.source.SourceRegistryServiceImpl -- 源激活 sourceCode=p1-03-probe-1 id=1 绑定 runtime_profile.id=1
08:50:17.203 [pool-13-thread-6] INFO com.graduation.analytics.source.SourceRegistryServiceImpl -- 源激活 sourceCode=p1-03-probe-2 id=2 绑定 runtime_profile.id=1
08:50:17.203 [pool-13-thread-5] INFO com.graduation.analytics.source.SourceRegistryServiceImpl -- 源激活 sourceCode=p1-03-probe-1 id=1 绑定 runtime_profile.id=1
08:50:17.204 [pool-13-thread-4] INFO com.graduation.analytics.source.SourceRegistryServiceImpl -- 源激活 sourceCode=p1-03-probe-2 id=2 绑定 runtime_profile.id=1
08:50:17.204 [pool-13-thread-3] INFO com.graduation.analytics.source.SourceRegistryServiceImpl -- 源激活 sourceCode=p1-03-probe-1 id=1 绑定 runtime_profile.id=1
08:50:17.205 [pool-13-thread-2] INFO com.graduation.analytics.source.SourceRegistryServiceImpl -- 源激活 sourceCode=p1-03-probe-2 id=2 绑定 runtime_profile.id=1
08:50:17.210 [main] INFO com.graduation.analytics.source.SourceRegistryServiceImpl -- 源登记创建 sourceCode=p1-03-probe-1 id=1 status=DRAFT
08:50:17.210 [main] INFO com.graduation.analytics.source.SourceRegistryServiceImpl -- 源登记创建 sourceCode=p1-03-probe-2 id=2 status=DRAFT
08:50:17.211 [main] INFO com.graduation.analytics.source.SourceRegistryServiceImpl -- 源激活 sourceCode=p1-03-probe-1 id=1 绑定 runtime_profile.id=1
08:50:17.233 [main] INFO com.graduation.analytics.source.SourceRegistryServiceImpl -- 源登记创建 sourceCode=p1-03-probe-1 id=1 status=DRAFT
08:50:17.234 [main] INFO com.graduation.analytics.source.SourceRegistryServiceImpl -- 源登记创建 sourceCode=p1-03-probe-2 id=2 status=DRAFT
08:50:17.235 [main] INFO com.graduation.analytics.source.SourceRegistryServiceImpl -- 源激活 sourceCode=p1-03-probe-1 id=1 绑定 runtime_profile.id=1
08:50:17.238 [pool-15-thread-8] INFO com.graduation.analytics.source.SourceRegistryServiceImpl -- 源激活 sourceCode=p1-03-probe-2 id=2 绑定 runtime_profile.id=1
08:50:17.238 [pool-15-thread-5] INFO com.graduation.analytics.source.SourceRegistryServiceImpl -- 源激活 sourceCode=p1-03-probe-1 id=1 绑定 runtime_profile.id=1
08:50:17.239 [pool-15-thread-4] INFO com.graduation.analytics.source.SourceRegistryServiceImpl -- 源激活 sourceCode=p1-03-probe-2 id=2 绑定 runtime_profile.id=1
08:50:17.240 [pool-15-thread-1] INFO com.graduation.analytics.source.SourceRegistryServiceImpl -- 源激活 sourceCode=p1-03-probe-1 id=1 绑定 runtime_profile.id=1
08:50:17.241 [pool-15-thread-6] INFO com.graduation.analytics.source.SourceRegistryServiceImpl -- 源激活 sourceCode=p1-03-probe-2 id=2 绑定 runtime_profile.id=1
08:50:17.241 [pool-15-thread-3] INFO com.graduation.analytics.source.SourceRegistryServiceImpl -- 源激活 sourceCode=p1-03-probe-1 id=1 绑定 runtime_profile.id=1
08:50:17.246 [main] INFO com.graduation.analytics.source.SourceRegistryServiceImpl -- 源登记创建 sourceCode=p1-03-probe-1 id=1 status=DRAFT
08:50:17.246 [main] INFO com.graduation.analytics.source.SourceRegistryServiceImpl -- 源登记创建 sourceCode=p1-03-probe-2 id=2 status=DRAFT
08:50:17.249 [pool-16-thread-8] INFO com.graduation.analytics.source.SourceRegistryServiceImpl -- 源激活 sourceCode=p1-03-probe-2 id=2 绑定 runtime_profile.id=1
08:50:17.250 [pool-16-thread-5] INFO com.graduation.analytics.source.SourceRegistryServiceImpl -- 源激活 sourceCode=p1-03-probe-1 id=1 绑定 runtime_profile.id=1
08:50:17.250 [pool-16-thread-4] INFO com.graduation.analytics.source.SourceRegistryServiceImpl -- 源暂停 sourceCode=p1-03-probe-2 id=2
08:50:17.250 [pool-16-thread-2] INFO com.graduation.analytics.source.SourceRegistryServiceImpl -- 源激活 sourceCode=p1-03-probe-2 id=2 绑定 runtime_profile.id=1
08:50:17.251 [pool-16-thread-1] INFO com.graduation.analytics.source.SourceRegistryServiceImpl -- 源暂停 sourceCode=p1-03-probe-1 id=1
08:50:17.254 [pool-17-thread-3] INFO com.graduation.analytics.source.SourceRegistryServiceImpl -- 源激活 sourceCode=p1-03-probe-1 id=1 绑定 runtime_profile.id=1
08:50:17.254 [pool-17-thread-2] INFO com.graduation.analytics.source.SourceRegistryServiceImpl -- 源激活 sourceCode=p1-03-probe-2 id=2 绑定 runtime_profile.id=1
08:50:17.254 [pool-17-thread-7] INFO com.graduation.analytics.source.SourceRegistryServiceImpl -- 源暂停 sourceCode=p1-03-probe-1 id=1
08:50:17.255 [pool-17-thread-5] INFO com.graduation.analytics.source.SourceRegistryServiceImpl -- 源激活 sourceCode=p1-03-probe-1 id=1 绑定 runtime_profile.id=1
08:50:17.256 [pool-18-thread-6] INFO com.graduation.analytics.source.SourceRegistryServiceImpl -- 源激活 sourceCode=p1-03-probe-2 id=2 绑定 runtime_profile.id=1
08:50:17.258 [pool-18-thread-5] INFO com.graduation.analytics.source.SourceRegistryServiceImpl -- 源激活 sourceCode=p1-03-probe-1 id=1 绑定 runtime_profile.id=1
08:50:17.258 [pool-18-thread-8] INFO com.graduation.analytics.source.SourceRegistryServiceImpl -- 源激活 sourceCode=p1-03-probe-2 id=2 绑定 runtime_profile.id=1
08:50:17.258 [pool-18-thread-7] INFO com.graduation.analytics.source.SourceRegistryServiceImpl -- 源暂停 sourceCode=p1-03-probe-1 id=1
08:50:17.258 [pool-18-thread-3] INFO com.graduation.analytics.source.SourceRegistryServiceImpl -- 源激活 sourceCode=p1-03-probe-1 id=1 绑定 runtime_profile.id=1
08:50:17.259 [pool-18-thread-2] INFO com.graduation.analytics.source.SourceRegistryServiceImpl -- 源激活 sourceCode=p1-03-probe-2 id=2 绑定 runtime_profile.id=1
08:50:17.259 [pool-18-thread-1] INFO com.graduation.analytics.source.SourceRegistryServiceImpl -- 源暂停 sourceCode=p1-03-probe-1 id=1
08:50:17.260 [pool-19-thread-5] INFO com.graduation.analytics.source.SourceRegistryServiceImpl -- 源激活 sourceCode=p1-03-probe-1 id=1 绑定 runtime_profile.id=1
08:50:17.261 [pool-19-thread-6] INFO com.graduation.analytics.source.SourceRegistryServiceImpl -- 源激活 sourceCode=p1-03-probe-2 id=2 绑定 runtime_profile.id=1
08:50:17.261 [pool-19-thread-3] INFO com.graduation.analytics.source.SourceRegistryServiceImpl -- 源激活 sourceCode=p1-03-probe-1 id=1 绑定 runtime_profile.id=1
08:50:17.261 [pool-19-thread-2] INFO com.graduation.analytics.source.SourceRegistryServiceImpl -- 源激活 sourceCode=p1-03-probe-2 id=2 绑定 runtime_profile.id=1
08:50:17.262 [pool-19-thread-1] INFO com.graduation.analytics.source.SourceRegistryServiceImpl -- 源暂停 sourceCode=p1-03-probe-1 id=1
08:50:17.264 [pool-20-thread-5] INFO com.graduation.analytics.source.SourceRegistryServiceImpl -- 源激活 sourceCode=p1-03-probe-1 id=1 绑定 runtime_profile.id=1
08:50:17.264 [pool-20-thread-4] INFO com.graduation.analytics.source.SourceRegistryServiceImpl -- 源暂停 sourceCode=p1-03-probe-2 id=2
08:50:17.264 [pool-20-thread-2] INFO com.graduation.analytics.source.SourceRegistryServiceImpl -- 源激活 sourceCode=p1-03-probe-2 id=2 绑定 runtime_profile.id=1
08:50:17.264 [pool-20-thread-1] INFO com.graduation.analytics.source.SourceRegistryServiceImpl -- 源暂停 sourceCode=p1-03-probe-1 id=1
08:50:17.266 [pool-21-thread-5] INFO com.graduation.analytics.source.SourceRegistryServiceImpl -- 源激活 sourceCode=p1-03-probe-1 id=1 绑定 runtime_profile.id=1
08:50:17.266 [pool-21-thread-4] INFO com.graduation.analytics.source.SourceRegistryServiceImpl -- 源暂停 sourceCode=p1-03-probe-2 id=2
08:50:17.266 [pool-21-thread-2] INFO com.graduation.analytics.source.SourceRegistryServiceImpl -- 源激活 sourceCode=p1-03-probe-2 id=2 绑定 runtime_profile.id=1
08:50:17.269 [pool-22-thread-7] INFO com.graduation.analytics.source.SourceRegistryServiceImpl -- 源暂停 sourceCode=p1-03-probe-1 id=1
08:50:17.269 [pool-22-thread-3] INFO com.graduation.analytics.source.SourceRegistryServiceImpl -- 源激活 sourceCode=p1-03-probe-1 id=1 绑定 runtime_profile.id=1
08:50:17.270 [pool-22-thread-6] INFO com.graduation.analytics.source.SourceRegistryServiceImpl -- 源激活 sourceCode=p1-03-probe-2 id=2 绑定 runtime_profile.id=1
08:50:17.271 [pool-23-thread-1] INFO com.graduation.analytics.source.SourceRegistryServiceImpl -- 源暂停 sourceCode=p1-03-probe-1 id=1
08:50:17.272 [pool-23-thread-3] INFO com.graduation.analytics.source.SourceRegistryServiceImpl -- 源激活 sourceCode=p1-03-probe-1 id=1 绑定 runtime_profile.id=1
08:50:17.272 [pool-23-thread-8] INFO com.graduation.analytics.source.SourceRegistryServiceImpl -- 源激活 sourceCode=p1-03-probe-2 id=2 绑定 runtime_profile.id=1
08:50:17.273 [pool-23-thread-5] INFO com.graduation.analytics.source.SourceRegistryServiceImpl -- 源激活 sourceCode=p1-03-probe-1 id=1 绑定 runtime_profile.id=1
08:50:17.273 [pool-23-thread-6] INFO com.graduation.analytics.source.SourceRegistryServiceImpl -- 源激活 sourceCode=p1-03-probe-2 id=2 绑定 runtime_profile.id=1
08:50:17.274 [pool-24-thread-7] INFO com.graduation.analytics.source.SourceRegistryServiceImpl -- 源暂停 sourceCode=p1-03-probe-1 id=1
08:50:17.274 [pool-24-thread-5] INFO com.graduation.analytics.source.SourceRegistryServiceImpl -- 源激活 sourceCode=p1-03-probe-1 id=1 绑定 runtime_profile.id=1
08:50:17.274 [pool-24-thread-4] INFO com.graduation.analytics.source.SourceRegistryServiceImpl -- 源暂停 sourceCode=p1-03-probe-2 id=2
08:50:17.275 [pool-24-thread-2] INFO com.graduation.analytics.source.SourceRegistryServiceImpl -- 源激活 sourceCode=p1-03-probe-2 id=2 绑定 runtime_profile.id=1
08:50:17.276 [pool-25-thread-7] INFO com.graduation.analytics.source.SourceRegistryServiceImpl -- 源暂停 sourceCode=p1-03-probe-1 id=1
08:50:17.278 [pool-25-thread-5] INFO com.graduation.analytics.source.SourceRegistryServiceImpl -- 源激活 sourceCode=p1-03-probe-1 id=1 绑定 runtime_profile.id=1
08:50:17.280 [pool-26-thread-8] INFO com.graduation.analytics.source.SourceRegistryServiceImpl -- 源激活 sourceCode=p1-03-probe-2 id=2 绑定 runtime_profile.id=1
08:50:17.280 [pool-26-thread-7] INFO com.graduation.analytics.source.SourceRegistryServiceImpl -- 源暂停 sourceCode=p1-03-probe-1 id=1
08:50:17.280 [pool-26-thread-3] INFO com.graduation.analytics.source.SourceRegistryServiceImpl -- 源激活 sourceCode=p1-03-probe-1 id=1 绑定 runtime_profile.id=1
08:50:17.280 [pool-26-thread-2] INFO com.graduation.analytics.source.SourceRegistryServiceImpl -- 源激活 sourceCode=p1-03-probe-2 id=2 绑定 runtime_profile.id=1
08:50:17.280 [pool-26-thread-1] INFO com.graduation.analytics.source.SourceRegistryServiceImpl -- 源暂停 sourceCode=p1-03-probe-1 id=1
08:50:17.281 [pool-26-thread-5] INFO com.graduation.analytics.source.SourceRegistryServiceImpl -- 源激活 sourceCode=p1-03-probe-1 id=1 绑定 runtime_profile.id=1
08:50:17.282 [pool-27-thread-8] INFO com.graduation.analytics.source.SourceRegistryServiceImpl -- 源激活 sourceCode=p1-03-probe-2 id=2 绑定 runtime_profile.id=1
08:50:17.283 [pool-27-thread-7] INFO com.graduation.analytics.source.SourceRegistryServiceImpl -- 源暂停 sourceCode=p1-03-probe-1 id=1
08:50:17.283 [pool-27-thread-5] INFO com.graduation.analytics.source.SourceRegistryServiceImpl -- 源激活 sourceCode=p1-03-probe-1 id=1 绑定 runtime_profile.id=1
08:50:17.283 [pool-27-thread-6] INFO com.graduation.analytics.source.SourceRegistryServiceImpl -- 源激活 sourceCode=p1-03-probe-2 id=2 绑定 runtime_profile.id=1
08:50:17.284 [pool-27-thread-3] INFO com.graduation.analytics.source.SourceRegistryServiceImpl -- 源激活 sourceCode=p1-03-probe-1 id=1 绑定 runtime_profile.id=1
08:50:17.288 [main] INFO com.graduation.analytics.source.SourceRegistryServiceImpl -- 源登记创建 sourceCode=p1-03-probe-1 id=1 status=DRAFT
08:50:17.289 [main] INFO com.graduation.analytics.source.SourceRegistryServiceImpl -- 源登记创建 sourceCode=p1-03-probe-2 id=2 status=DRAFT
08:50:17.291 [pool-28-thread-8] INFO com.graduation.analytics.source.SourceRegistryServiceImpl -- 源激活 sourceCode=p1-03-probe-1 id=1 绑定 runtime_profile.id=1
[INFO] Tests run: 7, Failures: 0, Errors: 0, Skipped: 0, Time elapsed: 0.187 s -- in com.graduation.analytics.source.SourceRegistryConcurrencyTest
[INFO] Running com.graduation.analytics.source.SourceRegistryServiceTest
08:50:17.326 [main] INFO com.graduation.analytics.source.SourceRegistryServiceImpl -- 源激活 sourceCode=p1-03-probe-1 id=1 绑定 runtime_profile.id=1
08:50:17.377 [main] INFO com.graduation.analytics.source.SourceRegistryServiceImpl -- 源暂停 sourceCode=p1-03-probe-1 id=2
08:50:17.386 [main] INFO com.graduation.analytics.source.SourceRegistryServiceImpl -- 源登记创建 sourceCode=p1-03-probe-1 id=1 status=DRAFT
08:50:17.394 [main] INFO com.graduation.analytics.source.SourceRegistryServiceImpl -- 源激活 sourceCode=p1-03-probe-1 id=2 绑定 runtime_profile.id=1
08:50:17.414 [main] INFO com.graduation.analytics.source.SourceRegistryServiceImpl -- 源登记创建 sourceCode=p1-03-probe-1 id=1 status=PAUSED
08:50:17.418 [main] INFO com.graduation.analytics.source.SourceRegistryServiceImpl -- 源登记修改 id=1 sourceCode=mock-mall
[INFO] Tests run: 32, Failures: 0, Errors: 0, Skipped: 0, Time elapsed: 0.099 s -- in com.graduation.analytics.source.SourceRegistryServiceTest
[INFO] 
[INFO] Results:
[INFO] 
[ERROR] Errors: 
[ERROR]   LocalFileIngestorCheckpointKeyTest.checkpointKeysAreScopedToSource:247->ingestor:90->lambda$checkpointKeysAreScopedToSource$8:233 IllegalState selectList 的 wrapper 是 null：参数匹配器没对上，请同步修这个测试替身
[ERROR]   LocalFileIngestorCheckpointKeyTest.checkpointKeysCollapsesLegacySpelling:210->lambda$ingestor$5:95->queriedKey:134 IllegalState 查询条件里取不到 runtime_profile_id：MyBatis-Plus 实现变了，请同步修这个测试替身。sql=(runtime_profile_id = ? AND source_id = ?)
[ERROR]   LocalFileIngestorCheckpointKeyTest.checkpointWrittenUnderOneSpellingIsVisibleToTheOther:172->lambda$ingestor$1:87->queriedKey:134 IllegalState 查询条件里取不到 runtime_profile_id：MyBatis-Plus 实现变了，请同步修这个测试替身。sql=(runtime_profile_id = ? AND source_id = ? AND file_path = ?)
[ERROR]   LocalFileIngestorSourceIsolationTest.checkpointKeysAreScopedToSource:293->ingest:156->lambda$ingestor$1:88->queriedFilter:141 IllegalState 查询条件里取不到 runtime_profile_id：MyBatis-Plus 实现变了，请同步修这个测试替身。sql=(runtime_profile_id = ? AND source_id = ? AND file_path = ?)
[ERROR]   LocalFileIngestorSourceIsolationTest.checkpointRowsAreDistinctPerSource:226->ingest:156->lambda$ingestor$1:88->queriedFilter:141 IllegalState 查询条件里取不到 runtime_profile_id：MyBatis-Plus 实现变了，请同步修这个测试替身。sql=(runtime_profile_id = ? AND source_id = ? AND file_path = ?)
[ERROR]   LocalFileIngestorSourceIsolationTest.differentProfilesAlsoStayIsolated:259->ingest:156->lambda$ingestor$1:88->queriedFilter:141 IllegalState 查询条件里取不到 runtime_profile_id：MyBatis-Plus 实现变了，请同步修这个测试替身。sql=(runtime_profile_id = ? AND source_id = ? AND file_path = ?)
[ERROR]   LocalFileIngestorSourceIsolationTest.fileResultShapeUnchanged:364->ingest:156->lambda$ingestor$1:88->queriedFilter:141 IllegalState 查询条件里取不到 runtime_profile_id：MyBatis-Plus 实现变了，请同步修这个测试替身。sql=(runtime_profile_id = ? AND source_id = ? AND file_path = ?)
[ERROR]   LocalFileIngestorSourceIsolationTest.partialTailSemanticsHoldPerSource:315->ingest:156->lambda$ingestor$1:88->queriedFilter:141 IllegalState 查询条件里取不到 runtime_profile_id：MyBatis-Plus 实现变了，请同步修这个测试替身。sql=(runtime_profile_id = ? AND source_id = ? AND file_path = ?)
[ERROR]   LocalFileIngestorSourceIsolationTest.sameSourceStaysUnique:245->ingest:156->lambda$ingestor$1:88->queriedFilter:141 IllegalState 查询条件里取不到 runtime_profile_id：MyBatis-Plus 实现变了，请同步修这个测试替身。sql=(runtime_profile_id = ? AND source_id = ? AND file_path = ?)
[ERROR]   LocalFileIngestorSourceIsolationTest.sourceOneRunCreatesNoSourceTwoRow:275->ingest:156->lambda$ingestor$1:88->queriedFilter:141 IllegalState 查询条件里取不到 runtime_profile_id：MyBatis-Plus 实现变了，请同步修这个测试替身。sql=(runtime_profile_id = ? AND source_id = ? AND file_path = ?)
[ERROR]   LocalFileIngestorSourceIsolationTest.sourceTwoDoesNotAdvanceSourceOneCheckpoint:168->ingest:156->lambda$ingestor$1:88->queriedFilter:141 IllegalState 查询条件里取不到 runtime_profile_id：MyBatis-Plus 实现变了，请同步修这个测试替身。sql=(runtime_profile_id = ? AND source_id = ? AND file_path = ?)
[ERROR]   LocalFileIngestorSourceIsolationTest.switchingBackKeepsEachSourcesOwnOffset:192->ingest:156->lambda$ingestor$1:88->queriedFilter:141 IllegalState 查询条件里取不到 runtime_profile_id：MyBatis-Plus 实现变了，请同步修这个测试替身。sql=(runtime_profile_id = ? AND source_id = ? AND file_path = ?)
[INFO] 
[ERROR] Tests run: 134, Failures: 0, Errors: 12, Skipped: 0
[INFO] 
[INFO] ------------------------------------------------------------------------
[INFO] Reactor Summary for analytics-server 0.1.0-SNAPSHOT:
[INFO] 
[INFO] analytics-server ................................... SUCCESS [  0.001 s]
[INFO] platform-common .................................... SUCCESS [  0.949 s]
[INFO] connection-ingestion ............................... FAILURE [  4.751 s]
[INFO] warehouse-pipeline ................................. SKIPPED
[INFO] metric-analysis .................................... SKIPPED
[INFO] ai-decision ........................................ SKIPPED
[INFO] platform-app ....................................... SKIPPED
[INFO] ------------------------------------------------------------------------
[INFO] BUILD FAILURE
[INFO] ------------------------------------------------------------------------
[INFO] Total time:  5.862 s
[INFO] Finished at: 2026-09-12T08:50:17+08:00
[INFO] ------------------------------------------------------------------------
[ERROR] Failed to execute goal org.apache.maven.plugins:maven-surefire-plugin:3.1.2:test (default-test) on project connection-ingestion: 
[ERROR] 
[ERROR] Please refer to D:\Develop_code\GraduationProject\analytics-server\connection-ingestion\target\surefire-reports for the individual test results.
[ERROR] Please refer to dump files (if any exist) [date].dump, [date]-jvmRun[N].dump and [date].dumpstream.
[ERROR] -> [Help 1]
[ERROR] 
[ERROR] To see the full stack trace of the errors, re-run Maven with the -e switch.
[ERROR] Re-run Maven using the -X switch to enable full debug logging.
[ERROR] 
[ERROR] For more information about the errors and possible solutions, please read the following articles:
[ERROR] [Help 1] http://cwiki.apache.org/confluence/display/MAVEN/MojoFailureException
[ERROR] 
[ERROR] After correcting the problems, you can resume the build with the command
[ERROR]   mvn <args> -rf :connection-ingestion
