Picked up JAVA_TOOL_OPTIONS: -Dfile.encoding=UTF-8 -XX:+UseSerialGC
[INFO] Scanning for projects...
[INFO] ------------------------------------------------------------------------
[INFO] Reactor Build Order:
[INFO] 
[INFO] analytics-server                                                   [pom]
[INFO] platform-common                                                    [jar]
[INFO] connection-ingestion                                               [jar]
[INFO] warehouse-pipeline                                                 [jar]
[INFO] metric-analysis                                                    [jar]
[INFO] ai-decision                                                        [jar]
[INFO] platform-app                                                       [jar]
[INFO] 
[INFO] -------------< com.graduation.analytics:analytics-server >--------------
[INFO] Building analytics-server 0.1.0-SNAPSHOT                           [1/7]
[INFO]   from pom.xml
[INFO] --------------------------------[ pom ]---------------------------------
[INFO] 
[INFO] --------------< com.graduation.analytics:platform-common >--------------
[INFO] Building platform-common 0.1.0-SNAPSHOT                            [2/7]
[INFO]   from platform-common\pom.xml
[INFO] --------------------------------[ jar ]---------------------------------
[INFO] 
[INFO] --- resources:3.3.1:resources (default-resources) @ platform-common ---
[INFO] skip non existing resourceDirectory D:\Develop_code\GraduationProject\analytics-server\platform-common\src\main\resources
[INFO] skip non existing resourceDirectory D:\Develop_code\GraduationProject\analytics-server\platform-common\src\main\resources
[INFO] 
[INFO] --- compiler:3.11.0:compile (default-compile) @ platform-common ---
[INFO] Nothing to compile - all classes are up to date
[INFO] 
[INFO] --- resources:3.3.1:testResources (default-testResources) @ platform-common ---
[INFO] skip non existing resourceDirectory D:\Develop_code\GraduationProject\analytics-server\platform-common\src\test\resources
[INFO] 
[INFO] --- compiler:3.11.0:testCompile (default-testCompile) @ platform-common ---
[INFO] Nothing to compile - all classes are up to date
[INFO] 
[INFO] --- surefire:3.1.2:test (default-test) @ platform-common ---
[WARNING] useSystemClassLoader setting has no effect when not forking
[WARNING] The parameter forkCount should likely not be 0. Forking a JVM for tests improves test accuracy. Ensure to have a <forkCount> >= 1.
[INFO] Using auto detected provider org.apache.maven.surefire.junitplatform.JUnitPlatformProvider
[INFO] Running com.graduation.analytics.common.GlobalExceptionHandlerSourceStatusTest
[INFO] Tests run: 5, Failures: 0, Errors: 0, Skipped: 0, Time elapsed: 0.130 s -- in com.graduation.analytics.common.GlobalExceptionHandlerSourceStatusTest
[INFO] Running com.graduation.analytics.common.LandingUriTest
[INFO] Tests run: 4, Failures: 0, Errors: 0, Skipped: 0, Time elapsed: 0.012 s -- in com.graduation.analytics.common.LandingUriTest
[INFO] Running com.graduation.analytics.contracts.CanonicalEventSchemaParityTest
[INFO] Tests run: 5, Failures: 0, Errors: 0, Skipped: 0, Time elapsed: 0.079 s -- in com.graduation.analytics.contracts.CanonicalEventSchemaParityTest
[INFO] Running com.graduation.analytics.warehouse.WarehouseNameLiteralGateTest
[INFO] Tests run: 3, Failures: 0, Errors: 0, Skipped: 0, Time elapsed: 0.076 s -- in com.graduation.analytics.warehouse.WarehouseNameLiteralGateTest
[INFO] Running com.graduation.analytics.warehouse.WarehouseNamespaceContractTest
[INFO] Tests run: 24, Failures: 0, Errors: 0, Skipped: 0, Time elapsed: 0.024 s -- in com.graduation.analytics.warehouse.WarehouseNamespaceContractTest
[INFO] 
[INFO] Results:
[INFO] 
[INFO] Tests run: 41, Failures: 0, Errors: 0, Skipped: 0
[INFO] 
[INFO] 
[INFO] -----------< com.graduation.analytics:connection-ingestion >------------
[INFO] Building connection-ingestion 0.1.0-SNAPSHOT                       [3/7]
[INFO]   from connection-ingestion\pom.xml
[INFO] --------------------------------[ jar ]---------------------------------
[WARNING] 2 problems were encountered while building the effective model for org.apache.yetus:audience-annotations:jar:0.5.0 during dependency collection step for project (use -X to see details)
[INFO] 
[INFO] --- resources:3.3.1:resources (default-resources) @ connection-ingestion ---
[INFO] skip non existing resourceDirectory D:\Develop_code\GraduationProject\analytics-server\connection-ingestion\src\main\resources
[INFO] skip non existing resourceDirectory D:\Develop_code\GraduationProject\analytics-server\connection-ingestion\src\main\resources
[INFO] 
[INFO] --- compiler:3.11.0:compile (default-compile) @ connection-ingestion ---
[INFO] Nothing to compile - all classes are up to date
[INFO] 
[INFO] --- resources:3.3.1:testResources (default-testResources) @ connection-ingestion ---
[INFO] skip non existing resourceDirectory D:\Develop_code\GraduationProject\analytics-server\connection-ingestion\src\test\resources
[INFO] 
[INFO] --- compiler:3.11.0:testCompile (default-testCompile) @ connection-ingestion ---
[INFO] Nothing to compile - all classes are up to date
[INFO] 
[INFO] --- surefire:3.1.2:test (default-test) @ connection-ingestion ---
[WARNING] useSystemClassLoader setting has no effect when not forking
[WARNING] The parameter forkCount should likely not be 0. Forking a JVM for tests improves test accuracy. Ensure to have a <forkCount> >= 1.
[INFO] Using auto detected provider org.apache.maven.surefire.junitplatform.JUnitPlatformProvider
[INFO] Running com.graduation.analytics.auth.AuthInterceptorTest
Java HotSpot(TM) 64-Bit Server VM warning: Sharing is only supported for boot loader classes because bootstrap classpath has been appended
Standard Commons Logging discovery in action with spring-jcl: please remove commons-logging.jar from classpath in order to avoid potential conflicts
SLF4J(W): Class path contains multiple SLF4J providers.
SLF4J(W): Found provider [ch.qos.logback.classic.spi.LogbackServiceProvider@4965454c]
SLF4J(W): Found provider [org.slf4j.reload4j.Reload4jServiceProvider@1e4a4ed5]
SLF4J(W): See https://www.slf4j.org/codes.html#multiple_bindings for an explanation.
SLF4J(I): Actual provider is of type [ch.qos.logback.classic.spi.LogbackServiceProvider@4965454c]
[INFO] Tests run: 13, Failures: 0, Errors: 0, Skipped: 0, Time elapsed: 0.664 s -- in com.graduation.analytics.auth.AuthInterceptorTest
[INFO] Running com.graduation.analytics.auth.AuthServiceRoleWhitelistTest
[INFO] Tests run: 5, Failures: 0, Errors: 0, Skipped: 0, Time elapsed: 0.386 s -- in com.graduation.analytics.auth.AuthServiceRoleWhitelistTest
[INFO] Running com.graduation.analytics.auth.RolePermissionsTest
[INFO] Tests run: 11, Failures: 0, Errors: 0, Skipped: 0, Time elapsed: 0.007 s -- in com.graduation.analytics.auth.RolePermissionsTest
[INFO] Running com.graduation.analytics.ingestion.IngestionRunNoNewDataTest
08:55:59.254 [main] INFO com.graduation.analytics.ingestion.IngestionService -- ingestion run ing-20260912100000-99d10470: status=QUARANTINED records=0 quarantine=4 errors=0 files=1 bytes=0 noNewData=false
08:55:59.294 [main] INFO com.graduation.analytics.ingestion.IngestionService -- ingestion run ing-20260912100000-7906ac6c: status=SUCCESS records=0 quarantine=0 errors=0 files=0 bytes=0 noNewData=true
08:55:59.304 [main] INFO com.graduation.analytics.ingestion.IngestionService -- ingestion run ing-20260912100000-15259b38: status=SUCCESS records=3 quarantine=0 errors=0 files=1 bytes=64 noNewData=false
08:55:59.315 [main] INFO com.graduation.analytics.ingestion.IngestionService -- ingestion run ing-20260912100000-31c495b9: status=SUCCESS records=0 quarantine=0 errors=0 files=0 bytes=0 noNewData=true
[INFO] Tests run: 4, Failures: 0, Errors: 0, Skipped: 0, Time elapsed: 0.195 s -- in com.graduation.analytics.ingestion.IngestionRunNoNewDataTest
[INFO] Running com.graduation.analytics.ingestion.IngestionServiceStatusTest
08:55:59.453 [main] WARN com.graduation.analytics.ingestion.IngestionService -- landingUri 不可解析（profile 1）：暂不支持的 landingUri 协议：hdfs://（当前仅支持本地 file:// 与裸路径）
[INFO] Tests run: 11, Failures: 0, Errors: 0, Skipped: 0, Time elapsed: 0.138 s -- in com.graduation.analytics.ingestion.IngestionServiceStatusTest
[INFO] Running com.graduation.analytics.ingestion.IngestionSourceManifestTest
08:55:59.502 [main] INFO com.graduation.analytics.ingestion.IngestionService -- ingestion run ing-20260912100000-55d47e48: status=SUCCESS records=1 quarantine=0 errors=0 files=1 bytes=16 noNewData=false
08:55:59.520 [main] INFO com.graduation.analytics.ingestion.IngestionService -- ingestion run ing-20260912100000-652e9cb5: status=SUCCESS records=1 quarantine=0 errors=0 files=1 bytes=16 noNewData=false
08:55:59.540 [main] INFO com.graduation.analytics.ingestion.IngestionService -- ingestion run ing-20260912100000-eab19b65: status=SUCCESS records=1 quarantine=0 errors=0 files=1 bytes=16 noNewData=false
08:55:59.549 [main] INFO com.graduation.analytics.ingestion.IngestionService -- ingestion run ing-20260912100000-4aeecf88: status=SUCCESS records=1 quarantine=0 errors=0 files=1 bytes=16 noNewData=false
08:55:59.572 [main] INFO com.graduation.analytics.ingestion.IngestionService -- ingestion run ing-20260912100000-be086faa: status=SUCCESS records=1 quarantine=0 errors=0 files=1 bytes=16 noNewData=false
[INFO] Tests run: 5, Failures: 0, Errors: 0, Skipped: 0, Time elapsed: 0.089 s -- in com.graduation.analytics.ingestion.IngestionSourceManifestTest
[INFO] Running com.graduation.analytics.ingestion.IngestionSourceNotBoundTest
08:55:59.630 [main] INFO com.graduation.analytics.ingestion.IngestionService -- ingestion run ing-20260912100000-86b0d3b8: status=SUCCESS records=1 quarantine=0 errors=0 files=1 bytes=16 noNewData=false
[INFO] Tests run: 4, Failures: 0, Errors: 0, Skipped: 0, Time elapsed: 0.023 s -- in com.graduation.analytics.ingestion.IngestionSourceNotBoundTest
[INFO] Running com.graduation.analytics.ingestion.LocalFileIngestorCheckpointKeyTest
08:55:59.718 [main] INFO com.graduation.analytics.ingestion.LocalFileIngestor -- ingest a.jsonl: collected=2 quarantined=0 acceptedBytes=16 offset 0→16 identity=1789174559714
[INFO] Tests run: 4, Failures: 0, Errors: 0, Skipped: 0, Time elapsed: 0.079 s -- in com.graduation.analytics.ingestion.LocalFileIngestorCheckpointKeyTest
[INFO] Running com.graduation.analytics.ingestion.LocalFileIngestorConsumableDataTest
[INFO] Tests run: 11, Failures: 0, Errors: 0, Skipped: 0, Time elapsed: 0.057 s -- in com.graduation.analytics.ingestion.LocalFileIngestorConsumableDataTest
[INFO] Running com.graduation.analytics.ingestion.LocalFileIngestorSourceIsolationTest
08:55:59.810 [main] INFO com.graduation.analytics.ingestion.LocalFileIngestor -- ingest a.jsonl: collected=1 quarantined=0 acceptedBytes=8 offset 0→8 identity=1789174559805
08:55:59.821 [main] INFO com.graduation.analytics.ingestion.LocalFileIngestor -- ingest a.jsonl: collected=1 quarantined=0 acceptedBytes=8 offset 0→8 identity=1789174559818
08:55:59.823 [main] INFO com.graduation.analytics.ingestion.LocalFileIngestor -- ingest a.jsonl: collected=1 quarantined=0 acceptedBytes=8 offset 0→8 identity=1789174559818
08:55:59.833 [main] INFO com.graduation.analytics.ingestion.LocalFileIngestor -- ingest a.jsonl: collected=1 quarantined=0 acceptedBytes=8 offset 0→8 identity=1789174559830
08:55:59.835 [main] INFO com.graduation.analytics.ingestion.LocalFileIngestor -- ingest a.jsonl: collected=1 quarantined=0 acceptedBytes=8 offset 0→8 identity=1789174559830
08:55:59.842 [main] INFO com.graduation.analytics.ingestion.LocalFileIngestor -- ingest a.jsonl: 尾部残行 7 字节留待文件增长
08:55:59.843 [main] INFO com.graduation.analytics.ingestion.LocalFileIngestor -- ingest a.jsonl: collected=1 quarantined=0 acceptedBytes=8 offset 0→8 identity=1789174559840
08:55:59.844 [main] INFO com.graduation.analytics.ingestion.LocalFileIngestor -- ingest a.jsonl: 尾部残行 7 字节留待文件增长
08:55:59.845 [main] INFO com.graduation.analytics.ingestion.LocalFileIngestor -- ingest a.jsonl: collected=1 quarantined=0 acceptedBytes=8 offset 0→8 identity=1789174559840
08:55:59.851 [main] INFO com.graduation.analytics.ingestion.LocalFileIngestor -- ingest a.jsonl: collected=2 quarantined=0 acceptedBytes=16 offset 0→16 identity=1789174559849
08:55:59.854 [main] INFO com.graduation.analytics.ingestion.LocalFileIngestor -- ingest a.jsonl: collected=2 quarantined=0 acceptedBytes=16 offset 0→16 identity=1789174559849
08:55:59.861 [main] INFO com.graduation.analytics.ingestion.LocalFileIngestor -- ingest a.jsonl: collected=1 quarantined=0 acceptedBytes=8 offset 0→8 identity=1789174559858
08:55:59.864 [main] INFO com.graduation.analytics.ingestion.LocalFileIngestor -- ingest a.jsonl: collected=1 quarantined=0 acceptedBytes=8 offset 8→16 identity=1789174559858
08:55:59.870 [main] INFO com.graduation.analytics.ingestion.LocalFileIngestor -- ingest a.jsonl: collected=1 quarantined=0 acceptedBytes=8 offset 0→8 identity=1789174559868
08:55:59.877 [main] INFO com.graduation.analytics.ingestion.LocalFileIngestor -- ingest a.jsonl: collected=1 quarantined=0 acceptedBytes=8 offset 0→8 identity=1789174559874
08:55:59.879 [main] INFO com.graduation.analytics.ingestion.LocalFileIngestor -- ingest a.jsonl: collected=1 quarantined=0 acceptedBytes=8 offset 0→8 identity=1789174559874
08:55:59.887 [main] INFO com.graduation.analytics.ingestion.LocalFileIngestor -- ingest a.jsonl: collected=1 quarantined=0 acceptedBytes=8 offset 0→8 identity=1789174559884
08:55:59.890 [main] INFO com.graduation.analytics.ingestion.LocalFileIngestor -- ingest a.jsonl: collected=2 quarantined=0 acceptedBytes=16 offset 0→16 identity=1789174559884
08:55:59.893 [main] INFO com.graduation.analytics.ingestion.LocalFileIngestor -- ingest a.jsonl: collected=1 quarantined=0 acceptedBytes=8 offset 8→16 identity=1789174559884
[INFO] Tests run: 10, Failures: 0, Errors: 0, Skipped: 0, Time elapsed: 0.095 s -- in com.graduation.analytics.ingestion.LocalFileIngestorSourceIsolationTest
[INFO] Running com.graduation.analytics.runtime.submit.LocalProcessSparkSubmitterLogTest
[INFO] Tests run: 5, Failures: 0, Errors: 0, Skipped: 0, Time elapsed: 0.035 s -- in com.graduation.analytics.runtime.submit.LocalProcessSparkSubmitterLogTest
[INFO] Running com.graduation.analytics.runtime.submit.LocalProcessSparkSubmitterProcessTest
08:56:00.003 [main] INFO com.graduation.analytics.runtime.submit.LocalProcessSparkSubmitter -- spark-submit lp-1789174559987-10623e -> pid=42808 log=C:\Users\ASUS\AppData\Local\Temp\junit9866582779337441359\m1-11-ok__lp-1789174559987-10623e.log
08:56:00.125 [main] INFO com.graduation.analytics.runtime.submit.LocalProcessSparkSubmitter -- spark-submit lp-1789174560114-8a3913 -> pid=30924 log=C:\Users\ASUS\AppData\Local\Temp\junit9866582779337441359\m1-11-bad__lp-1789174560114-8a3913.log
08:56:00.249 [main] INFO com.graduation.analytics.runtime.submit.LocalProcessSparkSubmitter -- spark-submit lp-1789174560240-042d9b -> pid=36616 log=C:\Users\ASUS\AppData\Local\Temp\junit4447676381344583613\m1-11-cancel__lp-1789174560240-042d9b.log
08:56:00.280 [main] WARN com.graduation.analytics.runtime.submit.LocalProcessSparkSubmitter -- 本地进程任务已终止: lp-1789174560240-042d9b pid=36616 子进程=2
08:56:00.294 [spark-log-lp-1789174560240-042d9b] WARN com.graduation.analytics.runtime.submit.LocalProcessSparkSubmitter -- capture spark-submit log failed: C:\Users\ASUS\AppData\Local\Temp\junit4447676381344583613\m1-11-cancel__lp-1789174560240-042d9b.log
[INFO] Tests run: 4, Failures: 0, Errors: 0, Skipped: 0, Time elapsed: 0.297 s -- in com.graduation.analytics.runtime.submit.LocalProcessSparkSubmitterProcessTest
[INFO] Running com.graduation.analytics.source.SourceProfileValidatorTest
08:56:00.320 [main] WARN com.graduation.analytics.source.SourceProfileValidator -- 源画像解析失败 path=analytics-server/source-profiles/p1-03-probe-1.v1.json: Unrecognized token 'not': was expecting (JSON String, Number, Array, Object or token 'null', 'true' or 'false')
 at [Source: (String)"not json at all"; line: 1, column: 4]
[INFO] Tests run: 8, Failures: 0, Errors: 0, Skipped: 0, Time elapsed: 0.027 s -- in com.graduation.analytics.source.SourceProfileValidatorTest
[INFO] Running com.graduation.analytics.source.SourceRegistryConcurrencyTest
08:56:00.363 [main] INFO com.graduation.analytics.source.SourceRegistryServiceImpl -- 源登记创建 sourceCode=p1-03-probe-1 id=1 status=DRAFT
08:56:00.364 [main] INFO com.graduation.analytics.source.SourceRegistryServiceImpl -- 源登记创建 sourceCode=p1-03-probe-2 id=2 status=DRAFT
08:56:00.368 [pool-2-thread-8] INFO com.graduation.analytics.source.SourceRegistryServiceImpl -- 源激活 sourceCode=p1-03-probe-2 id=2 绑定 runtime_profile.id=1
08:56:00.370 [pool-2-thread-3] INFO com.graduation.analytics.source.SourceRegistryServiceImpl -- 源激活 sourceCode=p1-03-probe-1 id=1 绑定 runtime_profile.id=1
08:56:00.372 [pool-2-thread-2] INFO com.graduation.analytics.source.SourceRegistryServiceImpl -- 源激活 sourceCode=p1-03-probe-2 id=2 绑定 runtime_profile.id=1
08:56:00.372 [pool-2-thread-1] INFO com.graduation.analytics.source.SourceRegistryServiceImpl -- 源激活 sourceCode=p1-03-probe-1 id=1 绑定 runtime_profile.id=1
08:56:00.377 [pool-3-thread-8] INFO com.graduation.analytics.source.SourceRegistryServiceImpl -- 源激活 sourceCode=p1-03-probe-2 id=2 绑定 runtime_profile.id=1
08:56:00.377 [pool-3-thread-1] INFO com.graduation.analytics.source.SourceRegistryServiceImpl -- 源激活 sourceCode=p1-03-probe-1 id=1 绑定 runtime_profile.id=1
08:56:00.377 [pool-3-thread-4] INFO com.graduation.analytics.source.SourceRegistryServiceImpl -- 源激活 sourceCode=p1-03-probe-2 id=2 绑定 runtime_profile.id=1
08:56:00.378 [pool-3-thread-3] INFO com.graduation.analytics.source.SourceRegistryServiceImpl -- 源激活 sourceCode=p1-03-probe-1 id=1 绑定 runtime_profile.id=1
08:56:00.379 [pool-3-thread-6] INFO com.graduation.analytics.source.SourceRegistryServiceImpl -- 源激活 sourceCode=p1-03-probe-2 id=2 绑定 runtime_profile.id=1
08:56:00.380 [pool-3-thread-5] INFO com.graduation.analytics.source.SourceRegistryServiceImpl -- 源激活 sourceCode=p1-03-probe-1 id=1 绑定 runtime_profile.id=1
08:56:00.380 [pool-3-thread-2] INFO com.graduation.analytics.source.SourceRegistryServiceImpl -- 源激活 sourceCode=p1-03-probe-2 id=2 绑定 runtime_profile.id=1
08:56:00.383 [pool-4-thread-7] INFO com.graduation.analytics.source.SourceRegistryServiceImpl -- 源激活 sourceCode=p1-03-probe-1 id=1 绑定 runtime_profile.id=1
08:56:00.384 [pool-4-thread-6] INFO com.graduation.analytics.source.SourceRegistryServiceImpl -- 源激活 sourceCode=p1-03-probe-2 id=2 绑定 runtime_profile.id=1
08:56:00.385 [pool-4-thread-5] INFO com.graduation.analytics.source.SourceRegistryServiceImpl -- 源激活 sourceCode=p1-03-probe-1 id=1 绑定 runtime_profile.id=1
08:56:00.385 [pool-4-thread-4] INFO com.graduation.analytics.source.SourceRegistryServiceImpl -- 源激活 sourceCode=p1-03-probe-2 id=2 绑定 runtime_profile.id=1
08:56:00.386 [pool-4-thread-3] INFO com.graduation.analytics.source.SourceRegistryServiceImpl -- 源激活 sourceCode=p1-03-probe-1 id=1 绑定 runtime_profile.id=1
08:56:00.386 [pool-4-thread-2] INFO com.graduation.analytics.source.SourceRegistryServiceImpl -- 源激活 sourceCode=p1-03-probe-2 id=2 绑定 runtime_profile.id=1
08:56:00.387 [pool-4-thread-1] INFO com.graduation.analytics.source.SourceRegistryServiceImpl -- 源激活 sourceCode=p1-03-probe-1 id=1 绑定 runtime_profile.id=1
08:56:00.388 [pool-5-thread-8] INFO com.graduation.analytics.source.SourceRegistryServiceImpl -- 源激活 sourceCode=p1-03-probe-2 id=2 绑定 runtime_profile.id=1
08:56:00.389 [pool-5-thread-7] INFO com.graduation.analytics.source.SourceRegistryServiceImpl -- 源激活 sourceCode=p1-03-probe-1 id=1 绑定 runtime_profile.id=1
08:56:00.390 [pool-5-thread-4] INFO com.graduation.analytics.source.SourceRegistryServiceImpl -- 源激活 sourceCode=p1-03-probe-2 id=2 绑定 runtime_profile.id=1
08:56:00.391 [pool-5-thread-3] INFO com.graduation.analytics.source.SourceRegistryServiceImpl -- 源激活 sourceCode=p1-03-probe-1 id=1 绑定 runtime_profile.id=1
08:56:00.391 [pool-5-thread-2] INFO com.graduation.analytics.source.SourceRegistryServiceImpl -- 源激活 sourceCode=p1-03-probe-2 id=2 绑定 runtime_profile.id=1
08:56:00.392 [pool-5-thread-1] INFO com.graduation.analytics.source.SourceRegistryServiceImpl -- 源激活 sourceCode=p1-03-probe-1 id=1 绑定 runtime_profile.id=1
08:56:00.393 [pool-6-thread-8] INFO com.graduation.analytics.source.SourceRegistryServiceImpl -- 源激活 sourceCode=p1-03-probe-2 id=2 绑定 runtime_profile.id=1
08:56:00.394 [pool-6-thread-7] INFO com.graduation.analytics.source.SourceRegistryServiceImpl -- 源激活 sourceCode=p1-03-probe-1 id=1 绑定 runtime_profile.id=1
08:56:00.394 [pool-6-thread-6] INFO com.graduation.analytics.source.SourceRegistryServiceImpl -- 源激活 sourceCode=p1-03-probe-2 id=2 绑定 runtime_profile.id=1
08:56:00.395 [pool-6-thread-3] INFO com.graduation.analytics.source.SourceRegistryServiceImpl -- 源激活 sourceCode=p1-03-probe-1 id=1 绑定 runtime_profile.id=1
08:56:00.396 [pool-6-thread-2] INFO com.graduation.analytics.source.SourceRegistryServiceImpl -- 源激活 sourceCode=p1-03-probe-2 id=2 绑定 runtime_profile.id=1
08:56:00.396 [pool-6-thread-1] INFO com.graduation.analytics.source.SourceRegistryServiceImpl -- 源激活 sourceCode=p1-03-probe-1 id=1 绑定 runtime_profile.id=1
08:56:00.397 [pool-7-thread-2] INFO com.graduation.analytics.source.SourceRegistryServiceImpl -- 源激活 sourceCode=p1-03-probe-2 id=2 绑定 runtime_profile.id=1
08:56:00.399 [pool-7-thread-1] INFO com.graduation.analytics.source.SourceRegistryServiceImpl -- 源激活 sourceCode=p1-03-probe-1 id=1 绑定 runtime_profile.id=1
08:56:00.399 [pool-7-thread-8] INFO com.graduation.analytics.source.SourceRegistryServiceImpl -- 源激活 sourceCode=p1-03-probe-2 id=2 绑定 runtime_profile.id=1
08:56:00.400 [pool-7-thread-5] INFO com.graduation.analytics.source.SourceRegistryServiceImpl -- 源激活 sourceCode=p1-03-probe-1 id=1 绑定 runtime_profile.id=1
08:56:00.400 [pool-7-thread-4] INFO com.graduation.analytics.source.SourceRegistryServiceImpl -- 源激活 sourceCode=p1-03-probe-2 id=2 绑定 runtime_profile.id=1
08:56:00.400 [pool-7-thread-3] INFO com.graduation.analytics.source.SourceRegistryServiceImpl -- 源激活 sourceCode=p1-03-probe-1 id=1 绑定 runtime_profile.id=1
08:56:00.402 [pool-8-thread-8] INFO com.graduation.analytics.source.SourceRegistryServiceImpl -- 源激活 sourceCode=p1-03-probe-2 id=2 绑定 runtime_profile.id=1
08:56:00.402 [pool-8-thread-5] INFO com.graduation.analytics.source.SourceRegistryServiceImpl -- 源激活 sourceCode=p1-03-probe-1 id=1 绑定 runtime_profile.id=1
08:56:00.403 [pool-8-thread-6] INFO com.graduation.analytics.source.SourceRegistryServiceImpl -- 源激活 sourceCode=p1-03-probe-2 id=2 绑定 runtime_profile.id=1
08:56:00.404 [pool-8-thread-3] INFO com.graduation.analytics.source.SourceRegistryServiceImpl -- 源激活 sourceCode=p1-03-probe-1 id=1 绑定 runtime_profile.id=1
08:56:00.404 [pool-8-thread-2] INFO com.graduation.analytics.source.SourceRegistryServiceImpl -- 源激活 sourceCode=p1-03-probe-2 id=2 绑定 runtime_profile.id=1
08:56:00.405 [pool-8-thread-1] INFO com.graduation.analytics.source.SourceRegistryServiceImpl -- 源激活 sourceCode=p1-03-probe-1 id=1 绑定 runtime_profile.id=1
08:56:00.406 [pool-9-thread-8] INFO com.graduation.analytics.source.SourceRegistryServiceImpl -- 源激活 sourceCode=p1-03-probe-2 id=2 绑定 runtime_profile.id=1
08:56:00.407 [pool-9-thread-1] INFO com.graduation.analytics.source.SourceRegistryServiceImpl -- 源激活 sourceCode=p1-03-probe-1 id=1 绑定 runtime_profile.id=1
08:56:00.408 [pool-9-thread-6] INFO com.graduation.analytics.source.SourceRegistryServiceImpl -- 源激活 sourceCode=p1-03-probe-2 id=2 绑定 runtime_profile.id=1
08:56:00.408 [pool-9-thread-3] INFO com.graduation.analytics.source.SourceRegistryServiceImpl -- 源激活 sourceCode=p1-03-probe-1 id=1 绑定 runtime_profile.id=1
08:56:00.409 [pool-9-thread-2] INFO com.graduation.analytics.source.SourceRegistryServiceImpl -- 源激活 sourceCode=p1-03-probe-2 id=2 绑定 runtime_profile.id=1
08:56:00.411 [pool-10-thread-5] INFO com.graduation.analytics.source.SourceRegistryServiceImpl -- 源激活 sourceCode=p1-03-probe-1 id=1 绑定 runtime_profile.id=1
08:56:00.411 [pool-10-thread-8] INFO com.graduation.analytics.source.SourceRegistryServiceImpl -- 源激活 sourceCode=p1-03-probe-2 id=2 绑定 runtime_profile.id=1
08:56:00.412 [pool-10-thread-3] INFO com.graduation.analytics.source.SourceRegistryServiceImpl -- 源激活 sourceCode=p1-03-probe-1 id=1 绑定 runtime_profile.id=1
08:56:00.413 [pool-10-thread-2] INFO com.graduation.analytics.source.SourceRegistryServiceImpl -- 源激活 sourceCode=p1-03-probe-2 id=2 绑定 runtime_profile.id=1
08:56:00.413 [pool-10-thread-1] INFO com.graduation.analytics.source.SourceRegistryServiceImpl -- 源激活 sourceCode=p1-03-probe-1 id=1 绑定 runtime_profile.id=1
08:56:00.415 [pool-11-thread-8] INFO com.graduation.analytics.source.SourceRegistryServiceImpl -- 源激活 sourceCode=p1-03-probe-2 id=2 绑定 runtime_profile.id=1
08:56:00.415 [pool-11-thread-7] INFO com.graduation.analytics.source.SourceRegistryServiceImpl -- 源激活 sourceCode=p1-03-probe-1 id=1 绑定 runtime_profile.id=1
08:56:00.417 [pool-11-thread-6] INFO com.graduation.analytics.source.SourceRegistryServiceImpl -- 源激活 sourceCode=p1-03-probe-2 id=2 绑定 runtime_profile.id=1
08:56:00.417 [pool-11-thread-1] INFO com.graduation.analytics.source.SourceRegistryServiceImpl -- 源激活 sourceCode=p1-03-probe-1 id=1 绑定 runtime_profile.id=1
08:56:00.419 [pool-12-thread-8] INFO com.graduation.analytics.source.SourceRegistryServiceImpl -- 源激活 sourceCode=p1-03-probe-2 id=2 绑定 runtime_profile.id=1
08:56:00.419 [pool-12-thread-7] INFO com.graduation.analytics.source.SourceRegistryServiceImpl -- 源激活 sourceCode=p1-03-probe-1 id=1 绑定 runtime_profile.id=1
08:56:00.420 [pool-12-thread-6] INFO com.graduation.analytics.source.SourceRegistryServiceImpl -- 源激活 sourceCode=p1-03-probe-2 id=2 绑定 runtime_profile.id=1
08:56:00.420 [pool-12-thread-5] INFO com.graduation.analytics.source.SourceRegistryServiceImpl -- 源激活 sourceCode=p1-03-probe-1 id=1 绑定 runtime_profile.id=1
08:56:00.421 [pool-12-thread-4] INFO com.graduation.analytics.source.SourceRegistryServiceImpl -- 源激活 sourceCode=p1-03-probe-2 id=2 绑定 runtime_profile.id=1
08:56:00.421 [pool-12-thread-3] INFO com.graduation.analytics.source.SourceRegistryServiceImpl -- 源激活 sourceCode=p1-03-probe-1 id=1 绑定 runtime_profile.id=1
08:56:00.422 [pool-12-thread-2] INFO com.graduation.analytics.source.SourceRegistryServiceImpl -- 源激活 sourceCode=p1-03-probe-2 id=2 绑定 runtime_profile.id=1
08:56:00.423 [pool-12-thread-1] INFO com.graduation.analytics.source.SourceRegistryServiceImpl -- 源激活 sourceCode=p1-03-probe-1 id=1 绑定 runtime_profile.id=1
08:56:00.424 [pool-13-thread-8] INFO com.graduation.analytics.source.SourceRegistryServiceImpl -- 源激活 sourceCode=p1-03-probe-2 id=2 绑定 runtime_profile.id=1
08:56:00.425 [pool-13-thread-5] INFO com.graduation.analytics.source.SourceRegistryServiceImpl -- 源激活 sourceCode=p1-03-probe-1 id=1 绑定 runtime_profile.id=1
08:56:00.426 [pool-13-thread-4] INFO com.graduation.analytics.source.SourceRegistryServiceImpl -- 源激活 sourceCode=p1-03-probe-2 id=2 绑定 runtime_profile.id=1
08:56:00.427 [pool-13-thread-1] INFO com.graduation.analytics.source.SourceRegistryServiceImpl -- 源激活 sourceCode=p1-03-probe-1 id=1 绑定 runtime_profile.id=1
08:56:00.431 [main] INFO com.graduation.analytics.source.SourceRegistryServiceImpl -- 源登记创建 sourceCode=p1-03-probe-1 id=1 status=DRAFT
08:56:00.432 [main] INFO com.graduation.analytics.source.SourceRegistryServiceImpl -- 源登记创建 sourceCode=p1-03-probe-2 id=2 status=DRAFT
08:56:00.433 [main] INFO com.graduation.analytics.source.SourceRegistryServiceImpl -- 源激活 sourceCode=p1-03-probe-1 id=1 绑定 runtime_profile.id=1
08:56:00.441 [main] INFO com.graduation.analytics.source.SourceRegistryServiceImpl -- 源登记创建 sourceCode=p1-03-probe-1 id=1 status=DRAFT
08:56:00.441 [main] INFO com.graduation.analytics.source.SourceRegistryServiceImpl -- 源登记创建 sourceCode=p1-03-probe-2 id=2 status=DRAFT
08:56:00.443 [main] INFO com.graduation.analytics.source.SourceRegistryServiceImpl -- 源激活 sourceCode=p1-03-probe-1 id=1 绑定 runtime_profile.id=1
08:56:00.445 [pool-15-thread-8] INFO com.graduation.analytics.source.SourceRegistryServiceImpl -- 源激活 sourceCode=p1-03-probe-2 id=2 绑定 runtime_profile.id=1
08:56:00.445 [pool-15-thread-7] INFO com.graduation.analytics.source.SourceRegistryServiceImpl -- 源激活 sourceCode=p1-03-probe-1 id=1 绑定 runtime_profile.id=1
08:56:00.446 [pool-15-thread-6] INFO com.graduation.analytics.source.SourceRegistryServiceImpl -- 源激活 sourceCode=p1-03-probe-2 id=2 绑定 runtime_profile.id=1
08:56:00.447 [pool-15-thread-5] INFO com.graduation.analytics.source.SourceRegistryServiceImpl -- 源激活 sourceCode=p1-03-probe-1 id=1 绑定 runtime_profile.id=1
08:56:00.448 [pool-15-thread-2] INFO com.graduation.analytics.source.SourceRegistryServiceImpl -- 源激活 sourceCode=p1-03-probe-2 id=2 绑定 runtime_profile.id=1
08:56:00.448 [pool-15-thread-1] INFO com.graduation.analytics.source.SourceRegistryServiceImpl -- 源激活 sourceCode=p1-03-probe-1 id=1 绑定 runtime_profile.id=1
08:56:00.453 [main] INFO com.graduation.analytics.source.SourceRegistryServiceImpl -- 源登记创建 sourceCode=p1-03-probe-1 id=1 status=DRAFT
08:56:00.453 [main] INFO com.graduation.analytics.source.SourceRegistryServiceImpl -- 源登记创建 sourceCode=p1-03-probe-2 id=2 status=DRAFT
08:56:00.455 [pool-16-thread-8] INFO com.graduation.analytics.source.SourceRegistryServiceImpl -- 源激活 sourceCode=p1-03-probe-2 id=2 绑定 runtime_profile.id=1
08:56:00.455 [pool-16-thread-7] INFO com.graduation.analytics.source.SourceRegistryServiceImpl -- 源暂停 sourceCode=p1-03-probe-1 id=1
08:56:00.456 [pool-16-thread-5] INFO com.graduation.analytics.source.SourceRegistryServiceImpl -- 源激活 sourceCode=p1-03-probe-1 id=1 绑定 runtime_profile.id=1
08:56:00.457 [pool-16-thread-6] INFO com.graduation.analytics.source.SourceRegistryServiceImpl -- 源激活 sourceCode=p1-03-probe-2 id=2 绑定 runtime_profile.id=1
08:56:00.457 [pool-16-thread-3] INFO com.graduation.analytics.source.SourceRegistryServiceImpl -- 源激活 sourceCode=p1-03-probe-1 id=1 绑定 runtime_profile.id=1
08:56:00.458 [pool-16-thread-2] INFO com.graduation.analytics.source.SourceRegistryServiceImpl -- 源激活 sourceCode=p1-03-probe-2 id=2 绑定 runtime_profile.id=1
08:56:00.458 [pool-16-thread-1] INFO com.graduation.analytics.source.SourceRegistryServiceImpl -- 源暂停 sourceCode=p1-03-probe-1 id=1
08:56:00.462 [pool-17-thread-3] INFO com.graduation.analytics.source.SourceRegistryServiceImpl -- 源激活 sourceCode=p1-03-probe-1 id=1 绑定 runtime_profile.id=1
08:56:00.462 [pool-17-thread-8] INFO com.graduation.analytics.source.SourceRegistryServiceImpl -- 源激活 sourceCode=p1-03-probe-2 id=2 绑定 runtime_profile.id=1
08:56:00.463 [pool-17-thread-5] INFO com.graduation.analytics.source.SourceRegistryServiceImpl -- 源激活 sourceCode=p1-03-probe-1 id=1 绑定 runtime_profile.id=1
08:56:00.464 [pool-17-thread-2] INFO com.graduation.analytics.source.SourceRegistryServiceImpl -- 源激活 sourceCode=p1-03-probe-2 id=2 绑定 runtime_profile.id=1
08:56:00.465 [pool-18-thread-7] INFO com.graduation.analytics.source.SourceRegistryServiceImpl -- 源暂停 sourceCode=p1-03-probe-1 id=1
08:56:00.467 [pool-18-thread-5] INFO com.graduation.analytics.source.SourceRegistryServiceImpl -- 源激活 sourceCode=p1-03-probe-1 id=1 绑定 runtime_profile.id=1
08:56:00.469 [pool-19-thread-8] INFO com.graduation.analytics.source.SourceRegistryServiceImpl -- 源激活 sourceCode=p1-03-probe-2 id=2 绑定 runtime_profile.id=1
08:56:00.469 [pool-19-thread-7] INFO com.graduation.analytics.source.SourceRegistryServiceImpl -- 源暂停 sourceCode=p1-03-probe-1 id=1
08:56:00.469 [pool-19-thread-5] INFO com.graduation.analytics.source.SourceRegistryServiceImpl -- 源激活 sourceCode=p1-03-probe-1 id=1 绑定 runtime_profile.id=1
08:56:00.469 [pool-19-thread-2] INFO com.graduation.analytics.source.SourceRegistryServiceImpl -- 源激活 sourceCode=p1-03-probe-2 id=2 绑定 runtime_profile.id=1
08:56:00.470 [pool-19-thread-3] INFO com.graduation.analytics.source.SourceRegistryServiceImpl -- 源激活 sourceCode=p1-03-probe-1 id=1 绑定 runtime_profile.id=1
08:56:00.470 [pool-19-thread-6] INFO com.graduation.analytics.source.SourceRegistryServiceImpl -- 源激活 sourceCode=p1-03-probe-2 id=2 绑定 runtime_profile.id=1
08:56:00.472 [pool-20-thread-7] INFO com.graduation.analytics.source.SourceRegistryServiceImpl -- 源暂停 sourceCode=p1-03-probe-1 id=1
08:56:00.472 [pool-20-thread-5] INFO com.graduation.analytics.source.SourceRegistryServiceImpl -- 源激活 sourceCode=p1-03-probe-1 id=1 绑定 runtime_profile.id=1
08:56:00.472 [pool-20-thread-4] INFO com.graduation.analytics.source.SourceRegistryServiceImpl -- 源暂停 sourceCode=p1-03-probe-2 id=2
08:56:00.473 [pool-20-thread-2] INFO com.graduation.analytics.source.SourceRegistryServiceImpl -- 源激活 sourceCode=p1-03-probe-2 id=2 绑定 runtime_profile.id=1
08:56:00.473 [pool-20-thread-1] INFO com.graduation.analytics.source.SourceRegistryServiceImpl -- 源暂停 sourceCode=p1-03-probe-1 id=1
08:56:00.476 [pool-21-thread-5] INFO com.graduation.analytics.source.SourceRegistryServiceImpl -- 源激活 sourceCode=p1-03-probe-1 id=1 绑定 runtime_profile.id=1
08:56:00.477 [pool-21-thread-4] INFO com.graduation.analytics.source.SourceRegistryServiceImpl -- 源暂停 sourceCode=p1-03-probe-2 id=2
08:56:00.478 [pool-21-thread-2] INFO com.graduation.analytics.source.SourceRegistryServiceImpl -- 源激活 sourceCode=p1-03-probe-2 id=2 绑定 runtime_profile.id=1
08:56:00.478 [pool-21-thread-1] INFO com.graduation.analytics.source.SourceRegistryServiceImpl -- 源暂停 sourceCode=p1-03-probe-1 id=1
08:56:00.480 [pool-22-thread-5] INFO com.graduation.analytics.source.SourceRegistryServiceImpl -- 源激活 sourceCode=p1-03-probe-1 id=1 绑定 runtime_profile.id=1
08:56:00.480 [pool-22-thread-4] INFO com.graduation.analytics.source.SourceRegistryServiceImpl -- 源暂停 sourceCode=p1-03-probe-2 id=2
08:56:00.481 [pool-22-thread-6] INFO com.graduation.analytics.source.SourceRegistryServiceImpl -- 源激活 sourceCode=p1-03-probe-2 id=2 绑定 runtime_profile.id=1
08:56:00.482 [pool-22-thread-1] INFO com.graduation.analytics.source.SourceRegistryServiceImpl -- 源暂停 sourceCode=p1-03-probe-1 id=1
08:56:00.484 [pool-23-thread-5] INFO com.graduation.analytics.source.SourceRegistryServiceImpl -- 源激活 sourceCode=p1-03-probe-1 id=1 绑定 runtime_profile.id=1
08:56:00.484 [pool-23-thread-4] INFO com.graduation.analytics.source.SourceRegistryServiceImpl -- 源暂停 sourceCode=p1-03-probe-2 id=2
08:56:00.485 [pool-23-thread-2] INFO com.graduation.analytics.source.SourceRegistryServiceImpl -- 源激活 sourceCode=p1-03-probe-2 id=2 绑定 runtime_profile.id=1
08:56:00.485 [pool-23-thread-1] INFO com.graduation.analytics.source.SourceRegistryServiceImpl -- 源暂停 sourceCode=p1-03-probe-1 id=1
08:56:00.489 [pool-24-thread-5] INFO com.graduation.analytics.source.SourceRegistryServiceImpl -- 源激活 sourceCode=p1-03-probe-1 id=1 绑定 runtime_profile.id=1
08:56:00.489 [pool-24-thread-8] INFO com.graduation.analytics.source.SourceRegistryServiceImpl -- 源激活 sourceCode=p1-03-probe-2 id=2 绑定 runtime_profile.id=1
08:56:00.491 [pool-25-thread-5] INFO com.graduation.analytics.source.SourceRegistryServiceImpl -- 源激活 sourceCode=p1-03-probe-1 id=1 绑定 runtime_profile.id=1
08:56:00.492 [pool-25-thread-2] INFO com.graduation.analytics.source.SourceRegistryServiceImpl -- 源激活 sourceCode=p1-03-probe-2 id=2 绑定 runtime_profile.id=1
08:56:00.492 [pool-25-thread-1] INFO com.graduation.analytics.source.SourceRegistryServiceImpl -- 源暂停 sourceCode=p1-03-probe-1 id=1
08:56:00.495 [pool-26-thread-5] INFO com.graduation.analytics.source.SourceRegistryServiceImpl -- 源激活 sourceCode=p1-03-probe-1 id=1 绑定 runtime_profile.id=1
08:56:00.495 [pool-26-thread-6] INFO com.graduation.analytics.source.SourceRegistryServiceImpl -- 源激活 sourceCode=p1-03-probe-2 id=2 绑定 runtime_profile.id=1
08:56:00.495 [pool-26-thread-1] INFO com.graduation.analytics.source.SourceRegistryServiceImpl -- 源暂停 sourceCode=p1-03-probe-1 id=1
08:56:00.496 [pool-26-thread-3] INFO com.graduation.analytics.source.SourceRegistryServiceImpl -- 源激活 sourceCode=p1-03-probe-1 id=1 绑定 runtime_profile.id=1
08:56:00.498 [pool-27-thread-8] INFO com.graduation.analytics.source.SourceRegistryServiceImpl -- 源激活 sourceCode=p1-03-probe-2 id=2 绑定 runtime_profile.id=1
08:56:00.498 [pool-27-thread-7] INFO com.graduation.analytics.source.SourceRegistryServiceImpl -- 源暂停 sourceCode=p1-03-probe-1 id=1
08:56:00.498 [pool-27-thread-5] INFO com.graduation.analytics.source.SourceRegistryServiceImpl -- 源激活 sourceCode=p1-03-probe-1 id=1 绑定 runtime_profile.id=1
08:56:00.499 [pool-27-thread-2] INFO com.graduation.analytics.source.SourceRegistryServiceImpl -- 源激活 sourceCode=p1-03-probe-2 id=2 绑定 runtime_profile.id=1
08:56:00.504 [main] INFO com.graduation.analytics.source.SourceRegistryServiceImpl -- 源登记创建 sourceCode=p1-03-probe-1 id=1 status=DRAFT
08:56:00.504 [main] INFO com.graduation.analytics.source.SourceRegistryServiceImpl -- 源登记创建 sourceCode=p1-03-probe-2 id=2 status=DRAFT
08:56:00.507 [pool-28-thread-8] INFO com.graduation.analytics.source.SourceRegistryServiceImpl -- 源激活 sourceCode=p1-03-probe-1 id=1 绑定 runtime_profile.id=1
[INFO] Tests run: 7, Failures: 0, Errors: 0, Skipped: 0, Time elapsed: 0.176 s -- in com.graduation.analytics.source.SourceRegistryConcurrencyTest
[INFO] Running com.graduation.analytics.source.SourceRegistryServiceTest
08:56:00.554 [main] INFO com.graduation.analytics.source.SourceRegistryServiceImpl -- 源激活 sourceCode=p1-03-probe-1 id=1 绑定 runtime_profile.id=1
08:56:00.624 [main] INFO com.graduation.analytics.source.SourceRegistryServiceImpl -- 源暂停 sourceCode=p1-03-probe-1 id=2
08:56:00.634 [main] INFO com.graduation.analytics.source.SourceRegistryServiceImpl -- 源登记创建 sourceCode=p1-03-probe-1 id=1 status=DRAFT
08:56:00.646 [main] INFO com.graduation.analytics.source.SourceRegistryServiceImpl -- 源激活 sourceCode=p1-03-probe-1 id=2 绑定 runtime_profile.id=1
08:56:00.668 [main] INFO com.graduation.analytics.source.SourceRegistryServiceImpl -- 源登记创建 sourceCode=p1-03-probe-1 id=1 status=PAUSED
08:56:00.671 [main] INFO com.graduation.analytics.source.SourceRegistryServiceImpl -- 源登记修改 id=1 sourceCode=mock-mall
[INFO] Tests run: 32, Failures: 0, Errors: 0, Skipped: 0, Time elapsed: 0.125 s -- in com.graduation.analytics.source.SourceRegistryServiceTest
[INFO] 
[INFO] Results:
[INFO] 
[INFO] Tests run: 134, Failures: 0, Errors: 0, Skipped: 0
[INFO] 
[INFO] 
[INFO] ------------< com.graduation.analytics:warehouse-pipeline >-------------
[INFO] Building warehouse-pipeline 0.1.0-SNAPSHOT                         [4/7]
[INFO]   from warehouse-pipeline\pom.xml
[INFO] --------------------------------[ jar ]---------------------------------
[INFO] 
[INFO] --- resources:3.3.1:resources (default-resources) @ warehouse-pipeline ---
[INFO] skip non existing resourceDirectory D:\Develop_code\GraduationProject\analytics-server\warehouse-pipeline\src\main\resources
[INFO] skip non existing resourceDirectory D:\Develop_code\GraduationProject\analytics-server\warehouse-pipeline\src\main\resources
[INFO] 
[INFO] --- compiler:3.11.0:compile (default-compile) @ warehouse-pipeline ---
[INFO] Nothing to compile - all classes are up to date
[INFO] 
[INFO] --- resources:3.3.1:testResources (default-testResources) @ warehouse-pipeline ---
[INFO] skip non existing resourceDirectory D:\Develop_code\GraduationProject\analytics-server\warehouse-pipeline\src\test\resources
[INFO] 
[INFO] --- compiler:3.11.0:testCompile (default-testCompile) @ warehouse-pipeline ---
[INFO] Nothing to compile - all classes are up to date
[INFO] 
[INFO] --- surefire:3.1.2:test (default-test) @ warehouse-pipeline ---
[WARNING] useSystemClassLoader setting has no effect when not forking
[WARNING] The parameter forkCount should likely not be 0. Forking a JVM for tests improves test accuracy. Ensure to have a <forkCount> >= 1.
[INFO] Using auto detected provider org.apache.maven.surefire.junitplatform.JUnitPlatformProvider
[INFO] Running com.graduation.analytics.contracts.EventContractTest
[INFO] Tests run: 28, Failures: 0, Errors: 0, Skipped: 0, Time elapsed: 0.156 s -- in com.graduation.analytics.contracts.EventContractTest
[INFO] Running com.graduation.analytics.pipeline.DataQualityGateTest
Java HotSpot(TM) 64-Bit Server VM warning: Sharing is only supported for boot loader classes because bootstrap classpath has been appended
[INFO] Tests run: 6, Failures: 0, Errors: 0, Skipped: 0, Time elapsed: 0.470 s -- in com.graduation.analytics.pipeline.DataQualityGateTest
[INFO] Running com.graduation.analytics.pipeline.PipelineRecoveryServiceTest
[INFO] Tests run: 3, Failures: 0, Errors: 0, Skipped: 0, Time elapsed: 0.188 s -- in com.graduation.analytics.pipeline.PipelineRecoveryServiceTest
[INFO] Running com.graduation.analytics.pipeline.PipelineServiceTest
08:56:02.046 [main] WARN com.graduation.analytics.pipeline.PipelineService -- pipeline 1 failed: ADS 暂存质量门未通过，正式分区未发布: dqc: 质量门阻断发布: ADS_STAGING_PRESENT
08:56:02.150 [main] WARN com.graduation.analytics.pipeline.PipelineService -- pipeline 1 failed: 金额对账未通过，正式分区未发布
08:56:02.159 [main] WARN com.graduation.analytics.pipeline.PipelineService -- pipeline 1 failed: accepted 无归属业务日事件
08:56:02.184 [main] WARN com.graduation.analytics.pipeline.PipelineService -- pipeline 1 failed: accepted 无归属业务日事件
08:56:02.209 [main] WARN com.graduation.analytics.pipeline.PipelineService -- pipeline 1 failed: BUILD_DWD 作业失败: bdw: 作业失败
08:56:02.219 [main] WARN com.graduation.analytics.pipeline.PipelineService -- pipeline 1 failed: accepted 无归属业务日事件
08:56:02.222 [main] INFO com.graduation.analytics.pipeline.PipelineService -- pipeline 1: stage WAIT_LANDING 已成功，重试跳过（不重复执行）
[INFO] Tests run: 12, Failures: 0, Errors: 0, Skipped: 0, Time elapsed: 0.407 s -- in com.graduation.analytics.pipeline.PipelineServiceTest
[INFO] Running com.graduation.analytics.pipeline.QualityCheckerAmountReconcileTest
08:56:02.272 [main] INFO com.graduation.analytics.pipeline.QualityChecker -- quality check: rules=4 corePassed=true
08:56:02.274 [main] INFO com.graduation.analytics.pipeline.QualityChecker -- quality check: rules=4 corePassed=false
08:56:02.275 [main] INFO com.graduation.analytics.pipeline.QualityChecker -- quality check: rules=4 corePassed=true
08:56:02.275 [main] INFO com.graduation.analytics.pipeline.QualityChecker -- quality check: rules=4 corePassed=false
08:56:02.276 [main] INFO com.graduation.analytics.pipeline.QualityChecker -- quality check: rules=4 corePassed=false
[INFO] Tests run: 4, Failures: 0, Errors: 0, Skipped: 0, Time elapsed: 0.009 s -- in com.graduation.analytics.pipeline.QualityCheckerAmountReconcileTest
[INFO] Running com.graduation.analytics.pipeline.spark.JobCommandBuilderTest
[INFO] Tests run: 9, Failures: 0, Errors: 0, Skipped: 0, Time elapsed: 0.010 s -- in com.graduation.analytics.pipeline.spark.JobCommandBuilderTest
[INFO] Running com.graduation.analytics.pipeline.spark.JobResultParserTest
[INFO] Tests run: 12, Failures: 0, Errors: 0, Skipped: 0, Time elapsed: 0.010 s -- in com.graduation.analytics.pipeline.spark.JobResultParserTest
[INFO] Running com.graduation.analytics.pipeline.spark.SparkStageExecutorSmokeTest
08:56:02.375 [main] INFO com.graduation.analytics.runtime.submit.LocalProcessSparkSubmitter -- spark-submit lp-1789174562360-2cd614 -> pid=45084 log=D:\Develop_code\GraduationProject\tests\r6-smoke-warehouse\logs\smoke-sci__lp-1789174562360-2cd614.log
08:56:14.115 [main] INFO com.graduation.analytics.runtime.submit.LocalProcessSparkSubmitter -- spark-submit lp-1789174574103-79c8f6 -> pid=58088 log=D:\Develop_code\GraduationProject\tests\r6-smoke-warehouse\logs\pipeline-1-LOAD_ODS-odl-a1__lp-1789174574103-79c8f6.log
[smoke] warehouse=D:\Develop_code\GraduationProject\tests\r6-smoke-warehouse\warehouse
[INFO] Tests run: 1, Failures: 0, Errors: 0, Skipped: 0, Time elapsed: 29.66 s -- in com.graduation.analytics.pipeline.spark.SparkStageExecutorSmokeTest
[INFO] Running com.graduation.analytics.pipeline.spark.SparkStageExecutorTest
08:56:32.001 [main] WARN com.graduation.analytics.pipeline.spark.SparkStageExecutor -- stage LOAD_ODS fail-fast: job odl 失败（外部任务被取消），不再提交剩余作业 []
08:56:32.003 [main] WARN com.graduation.analytics.pipeline.spark.SparkStageExecutor -- stage LOAD_ODS fail-fast: job odl 失败（进程退出码非0(exit=1): schema mismatch），不再提交剩余作业 []
08:56:34.011 [main] WARN com.graduation.analytics.pipeline.spark.SparkStageExecutor -- stage LOAD_ODS fail-fast: job odl 失败（未找到 JobResult 结果行），不再提交剩余作业 []
08:56:34.013 [main] WARN com.graduation.analytics.pipeline.spark.SparkStageExecutor -- stage LOAD_ODS fail-fast: job odl 失败（进程退出码非0(exit=1): ok），不再提交剩余作业 []
08:56:34.014 [main] WARN com.graduation.analytics.pipeline.spark.SparkStageExecutor -- stage BUILD_DWD fail-fast: job dim 失败（进程退出码非0(exit=1): 维度构建失败），不再提交剩余作业 [tdw]
[INFO] Tests run: 10, Failures: 0, Errors: 0, Skipped: 0, Time elapsed: 2.017 s -- in com.graduation.analytics.pipeline.spark.SparkStageExecutorTest
[INFO] Running com.graduation.analytics.runtime.submit.FakeJobSubmitterTest
[INFO] Tests run: 5, Failures: 0, Errors: 0, Skipped: 0, Time elapsed: 0.001 s -- in com.graduation.analytics.runtime.submit.FakeJobSubmitterTest
[INFO] Running com.graduation.analytics.runtime.submit.JobSubmitterFactoryTest
[INFO] Tests run: 8, Failures: 0, Errors: 0, Skipped: 0, Time elapsed: 0.004 s -- in com.graduation.analytics.runtime.submit.JobSubmitterFactoryTest
[INFO] Running com.graduation.analytics.runtime.submit.LocalProcessSparkSubmitterLogTest
08:56:34.079 [main] INFO com.graduation.analytics.runtime.submit.LocalProcessSparkSubmitter -- spark-submit lp-1789174594068-e279b3 -> pid=29112 log=C:\Users\ASUS\AppData\Local\Temp\junit14068191441088666735\prefix-1789174594068__lp-1789174594068-e279b3.log
08:56:34.206 [main] INFO com.graduation.analytics.runtime.submit.LocalProcessSparkSubmitter -- spark-submit lp-1789174594194-78aa96 -> pid=43120 log=C:\Users\ASUS\AppData\Local\Temp\junit12937389257400131084\pipeline-9-LOAD_ODS__lp-1789174594194-78aa96.log
[INFO] Tests run: 4, Failures: 0, Errors: 0, Skipped: 0, Time elapsed: 0.252 s -- in com.graduation.analytics.runtime.submit.LocalProcessSparkSubmitterLogTest
[INFO] 
[INFO] Results:
[INFO] 
[INFO] Tests run: 102, Failures: 0, Errors: 0, Skipped: 0
[INFO] 
[INFO] 
[INFO] --------------< com.graduation.analytics:metric-analysis >--------------
[INFO] Building metric-analysis 0.1.0-SNAPSHOT                            [5/7]
[INFO]   from metric-analysis\pom.xml
[INFO] --------------------------------[ jar ]---------------------------------
[INFO] 
[INFO] --- resources:3.3.1:resources (default-resources) @ metric-analysis ---
[INFO] skip non existing resourceDirectory D:\Develop_code\GraduationProject\analytics-server\metric-analysis\src\main\resources
[INFO] skip non existing resourceDirectory D:\Develop_code\GraduationProject\analytics-server\metric-analysis\src\main\resources
[INFO] 
[INFO] --- compiler:3.11.0:compile (default-compile) @ metric-analysis ---
[INFO] Nothing to compile - all classes are up to date
[INFO] 
[INFO] --- resources:3.3.1:testResources (default-testResources) @ metric-analysis ---
[INFO] skip non existing resourceDirectory D:\Develop_code\GraduationProject\analytics-server\metric-analysis\src\test\resources
[INFO] 
[INFO] --- compiler:3.11.0:testCompile (default-testCompile) @ metric-analysis ---
[INFO] Nothing to compile - all classes are up to date
[INFO] 
[INFO] --- surefire:3.1.2:test (default-test) @ metric-analysis ---
[WARNING] useSystemClassLoader setting has no effect when not forking
[WARNING] The parameter forkCount should likely not be 0. Forking a JVM for tests improves test accuracy. Ensure to have a <forkCount> >= 1.
[INFO] Using auto detected provider org.apache.maven.surefire.junitplatform.JUnitPlatformProvider
[INFO] Running com.graduation.analytics.analysis.AnalysisServiceTest
Java HotSpot(TM) 64-Bit Server VM warning: Sharing is only supported for boot loader classes because bootstrap classpath has been appended
08:56:35.091 [main] WARN com.graduation.analytics.analysis.AnalysisService -- quality gate unavailable for run 24: meta 库不可用
[INFO] Tests run: 9, Failures: 0, Errors: 0, Skipped: 0, Time elapsed: 0.581 s -- in com.graduation.analytics.analysis.AnalysisServiceTest
[INFO] Running com.graduation.analytics.analysis.AnalysisSourcePolicyTest
[INFO] Tests run: 3, Failures: 0, Errors: 0, Skipped: 0, Time elapsed: 0.011 s -- in com.graduation.analytics.analysis.AnalysisSourcePolicyTest
[INFO] Running com.graduation.analytics.analysis.AnalysisViewModelTest
[INFO] Tests run: 3, Failures: 0, Errors: 0, Skipped: 0, Time elapsed: 0.003 s -- in com.graduation.analytics.analysis.AnalysisViewModelTest
[INFO] Running com.graduation.analytics.analysis.RfmServiceTest
[INFO] Tests run: 5, Failures: 0, Errors: 0, Skipped: 0, Time elapsed: 0.009 s -- in com.graduation.analytics.analysis.RfmServiceTest
[INFO] Running com.graduation.analytics.metric.MetricAdsDaoTest
08:56:35.230 [main] INFO com.graduation.analytics.metric.MetricAdsWriter -- metric ads delete snapshot snap-r7: 共删除 16 行（8 张表）
08:56:35.240 [main] INFO com.graduation.analytics.metric.MetricAdsWriter -- metric ads insert ads_operation_overview_m (snapshot=snap-r7, dt=2026-09-04): 2 行 / 3 列
[INFO] Tests run: 9, Failures: 0, Errors: 0, Skipped: 0, Time elapsed: 0.085 s -- in com.graduation.analytics.metric.MetricAdsDaoTest
[INFO] Running com.graduation.analytics.metric.publish.MetricPublishValidatorTest
[INFO] Tests run: 9, Failures: 0, Errors: 0, Skipped: 0, Time elapsed: 0.140 s -- in com.graduation.analytics.metric.publish.MetricPublishValidatorTest
[INFO] 
[INFO] Results:
[INFO] 
[INFO] Tests run: 38, Failures: 0, Errors: 0, Skipped: 0
[INFO] 
[INFO] 
[INFO] ----------------< com.graduation.analytics:ai-decision >----------------
[INFO] Building ai-decision 0.1.0-SNAPSHOT                                [6/7]
[INFO]   from ai-decision\pom.xml
[INFO] --------------------------------[ jar ]---------------------------------
[INFO] 
[INFO] --- resources:3.3.1:resources (default-resources) @ ai-decision ---
[INFO] skip non existing resourceDirectory D:\Develop_code\GraduationProject\analytics-server\ai-decision\src\main\resources
[INFO] skip non existing resourceDirectory D:\Develop_code\GraduationProject\analytics-server\ai-decision\src\main\resources
[INFO] 
[INFO] --- compiler:3.11.0:compile (default-compile) @ ai-decision ---
[INFO] Nothing to compile - all classes are up to date
[INFO] 
[INFO] --- resources:3.3.1:testResources (default-testResources) @ ai-decision ---
[INFO] skip non existing resourceDirectory D:\Develop_code\GraduationProject\analytics-server\ai-decision\src\test\resources
[INFO] 
[INFO] --- compiler:3.11.0:testCompile (default-testCompile) @ ai-decision ---
[INFO] Nothing to compile - all classes are up to date
[INFO] 
[INFO] --- surefire:3.1.2:test (default-test) @ ai-decision ---
[WARNING] useSystemClassLoader setting has no effect when not forking
[WARNING] The parameter forkCount should likely not be 0. Forking a JVM for tests improves test accuracy. Ensure to have a <forkCount> >= 1.
[INFO] Using auto detected provider org.apache.maven.surefire.junitplatform.JUnitPlatformProvider
[INFO] Running com.graduation.analytics.ai.AiSqlDriftTest
[INFO] Tests run: 6, Failures: 0, Errors: 0, Skipped: 0, Time elapsed: 0.031 s -- in com.graduation.analytics.ai.AiSqlDriftTest
[INFO] Running com.graduation.analytics.ai.AiSqlSecurityTest
Java HotSpot(TM) 64-Bit Server VM warning: Sharing is only supported for boot loader classes because bootstrap classpath has been appended
[INFO] Tests run: 33, Failures: 0, Errors: 0, Skipped: 0, Time elapsed: 0.660 s -- in com.graduation.analytics.ai.AiSqlSecurityTest
[INFO] Running com.graduation.analytics.ai.evidence.EvidenceBuilderTest
08:56:36.440 [main] WARN com.graduation.analytics.ai.evidence.EvidenceBuilder -- 证据包商品维度读取失败（降级为空维度）: metricReadDataSource 未配置
[INFO] Tests run: 7, Failures: 0, Errors: 0, Skipped: 0, Time elapsed: 0.123 s -- in com.graduation.analytics.ai.evidence.EvidenceBuilderTest
[INFO] Running com.graduation.analytics.ai.ExplanationEvidenceTest
08:56:36.554 [main] WARN com.graduation.analytics.ai.ExplanationService -- evidence explanation rewrite failed, fallback to template: timeout
[INFO] Tests run: 5, Failures: 0, Errors: 0, Skipped: 0, Time elapsed: 0.099 s -- in com.graduation.analytics.ai.ExplanationEvidenceTest
[INFO] Running com.graduation.analytics.ai.QuestionSafetyScreenTest
[INFO] Tests run: 3, Failures: 0, Errors: 0, Skipped: 0, Time elapsed: 0.004 s -- in com.graduation.analytics.ai.QuestionSafetyScreenTest
[INFO] Running com.graduation.analytics.ai.sql.ComponentWiringContractTest
[INFO] Tests run: 2, Failures: 0, Errors: 0, Skipped: 0, Time elapsed: 0.016 s -- in com.graduation.analytics.ai.sql.ComponentWiringContractTest
[INFO] Running com.graduation.analytics.ai.TextToSqlAuditTest
08:56:36.652 [main] WARN com.graduation.analytics.ai.TextToSqlService -- text-to-sql rejected at stage SCOPE_RESOLVE: [NO_ACTIVE_SNAPSHOT] metric_snapshot 中没有 status='ACTIVE'
08:56:36.810 [main] WARN com.graduation.analytics.ai.TextToSqlService -- text-to-sql rejected at stage REPAIR: [SQL_JOIN] 修复后仍未通过安全校验: 禁止 JOIN（第一阶段强制单表查询）
[INFO] Tests run: 4, Failures: 0, Errors: 0, Skipped: 0, Time elapsed: 0.220 s -- in com.graduation.analytics.ai.TextToSqlAuditTest
[INFO] Running com.graduation.analytics.decision.AuditActorTest
[INFO] Tests run: 2, Failures: 0, Errors: 0, Skipped: 0, Time elapsed: 0.002 s -- in com.graduation.analytics.decision.AuditActorTest
[INFO] Running com.graduation.analytics.decision.DecisionServiceTest
08:56:36.918 [main] INFO com.graduation.analytics.decision.DecisionService -- 决策 DC-20260901120000-abcd 批准 by=alice 基线=100.0000（快照 S20260901_24）窗口 3 天
08:56:36.921 [main] INFO com.graduation.analytics.decision.DecisionService -- 决策 DC-20260901120000-abcd 评价结果=EFFECTIVE 基线=100.0000 实际=80.0000 改善率=0.2000（窗口 2026-09-05~2026-09-07，口径 r8-window-v1）
08:56:36.926 [main] INFO com.graduation.analytics.decision.DecisionService -- 决策草稿创建 id=null no=DC-20260912085636-1e5d source=ai by=alice
08:56:36.928 [main] INFO com.graduation.analytics.decision.DecisionService -- 决策 DC-20260901120000-abcd 评价结果=EFFECTIVE 基线=100.0000 实际=120.0000 改善率=0.2000（窗口 2026-09-05~2026-09-07，口径 r8-window-v1）
08:56:36.932 [main] INFO com.graduation.analytics.decision.DecisionService -- 决策 DC-20260901120000-abcd 评价结果=INSUFFICIENT_DATA 基线=0.0000 实际=null 改善率=null（窗口 2026-09-05~2026-09-07，口径 r8-window-v1）
08:56:36.935 [main] INFO com.graduation.analytics.decision.DecisionService -- 决策 DC-20260901120000-abcd 评价结果=INSUFFICIENT_DATA 基线=100 实际=null 改善率=null（窗口 2026-09-05~2026-09-07，口径 r8-window-v1）
08:56:36.937 [main] INFO com.graduation.analytics.decision.DecisionService -- 决策 DC-20260901120000-abcd 评价结果=INSUFFICIENT_DATA 基线=100.0000 实际=null 改善率=null（窗口 2026-09-05~2026-09-07，口径 r8-window-v1）
08:56:36.938 [main] INFO com.graduation.analytics.decision.DecisionService -- 决策 DC-20260901120000-abcd 评价结果=EFFECTIVE 基线=100.0000 实际=110.0000 改善率=0.1000（窗口 2026-09-05~2026-09-07，口径 r8-window-v1）
08:56:36.942 [main] INFO com.graduation.analytics.decision.DecisionService -- 决策 DC-20260901120000-abcd 评价结果=PARTIAL 基线=100.0000 实际=102.0000 改善率=0.0200（窗口 2026-09-05~2026-09-07，口径 r8-window-v1）
08:56:36.945 [main] INFO com.graduation.analytics.decision.DecisionService -- 决策 DC-20260901120000-abcd 评价结果=INSUFFICIENT_DATA 基线=100.0000 实际=null 改善率=null（窗口 2026-09-05~2026-09-07，口径 r8-window-v1）
08:56:36.947 [main] INFO com.graduation.analytics.decision.DecisionService -- 决策 DC-20260901120000-abcd 评价结果=INEFFECTIVE 基线=100.0000 实际=90.0000 改善率=-0.1000（窗口 2026-09-05~2026-09-07，口径 r8-window-v1）
[INFO] Tests run: 22, Failures: 0, Errors: 0, Skipped: 0, Time elapsed: 0.110 s -- in com.graduation.analytics.decision.DecisionServiceTest
[INFO] Running com.graduation.analytics.decision.DecisionStateMachineTest
[INFO] Tests run: 7, Failures: 0, Errors: 0, Skipped: 0, Time elapsed: 0.002 s -- in com.graduation.analytics.decision.DecisionStateMachineTest
[INFO] 
[INFO] Results:
[INFO] 
[INFO] Tests run: 91, Failures: 0, Errors: 0, Skipped: 0
[INFO] 
[INFO] 
[INFO] ---------------< com.graduation.analytics:platform-app >----------------
[INFO] Building platform-app 0.1.0-SNAPSHOT                               [7/7]
[INFO]   from platform-app\pom.xml
[INFO] --------------------------------[ jar ]---------------------------------
[INFO] 
[INFO] --- resources:3.3.1:resources (default-resources) @ platform-app ---
[INFO] Copying 1 resource from src\main\resources to target\classes
[INFO] Copying 45 resources from src\main\resources to target\classes
[INFO] 
[INFO] --- compiler:3.11.0:compile (default-compile) @ platform-app ---
[INFO] Changes detected - recompiling the module! :source
[INFO] Compiling 20 source files with javac [debug release 17] to target\classes
[INFO] 
[INFO] --- resources:3.3.1:testResources (default-testResources) @ platform-app ---
[INFO] skip non existing resourceDirectory D:\Develop_code\GraduationProject\analytics-server\platform-app\src\test\resources
[INFO] 
[INFO] --- compiler:3.11.0:testCompile (default-testCompile) @ platform-app ---
[INFO] Changes detected - recompiling the module! :dependency
[INFO] Compiling 16 source files with javac [debug release 17] to target\test-classes
[INFO] 
[INFO] --- surefire:3.1.2:test (default-test) @ platform-app ---
[WARNING] useSystemClassLoader setting has no effect when not forking
[WARNING] The parameter forkCount should likely not be 0. Forking a JVM for tests improves test accuracy. Ensure to have a <forkCount> >= 1.
[INFO] Using auto detected provider org.apache.maven.surefire.junitplatform.JUnitPlatformProvider
[INFO] Running com.graduation.analytics.auth.UserAdminControllerAuditTest
Java HotSpot(TM) 64-Bit Server VM warning: Sharing is only supported for boot loader classes because bootstrap classpath has been appended
[INFO] Tests run: 7, Failures: 0, Errors: 0, Skipped: 0, Time elapsed: 0.585 s -- in com.graduation.analytics.auth.UserAdminControllerAuditTest
[INFO] Running com.graduation.analytics.boundary.PlatformMallBoundarySourcePolicyTest
[INFO] Tests run: 3, Failures: 0, Errors: 0, Skipped: 0, Time elapsed: 0.127 s -- in com.graduation.analytics.boundary.PlatformMallBoundarySourcePolicyTest
[INFO] Running com.graduation.analytics.controller.AiControllerIdentityTest
08:56:40.564 [main] WARN com.graduation.analytics.controller.AiController -- AI 问数未取到快照锚点（证据包=构建失败，结果行=null）：按 null 记录，不使用占位值
08:56:40.589 [main] WARN com.graduation.analytics.controller.AiController -- AI 问数未取到快照锚点（证据包=构建失败，结果行=null）：按 null 记录，不使用占位值
[INFO] Tests run: 7, Failures: 0, Errors: 0, Skipped: 0, Time elapsed: 0.286 s -- in com.graduation.analytics.controller.AiControllerIdentityTest
[INFO] Running com.graduation.analytics.controller.AiExplanationEndpointTest
08:56:40.701 [main] WARN com.graduation.analytics.controller.AiController -- 证据解释审计写入失败（operation_audit_log 是否已随 V14 建表？）: Table 'analytics_meta.operation_audit_log' doesn't exist
[INFO] Tests run: 7, Failures: 0, Errors: 0, Skipped: 0, Time elapsed: 0.105 s -- in com.graduation.analytics.controller.AiExplanationEndpointTest
[INFO] Running com.graduation.analytics.controller.AuthResponseMeasurementTest
08:56:41.007 [main] INFO org.hibernate.validator.internal.util.Version -- HV000001: Hibernate Validator 8.0.1.Final
08:56:41.253 [main] INFO org.springframework.mock.web.MockServletContext -- Initializing Spring TestDispatcherServlet ''
08:56:41.253 [main] INFO org.springframework.test.web.servlet.TestDispatcherServlet -- Initializing Servlet ''
08:56:41.255 [main] INFO org.springframework.test.web.servlet.TestDispatcherServlet -- Completed initialization in 2 ms
08:56:41.417 [main] INFO org.springframework.mock.web.MockServletContext -- Initializing Spring TestDispatcherServlet ''
08:56:41.418 [main] INFO org.springframework.test.web.servlet.TestDispatcherServlet -- Initializing Servlet ''
08:56:41.418 [main] INFO org.springframework.test.web.servlet.TestDispatcherServlet -- Completed initialization in 0 ms
08:56:41.433 [main] INFO org.springframework.mock.web.MockServletContext -- Initializing Spring TestDispatcherServlet ''
08:56:41.433 [main] INFO org.springframework.test.web.servlet.TestDispatcherServlet -- Initializing Servlet ''
08:56:41.434 [main] INFO org.springframework.test.web.servlet.TestDispatcherServlet -- Completed initialization in 0 ms
08:56:41.447 [main] INFO org.springframework.mock.web.MockServletContext -- Initializing Spring TestDispatcherServlet ''
08:56:41.448 [main] INFO org.springframework.test.web.servlet.TestDispatcherServlet -- Initializing Servlet ''
08:56:41.448 [main] INFO org.springframework.test.web.servlet.TestDispatcherServlet -- Completed initialization in 0 ms
08:56:41.474 [main] INFO org.springframework.mock.web.MockServletContext -- Initializing Spring TestDispatcherServlet ''
08:56:41.475 [main] INFO org.springframework.test.web.servlet.TestDispatcherServlet -- Initializing Servlet ''
08:56:41.475 [main] INFO org.springframework.test.web.servlet.TestDispatcherServlet -- Completed initialization in 0 ms
08:56:41.492 [main] INFO org.springframework.mock.web.MockServletContext -- Initializing Spring TestDispatcherServlet ''
08:56:41.493 [main] INFO org.springframework.test.web.servlet.TestDispatcherServlet -- Initializing Servlet ''
08:56:41.493 [main] INFO org.springframework.test.web.servlet.TestDispatcherServlet -- Completed initialization in 0 ms
[INFO] Tests run: 6, Failures: 0, Errors: 0, Skipped: 0, Time elapsed: 0.773 s -- in com.graduation.analytics.controller.AuthResponseMeasurementTest
[INFO] Running com.graduation.analytics.controller.CallerContextTest
[INFO] Tests run: 6, Failures: 0, Errors: 0, Skipped: 0, Time elapsed: 0.004 s -- in com.graduation.analytics.controller.CallerContextTest
[INFO] Running com.graduation.analytics.controller.ControllerPermissionCoverageTest
[INFO] Tests run: 5, Failures: 0, Errors: 0, Skipped: 0, Time elapsed: 0.218 s -- in com.graduation.analytics.controller.ControllerPermissionCoverageTest
[INFO] Running com.graduation.analytics.controller.DecisionControllerAuditTest
08:56:41.766 [main] ERROR com.graduation.analytics.controller.DecisionController -- 决策失败审计写入失败: action=DECISION_REJECT, id=3
java.lang.RuntimeException: audit db down
	at com.graduation.analytics.decision.OperationAuditService.failure(OperationAuditService.java:61)
	at com.graduation.analytics.controller.DecisionController.action(DecisionController.java:151)
	at com.graduation.analytics.controller.DecisionController.reject(DecisionController.java:88)
	at com.graduation.analytics.controller.DecisionControllerAuditTest.lambda$auditFailureDoesNotMaskBusinessError$2(DecisionControllerAuditTest.java:97)
	at org.junit.jupiter.api.AssertThrows.assertThrows(AssertThrows.java:53)
	at org.junit.jupiter.api.AssertThrows.assertThrows(AssertThrows.java:35)
	at org.junit.jupiter.api.Assertions.assertThrows(Assertions.java:3115)
	at com.graduation.analytics.controller.DecisionControllerAuditTest.auditFailureDoesNotMaskBusinessError(DecisionControllerAuditTest.java:96)
	at java.base/jdk.internal.reflect.NativeMethodAccessorImpl.invoke0(Native Method)
	at java.base/jdk.internal.reflect.NativeMethodAccessorImpl.invoke(NativeMethodAccessorImpl.java:77)
	at java.base/jdk.internal.reflect.DelegatingMethodAccessorImpl.invoke(DelegatingMethodAccessorImpl.java:43)
	at java.base/java.lang.reflect.Method.invoke(Method.java:568)
	at org.junit.platform.commons.util.ReflectionUtils.invokeMethod(ReflectionUtils.java:728)
	at org.junit.jupiter.engine.execution.MethodInvocation.proceed(MethodInvocation.java:60)
	at org.junit.jupiter.engine.execution.InvocationInterceptorChain$ValidatingInvocation.proceed(InvocationInterceptorChain.java:131)
	at org.junit.jupiter.engine.extension.TimeoutExtension.intercept(TimeoutExtension.java:156)
	at org.junit.jupiter.engine.extension.TimeoutExtension.interceptTestableMethod(TimeoutExtension.java:147)
	at org.junit.jupiter.engine.extension.TimeoutExtension.interceptTestMethod(TimeoutExtension.java:86)
	at org.junit.jupiter.engine.execution.InterceptingExecutableInvoker$ReflectiveInterceptorCall.lambda$ofVoidMethod$0(InterceptingExecutableInvoker.java:103)
	at org.junit.jupiter.engine.execution.InterceptingExecutableInvoker.lambda$invoke$0(InterceptingExecutableInvoker.java:93)
	at org.junit.jupiter.engine.execution.InvocationInterceptorChain$InterceptedInvocation.proceed(InvocationInterceptorChain.java:106)
	at org.junit.jupiter.engine.execution.InvocationInterceptorChain.proceed(InvocationInterceptorChain.java:64)
	at org.junit.jupiter.engine.execution.InvocationInterceptorChain.chainAndInvoke(InvocationInterceptorChain.java:45)
	at org.junit.jupiter.engine.execution.InvocationInterceptorChain.invoke(InvocationInterceptorChain.java:37)
	at org.junit.jupiter.engine.execution.InterceptingExecutableInvoker.invoke(InterceptingExecutableInvoker.java:92)
	at org.junit.jupiter.engine.execution.InterceptingExecutableInvoker.invoke(InterceptingExecutableInvoker.java:86)
	at org.junit.jupiter.engine.descriptor.TestMethodTestDescriptor.lambda$invokeTestMethod$7(TestMethodTestDescriptor.java:218)
	at org.junit.platform.engine.support.hierarchical.ThrowableCollector.execute(ThrowableCollector.java:73)
	at org.junit.jupiter.engine.descriptor.TestMethodTestDescriptor.invokeTestMethod(TestMethodTestDescriptor.java:214)
	at org.junit.jupiter.engine.descriptor.TestMethodTestDescriptor.execute(TestMethodTestDescriptor.java:139)
	at org.junit.jupiter.engine.descriptor.TestMethodTestDescriptor.execute(TestMethodTestDescriptor.java:69)
	at org.junit.platform.engine.support.hierarchical.NodeTestTask.lambda$executeRecursively$6(NodeTestTask.java:151)
	at org.junit.platform.engine.support.hierarchical.ThrowableCollector.execute(ThrowableCollector.java:73)
	at org.junit.platform.engine.support.hierarchical.NodeTestTask.lambda$executeRecursively$8(NodeTestTask.java:141)
	at org.junit.platform.engine.support.hierarchical.Node.around(Node.java:137)
	at org.junit.platform.engine.support.hierarchical.NodeTestTask.lambda$executeRecursively$9(NodeTestTask.java:139)
	at org.junit.platform.engine.support.hierarchical.ThrowableCollector.execute(ThrowableCollector.java:73)
	at org.junit.platform.engine.support.hierarchical.NodeTestTask.executeRecursively(NodeTestTask.java:138)
	at org.junit.platform.engine.support.hierarchical.NodeTestTask.execute(NodeTestTask.java:95)
	at java.base/java.util.ArrayList.forEach(ArrayList.java:1511)
	at org.junit.platform.engine.support.hierarchical.SameThreadHierarchicalTestExecutorService.invokeAll(SameThreadHierarchicalTestExecutorService.java:41)
	at org.junit.platform.engine.support.hierarchical.NodeTestTask.lambda$executeRecursively$6(NodeTestTask.java:155)
	at org.junit.platform.engine.support.hierarchical.ThrowableCollector.execute(ThrowableCollector.java:73)
	at org.junit.platform.engine.support.hierarchical.NodeTestTask.lambda$executeRecursively$8(NodeTestTask.java:141)
	at org.junit.platform.engine.support.hierarchical.Node.around(Node.java:137)
	at org.junit.platform.engine.support.hierarchical.NodeTestTask.lambda$executeRecursively$9(NodeTestTask.java:139)
	at org.junit.platform.engine.support.hierarchical.ThrowableCollector.execute(ThrowableCollector.java:73)
	at org.junit.platform.engine.support.hierarchical.NodeTestTask.executeRecursively(NodeTestTask.java:138)
	at org.junit.platform.engine.support.hierarchical.NodeTestTask.execute(NodeTestTask.java:95)
	at java.base/java.util.ArrayList.forEach(ArrayList.java:1511)
	at org.junit.platform.engine.support.hierarchical.SameThreadHierarchicalTestExecutorService.invokeAll(SameThreadHierarchicalTestExecutorService.java:41)
	at org.junit.platform.engine.support.hierarchical.NodeTestTask.lambda$executeRecursively$6(NodeTestTask.java:155)
	at org.junit.platform.engine.support.hierarchical.ThrowableCollector.execute(ThrowableCollector.java:73)
	at org.junit.platform.engine.support.hierarchical.NodeTestTask.lambda$executeRecursively$8(NodeTestTask.java:141)
	at org.junit.platform.engine.support.hierarchical.Node.around(Node.java:137)
	at org.junit.platform.engine.support.hierarchical.NodeTestTask.lambda$executeRecursively$9(NodeTestTask.java:139)
	at org.junit.platform.engine.support.hierarchical.ThrowableCollector.execute(ThrowableCollector.java:73)
	at org.junit.platform.engine.support.hierarchical.NodeTestTask.executeRecursively(NodeTestTask.java:138)
	at org.junit.platform.engine.support.hierarchical.NodeTestTask.execute(NodeTestTask.java:95)
	at org.junit.platform.engine.support.hierarchical.SameThreadHierarchicalTestExecutorService.submit(SameThreadHierarchicalTestExecutorService.java:35)
	at org.junit.platform.engine.support.hierarchical.HierarchicalTestExecutor.execute(HierarchicalTestExecutor.java:57)
	at org.junit.platform.engine.support.hierarchical.HierarchicalTestEngine.execute(HierarchicalTestEngine.java:54)
	at org.junit.platform.launcher.core.EngineExecutionOrchestrator.execute(EngineExecutionOrchestrator.java:198)
	at org.junit.platform.launcher.core.EngineExecutionOrchestrator.execute(EngineExecutionOrchestrator.java:169)
	at org.junit.platform.launcher.core.EngineExecutionOrchestrator.execute(EngineExecutionOrchestrator.java:93)
	at org.junit.platform.launcher.core.EngineExecutionOrchestrator.lambda$execute$0(EngineExecutionOrchestrator.java:58)
	at org.junit.platform.launcher.core.EngineExecutionOrchestrator.withInterceptedStreams(EngineExecutionOrchestrator.java:141)
	at org.junit.platform.launcher.core.EngineExecutionOrchestrator.execute(EngineExecutionOrchestrator.java:57)
	at org.junit.platform.launcher.core.DefaultLauncher.execute(DefaultLauncher.java:103)
	at org.junit.platform.launcher.core.DefaultLauncher.execute(DefaultLauncher.java:85)
	at org.junit.platform.launcher.core.DelegatingLauncher.execute(DelegatingLauncher.java:47)
	at org.apache.maven.surefire.junitplatform.LazyLauncher.execute(LazyLauncher.java:56)
	at org.apache.maven.surefire.junitplatform.JUnitPlatformProvider.execute(JUnitPlatformProvider.java:184)
	at org.apache.maven.surefire.junitplatform.JUnitPlatformProvider.invokeAllTests(JUnitPlatformProvider.java:148)
	at org.apache.maven.surefire.junitplatform.JUnitPlatformProvider.invoke(JUnitPlatformProvider.java:122)
	at java.base/jdk.internal.reflect.NativeMethodAccessorImpl.invoke0(Native Method)
	at java.base/jdk.internal.reflect.NativeMethodAccessorImpl.invoke(NativeMethodAccessorImpl.java:77)
	at java.base/jdk.internal.reflect.DelegatingMethodAccessorImpl.invoke(DelegatingMethodAccessorImpl.java:43)
	at java.base/java.lang.reflect.Method.invoke(Method.java:568)
	at org.apache.maven.surefire.api.util.ReflectionUtils.invokeMethodWithArray2(ReflectionUtils.java:137)
	at org.apache.maven.surefire.booter.ProviderFactory$ProviderProxy.invoke(ProviderFactory.java:148)
	at org.apache.maven.surefire.booter.ProviderFactory.invokeProvider(ProviderFactory.java:88)
	at org.apache.maven.plugin.surefire.InPluginVMSurefireStarter.runSuitesInProcess(InPluginVMSurefireStarter.java:91)
	at org.apache.maven.plugin.surefire.AbstractSurefireMojo.executeProvider(AbstractSurefireMojo.java:1177)
	at org.apache.maven.plugin.surefire.AbstractSurefireMojo.executeAfterPreconditionsChecked(AbstractSurefireMojo.java:1055)
	at org.apache.maven.plugin.surefire.AbstractSurefireMojo.execute(AbstractSurefireMojo.java:871)
	at org.apache.maven.plugin.DefaultBuildPluginManager.executeMojo(DefaultBuildPluginManager.java:126)
	at org.apache.maven.lifecycle.internal.MojoExecutor.doExecute2(MojoExecutor.java:328)
	at org.apache.maven.lifecycle.internal.MojoExecutor.doExecute(MojoExecutor.java:316)
	at org.apache.maven.lifecycle.internal.MojoExecutor.execute(MojoExecutor.java:212)
	at org.apache.maven.lifecycle.internal.MojoExecutor.execute(MojoExecutor.java:174)
	at org.apache.maven.lifecycle.internal.MojoExecutor.access$000(MojoExecutor.java:75)
	at org.apache.maven.lifecycle.internal.MojoExecutor$1.run(MojoExecutor.java:162)
	at org.apache.maven.plugin.DefaultMojosExecutionStrategy.execute(DefaultMojosExecutionStrategy.java:39)
	at org.apache.maven.lifecycle.internal.MojoExecutor.execute(MojoExecutor.java:159)
	at org.apache.maven.lifecycle.internal.LifecycleModuleBuilder.buildProject(LifecycleModuleBuilder.java:105)
	at org.apache.maven.lifecycle.internal.LifecycleModuleBuilder.buildProject(LifecycleModuleBuilder.java:73)
	at org.apache.maven.lifecycle.internal.builder.singlethreaded.SingleThreadedBuilder.build(SingleThreadedBuilder.java:53)
	at org.apache.maven.lifecycle.internal.LifecycleStarter.execute(LifecycleStarter.java:118)
	at org.apache.maven.DefaultMaven.doExecute(DefaultMaven.java:261)
	at org.apache.maven.DefaultMaven.doExecute(DefaultMaven.java:173)
	at org.apache.maven.DefaultMaven.execute(DefaultMaven.java:101)
	at org.apache.maven.cli.MavenCli.execute(MavenCli.java:919)
	at org.apache.maven.cli.MavenCli.doMain(MavenCli.java:285)
	at org.apache.maven.cli.MavenCli.main(MavenCli.java:207)
	at java.base/jdk.internal.reflect.NativeMethodAccessorImpl.invoke0(Native Method)
	at java.base/jdk.internal.reflect.NativeMethodAccessorImpl.invoke(NativeMethodAccessorImpl.java:77)
	at java.base/jdk.internal.reflect.DelegatingMethodAccessorImpl.invoke(DelegatingMethodAccessorImpl.java:43)
	at java.base/java.lang.reflect.Method.invoke(Method.java:568)
	at org.codehaus.plexus.classworlds.launcher.Launcher.launchEnhanced(Launcher.java:255)
	at org.codehaus.plexus.classworlds.launcher.Launcher.launch(Launcher.java:201)
	at org.codehaus.plexus.classworlds.launcher.Launcher.mainWithExitCode(Launcher.java:361)
	at org.codehaus.plexus.classworlds.launcher.Launcher.main(Launcher.java:314)
[INFO] Tests run: 6, Failures: 0, Errors: 0, Skipped: 0, Time elapsed: 0.011 s -- in com.graduation.analytics.controller.DecisionControllerAuditTest
[INFO] Running com.graduation.analytics.controller.DecisionControllerIdentityTest
[INFO] Tests run: 5, Failures: 0, Errors: 0, Skipped: 0, Time elapsed: 0.004 s -- in com.graduation.analytics.controller.DecisionControllerIdentityTest
[INFO] Running com.graduation.analytics.controller.SourceRegistryControllerAuditTest
08:56:41.829 [main] ERROR com.graduation.analytics.controller.SourceRegistryController -- 源登记审计写入失败（不掩盖原始异常） action=SOURCE_ACTIVATE id=3 trace=046d9bb0-02ef-4846-9eff-0d4027bf9c4b
java.lang.RuntimeException: audit db down
	at com.graduation.analytics.decision.OperationAuditService.failure(OperationAuditService.java:61)
	at com.graduation.analytics.controller.SourceRegistryController.auditFailure(SourceRegistryController.java:146)
	at com.graduation.analytics.controller.SourceRegistryController.mutate(SourceRegistryController.java:128)
	at com.graduation.analytics.controller.SourceRegistryController.activate(SourceRegistryController.java:100)
	at com.graduation.analytics.controller.SourceRegistryControllerAuditTest.lambda$auditFailureDoesNotMaskBusinessError$1(SourceRegistryControllerAuditTest.java:137)
	at org.assertj.core.api.ThrowableAssert.catchThrowable(ThrowableAssert.java:63)
	at org.assertj.core.api.AssertionsForClassTypes.catchThrowable(AssertionsForClassTypes.java:892)
	at org.assertj.core.api.Assertions.catchThrowable(Assertions.java:1366)
	at org.assertj.core.api.Assertions.assertThatThrownBy(Assertions.java:1210)
	at com.graduation.analytics.controller.SourceRegistryControllerAuditTest.auditFailureDoesNotMaskBusinessError(SourceRegistryControllerAuditTest.java:137)
	at java.base/jdk.internal.reflect.NativeMethodAccessorImpl.invoke0(Native Method)
	at java.base/jdk.internal.reflect.NativeMethodAccessorImpl.invoke(NativeMethodAccessorImpl.java:77)
	at java.base/jdk.internal.reflect.DelegatingMethodAccessorImpl.invoke(DelegatingMethodAccessorImpl.java:43)
	at java.base/java.lang.reflect.Method.invoke(Method.java:568)
	at org.junit.platform.commons.util.ReflectionUtils.invokeMethod(ReflectionUtils.java:728)
	at org.junit.jupiter.engine.execution.MethodInvocation.proceed(MethodInvocation.java:60)
	at org.junit.jupiter.engine.execution.InvocationInterceptorChain$ValidatingInvocation.proceed(InvocationInterceptorChain.java:131)
	at org.junit.jupiter.engine.extension.TimeoutExtension.intercept(TimeoutExtension.java:156)
	at org.junit.jupiter.engine.extension.TimeoutExtension.interceptTestableMethod(TimeoutExtension.java:147)
	at org.junit.jupiter.engine.extension.TimeoutExtension.interceptTestMethod(TimeoutExtension.java:86)
	at org.junit.jupiter.engine.execution.InterceptingExecutableInvoker$ReflectiveInterceptorCall.lambda$ofVoidMethod$0(InterceptingExecutableInvoker.java:103)
	at org.junit.jupiter.engine.execution.InterceptingExecutableInvoker.lambda$invoke$0(InterceptingExecutableInvoker.java:93)
	at org.junit.jupiter.engine.execution.InvocationInterceptorChain$InterceptedInvocation.proceed(InvocationInterceptorChain.java:106)
	at org.junit.jupiter.engine.execution.InvocationInterceptorChain.proceed(InvocationInterceptorChain.java:64)
	at org.junit.jupiter.engine.execution.InvocationInterceptorChain.chainAndInvoke(InvocationInterceptorChain.java:45)
	at org.junit.jupiter.engine.execution.InvocationInterceptorChain.invoke(InvocationInterceptorChain.java:37)
	at org.junit.jupiter.engine.execution.InterceptingExecutableInvoker.invoke(InterceptingExecutableInvoker.java:92)
	at org.junit.jupiter.engine.execution.InterceptingExecutableInvoker.invoke(InterceptingExecutableInvoker.java:86)
	at org.junit.jupiter.engine.descriptor.TestMethodTestDescriptor.lambda$invokeTestMethod$7(TestMethodTestDescriptor.java:218)
	at org.junit.platform.engine.support.hierarchical.ThrowableCollector.execute(ThrowableCollector.java:73)
	at org.junit.jupiter.engine.descriptor.TestMethodTestDescriptor.invokeTestMethod(TestMethodTestDescriptor.java:214)
	at org.junit.jupiter.engine.descriptor.TestMethodTestDescriptor.execute(TestMethodTestDescriptor.java:139)
	at org.junit.jupiter.engine.descriptor.TestMethodTestDescriptor.execute(TestMethodTestDescriptor.java:69)
	at org.junit.platform.engine.support.hierarchical.NodeTestTask.lambda$executeRecursively$6(NodeTestTask.java:151)
	at org.junit.platform.engine.support.hierarchical.ThrowableCollector.execute(ThrowableCollector.java:73)
	at org.junit.platform.engine.support.hierarchical.NodeTestTask.lambda$executeRecursively$8(NodeTestTask.java:141)
	at org.junit.platform.engine.support.hierarchical.Node.around(Node.java:137)
	at org.junit.platform.engine.support.hierarchical.NodeTestTask.lambda$executeRecursively$9(NodeTestTask.java:139)
	at org.junit.platform.engine.support.hierarchical.ThrowableCollector.execute(ThrowableCollector.java:73)
	at org.junit.platform.engine.support.hierarchical.NodeTestTask.executeRecursively(NodeTestTask.java:138)
	at org.junit.platform.engine.support.hierarchical.NodeTestTask.execute(NodeTestTask.java:95)
	at java.base/java.util.ArrayList.forEach(ArrayList.java:1511)
	at org.junit.platform.engine.support.hierarchical.SameThreadHierarchicalTestExecutorService.invokeAll(SameThreadHierarchicalTestExecutorService.java:41)
	at org.junit.platform.engine.support.hierarchical.NodeTestTask.lambda$executeRecursively$6(NodeTestTask.java:155)
	at org.junit.platform.engine.support.hierarchical.ThrowableCollector.execute(ThrowableCollector.java:73)
	at org.junit.platform.engine.support.hierarchical.NodeTestTask.lambda$executeRecursively$8(NodeTestTask.java:141)
	at org.junit.platform.engine.support.hierarchical.Node.around(Node.java:137)
	at org.junit.platform.engine.support.hierarchical.NodeTestTask.lambda$executeRecursively$9(NodeTestTask.java:139)
	at org.junit.platform.engine.support.hierarchical.ThrowableCollector.execute(ThrowableCollector.java:73)
	at org.junit.platform.engine.support.hierarchical.NodeTestTask.executeRecursively(NodeTestTask.java:138)
	at org.junit.platform.engine.support.hierarchical.NodeTestTask.execute(NodeTestTask.java:95)
	at java.base/java.util.ArrayList.forEach(ArrayList.java:1511)
	at org.junit.platform.engine.support.hierarchical.SameThreadHierarchicalTestExecutorService.invokeAll(SameThreadHierarchicalTestExecutorService.java:41)
	at org.junit.platform.engine.support.hierarchical.NodeTestTask.lambda$executeRecursively$6(NodeTestTask.java:155)
	at org.junit.platform.engine.support.hierarchical.ThrowableCollector.execute(ThrowableCollector.java:73)
	at org.junit.platform.engine.support.hierarchical.NodeTestTask.lambda$executeRecursively$8(NodeTestTask.java:141)
	at org.junit.platform.engine.support.hierarchical.Node.around(Node.java:137)
	at org.junit.platform.engine.support.hierarchical.NodeTestTask.lambda$executeRecursively$9(NodeTestTask.java:139)
	at org.junit.platform.engine.support.hierarchical.ThrowableCollector.execute(ThrowableCollector.java:73)
	at org.junit.platform.engine.support.hierarchical.NodeTestTask.executeRecursively(NodeTestTask.java:138)
	at org.junit.platform.engine.support.hierarchical.NodeTestTask.execute(NodeTestTask.java:95)
	at org.junit.platform.engine.support.hierarchical.SameThreadHierarchicalTestExecutorService.submit(SameThreadHierarchicalTestExecutorService.java:35)
	at org.junit.platform.engine.support.hierarchical.HierarchicalTestExecutor.execute(HierarchicalTestExecutor.java:57)
	at org.junit.platform.engine.support.hierarchical.HierarchicalTestEngine.execute(HierarchicalTestEngine.java:54)
	at org.junit.platform.launcher.core.EngineExecutionOrchestrator.execute(EngineExecutionOrchestrator.java:198)
	at org.junit.platform.launcher.core.EngineExecutionOrchestrator.execute(EngineExecutionOrchestrator.java:169)
	at org.junit.platform.launcher.core.EngineExecutionOrchestrator.execute(EngineExecutionOrchestrator.java:93)
	at org.junit.platform.launcher.core.EngineExecutionOrchestrator.lambda$execute$0(EngineExecutionOrchestrator.java:58)
	at org.junit.platform.launcher.core.EngineExecutionOrchestrator.withInterceptedStreams(EngineExecutionOrchestrator.java:141)
	at org.junit.platform.launcher.core.EngineExecutionOrchestrator.execute(EngineExecutionOrchestrator.java:57)
	at org.junit.platform.launcher.core.DefaultLauncher.execute(DefaultLauncher.java:103)
	at org.junit.platform.launcher.core.DefaultLauncher.execute(DefaultLauncher.java:85)
	at org.junit.platform.launcher.core.DelegatingLauncher.execute(DelegatingLauncher.java:47)
	at org.apache.maven.surefire.junitplatform.LazyLauncher.execute(LazyLauncher.java:56)
	at org.apache.maven.surefire.junitplatform.JUnitPlatformProvider.execute(JUnitPlatformProvider.java:184)
	at org.apache.maven.surefire.junitplatform.JUnitPlatformProvider.invokeAllTests(JUnitPlatformProvider.java:148)
	at org.apache.maven.surefire.junitplatform.JUnitPlatformProvider.invoke(JUnitPlatformProvider.java:122)
	at java.base/jdk.internal.reflect.NativeMethodAccessorImpl.invoke0(Native Method)
	at java.base/jdk.internal.reflect.NativeMethodAccessorImpl.invoke(NativeMethodAccessorImpl.java:77)
	at java.base/jdk.internal.reflect.DelegatingMethodAccessorImpl.invoke(DelegatingMethodAccessorImpl.java:43)
	at java.base/java.lang.reflect.Method.invoke(Method.java:568)
	at org.apache.maven.surefire.api.util.ReflectionUtils.invokeMethodWithArray2(ReflectionUtils.java:137)
	at org.apache.maven.surefire.booter.ProviderFactory$ProviderProxy.invoke(ProviderFactory.java:148)
	at org.apache.maven.surefire.booter.ProviderFactory.invokeProvider(ProviderFactory.java:88)
	at org.apache.maven.plugin.surefire.InPluginVMSurefireStarter.runSuitesInProcess(InPluginVMSurefireStarter.java:91)
	at org.apache.maven.plugin.surefire.AbstractSurefireMojo.executeProvider(AbstractSurefireMojo.java:1177)
	at org.apache.maven.plugin.surefire.AbstractSurefireMojo.executeAfterPreconditionsChecked(AbstractSurefireMojo.java:1055)
	at org.apache.maven.plugin.surefire.AbstractSurefireMojo.execute(AbstractSurefireMojo.java:871)
	at org.apache.maven.plugin.DefaultBuildPluginManager.executeMojo(DefaultBuildPluginManager.java:126)
	at org.apache.maven.lifecycle.internal.MojoExecutor.doExecute2(MojoExecutor.java:328)
	at org.apache.maven.lifecycle.internal.MojoExecutor.doExecute(MojoExecutor.java:316)
	at org.apache.maven.lifecycle.internal.MojoExecutor.execute(MojoExecutor.java:212)
	at org.apache.maven.lifecycle.internal.MojoExecutor.execute(MojoExecutor.java:174)
	at org.apache.maven.lifecycle.internal.MojoExecutor.access$000(MojoExecutor.java:75)
	at org.apache.maven.lifecycle.internal.MojoExecutor$1.run(MojoExecutor.java:162)
	at org.apache.maven.plugin.DefaultMojosExecutionStrategy.execute(DefaultMojosExecutionStrategy.java:39)
	at org.apache.maven.lifecycle.internal.MojoExecutor.execute(MojoExecutor.java:159)
	at org.apache.maven.lifecycle.internal.LifecycleModuleBuilder.buildProject(LifecycleModuleBuilder.java:105)
	at org.apache.maven.lifecycle.internal.LifecycleModuleBuilder.buildProject(LifecycleModuleBuilder.java:73)
	at org.apache.maven.lifecycle.internal.builder.singlethreaded.SingleThreadedBuilder.build(SingleThreadedBuilder.java:53)
	at org.apache.maven.lifecycle.internal.LifecycleStarter.execute(LifecycleStarter.java:118)
	at org.apache.maven.DefaultMaven.doExecute(DefaultMaven.java:261)
	at org.apache.maven.DefaultMaven.doExecute(DefaultMaven.java:173)
	at org.apache.maven.DefaultMaven.execute(DefaultMaven.java:101)
	at org.apache.maven.cli.MavenCli.execute(MavenCli.java:919)
	at org.apache.maven.cli.MavenCli.doMain(MavenCli.java:285)
	at org.apache.maven.cli.MavenCli.main(MavenCli.java:207)
	at java.base/jdk.internal.reflect.NativeMethodAccessorImpl.invoke0(Native Method)
	at java.base/jdk.internal.reflect.NativeMethodAccessorImpl.invoke(NativeMethodAccessorImpl.java:77)
	at java.base/jdk.internal.reflect.DelegatingMethodAccessorImpl.invoke(DelegatingMethodAccessorImpl.java:43)
	at java.base/java.lang.reflect.Method.invoke(Method.java:568)
	at org.codehaus.plexus.classworlds.launcher.Launcher.launchEnhanced(Launcher.java:255)
	at org.codehaus.plexus.classworlds.launcher.Launcher.launch(Launcher.java:201)
	at org.codehaus.plexus.classworlds.launcher.Launcher.mainWithExitCode(Launcher.java:361)
	at org.codehaus.plexus.classworlds.launcher.Launcher.main(Launcher.java:314)
[INFO] Tests run: 17, Failures: 0, Errors: 0, Skipped: 0, Time elapsed: 0.052 s -- in com.graduation.analytics.controller.SourceRegistryControllerAuditTest
[INFO] Running com.graduation.analytics.ingestion.IngestionManifestSourceSchemaTest
[INFO] Tests run: 8, Failures: 0, Errors: 0, Skipped: 0, Time elapsed: 0.023 s -- in com.graduation.analytics.ingestion.IngestionManifestSourceSchemaTest
[INFO] Running com.graduation.analytics.source.FileCheckpointSourceMigrationScriptTest
[INFO] Tests run: 7, Failures: 0, Errors: 0, Skipped: 0, Time elapsed: 0.005 s -- in com.graduation.analytics.source.FileCheckpointSourceMigrationScriptTest
[INFO] Running com.graduation.analytics.source.SourceProfileFixtureTest
[INFO] Tests run: 4, Failures: 0, Errors: 0, Skipped: 0, Time elapsed: 0.003 s -- in com.graduation.analytics.source.SourceProfileFixtureTest
[INFO] Running com.graduation.analytics.source.SourceRegistryMigrationScriptTest
[INFO] Tests run: 6, Failures: 0, Errors: 0, Skipped: 0, Time elapsed: 0.004 s -- in com.graduation.analytics.source.SourceRegistryMigrationScriptTest
[INFO] 
[INFO] Results:
[INFO] 
[INFO] Tests run: 94, Failures: 0, Errors: 0, Skipped: 0
[INFO] 
[INFO] ------------------------------------------------------------------------
[INFO] Reactor Summary for analytics-server 0.1.0-SNAPSHOT:
[INFO] 
[INFO] analytics-server ................................... SUCCESS [  0.001 s]
[INFO] platform-common .................................... SUCCESS [  0.999 s]
[INFO] connection-ingestion ............................... SUCCESS [  3.143 s]
[INFO] warehouse-pipeline ................................. SUCCESS [ 33.615 s]
[INFO] metric-analysis .................................... SUCCESS [  1.068 s]
[INFO] ai-decision ........................................ SUCCESS [  1.620 s]
[INFO] platform-app ....................................... SUCCESS [  4.871 s]
[INFO] ------------------------------------------------------------------------
[INFO] BUILD SUCCESS
[INFO] ------------------------------------------------------------------------
[INFO] Total time:  45.529 s
[INFO] Finished at: 2026-09-12T08:56:41+08:00
[INFO] ------------------------------------------------------------------------
