
  .   ____          _            __ _ _
 /\\ / ___'_ __ _ _(_)_ __  __ _ \ \ \ \
( ( )\___ | '_ | '_| | '_ \/ _` | \ \ \ \
 \\/  ___)| |_)| | | | | || (_| |  ) ) ) )
  '  |____| .__|_| |_|_| |_\__, | / / / /
 =========|_|==============|___/=/_/_/_/
 :: Spring Boot ::                (v3.2.5)

2026-09-12T09:03:01.973+08:00  INFO 46484 --- [           main] c.g.analytics.AnalyticsApplication       : Starting AnalyticsApplication using Java 17.0.12 with PID 46484 (D:\p105-e3\classes\platform-app started by ASUS in D:\p105-e3\run)
2026-09-12T09:03:01.977+08:00  INFO 46484 --- [           main] c.g.analytics.AnalyticsApplication       : No active profile set, falling back to 1 default profile: "default"
2026-09-12T09:03:03.738+08:00  INFO 46484 --- [           main] o.s.b.w.embedded.tomcat.TomcatWebServer  : Tomcat initialized with port 8093 (http)
2026-09-12T09:03:03.748+08:00  INFO 46484 --- [           main] o.a.catalina.core.AprLifecycleListener   : Loaded Apache Tomcat Native library [2.0.14] using APR version [1.7.6].
2026-09-12T09:03:03.752+08:00  INFO 46484 --- [           main] o.a.catalina.core.AprLifecycleListener   : OpenSSL successfully initialized [OpenSSL 3.5.5 27 Jan 2026]
2026-09-12T09:03:03.768+08:00  INFO 46484 --- [           main] o.apache.catalina.core.StandardService   : Starting service [Tomcat]
2026-09-12T09:03:03.769+08:00  INFO 46484 --- [           main] o.apache.catalina.core.StandardEngine    : Starting Servlet engine: [Apache Tomcat/10.1.20]
2026-09-12T09:03:03.838+08:00  INFO 46484 --- [           main] o.a.c.c.C.[Tomcat].[localhost].[/]       : Initializing Spring embedded WebApplicationContext
2026-09-12T09:03:03.839+08:00  INFO 46484 --- [           main] w.s.c.ServletWebServerApplicationContext : Root WebApplicationContext: initialization completed in 1804 ms
 _ _   |_  _ _|_. ___ _ |    _ 
| | |\/|_)(_| | |_\  |_)||_|_\ 
     /               |         
                        3.5.7 
2026-09-12T09:03:04.604+08:00  INFO 46484 --- [           main] com.zaxxer.hikari.HikariDataSource       : meta-ds - Starting...
2026-09-12T09:03:04.824+08:00  INFO 46484 --- [           main] com.zaxxer.hikari.pool.HikariPool        : meta-ds - Added connection com.mysql.cj.jdbc.ConnectionImpl@650aa077
2026-09-12T09:03:04.842+08:00  INFO 46484 --- [           main] com.zaxxer.hikari.HikariDataSource       : meta-ds - Start completed.
2026-09-12T09:03:04.901+08:00  INFO 46484 --- [           main] o.f.c.internal.license.VersionPrinter    : Flyway Community Edition 9.22.3 by Redgate
2026-09-12T09:03:04.902+08:00  INFO 46484 --- [           main] o.f.c.internal.license.VersionPrinter    : See release notes here: https://rd.gt/416ObMi
2026-09-12T09:03:04.902+08:00  INFO 46484 --- [           main] o.f.c.internal.license.VersionPrinter    : 
2026-09-12T09:03:04.924+08:00  INFO 46484 --- [           main] org.flywaydb.core.FlywayExecutor         : Database: jdbc:mysql://127.0.0.1:3306/analytics_meta_p105 (MySQL 8.0)
2026-09-12T09:03:05.043+08:00  INFO 46484 --- [           main] o.f.core.internal.command.DbValidate     : Successfully validated 16 migrations (execution time 00:00.086s)
2026-09-12T09:03:05.052+08:00  INFO 46484 --- [           main] o.f.core.internal.command.DbMigrate      : Current version of schema `analytics_meta_p105`: 17
2026-09-12T09:03:05.054+08:00  INFO 46484 --- [           main] o.f.core.internal.command.DbMigrate      : Schema `analytics_meta_p105` is up to date. No migration necessary.
2026-09-12T09:03:05.056+08:00  INFO 46484 --- [           main] c.g.a.config.MetaFlywayInitializer       : analytics_meta 迁移完成: 执行 0 个脚本，版本 null
2026-09-12T09:03:05.059+08:00  INFO 46484 --- [           main] com.zaxxer.hikari.HikariDataSource       : metric-publish-ds - Starting...
2026-09-12T09:03:05.063+08:00  INFO 46484 --- [           main] com.zaxxer.hikari.pool.HikariPool        : metric-publish-ds - Added connection com.mysql.cj.jdbc.ConnectionImpl@2365ea38
2026-09-12T09:03:05.063+08:00  INFO 46484 --- [           main] com.zaxxer.hikari.HikariDataSource       : metric-publish-ds - Start completed.
2026-09-12T09:03:05.070+08:00  INFO 46484 --- [           main] org.flywaydb.core.FlywayExecutor         : Database: jdbc:mysql://127.0.0.1:3306/analytics_metric_p105 (MySQL 8.0)
2026-09-12T09:03:05.081+08:00  INFO 46484 --- [           main] o.f.core.internal.command.DbValidate     : Successfully validated 3 migrations (execution time 00:00.006s)
2026-09-12T09:03:05.087+08:00  INFO 46484 --- [           main] o.f.core.internal.command.DbMigrate      : Current version of schema `analytics_metric_p105`: 3
2026-09-12T09:03:05.087+08:00  INFO 46484 --- [           main] o.f.core.internal.command.DbMigrate      : Schema `analytics_metric_p105` is up to date. No migration necessary.
2026-09-12T09:03:05.109+08:00  INFO 46484 --- [           main] c.g.a.config.MetricFlywayInitializer     : analytics_metric 迁移完成: 执行 0 个脚本，当前版本 3 (迁移历史 analytics_metric.flyway_schema_history)
2026-09-12T09:03:05.389+08:00  INFO 46484 --- [           main] c.g.a.r.storage.LocalLandingStorage      : LocalLandingStorage root = D:\p105-e3\run\landing
2026-09-12T09:03:05.929+08:00  INFO 46484 --- [           main] o.s.b.a.w.s.WelcomePageHandlerMapping    : Adding welcome page: class path resource [static/index.html]
2026-09-12T09:03:06.615+08:00  INFO 46484 --- [           main] o.s.b.w.embedded.tomcat.TomcatWebServer  : Tomcat started on port 8093 (http) with context path ''
2026-09-12T09:03:06.628+08:00  INFO 46484 --- [           main] c.g.analytics.AnalyticsApplication       : Started AnalyticsApplication in 5.058 seconds (process running for 5.294)
2026-09-12T09:03:06.824+08:00  INFO 46484 --- [           main] c.g.a.pipeline.PipelineRecoveryService   : R6-14 启动对账完成: pending重排=[] running判定中断=[] 孤立作业置UNKNOWN=0 errors=[]
2026-09-12T09:03:07.896+08:00  INFO 46484 --- [nio-8093-exec-1] o.a.c.c.C.[Tomcat].[localhost].[/]       : Initializing Spring DispatcherServlet 'dispatcherServlet'
2026-09-12T09:03:07.897+08:00  INFO 46484 --- [nio-8093-exec-1] o.s.web.servlet.DispatcherServlet        : Initializing Servlet 'dispatcherServlet'
2026-09-12T09:03:07.898+08:00  INFO 46484 --- [nio-8093-exec-1] o.s.web.servlet.DispatcherServlet        : Completed initialization in 1 ms
2026-09-12T09:03:08.198+08:00  INFO 46484 --- [nio-8093-exec-7] c.g.a.ingestion.LocalFileIngestor        : ingest e3-sample.jsonl: collected=5 quarantined=0 acceptedBytes=2116 offset 5089→7210 identity=1789174909933
2026-09-12T09:03:08.205+08:00  INFO 46484 --- [nio-8093-exec-7] c.g.a.ingestion.IngestionService         : ingestion run ing-20260912090308-cae7f73e: status=SUCCESS records=5 quarantine=0 errors=0 files=1 bytes=2116 noNewData=false
2026-09-12T09:03:08.365+08:00  INFO 46484 --- [nio-8093-exec-1] c.g.a.ingestion.LocalFileIngestor        : ingest e3-sample.jsonl: collected=5 quarantined=0 acceptedBytes=2116 offset 5089→7210 identity=1789174909933
2026-09-12T09:03:08.370+08:00  INFO 46484 --- [nio-8093-exec-1] c.g.a.ingestion.IngestionService         : ingestion run ing-20260912090308-febcb8c3: status=SUCCESS records=5 quarantine=0 errors=0 files=1 bytes=2116 noNewData=false
