Picked up JAVA_TOOL_OPTIONS: -Dfile.encoding=UTF-8 -XX:+UseSerialGC
[INFO] Scanning for projects...
[INFO] 
[INFO] --------------< com.graduation:synthetic-data-generator >---------------
[INFO] Building synthetic-data-generator 0.1.0-SNAPSHOT
[INFO]   from pom.xml
[INFO] --------------------------------[ jar ]---------------------------------
[INFO] 
[INFO] --- resources:3.3.1:resources (default-resources) @ synthetic-data-generator ---
[INFO] Copying 1 resource from src\main\resources to target\classes
[INFO] Copying 1 resource from src\main\resources to target\classes
[INFO] 
[INFO] --- compiler:3.11.0:compile (default-compile) @ synthetic-data-generator ---
[INFO] Nothing to compile - all classes are up to date
[INFO] 
[INFO] --- resources:3.3.1:testResources (default-testResources) @ synthetic-data-generator ---
[INFO] skip non existing resourceDirectory D:\Develop_code\GraduationProject\synthetic-data-generator\src\test\resources
[INFO] 
[INFO] --- compiler:3.11.0:testCompile (default-testCompile) @ synthetic-data-generator ---
[INFO] Changes detected - recompiling the module! :source
[INFO] Compiling 18 source files with javac [debug release 17] to target\test-classes
[INFO] 
[INFO] --- surefire:3.1.2:test (default-test) @ synthetic-data-generator ---
[INFO] Using auto detected provider org.apache.maven.surefire.junitplatform.JUnitPlatformProvider
[INFO] 
[INFO] -------------------------------------------------------
[INFO]  T E S T S
[INFO] -------------------------------------------------------
Picked up JAVA_TOOL_OPTIONS: -Dfile.encoding=UTF-8 -XX:+UseSerialGC
[INFO] Running com.graduation.generator.web.MallApiGenerationSmokeTest
21:03:06.124 [main] INFO org.springframework.test.context.support.AnnotationConfigContextLoaderUtils -- Could not detect default configuration classes for test class [com.graduation.generator.web.MallApiGenerationSmokeTest]: MallApiGenerationSmokeTest does not declare any static, non-private, non-final, nested classes annotated with @Configuration.
21:03:06.258 [main] INFO org.springframework.boot.test.context.SpringBootTestContextBootstrapper -- Found @SpringBootConfiguration com.graduation.generator.GeneratorApplication for test class com.graduation.generator.web.MallApiGenerationSmokeTest

  .   ____          _            __ _ _
 /\\ / ___'_ __ _ _(_)_ __  __ _ \ \ \ \
( ( )\___ | '_ | '_| | '_ \/ _` | \ \ \ \
 \\/  ___)| |_)| | | | | || (_| |  ) ) ) )
  '  |____| .__|_| |_|_| |_\__, | / / / /
 =========|_|==============|___/=/_/_/_/
 :: Spring Boot ::                (v3.2.5)

2026-09-11T21:03:06.741+08:00  INFO 46904 --- [synthetic-data-generator] [           main] c.g.g.web.MallApiGenerationSmokeTest     : Starting MallApiGenerationSmokeTest using Java 17.0.12 with PID 46904 (started by ASUS in D:\Develop_code\GraduationProject\synthetic-data-generator)
2026-09-11T21:03:06.742+08:00  INFO 46904 --- [synthetic-data-generator] [           main] c.g.g.web.MallApiGenerationSmokeTest     : No active profile set, falling back to 1 default profile: "default"
2026-09-11T21:03:07.965+08:00  INFO 46904 --- [synthetic-data-generator] [           main] o.s.b.w.embedded.tomcat.TomcatWebServer  : Tomcat initialized with port 0 (http)
2026-09-11T21:03:07.968+08:00  INFO 46904 --- [synthetic-data-generator] [           main] o.a.catalina.core.AprLifecycleListener   : Loaded Apache Tomcat Native library [2.0.14] using APR version [1.7.6].
2026-09-11T21:03:07.972+08:00  INFO 46904 --- [synthetic-data-generator] [           main] o.a.catalina.core.AprLifecycleListener   : OpenSSL successfully initialized [OpenSSL 3.5.5 27 Jan 2026]
2026-09-11T21:03:07.980+08:00  INFO 46904 --- [synthetic-data-generator] [           main] o.apache.catalina.core.StandardService   : Starting service [Tomcat]
2026-09-11T21:03:07.981+08:00  INFO 46904 --- [synthetic-data-generator] [           main] o.apache.catalina.core.StandardEngine    : Starting Servlet engine: [Apache Tomcat/10.1.20]
2026-09-11T21:03:08.035+08:00  INFO 46904 --- [synthetic-data-generator] [           main] o.a.c.c.C.[Tomcat].[localhost].[/]       : Initializing Spring embedded WebApplicationContext
2026-09-11T21:03:08.035+08:00  INFO 46904 --- [synthetic-data-generator] [           main] w.s.c.ServletWebServerApplicationContext : Root WebApplicationContext: initialization completed in 1278 ms
2026-09-11T21:03:08.250+08:00  INFO 46904 --- [synthetic-data-generator] [           main] com.zaxxer.hikari.HikariDataSource       : HikariPool-1 - Starting...
2026-09-11T21:03:08.656+08:00  INFO 46904 --- [synthetic-data-generator] [           main] com.zaxxer.hikari.pool.HikariPool        : HikariPool-1 - Added connection com.mysql.cj.jdbc.ConnectionImpl@53a301f3
2026-09-11T21:03:08.659+08:00  INFO 46904 --- [synthetic-data-generator] [           main] com.zaxxer.hikari.HikariDataSource       : HikariPool-1 - Start completed.
2026-09-11T21:03:08.737+08:00  INFO 46904 --- [synthetic-data-generator] [           main] o.f.c.internal.license.VersionPrinter    : Flyway Community Edition 9.22.3 by Redgate
2026-09-11T21:03:08.737+08:00  INFO 46904 --- [synthetic-data-generator] [           main] o.f.c.internal.license.VersionPrinter    : See release notes here: https://rd.gt/416ObMi
2026-09-11T21:03:08.737+08:00  INFO 46904 --- [synthetic-data-generator] [           main] o.f.c.internal.license.VersionPrinter    : 
2026-09-11T21:03:08.749+08:00  INFO 46904 --- [synthetic-data-generator] [           main] org.flywaydb.core.FlywayExecutor         : Database: jdbc:mysql://127.0.0.1:3306/generator_meta (MySQL 8.0)
2026-09-11T21:03:08.779+08:00  INFO 46904 --- [synthetic-data-generator] [           main] o.f.core.internal.command.DbValidate     : Successfully validated 1 migration (execution time 00:00.018s)
2026-09-11T21:03:08.790+08:00  INFO 46904 --- [synthetic-data-generator] [           main] o.f.core.internal.command.DbMigrate      : Current version of schema `generator_meta`: 1
2026-09-11T21:03:08.792+08:00  INFO 46904 --- [synthetic-data-generator] [           main] o.f.core.internal.command.DbMigrate      : Schema `generator_meta` is up to date. No migration necessary.
2026-09-11T21:03:09.698+08:00  INFO 46904 --- [synthetic-data-generator] [           main] o.s.b.w.embedded.tomcat.TomcatWebServer  : Tomcat started on port 5520 (http) with context path ''
2026-09-11T21:03:09.709+08:00  INFO 46904 --- [synthetic-data-generator] [           main] c.g.g.web.MallApiGenerationSmokeTest     : Started MallApiGenerationSmokeTest in 3.229 seconds (process running for 4.157)
Java HotSpot(TM) 64-Bit Server VM warning: Sharing is only supported for boot loader classes because bootstrap classpath has been appended
2026-09-11T21:03:10.422+08:00  INFO 46904 --- [synthetic-data-generator] [o-auto-1-exec-1] o.a.c.c.C.[Tomcat].[localhost].[/]       : Initializing Spring DispatcherServlet 'dispatcherServlet'
2026-09-11T21:03:10.422+08:00  INFO 46904 --- [synthetic-data-generator] [o-auto-1-exec-1] o.s.web.servlet.DispatcherServlet        : Initializing Servlet 'dispatcherServlet'
2026-09-11T21:03:10.422+08:00  INFO 46904 --- [synthetic-data-generator] [o-auto-1-exec-1] o.s.web.servlet.DispatcherServlet        : Completed initialization in 0 ms
2026-09-11T21:03:10.702+08:00  INFO 46904 --- [synthetic-data-generator] [o-auto-1-exec-4] c.g.g.service.GenerationRunService       : 生成运行已入队：runId=it-s4b-da5ca8f9-v1-20260911-210310-2f49 plan=it-s4b-da5ca8f9 v1 mode=MALL_API scenario=normal eventCount=60
2026-09-11T21:03:10.934+08:00 ERROR 46904 --- [synthetic-data-generator] [  generator-run] c.g.g.service.GenerationRunService       : 生成运行失败：runId=it-s4b-da5ca8f9-v1-20260911-210310-2f49 code=RUN_FAILED

com.graduation.generator.adapter.MallOperationException: [runForTarget] 运行中有 39 次商城操作被真实拒绝（已写入规范流 21 条）：createOrder → [createOrder] 商城拒绝：http://127.0.0.1:14898 → HTTP 400 code=INSUFFICIENT_STOCK message=库存不足: 910000000000000002。商城侧不回滚，已成功的写操作真实存在；请清理后再重跑，或调小 event_count 让订单量落在库存可承受范围内
	at com.graduation.generator.engine.MallApiGenerationEngine.runForTarget(MallApiGenerationEngine.java:126) ~[classes/:na]
	at com.graduation.generator.service.GenerationRunService.execute(GenerationRunService.java:310) ~[classes/:na]
	at com.graduation.generator.service.GenerationRunService.lambda$start$2(GenerationRunService.java:152) ~[classes/:na]
	at java.base/java.util.concurrent.Executors$RunnableAdapter.call(Executors.java:539) ~[na:na]
	at java.base/java.util.concurrent.FutureTask.run(FutureTask.java:264) ~[na:na]
	at java.base/java.util.concurrent.ThreadPoolExecutor.runWorker(ThreadPoolExecutor.java:1136) ~[na:na]
	at java.base/java.util.concurrent.ThreadPoolExecutor$Worker.run(ThreadPoolExecutor.java:635) ~[na:na]
	at java.base/java.lang.Thread.run(Thread.java:842) ~[na:na]

2026-09-11T21:03:10.966+08:00  INFO 46904 --- [synthetic-data-generator] [  generator-run] c.g.g.service.GenerationRunService       : 生成运行收口：runId=it-s4b-da5ca8f9-v1-20260911-210310-2f49 status=FAILED success=21 failed=0 artifacts=2 manifestRecords=21
2026-09-11T21:03:11.294+08:00  INFO 46904 --- [synthetic-data-generator] [o-auto-1-exec-5] c.g.g.service.GenerationRunService       : 生成运行已入队：runId=it-s4b-a90f9181-v1-20260911-210311-dcc1 plan=it-s4b-a90f9181 v1 mode=MALL_API scenario=normal eventCount=1000
2026-09-11T21:03:14.018+08:00  INFO 46904 --- [synthetic-data-generator] [  generator-run] c.g.g.service.GenerationRunService       : 生成运行收口：runId=it-s4b-a90f9181-v1-20260911-210311-dcc1 status=SUCCESS success=1000 failed=0 artifacts=2 manifestRecords=1000
[INFO] Tests run: 8, Failures: 0, Errors: 0, Skipped: 0, Time elapsed: 8.245 s -- in com.graduation.generator.web.MallApiGenerationSmokeTest
[INFO] 
[INFO] Results:
[INFO] 
[INFO] Tests run: 8, Failures: 0, Errors: 0, Skipped: 0
[INFO] 
[INFO] ------------------------------------------------------------------------
[INFO] BUILD SUCCESS
[INFO] ------------------------------------------------------------------------
[INFO] Total time:  12.065 s
[INFO] Finished at: 2026-09-11T21:03:15+08:00
[INFO] ------------------------------------------------------------------------
