[INFO] Scanning for projects...
[INFO] 
[INFO] ---------------------< com.graduation:spark-jobs >----------------------
[INFO] Building spark-jobs 0.1.0-SNAPSHOT
[INFO]   from pom.xml
[INFO] --------------------------------[ jar ]---------------------------------
[WARNING] 2 problems were encountered while building the effective model for org.apache.yetus:audience-annotations:jar:0.5.0 during dependency collection step for project (use -X to see details)
[INFO] 
[INFO] --- resources:3.4.0:resources (default-resources) @ spark-jobs ---
[WARNING] Using platform encoding (UTF-8 actually) to copy filtered resources, i.e. build is platform dependent!
[INFO] skip non existing resourceDirectory D:\Develop_code\GraduationProject\spark-jobs\src\main\resources
[INFO] 
[INFO] --- compiler:3.15.0:compile (default-compile) @ spark-jobs ---
[INFO] Nothing to compile - all classes are up to date.
[INFO] 
[INFO] --- scala:4.8.1:compile (default) @ spark-jobs ---
[WARNING]  Expected all dependencies to require Scala version: 2.12.19
[WARNING]  org.apache.spark:spark-core_2.12:3.5.1 requires scala version: 2.12.18
[WARNING] Multiple versions of scala libraries detected!
[INFO] Compiler bridge file: C:\Users\ASUS\.sbt\1.0\zinc\org.scala-sbt\org.scala-sbt-compiler-bridge_2.12-1.8.0-bin_2.12.19__61.0-1.8.0_20221110T195421.jar
[INFO] compile in 1.4 s
[INFO] 
[INFO] --- resources:3.4.0:testResources (default-testResources) @ spark-jobs ---
[WARNING] Using platform encoding (UTF-8 actually) to copy filtered resources, i.e. build is platform dependent!
[INFO] skip non existing resourceDirectory D:\Develop_code\GraduationProject\spark-jobs\src\test\resources
[INFO] 
[INFO] --- compiler:3.15.0:testCompile (default-testCompile) @ spark-jobs ---
[INFO] Nothing to compile - all classes are up to date.
[INFO] 
[INFO] --- scala:4.8.1:testCompile (default) @ spark-jobs ---
[WARNING]  Expected all dependencies to require Scala version: 2.12.19
[WARNING]  org.apache.spark:spark-core_2.12:3.5.1 requires scala version: 2.12.18
[WARNING] Multiple versions of scala libraries detected!
[WARNING] Plugin is modifying testCompileSourceRoots through add(), which will not work in Maven 4.0.0. Use MavenProject.addTestCompileSourceRoot()/removeTestCompileSourceRoot() methods instead. If using a plugin, please upgrade to the latest version or report the issue to the plugin maintainer. To disable these warnings, set -Dmaven.project.sourceRoots.warningsDisabled=true on the command line, in the .mvn/maven.config file, or in project POM properties.
[INFO] Compiler bridge file: C:\Users\ASUS\.sbt\1.0\zinc\org.scala-sbt\org.scala-sbt-compiler-bridge_2.12-1.8.0-bin_2.12.19__61.0-1.8.0_20221110T195421.jar
[INFO] compiling 1 Scala source to D:\Develop_code\GraduationProject\spark-jobs\target\test-classes ...
[INFO] done compiling
[INFO] compile in 3.4 s
[INFO] 
[INFO] --- scalatest:2.2.0:test (default-cli) @ spark-jobs ---
[INFO] ScalaTest report directory: D:\Develop_code\GraduationProject\spark-jobs\target\surefire-reports
[INFO] Forking ScalaTest via: cmd.exe /X /C "D:\Develop\JAVA17\bin\java -Dbasedir=D:\Develop_code\GraduationProject\spark-jobs -Dfile.encoding=UTF-8 --add-opens=java.base/sun.nio.ch=ALL-UNNAMED org.scalatest.tools.Runner -R "D:\Develop_code\GraduationProject\spark-jobs\target\classes D:\Develop_code\GraduationProject\spark-jobs\target\test-classes" -s com.graduation.analytics.OdsV2SqlContractSpec -o -fWDF D:\Develop_code\GraduationProject\spark-jobs\target\surefire-reports\TestSuite.txt -u D:\Develop_code\GraduationProject\spark-jobs\target\surefire-reports\."
Run starting. Expected test count is: 8
OdsV2SqlContractSpec:
OdsLoadSql
- should A9 四个模板的 SELECT 表达式与目标表列逐位对齐（数据列 + dt/hour 分区派生列）
- should A9b 常量 'landing' AS source_file 已消失，source_file 与 landing_file 同源同值
- should A10 source_system 来自平台注入值（不是行内值），行内原值只落 raw_source_system
- should A10b 注入值经 SQL 字面量渲染并做 ' 转义（值来自平台，不得拼出可注入 SQL）
- should A9c raw_event_type 为行内 event_type 原样值，payload_json/payload_hash 由原样切片产出
- should A9d INSERT 目标列与 SELECT 表达式的表名/分区子句保持改造前形态
- should A9e 四张表的业务列表达式仍从 payload 结构体取，v1 口径未变
- should A12b 既有 DWD 模板一个都不引用 v2 新增列（加法扩列不牵连下游）
Run completed in 228 milliseconds.
Total number of tests run: 8
Suites: completed 1, aborted 0
Tests: succeeded 8, failed 0, canceled 0, ignored 0, pending 0
All tests passed.
[INFO] ------------------------------------------------------------------------
[INFO] BUILD SUCCESS
[INFO] ------------------------------------------------------------------------
[INFO] Total time:  7.183 s
[INFO] Finished at: 2026-09-12T13:40:59+08:00
[INFO] ------------------------------------------------------------------------
