[INFO] Scanning for projects...
[INFO] 
[INFO] ---------------------< com.graduation:spark-jobs >----------------------
[INFO] Building spark-jobs 0.1.0-SNAPSHOT
[INFO]   from pom.xml
[INFO] --------------------------------[ jar ]---------------------------------
[WARNING] 2 problems were encountered while building the effective model for org.apache.yetus:audience-annotations:jar:0.5.0 during dependency collection step for project (use -X to see details)
[INFO] 
[INFO] --- resources:3.4.0:resources (default-resources) @ spark-jobs ---
[WARNING] Using platform encoding (UTF-8 actually) to copy filtered resources, i.e. build is platform dependent!
[INFO] skip non existing resourceDirectory D:\Develop_code\GraduationProject\spark-jobs\src\main\resources
[INFO] 
[INFO] --- compiler:3.15.0:compile (default-compile) @ spark-jobs ---
[INFO] Nothing to compile - all classes are up to date.
[INFO] 
[INFO] --- scala:4.8.1:compile (default) @ spark-jobs ---
[WARNING]  Expected all dependencies to require Scala version: 2.12.19
[WARNING]  org.apache.spark:spark-core_2.12:3.5.1 requires scala version: 2.12.18
[WARNING] Multiple versions of scala libraries detected!
[INFO] Compiler bridge file: C:\Users\ASUS\.sbt\1.0\zinc\org.scala-sbt\org.scala-sbt-compiler-bridge_2.12-1.8.0-bin_2.12.19__61.0-1.8.0_20221110T195421.jar
[INFO] compiling 2 Scala sources to D:\Develop_code\GraduationProject\spark-jobs\target\classes ...
[INFO] done compiling
[INFO] compile in 4.0 s
[INFO] 
[INFO] --- resources:3.4.0:testResources (default-testResources) @ spark-jobs ---
[WARNING] Using platform encoding (UTF-8 actually) to copy filtered resources, i.e. build is platform dependent!
[INFO] skip non existing resourceDirectory D:\Develop_code\GraduationProject\spark-jobs\src\test\resources
[INFO] 
[INFO] --- compiler:3.15.0:testCompile (default-testCompile) @ spark-jobs ---
[INFO] Recompiling the module because of changed dependency.
[INFO] 
[INFO] --- scala:4.8.1:testCompile (default) @ spark-jobs ---
[WARNING]  Expected all dependencies to require Scala version: 2.12.19
[WARNING]  org.apache.spark:spark-core_2.12:3.5.1 requires scala version: 2.12.18
[WARNING] Multiple versions of scala libraries detected!
[WARNING] Plugin is modifying testCompileSourceRoots through add(), which will not work in Maven 4.0.0. Use MavenProject.addTestCompileSourceRoot()/removeTestCompileSourceRoot() methods instead. If using a plugin, please upgrade to the latest version or report the issue to the plugin maintainer. To disable these warnings, set -Dmaven.project.sourceRoots.warningsDisabled=true on the command line, in the .mvn/maven.config file, or in project POM properties.
[INFO] Compiler bridge file: C:\Users\ASUS\.sbt\1.0\zinc\org.scala-sbt\org.scala-sbt-compiler-bridge_2.12-1.8.0-bin_2.12.19__61.0-1.8.0_20221110T195421.jar
[INFO] compile in 0.5 s
[INFO] 
[INFO] --- scalatest:2.2.0:test (default-cli) @ spark-jobs ---
[INFO] ScalaTest report directory: D:\Develop_code\GraduationProject\spark-jobs\target\surefire-reports
[INFO] Forking ScalaTest via: cmd.exe /X /C "D:\Develop\JAVA17\bin\java -Dbasedir=D:\Develop_code\GraduationProject\spark-jobs -Dfile.encoding=UTF-8 --add-opens=java.base/sun.nio.ch=ALL-UNNAMED org.scalatest.tools.Runner -R "D:\Develop_code\GraduationProject\spark-jobs\target\classes D:\Develop_code\GraduationProject\spark-jobs\target\test-classes" -o -fWDF D:\Develop_code\GraduationProject\spark-jobs\target\surefire-reports\TestSuite.txt -u D:\Develop_code\GraduationProject\spark-jobs\target\surefire-reports\."
Discovery starting.
Discovery completed in 300 milliseconds.
Run starting. Expected test count is: 100
OdsV2SqlContractSpec:
OdsLoadSql
- should A9 四个模板的 SELECT 表达式与目标表列逐位对齐（数据列 + dt/hour 分区派生列）
- should A9b 常量 'landing' AS source_file 已消失，source_file 与 landing_file 同源同值
- should A10 source_system 来自平台注入值（不是行内值），行内原值只落 raw_source_system
- should A10b 注入值经 SQL 字面量渲染并做 ' 转义（值来自平台，不得拼出可注入 SQL）
- should A9c raw_event_type 为行内 event_type 原样值，payload_json/payload_hash 由原样切片产出
- should A9d INSERT 目标列与 SELECT 表达式的表名/分区子句保持改造前形态
- should A9e 四张表的业务列表达式仍从 payload 结构体取，v1 口径未变
- should A12b 既有 DWD 模板一个都不引用 v2 新增列（加法扩列不牵连下游）
QuartileStatsRfmSpec:
QuartileStats
- should 线性插值分位点正确
- should 正向五分位打分：越大分越高
- should 反向五分位打分：间隔越小分越高（R 维度）
RfmScorer
- should 八类标签映射正确
- should 生命周期状态判定正确
WarehouseNamespaceSpec:
WarehouseNamespace
- should 常量与规格 rule 段逐字一致（含层顺序与检查顺序）
- should 规格 vectors 逐向量对账（Scala 侧）
- should 行为护栏：null/空串缺省、不 trim、未知层与非法表名直接失败
- should fromArgs 读 --hiveDatabasePrefix，缺省走 dw，非法前缀在作业内也照样失败
- should 所有 SQL 模板与 INIT_SCHEMA 随命名空间走（换前缀后不残留 dw_* 库名）
- should INIT_SCHEMA 的 37 条 DDL 全部只引用当前命名空间的库（5 建库 + 32 建表）
OrderTradeCompilerSpec:
OrderTradeCompiler
- should CREATED→PAID→COMPLETED 合并为 PAID 有效支付
- should 两件商品订单在订单明细中产生两行（商品展开）
- should 取消订单不进入支付（final_paid_flag=0）
- should 已支付后全额退款：GMV 保留支付额，净销售额为零
- should 部分退款 → REFUNDING 且 final_refunded_flag=0
- should 多次退款事件按 refund_id 去重汇总（同一 refund_id 只计一次）
- should 订单归属业务日由 order_created 决定，迟到事件重算到原分区
OdsV2EdgeCaseSpec:
JsonObjectSlicer on controlled fixtures
- should A5c 嵌套/转义行切出的原文与源行那一段逐字节相同
- should A6 坏 payload 不丢行：缺 payload / 值非对象两行照常入库且双 NULL；整行残缺的行走既有 valid 闸拒绝
- should A6b 相同 payload 的 hash 相同但两行都在（hash 仅诊断，不是去重键）
- should A7b source_system 全表等于注入值；raw_source_system 保留行内差异（row-src/other-src）
- should A8b 五行 landing_file 都指向受控夹具文件，source_file 与之相等
MetricAdsSpecTest:
MetricAdsSpec
- should 覆盖 8 张 ADS 且 Hive/MySQL 表名一一对应
- should P1-04：库名前缀可替换，表名映射不写死（换源时同一套规格复用）
- should 列清单与 Java 侧 MetricAdsCatalog 完全一致（含顺序）
- should R7-0 口径列已贯通到导出口径（full_refund_rate 必须导出）
MetricExportJob.posix
- should 把 Windows 路径规范成正斜杠（清单是 JSON，反斜杠会变非法转义）
SqlTemplateSpec:
OdsLoadSql
- should 版本过滤并派生 dt/hour 分区
- should 用户主题 ODS 覆盖 user_registered 且保留画像字段
- should 商品主题 ODS 覆盖商品与库存事件且金额转 DECIMAL
- should 交易主题 ODS 覆盖订单/支付/退款且不被 behavior 过滤掉
- should 隔离行按未知版本或缺失主键筛选
DimSql
- should 用户维度取每 user_id 最新事件生成快照并保留来源批次
- should 商品维度取每 product_id 最新建档事件并做 unknown key 兜底（库存事件不进快照）
DwdSql
- should event_id 去重且只保留合法枚举
- should 重复事件写入拒绝记录
DwsSql
- should 用户日宽表按行为类型 CASE 聚合且 buy 来自订单明细
- should 漏斗 DWS 为宽松用户口径且 order/pay 用户来自订单明细（禁硬编码 0）
- should 商品行为日 buy 来自有效支付订单而非行为枚举，且转化率不能乘状态
- should 交易日汇总按有效支付口径（order_count=支付订单数）并处理分母 0
- should 商品销售日/用户交易周期/地区销售日模板存在且口径正确
AdsSql
- should 大盘退款率分母 0 → null；热门排行限 TopN
- should DEF-08：热门商品名取维度兜底，缺失维度的商品不得产出 NULL 名（否则 BLOCKING 空关键列阻断发布）
- should R7-0 口径：PV 只计 view、退款率按「有已完成退款的订单」、另立全额退款率
- should 漏斗 ADS 展开 4 个 stage 行
- should 商品转化 buy_users 取商品销售 DWS 去重买家数而非 buy 件数
- should 用户画像 RFM 分层：五分位 + 八类标签 + 生命周期
- should DEF-10：用户画像的 NOT NULL 列不得产出 NULL（下单但当日无行为的用户会把发布 INSERT 打挂）
- should 数据质量大盘包含 4 条 QualityChecker 同名规则
FunnelHeatAnomalySpec:
FunnelComputer
- should 四阶段转化率与整体购买转化率正确
- should 分母为 0 时返回 None
ProductHeat
- should 对数权重热度：购买>加购>收藏>浏览
- should 头部贡献度计算（长尾）
AnomalyDetector
- should z-score 阈值判定
- should IQR 边界与维度贡献
Cleaners
- should 时间标准化与校验谓词
JobArgsRegistrySpec:
JobArgs.parse
- should 解析标准参数并校验必填
- should 拒绝缺参与非法日期
JobRegistry
- should 注册全部 11 作业且依赖顺序正确
OdsV2ByteFidelitySpec:
JsonObjectSlicer
- should A5 payload 缺失/畸形一律 Left，正常行 Right 且为原始子串
- should A5b 无空白/多空白/转义 三种形态都原样返回（不补空格、不还原转义）
- should A4b golden 第 1 行 payload 的 SHA-256 与独立 oracle 逐字节一致（122 字节）
- should A4 逐行比对：源行 payload 原文 == 表内 payload_json，SHA-256 == 表内 payload_hash
- should A6 landing 原样列不参与去重键：同一 payload_hash 的两行都保留（hash 仅诊断）
- should A7 source_system 取平台注入值（不是行内值），raw_source_system 保行内原样
- should A8 landing_file/source_file 取真实落地文件路径（非常量 'landing'）
- should A12c 端到端真跑：golden 55 行读入，四主题表合计 52 行（3 行 rejected）
- should A12d metastore 读回的表结构含 12 列公共列，顺序与唯一所有者一致
OdsV2SchemaOwnerSpec:
- should A3c v1 数据列的列序/顺序在所有者中与改造前快照逐位一致（一个字面量都不许漂）
- should A1 v2 新增列全部追加在 v1 列之后（既有列的序号一格不动）
- should A1b 12 公共列在四张表里都在，且共享段（信封 7 列）逐位一致
- should A2 event_time 保持 STRING（类型收敛不在本任务范围）
- should A3 四张表两两不同（业务列各表自有，不是把同一份 payload_* 抄四遍）
- should A3b 信封共享列名不含 payload_ 前缀，业务列名必须含 payload_ 前缀（分层不混）
- should A11 warehouse/ddl/00-ods.sql 的四张表列名/类型/顺序与唯一所有者逐列一致
- should A11b 静态 DDL 中 v1 全部列与改造前快照逐位一致（只允许在尾部追加）
- should A11c 静态 DDL 的最终列集与唯一所有者逐列一致，分区列在 PARTITIONED BY 中
- should A12 LocalSchemaInitJob 的 ODS 建表列由唯一所有者派生，逐列一致且语句总数不变
IdCodecSpec:
IdCodec
- should 剥掉契约 id 的字母前缀（U/P/O/C/B）并转数字
- should 纯数字 id 原样通过（兼容旧夹具与商城自增主键）
- should 无法数字化的取值返回 None 而不是 0（不静默兜底）
- should 生成与规则一致的 SQL 表达式（全匹配形状，不匹配 → NULL）
所有 id 承接点
- should 经 IdCodec 归一化，不再直接 CAST 契约 id
- should 行为/维度/交易三条 id 链的归一化次数与列对应正确
- should ODS 载入层保留字符串原文（不在 ODS 提前转型）
JsonObjectSlicerSpec:
JsonObjectSlicer
- should A5 正常行切出原始子串；缺失/嵌套/重复键/未配平/非对象 一律 Left
- should A5b 无空白/多空白/转义 三种形态都原样返回（不补空格、不还原转义）
- should A5c 大括号/转义在深层嵌套下仍能正确找到顶层键（键名出现在嵌套对象里不算顶层）
- should A5d 缺冒号/缺值/未终止字符串 一律 Left（不抛异常）
- should A4b 黄金夹具第 1 行 payload 的 SHA-256 与独立 oracle 逐字节一致（122 字节）
- should A4c 黄金夹具逐行：切片结果必须是源行的原始子串（不是重序列化产物）
Run completed in 22 seconds, 258 milliseconds.
Total number of tests run: 100
Suites: completed 14, aborted 0
Tests: succeeded 100, failed 0, canceled 0, ignored 0, pending 0
All tests passed.
[INFO] ------------------------------------------------------------------------
[INFO] BUILD SUCCESS
[INFO] ------------------------------------------------------------------------
[INFO] Total time:  28.598 s
[INFO] Finished at: 2026-09-12T14:06:20+08:00
[INFO] ------------------------------------------------------------------------
