Missing Python executable 'python3', defaulting to 'D:\Develop\spark-3.5.1-bin-hadoop3\bin\..' for SPARK_HOME environment variable. Please install Python or specify the correct Python executable in PYSPARK_DRIVER_PYTHON or PYSPARK_PYTHON environment variable to detect SPARK_HOME safely.
Setting default log level to "WARN".
To adjust logging level use sc.setLogLevel(newLevel). For SparkR, use setLogLevel(newLevel).
26/09/12 14:02:28 WARN HiveConf: HiveConf of name hive.stats.jdbc.timeout does not exist
26/09/12 14:02:28 WARN HiveConf: HiveConf of name hive.stats.retries.wait does not exist
26/09/12 14:02:29 WARN ObjectStore: Version information not found in metastore. hive.metastore.schema.verification is not enabled so recording the schema version 2.3.0
26/09/12 14:02:29 WARN ObjectStore: setMetaStoreSchemaVersion called but recording version is disabled: version = 2.3.0, comment = Set by MetaStore UNKNOWN@172.16.208.83
Spark Web UI available at http://host.docker.internal:4040
Spark master: local[2], Application Id: local-1789192947854
Response code
Time taken: 0.936 seconds
26/09/12 14:02:31 WARN ObjectStore: Failed to get database global_temp, returning NoSuchObjectException
chk	value
A1_total_accepted	52
A4_newcol_nulls	0
A5_raw_event_type_mismatch	0
A6_landing_file	file:/D:/Develop_code/GraduationProject/tests/golden-dataset/events/golden-20260901.jsonl
A7_source_file_ne_landing_file	0
B0_join_rows	4
B1_payload_ne_source_slice	0
B2_hash_ne_sha2_payload	0
B3_hash_ne_sha2_source_slice	0
B4_avg_payload_len	124
B4_min_payload_len	122
B4_max_payload_len	126
C1_v1_envelope_mismatch	0
C2_v1_payload_mismatch	4
C3_ingest_batch_id	2026091201
D1_probe_source_system	probe-inj-2026
D2_probe_raw_source_system	mock-mall
D3_main_source_pair	mock-mall#mock-mall
F1_rows_user	4
F1_rows_product	14
F1_rows_behavior	16
F1_rows_trade	18
F1_rows_probe_user	4
B5_payload_braced	4
Time taken: 8.924 seconds, Fetched 25 row(s)
F2_probe_rejected_gate	0
marker
SHOW_DATABASES_BEGIN
Time taken: 0.031 seconds, Fetched 1 row(s)
namespace
default
p201v2_ads
p201v2_dim
p201v2_dwd
p201v2_dws
p201v2_ods
Time taken: 0.181 seconds, Fetched 11 row(s)
p201v2b_ads
p201v2b_dim
p201v2b_dwd
p201v2b_dws
p201v2b_ods
marker
SHOW_DATABASES_END
Time taken: 0.022 seconds, Fetched 1 row(s)
marker
Time taken: 0.02 seconds, Fetched 1 row(s)
SHOW_TABLES_BEGIN
namespace	tableName	isTemporary
ods_behavior_event
ods_product_event
ods_trade_event
ods_user_event
raw_text
Time taken: 0.816 seconds, Fetched 5 row(s)
marker
SHOW_TABLES_END
Time taken: 0.027 seconds, Fetched 1 row(s)
marker
Time taken: 0.024 seconds, Fetched 1 row(s)
DESCRIBE_RESULT_BEGIN
col_name	data_type	comment
event_id            	string              	                    
event_type          	string              	                    
event_time          	string              	                    
ingest_time         	string              	                    
source_system       	string              	                    
schema_version      	string              	                    
trace_id            	string              	                    
payload_user_id     	string              	                    
payload_age_group   	string              	                    
payload_city_level  	string              	                    
payload_member_level	string              	                    
payload_register_time	string              	                    
source_file         	string              	                    
ingest_batch_id     	bigint              	                    
raw_event_type      	string              	                    
raw_source_system   	string              	                    
landing_file        	string              	                    
payload_json        	string              	                    
payload_hash        	string              	                    
dt                  	string              	                    
hour                	string              	                    
# Partition Information	                    	                    
# col_name          	data_type           	comment             
dt                  	string              	                    
hour                	string              	                    
Time taken: 0.091 seconds, Fetched 25 row(s)
marker
DESCRIBE_RESULT_END
Time taken: 0.022 seconds, Fetched 1 row(s)
marker
SHOW_CREATE_BEGIN
Time taken: 0.022 seconds, Fetched 1 row(s)
createtab_stmt
CREATE TABLE spark_catalog.p201v2_ods.ods_user_event (
  event_id STRING,
  event_type STRING,
  event_time STRING,
  ingest_time STRING,
  source_system STRING,
  schema_version STRING,
  trace_id STRING,
  payload_user_id STRING,
  payload_age_group STRING,
  payload_city_level STRING,
  payload_member_level STRING,
  payload_register_time STRING,
  source_file STRING,
  ingest_batch_id BIGINT,
  raw_event_type STRING,
  raw_source_system STRING,
  landing_file STRING,
  payload_json STRING,
  payload_hash STRING,
  dt STRING,
  hour STRING)
USING parquet
PARTITIONED BY (dt, hour)
COMMENT '用户事件原始层'

Time taken: 0.056 seconds, Fetched 1 row(s)
marker
SHOW_CREATE_END
Time taken: 0.015 seconds, Fetched 1 row(s)
marker
SHOW_PARTITIONS_BEGIN
Time taken: 0.025 seconds, Fetched 1 row(s)
partition
dt=20260901/hour=09
dt=20260901/hour=12
Time taken: 0.122 seconds, Fetched 2 row(s)
marker
Time taken: 0.021 seconds, Fetched 1 row(s)
SHOW_PARTITIONS_END
marker
Time taken: 0.019 seconds, Fetched 1 row(s)
SAMPLE_5NEWCOLUMNS
event_id	raw_event_type	raw_source_system	landing_file	payload_hash	payload_len
golden-evt-001	user_registered	mock-mall	file:/D:/Develop_code/GraduationProject/tests/golden-dataset/events/golden-20260901.jsonl	385dee5b723e23f0778d6726140ced55b5e9f5aa45f79d42869b1f753e260445	122
golden-evt-002	user_registered	mock-mall	file:/D:/Develop_code/GraduationProject/tests/golden-dataset/events/golden-20260901.jsonl	41c48fffbace2681439065bbf6073fc8483991e15d778374b8345879bc0b9b07	124
golden-evt-003	user_registered	mock-mall	file:/D:/Develop_code/GraduationProject/tests/golden-dataset/events/golden-20260901.jsonl	796e3bba06ab643dbb4e06f0d73955574b7f6f33d78af95dd6cbd2d049fd2b4c	124
golden-evt-031	user_registered	mock-mall	file:/D:/Develop_code/GraduationProject/tests/golden-dataset/events/golden-20260901.jsonl	361a253004e011c2779f3bdccfe6d53c144b8848c0c139f14d2df44607a7d144	126
Time taken: 0.282 seconds, Fetched 4 row(s)
marker
SAMPLE_PAYLOAD_JSON
Time taken: 0.025 seconds, Fetched 1 row(s)
event_id	payload_json
golden-evt-001	{"user_id":"1","age_group":"25-34","city_level":"tier1","member_level":"gold","register_time":"2026-09-01T09:00:00+08:00"}
golden-evt-002	{"user_id":"2","age_group":"35-44","city_level":"tier2","member_level":"silver","register_time":"2026-09-01T09:00:00+08:00"}
Time taken: 0.133 seconds, Fetched 2 row(s)

