=== M1-4 U1/U3 真机正向运行 · 日志起始 2026-09-12 10:06:20.317 ===

--- §0 预注册预测（本段在发起运行之前写出；预测错也要照原样留着）---
  P1 终态 = SUCCESS
  P2 failed_count = 0，success_count = 640
  P3 createOrder 尝试次数 ≈ 274（= 640 × 171/400，run 147 实测比例 0.4275），区间 200–340
  P4 事件类型计数：user_registered = 53（usersFor(640)=floor(640/12)）、product_created = 32（productsFor(640)=32）、order_created ≈ 274
  P5 至少 1 条 refund_completed 真实写入商城（U3 判据）；预期 2–4 条
  P6 商城侧增量：mall_order ≈ +274、mall_user ≈ +53、refund(COMPLETED) ≥ +1
  P7 无任何 INSUFFICIENT_STOCK（池内 32 件全部 available_qty=500/1000，单件最坏消耗按 run 147 分布外推 ≤ 130）
  P8 落地区：商城 outbox 会新增当前小时文件（若商城定时发布器在跑）

--- §1 发起运行（POST /api/v1/generation-runs，body 只含 plan_id + version）---
  请求体 = {"plan_id":"m1-4-u1u3-live-20260912","version":1}
  发起时刻 = 2026-09-12 10:06:20.327
  响应 = null
  run_id = 

--- §2 轮询终态（GET /api/v1/generation-runs/{runId}）---
  [ 1] 查询异常：响应状态代码未指示成功: 404 ()。
  [ 2] 查询异常：响应状态代码未指示成功: 404 ()。
  [ 3] 查询异常：响应状态代码未指示成功: 404 ()。
  [ 4] 查询异常：响应状态代码未指示成功: 404 ()。
  [ 5] 查询异常：响应状态代码未指示成功: 404 ()。
  [ 6] 查询异常：响应状态代码未指示成功: 404 ()。
  [ 7] 查询异常：响应状态代码未指示成功: 404 ()。
  [ 8] 查询异常：响应状态代码未指示成功: 404 ()。
  [ 9] 查询异常：响应状态代码未指示成功: 404 ()。
  [10] 查询异常：响应状态代码未指示成功: 404 ()。
  [11] 查询异常：响应状态代码未指示成功: 404 ()。
  [12] 查询异常：响应状态代码未指示成功: 404 ()。
  [13] 查询异常：响应状态代码未指示成功: 404 ()。
  [14] 查询异常：响应状态代码未指示成功: 404 ()。
  [15] 查询异常：响应状态代码未指示成功: 404 ()。
  [16] 查询异常：响应状态代码未指示成功: 404 ()。
  [17] 查询异常：响应状态代码未指示成功: 404 ()。
  [18] 查询异常：响应状态代码未指示成功: 404 ()。
  [19] 查询异常：响应状态代码未指示成功: 404 ()。
  [20] 查询异常：响应状态代码未指示成功: 404 ()。
  [21] 查询异常：响应状态代码未指示成功: 404 ()。
  [22] 查询异常：响应状态代码未指示成功: 404 ()。
  [23] 查询异常：响应状态代码未指示成功: 404 ()。
  [24] 查询异常：响应状态代码未指示成功: 404 ()。
  [25] 查询异常：响应状态代码未指示成功: 404 ()。
  [26] 查询异常：响应状态代码未指示成功: 404 ()。
  [27] 查询异常：响应状态代码未指示成功: 404 ()。
  [28] 查询异常：响应状态代码未指示成功: 404 ()。
  [29] 查询异常：响应状态代码未指示成功: 404 ()。
  [30] 查询异常：响应状态代码未指示成功: 404 ()。
  [31] 查询异常：响应状态代码未指示成功: 404 ()。
  [32] 查询异常：响应状态代码未指示成功: 404 ()。
  [33] 查询异常：响应状态代码未指示成功: 404 ()。
  [34] 查询异常：响应状态代码未指示成功: 404 ()。
  [35] 查询异常：响应状态代码未指示成功: 404 ()。
  [36] 查询异常：响应状态代码未指示成功: 404 ()。
  [37] 查询异常：响应状态代码未指示成功: 404 ()。
  [38] 查询异常：响应状态代码未指示成功: 404 ()。
  [39] 查询异常：响应状态代码未指示成功: 404 ()。
  [40] 查询异常：响应状态代码未指示成功: 404 ()。
  [41] 查询异常：响应状态代码未指示成功: 404 ()。
  [42] 查询异常：响应状态代码未指示成功: 404 ()。
  [43] 查询异常：响应状态代码未指示成功: 404 ()。
  [44] 查询异常：响应状态代码未指示成功: 404 ()。
  [45] 查询异常：响应状态代码未指示成功: 404 ()。
  [46] 查询异常：响应状态代码未指示成功: 404 ()。
  [47] 查询异常：响应状态代码未指示成功: 404 ()。
  [48] 查询异常：响应状态代码未指示成功: 404 ()。
  [49] 查询异常：响应状态代码未指示成功: 404 ()。
  [50] 查询异常：响应状态代码未指示成功: 404 ()。
  [51] 查询异常：响应状态代码未指示成功: 404 ()。
  [52] 查询异常：响应状态代码未指示成功: 404 ()。
  [53] 查询异常：响应状态代码未指示成功: 404 ()。
  [54] 查询异常：响应状态代码未指示成功: 404 ()。
  [55] 查询异常：响应状态代码未指示成功: 404 ()。
  [56] 查询异常：响应状态代码未指示成功: 404 ()。
  [57] 查询异常：响应状态代码未指示成功: 404 ()。
  [58] 查询异常：响应状态代码未指示成功: 404 ()。
  [59] 查询异常：响应状态代码未指示成功: 404 ()。
  [60] 查询异常：响应状态代码未指示成功: 404 ()。

--- §3 终态全文 RunView ---
null

--- §4 运行产物清单（GET /api/v1/generation-runs/{runId}/artifacts）---
  查询异常：响应状态代码未指示成功: 404 ()。

--- §5 库内运行行（generator_meta.generation_run）---

--- §6 库内逐类事件统计（generation_event_stat）---

--- §7 库内制品行（generation_artifact）---

--- §8 运行目录产物（含 sha256）---

--- §9 后态：商城计数与库存 ---
  mall_order=5057
  order_item=5058
  payment=4135
  refund=183
  refund_COMPLETED=183
  mall_user=1851
  event_outbox=875713
  products=38 total_avail=18079 sold_out=0 min=92
  outbox/behavior=869708
  outbox/order_cancelled=428
  outbox/order_created=1664
  outbox/order_paid=1233
  outbox/refund_completed=49
  outbox/refund_created=49
  outbox/stock_changed=32
  outbox/stock_released=428
  outbox/stock_reserved=1664
  outbox/user_registered=458

--- §10 本轮运行造成的商城增量（按 run 时间窗）---
  订单=0
  退款COMPLETED=0

--- §11 本轮下单分布（商品 × 单数 × 件数）---

--- §12 池内库存消耗（逐件，补库存后 -> 运行后）---
  # 1 1001                   1000|100|66
  # 2 1002                   1000|100|56
  # 3 1003                   1000|100|145
  # 4 1004                   500|67|123
  # 5 2001                   500|52|81
  # 6 2002                   500|40|78
  # 7 2003                   500|78|97
  # 8 2004                   500|30|60
  # 9 3001                   500|35|37
  #10 3002                   500|30|30
  #11 3003                   500|22|33
  #12 3004                   500|16|41
  #13 4001                   500|29|27
  #14 4002                   500|27|31
  #15 4003                   500|37|30
  #16 4004                   500|2|11
  #17 5001                   500|14|7
  #18 5002                   500|12|19
  #19 5003                   500|14|15
  #20 5004                   500|9|16
  #21 6001                   500|0|1
  #22 6002                   500|6|6
  #23 6003                   500|8|4
  #24 6004                   500|6|4
  #25 7001                   500|7|6
  #26 7002                   500|7|4
  #27 7003                   500|8|4
  #28 7004                   500|2|2
  #29 8001                   500|8|15
  #30 8002                   500|8|5
  #31 8003                   500|11|8
  #32 8004                   500|10|7
  #33 2096441182850224129    NO_ROW
  #34 2096441182913138689    NO_ROW
  #35 2096441182976053249    NO_ROW
  #36 2096441183038967809    NO_ROW
  #37 2096441183038967810    NO_ROW
  #38 2096441909920153601    98|2|1
  #39 2096441909920153602    97|3|2
  #40 2096441909920153603    98|2|4
  #41 2096441909987262465    100|0|0
  #42 2096441909987262466    94|6|4
  #43 2096569486857068545    92|8|4

--- §13 落地区（时点口径）---
  landing/events 文件数=57 bytes=404907418
    2026091210.jsonl  10869 B  2026-09-12 10:04:40
    2026091209.jsonl  1131 B  2026-09-12 09:53:26
    2026091122.jsonl  130261 B  2026-09-11 22:02:55

--- §14 结束时三程序身份（应完全未变）---
  8090 pid=41228 启动=2026-09-12 09:40:49
  8091 pid=47132 启动=2026-09-12 09:14:59
  8092 pid=10412 启动=2026-09-12 09:48:10
=== 日志结束 2026-09-12 10:09:27.215 ===
