
  .   ____          _            __ _ _
 /\\ / ___'_ __ _ _(_)_ __  __ _ \ \ \ \
( ( )\___ | '_ | '_| | '_ \/ _` | \ \ \ \
 \\/  ___)| |_)| | | | | || (_| |  ) ) ) )
  '  |____| .__|_| |_|_| |_\__, | / / / /
 =========|_|==============|___/=/_/_/_/
 :: Spring Boot ::                (v3.2.5)

2026-09-12T10:05:44.217+08:00  INFO 52580 --- [synthetic-data-generator] [           main] c.g.generator.GeneratorApplication       : Starting GeneratorApplication v0.1.0-SNAPSHOT using Java 17.0.12 with PID 52580 (D:\Develop_code\GraduationProject\synthetic-data-generator\target\synthetic-data-generator-0.1.0-SNAPSHOT.jar started by ASUS in D:\Develop_code\GraduationProject)
2026-09-12T10:05:44.221+08:00  INFO 52580 --- [synthetic-data-generator] [           main] c.g.generator.GeneratorApplication       : No active profile set, falling back to 1 default profile: "default"
2026-09-12T10:05:45.359+08:00  INFO 52580 --- [synthetic-data-generator] [           main] com.zaxxer.hikari.HikariDataSource       : HikariPool-1 - Starting...
2026-09-12T10:05:45.636+08:00  INFO 52580 --- [synthetic-data-generator] [           main] com.zaxxer.hikari.pool.HikariPool        : HikariPool-1 - Added connection com.mysql.cj.jdbc.ConnectionImpl@3ed7821
2026-09-12T10:05:45.637+08:00  INFO 52580 --- [synthetic-data-generator] [           main] com.zaxxer.hikari.HikariDataSource       : HikariPool-1 - Start completed.
2026-09-12T10:05:45.709+08:00  INFO 52580 --- [synthetic-data-generator] [           main] o.f.c.internal.license.VersionPrinter    : Flyway Community Edition 9.22.3 by Redgate
2026-09-12T10:05:45.709+08:00  INFO 52580 --- [synthetic-data-generator] [           main] o.f.c.internal.license.VersionPrinter    : See release notes here: https://rd.gt/416ObMi
2026-09-12T10:05:45.709+08:00  INFO 52580 --- [synthetic-data-generator] [           main] o.f.c.internal.license.VersionPrinter    : 
2026-09-12T10:05:45.746+08:00  INFO 52580 --- [synthetic-data-generator] [           main] org.flywaydb.core.FlywayExecutor         : Database: jdbc:mysql://127.0.0.1:3306/generator_meta (MySQL 8.0)
2026-09-12T10:05:45.786+08:00  INFO 52580 --- [synthetic-data-generator] [           main] o.f.core.internal.command.DbValidate     : Successfully validated 1 migration (execution time 00:00.023s)
2026-09-12T10:05:45.797+08:00  INFO 52580 --- [synthetic-data-generator] [           main] o.f.core.internal.command.DbMigrate      : Current version of schema `generator_meta`: 1
2026-09-12T10:05:45.800+08:00  INFO 52580 --- [synthetic-data-generator] [           main] o.f.core.internal.command.DbMigrate      : Schema `generator_meta` is up to date. No migration necessary.
2026-09-12T10:05:46.184+08:00  INFO 52580 --- [synthetic-data-generator] [           main] c.g.generator.GeneratorApplication       : Started GeneratorApplication in 2.583 seconds (process running for 3.093)
plan_id=m1-4-u1u3-live-20260912 version=1 mode=MALL_API scenario=normal seed=20260912 event_count=640
2026-09-12T10:05:46.242+08:00  INFO 52580 --- [synthetic-data-generator] [           main] com.zaxxer.hikari.HikariDataSource       : HikariPool-1 - Shutdown initiated...
2026-09-12T10:05:46.252+08:00  INFO 52580 --- [synthetic-data-generator] [           main] com.zaxxer.hikari.HikariDataSource       : HikariPool-1 - Shutdown completed.
