[INFO] Scanning for projects...
[INFO] 
[INFO] ---------------------< com.graduation:spark-jobs >----------------------
[INFO] Building spark-jobs 0.1.0-SNAPSHOT
[INFO]   from pom.xml
[INFO] --------------------------------[ jar ]---------------------------------
[WARNING] 2 problems were encountered while building the effective model for org.apache.yetus:audience-annotations:jar:0.5.0 during dependency collection step for project (use -X to see details)
[INFO] 
[INFO] --- resources:3.4.0:resources (default-resources) @ spark-jobs ---
[WARNING] Using platform encoding (GBK actually) to copy filtered resources, i.e. build is platform dependent!
[INFO] skip non existing resourceDirectory D:\Develop_code\GraduationProject-wt\m3-jdk8fix\spark-jobs\src\main\resources
[INFO] 
[INFO] --- compiler:3.15.0:compile (default-compile) @ spark-jobs ---
[INFO] Nothing to compile - all classes are up to date.
[INFO] 
[INFO] --- scala:4.8.1:compile (default) @ spark-jobs ---
[WARNING]  Expected all dependencies to require Scala version: 2.12.19
[WARNING]  org.apache.spark:spark-core_2.12:3.5.1 requires scala version: 2.12.18
[WARNING] Multiple versions of scala libraries detected!
[INFO] Compiler bridge file: C:\Users\ASUS\.sbt\1.0\zinc\org.scala-sbt\org.scala-sbt-compiler-bridge_2.12-1.8.0-bin_2.12.19__61.0-1.8.0_20221110T195421.jar
[INFO] compiling 35 Scala sources to D:\Develop_code\GraduationProject-wt\m3-jdk8fix\spark-jobs\target\classes ...
[ERROR] D:/Develop_code/GraduationProject-wt/m3-jdk8fix/spark-jobs/src/main/scala/com/graduation/analytics/job/MetricExportJob.scala:33: value isBlank is not a member of String
[ERROR] one error found
[INFO] ------------------------------------------------------------------------
[INFO] BUILD FAILURE
[INFO] ------------------------------------------------------------------------
[INFO] Total time:  8.055 s
[INFO] Finished at: 2026-09-12T16:09:06+08:00
[INFO] ------------------------------------------------------------------------
[ERROR] Failed to execute goal net.alchim31.maven:scala-maven-plugin:4.8.1:compile (default) on project spark-jobs: Execution default of goal net.alchim31.maven:scala-maven-plugin:4.8.1:compile failed: Compilation failed: InterfaceCompileFailed -> [Help 1]
[ERROR] 
[ERROR] To see the full stack trace of the errors, re-run Maven with the -e switch.
[ERROR] Re-run Maven using the -X switch to enable full debug logging.
[ERROR] 
[ERROR] For more information about the errors and possible solutions, please read the following articles:
[ERROR] [Help 1] http://cwiki.apache.org/confluence/display/MAVEN/PluginExecutionException
