Picked up JAVA_TOOL_OPTIONS: -Dfile.encoding=UTF-8
[spark-jobs] 数仓库名空间: dw_ods, dw_dwd, dw_dim, dw_dws, dw_ads
26/09/12 16:15:59 INFO HiveConf: Found configuration file null
26/09/12 16:15:59 INFO SparkContext: Running Spark version 3.5.1
26/09/12 16:15:59 INFO SparkContext: OS info Windows 10, 10.0, amd64
26/09/12 16:15:59 INFO SparkContext: Java version 1.8.0_202
26/09/12 16:15:59 INFO ResourceUtils: ==============================================================
26/09/12 16:15:59 INFO ResourceUtils: No custom resources configured for spark.driver.
26/09/12 16:15:59 INFO ResourceUtils: ==============================================================
26/09/12 16:15:59 INFO SparkContext: Submitted application: mxp-20260901
26/09/12 16:15:59 INFO ResourceProfile: Default ResourceProfile created, executor resources: Map(cores -> name: cores, amount: 1, script: , vendor: , memory -> name: memory, amount: 1024, script: , vendor: , offHeap -> name: offHeap, amount: 0, script: , vendor: ), task resources: Map(cpus -> name: cpus, amount: 1.0)
26/09/12 16:15:59 INFO ResourceProfile: Limiting resource is cpu
26/09/12 16:15:59 INFO ResourceProfileManager: Added ResourceProfile id: 0
26/09/12 16:15:59 INFO SecurityManager: Changing view acls to: ASUS
26/09/12 16:15:59 INFO SecurityManager: Changing modify acls to: ASUS
26/09/12 16:15:59 INFO SecurityManager: Changing view acls groups to: 
26/09/12 16:15:59 INFO SecurityManager: Changing modify acls groups to: 
26/09/12 16:15:59 INFO SecurityManager: SecurityManager: authentication disabled; ui acls disabled; users with view permissions: ASUS; groups with view permissions: EMPTY; users with modify permissions: ASUS; groups with modify permissions: EMPTY
26/09/12 16:15:59 INFO Utils: Successfully started service 'sparkDriver' on port 1837.
26/09/12 16:15:59 INFO SparkEnv: Registering MapOutputTracker
26/09/12 16:15:59 INFO SparkEnv: Registering BlockManagerMaster
26/09/12 16:15:59 INFO BlockManagerMasterEndpoint: Using org.apache.spark.storage.DefaultTopologyMapper for getting topology information
26/09/12 16:15:59 INFO BlockManagerMasterEndpoint: BlockManagerMasterEndpoint up
26/09/12 16:15:59 INFO SparkEnv: Registering BlockManagerMasterHeartbeat
26/09/12 16:15:59 INFO DiskBlockManager: Created local directory at C:\Users\ASUS\AppData\Local\Temp\blockmgr-810116fd-457f-4ebe-9882-9e1e6e527eef
26/09/12 16:15:59 INFO MemoryStore: MemoryStore started with capacity 366.3 MiB
26/09/12 16:15:59 INFO SparkEnv: Registering OutputCommitCoordinator
26/09/12 16:15:59 INFO JettyUtils: Start Jetty 0.0.0.0:4040 for SparkUI
26/09/12 16:16:00 INFO Utils: Successfully started service 'SparkUI' on port 4040.
26/09/12 16:16:00 INFO SparkContext: Added JAR file:/D:/Develop_code/GraduationProject/spark-jobs/target/spark-jobs-0.1.0-SNAPSHOT.jar at spark://host.docker.internal:1837/jars/spark-jobs-0.1.0-SNAPSHOT.jar with timestamp 1789200959144
26/09/12 16:16:00 INFO Executor: Starting executor ID driver on host host.docker.internal
26/09/12 16:16:00 INFO Executor: OS info Windows 10, 10.0, amd64
26/09/12 16:16:00 INFO Executor: Java version 1.8.0_202
26/09/12 16:16:00 INFO Executor: Starting executor with user classpath (userClassPathFirst = false): ''
26/09/12 16:16:00 INFO Executor: Created or updated repl class loader org.apache.spark.util.MutableURLClassLoader@5c448433 for default.
26/09/12 16:16:00 INFO Executor: Fetching spark://host.docker.internal:1837/jars/spark-jobs-0.1.0-SNAPSHOT.jar with timestamp 1789200959144
26/09/12 16:16:00 INFO TransportClientFactory: Successfully created connection to host.docker.internal/172.16.208.83:1837 after 18 ms (0 ms spent in bootstraps)
26/09/12 16:16:00 INFO Utils: Fetching spark://host.docker.internal:1837/jars/spark-jobs-0.1.0-SNAPSHOT.jar to C:\Users\ASUS\AppData\Local\Temp\spark-2dd1a4bc-e930-4ce0-95d8-c3f6ad45bdb2\userFiles-fb478e94-da1f-43c7-83b5-1a75e88295c8\fetchFileTemp3377416625465872870.tmp
26/09/12 16:16:00 INFO Executor: Adding file:/C:/Users/ASUS/AppData/Local/Temp/spark-2dd1a4bc-e930-4ce0-95d8-c3f6ad45bdb2/userFiles-fb478e94-da1f-43c7-83b5-1a75e88295c8/spark-jobs-0.1.0-SNAPSHOT.jar to class loader default
26/09/12 16:16:00 INFO Utils: Successfully started service 'org.apache.spark.network.netty.NettyBlockTransferService' on port 12303.
26/09/12 16:16:00 INFO NettyBlockTransferService: Server created on host.docker.internal:12303
26/09/12 16:16:00 INFO BlockManager: Using org.apache.spark.storage.RandomBlockReplicationPolicy for block replication policy
26/09/12 16:16:00 INFO BlockManagerMaster: Registering BlockManager BlockManagerId(driver, host.docker.internal, 12303, None)
26/09/12 16:16:00 INFO BlockManagerMasterEndpoint: Registering block manager host.docker.internal:12303 with 366.3 MiB RAM, BlockManagerId(driver, host.docker.internal, 12303, None)
26/09/12 16:16:00 INFO BlockManagerMaster: Registered BlockManager BlockManagerId(driver, host.docker.internal, 12303, None)
26/09/12 16:16:00 INFO BlockManager: Initialized BlockManager: BlockManagerId(driver, host.docker.internal, 12303, None)
26/09/12 16:16:01 WARN HiveConf: HiveConf of name hive.stats.jdbc.timeout does not exist
26/09/12 16:16:01 WARN HiveConf: HiveConf of name hive.stats.retries.wait does not exist
26/09/12 16:16:02 WARN ObjectStore: Version information not found in metastore. hive.metastore.schema.verification is not enabled so recording the schema version 2.3.0
26/09/12 16:16:02 WARN ObjectStore: setMetaStoreSchemaVersion called but recording version is disabled: version = 2.3.0, comment = Set by MetaStore UNKNOWN@172.16.208.83
26/09/12 16:16:03 WARN ObjectStore: Failed to get database global_temp, returning NoSuchObjectException
{"jobCode":"mxp","inputRecords":0,"outputRecords":0,"rejectedRecords":0,"attemptNo":1,"status":"FAILED","message":"快照未发布/未指向本次快照，拒绝导出: dw_ads.ads_operation_overview,dw_ads.ads_sale_trend,dw_ads.ads_behavior_funnel,dw_ads.ads_active_trend,dw_ads.ads_hot_product,dw_ads.ads_product_conversion,dw_ads.ads_user_profile,dw_ads.ads_data_quality","elapsedMs":3984,"outputPartitions":[],"checks":[{"ruleCode":"MXP_SNAPSHOT_PINNED","layer":"PUBLISH","targetTable":"dw_ads.ads_operation_overview,dw_ads.ads_sale_trend,dw_ads.ads_behavior_funnel,dw_ads.ads_active_trend,dw_ads.ads_hot_product,dw_ads.ads_product_conversion,dw_ads.ads_user_profile,dw_ads.ads_data_quality","checkCount":8,"errorCount":8,"threshold":"正式分区 Location 指向 snapshot_id=S20260901J8","severity":"BLOCKING","passed":false,"detail":"未指向本次快照: dw_ads.ads_operation_overview=<无路径>,dw_ads.ads_sale_trend=<无路径>,dw_ads.ads_behavior_funnel=<无路径>,dw_ads.ads_active_trend=<无路径>,dw_ads.ads_hot_product=<无路径>,dw_ads.ads_product_conversion=<无路径>,dw_ads.ads_user_profile=<无路径>,dw_ads.ads_data_quality=<无路径>"}]}
Picked up JAVA_TOOL_OPTIONS: -Dfile.encoding=UTF-8
