stub-web-server listening on http://127.0.0.1:18099/
served  /
served  /api/v1/metrics/health
served  /api/v1/scenarios
served  /api/v1/auth/login
served  /api/v1/auth/login
served  /api/v1/mall/outbox/status
served  /api/v1/ingestion/runs
served  /api/v1/pipeline-runs
served  /api/v1/pipeline-runs/0
served  /api/v1/metrics/overview
served  /
served  /api/v1/metrics/health
served  /api/v1/scenarios
served  /api/v1/auth/login
served  /api/v1/auth/login
served  /api/v1/mall/outbox/status
served  /api/v1/ingestion/runs
served  /api/v1/pipeline-runs
served  /api/v1/pipeline-runs/0
served  /api/v1/metrics/overview
served  /
served  /api/v1/metrics/health
served  /api/v1/scenarios
served  /api/v1/auth/login
served  /api/v1/auth/login
served  /api/v1/mall/outbox/status
served  /api/v1/ingestion/runs
served  /api/v1/pipeline-runs
served  /api/v1/pipeline-runs/0
served  /api/v1/metrics/overview
served  /
served  /api/v1/metrics/health
served  /api/v1/scenarios
served  /api/v1/auth/login
served  /api/v1/auth/login
served  /api/v1/mall/outbox/status
served  /api/v1/ingestion/runs
served  /api/v1/pipeline-runs
served  /api/v1/pipeline-runs/0
served  /api/v1/metrics/overview
served  /
served  /api/v1/metrics/health
served  /api/v1/scenarios
served  /api/v1/auth/login
served  /api/v1/auth/login
served  /api/v1/mall/outbox/status
served  /api/v1/ingestion/runs
served  /api/v1/pipeline-runs
served  /api/v1/pipeline-runs/0
served  /api/v1/metrics/overview
served  /
served  /api/v1/metrics/health
served  /api/v1/scenarios
served  /api/v1/auth/login
served  /api/v1/auth/login
served  /api/v1/mall/outbox/status
served  /api/v1/ingestion/runs
served  /api/v1/pipeline-runs
served  /api/v1/pipeline-runs/0
served  /api/v1/metrics/overview
served  /
served  /api/v1/metrics/health
served  /api/v1/scenarios
served  /api/v1/auth/login
served  /api/v1/auth/login
served  /api/v1/mall/outbox/status
served  /api/v1/ingestion/runs
served  /api/v1/pipeline-runs
served  /api/v1/pipeline-runs/0
served  /api/v1/metrics/overview
