Picked up JAVA_TOOL_OPTIONS: -Dfile.encoding=UTF-8
[INFO] Scanning for projects...
[INFO] ------------------------------------------------------------------------
[INFO] Reactor Build Order:
[INFO] 
[INFO] analytics-server                                                   [pom]
[INFO] platform-common                                                    [jar]
[INFO] connection-ingestion                                               [jar]
[INFO] warehouse-pipeline                                                 [jar]
[INFO] metric-analysis                                                    [jar]
[INFO] ai-decision                                                        [jar]
[INFO] platform-app                                                       [jar]
[INFO] 
[INFO] -------------< com.graduation.analytics:analytics-server >--------------
[INFO] Building analytics-server 0.1.0-SNAPSHOT                           [1/7]
[INFO]   from pom.xml
[INFO] --------------------------------[ pom ]---------------------------------
[INFO] 
[INFO] --------------< com.graduation.analytics:platform-common >--------------
[INFO] Building platform-common 0.1.0-SNAPSHOT                            [2/7]
[INFO]   from platform-common\pom.xml
[INFO] --------------------------------[ jar ]---------------------------------
[INFO] 
[INFO] --- resources:3.3.1:resources (default-resources) @ platform-common ---
[INFO] skip non existing resourceDirectory D:\Develop_code\GraduationProject\analytics-server\platform-common\src\main\resources
[INFO] skip non existing resourceDirectory D:\Develop_code\GraduationProject\analytics-server\platform-common\src\main\resources
[INFO] 
[INFO] --- compiler:3.11.0:compile (default-compile) @ platform-common ---
[INFO] Nothing to compile - all classes are up to date
[INFO] 
[INFO] --- resources:3.3.1:testResources (default-testResources) @ platform-common ---
[INFO] skip non existing resourceDirectory D:\Develop_code\GraduationProject\analytics-server\platform-common\src\test\resources
[INFO] 
[INFO] --- compiler:3.11.0:testCompile (default-testCompile) @ platform-common ---
[INFO] Nothing to compile - all classes are up to date
[INFO] 
[INFO] --- surefire:3.1.2:test (default-test) @ platform-common ---
[INFO] Tests are skipped.
[INFO] 
[INFO] --- jar:3.3.0:jar (default-jar) @ platform-common ---
[INFO] 
[INFO] --- jar:3.3.0:test-jar (test-jar) @ platform-common ---
[INFO] 
[INFO] -----------< com.graduation.analytics:connection-ingestion >------------
[INFO] Building connection-ingestion 0.1.0-SNAPSHOT                       [3/7]
[INFO]   from connection-ingestion\pom.xml
[INFO] --------------------------------[ jar ]---------------------------------
[WARNING] 2 problems were encountered while building the effective model for org.apache.yetus:audience-annotations:jar:0.5.0 during dependency collection step for project (use -X to see details)
[INFO] 
[INFO] --- resources:3.3.1:resources (default-resources) @ connection-ingestion ---
[INFO] skip non existing resourceDirectory D:\Develop_code\GraduationProject\analytics-server\connection-ingestion\src\main\resources
[INFO] skip non existing resourceDirectory D:\Develop_code\GraduationProject\analytics-server\connection-ingestion\src\main\resources
[INFO] 
[INFO] --- compiler:3.11.0:compile (default-compile) @ connection-ingestion ---
[INFO] Nothing to compile - all classes are up to date
[INFO] 
[INFO] --- resources:3.3.1:testResources (default-testResources) @ connection-ingestion ---
[INFO] skip non existing resourceDirectory D:\Develop_code\GraduationProject\analytics-server\connection-ingestion\src\test\resources
[INFO] 
[INFO] --- compiler:3.11.0:testCompile (default-testCompile) @ connection-ingestion ---
[INFO] Nothing to compile - all classes are up to date
[INFO] 
[INFO] --- surefire:3.1.2:test (default-test) @ connection-ingestion ---
[INFO] Tests are skipped.
[INFO] 
[INFO] --- jar:3.3.0:jar (default-jar) @ connection-ingestion ---
[INFO] 
[INFO] ------------< com.graduation.analytics:warehouse-pipeline >-------------
[INFO] Building warehouse-pipeline 0.1.0-SNAPSHOT                         [4/7]
[INFO]   from warehouse-pipeline\pom.xml
[INFO] --------------------------------[ jar ]---------------------------------
[INFO] 
[INFO] --- resources:3.3.1:resources (default-resources) @ warehouse-pipeline ---
[INFO] skip non existing resourceDirectory D:\Develop_code\GraduationProject\analytics-server\warehouse-pipeline\src\main\resources
[INFO] skip non existing resourceDirectory D:\Develop_code\GraduationProject\analytics-server\warehouse-pipeline\src\main\resources
[INFO] 
[INFO] --- compiler:3.11.0:compile (default-compile) @ warehouse-pipeline ---
[INFO] Nothing to compile - all classes are up to date
[INFO] 
[INFO] --- resources:3.3.1:testResources (default-testResources) @ warehouse-pipeline ---
[INFO] skip non existing resourceDirectory D:\Develop_code\GraduationProject\analytics-server\warehouse-pipeline\src\test\resources
[INFO] 
[INFO] --- compiler:3.11.0:testCompile (default-testCompile) @ warehouse-pipeline ---
[INFO] Nothing to compile - all classes are up to date
[INFO] 
[INFO] --- surefire:3.1.2:test (default-test) @ warehouse-pipeline ---
[INFO] Tests are skipped.
[INFO] 
[INFO] --- jar:3.3.0:jar (default-jar) @ warehouse-pipeline ---
[INFO] 
[INFO] --------------< com.graduation.analytics:metric-analysis >--------------
[INFO] Building metric-analysis 0.1.0-SNAPSHOT                            [5/7]
[INFO]   from metric-analysis\pom.xml
[INFO] --------------------------------[ jar ]---------------------------------
[INFO] 
[INFO] --- resources:3.3.1:resources (default-resources) @ metric-analysis ---
[INFO] skip non existing resourceDirectory D:\Develop_code\GraduationProject\analytics-server\metric-analysis\src\main\resources
[INFO] skip non existing resourceDirectory D:\Develop_code\GraduationProject\analytics-server\metric-analysis\src\main\resources
[INFO] 
[INFO] --- compiler:3.11.0:compile (default-compile) @ metric-analysis ---
[INFO] Nothing to compile - all classes are up to date
[INFO] 
[INFO] --- resources:3.3.1:testResources (default-testResources) @ metric-analysis ---
[INFO] skip non existing resourceDirectory D:\Develop_code\GraduationProject\analytics-server\metric-analysis\src\test\resources
[INFO] 
[INFO] --- compiler:3.11.0:testCompile (default-testCompile) @ metric-analysis ---
[INFO] Nothing to compile - all classes are up to date
[INFO] 
[INFO] --- surefire:3.1.2:test (default-test) @ metric-analysis ---
[INFO] Tests are skipped.
[INFO] 
[INFO] --- jar:3.3.0:jar (default-jar) @ metric-analysis ---
[INFO] 
[INFO] ----------------< com.graduation.analytics:ai-decision >----------------
[INFO] Building ai-decision 0.1.0-SNAPSHOT                                [6/7]
[INFO]   from ai-decision\pom.xml
[INFO] --------------------------------[ jar ]---------------------------------
[INFO] 
[INFO] --- resources:3.3.1:resources (default-resources) @ ai-decision ---
[INFO] skip non existing resourceDirectory D:\Develop_code\GraduationProject\analytics-server\ai-decision\src\main\resources
[INFO] skip non existing resourceDirectory D:\Develop_code\GraduationProject\analytics-server\ai-decision\src\main\resources
[INFO] 
[INFO] --- compiler:3.11.0:compile (default-compile) @ ai-decision ---
[INFO] Nothing to compile - all classes are up to date
[INFO] 
[INFO] --- resources:3.3.1:testResources (default-testResources) @ ai-decision ---
[INFO] skip non existing resourceDirectory D:\Develop_code\GraduationProject\analytics-server\ai-decision\src\test\resources
[INFO] 
[INFO] --- compiler:3.11.0:testCompile (default-testCompile) @ ai-decision ---
[INFO] Nothing to compile - all classes are up to date
[INFO] 
[INFO] --- surefire:3.1.2:test (default-test) @ ai-decision ---
[INFO] Tests are skipped.
[INFO] 
[INFO] --- jar:3.3.0:jar (default-jar) @ ai-decision ---
[INFO] 
[INFO] ---------------< com.graduation.analytics:platform-app >----------------
[INFO] Building platform-app 0.1.0-SNAPSHOT                               [7/7]
[INFO]   from platform-app\pom.xml
[INFO] --------------------------------[ jar ]---------------------------------
[INFO] 
[INFO] --- resources:3.3.1:resources (default-resources) @ platform-app ---
[INFO] Copying 1 resource from src\main\resources to target\classes
[INFO] Copying 45 resources from src\main\resources to target\classes
[INFO] 
[INFO] --- compiler:3.11.0:compile (default-compile) @ platform-app ---
[INFO] Changes detected - recompiling the module! :source
[INFO] Compiling 20 source files with javac [debug release 17] to target\classes
[INFO] 
[INFO] --- resources:3.3.1:testResources (default-testResources) @ platform-app ---
[INFO] skip non existing resourceDirectory D:\Develop_code\GraduationProject\analytics-server\platform-app\src\test\resources
[INFO] 
[INFO] --- compiler:3.11.0:testCompile (default-testCompile) @ platform-app ---
[INFO] Changes detected - recompiling the module! :dependency
[INFO] Compiling 16 source files with javac [debug release 17] to target\test-classes
[INFO] 
[INFO] --- surefire:3.1.2:test (default-test) @ platform-app ---
[INFO] Tests are skipped.
[INFO] 
[INFO] --- jar:3.3.0:jar (default-jar) @ platform-app ---
[INFO] Building jar: D:\Develop_code\GraduationProject\analytics-server\platform-app\target\platform-app-0.1.0-SNAPSHOT.jar
[INFO] 
[INFO] --- spring-boot:3.2.5:repackage (repackage) @ platform-app ---
[INFO] Replacing main artifact D:\Develop_code\GraduationProject\analytics-server\platform-app\target\platform-app-0.1.0-SNAPSHOT.jar with repackaged archive, adding nested dependencies in BOOT-INF/.
[INFO] The original artifact has been renamed to D:\Develop_code\GraduationProject\analytics-server\platform-app\target\platform-app-0.1.0-SNAPSHOT.jar.original
[INFO] ------------------------------------------------------------------------
[INFO] Reactor Summary for analytics-server 0.1.0-SNAPSHOT:
[INFO] 
[INFO] analytics-server ................................... SUCCESS [  0.002 s]
[INFO] platform-common .................................... SUCCESS [  0.615 s]
[INFO] connection-ingestion ............................... SUCCESS [  0.396 s]
[INFO] warehouse-pipeline ................................. SUCCESS [  0.074 s]
[INFO] metric-analysis .................................... SUCCESS [  0.066 s]
[INFO] ai-decision ........................................ SUCCESS [  0.088 s]
[INFO] platform-app ....................................... SUCCESS [  2.713 s]
[INFO] ------------------------------------------------------------------------
[INFO] BUILD SUCCESS
[INFO] ------------------------------------------------------------------------
[INFO] Total time:  4.147 s
[INFO] Finished at: 2026-09-12T09:14:58+08:00
[INFO] ------------------------------------------------------------------------
