### L5: 工作区哈希二次快照（与 l5-workspace-hash-snapshot.md 逐行对比，证明本泳道未改任何被测文件）
### time: 2026-09-14T14:00:39.4122366+08:00
28B1CD89247A25E970ADA0DD07F840ABFAAE88DDDB4A668AC5F8C1FF820DB716  mall-simulator\src\main\java\com\graduation\mall\MallSimulatorApplication.java
EC106D110F4613394DC737EF229944E9913BB40005770652EBEB4781EE49F80F  mall-simulator\src\main\java\com\graduation\mall\auth\AuthInterceptor.java
315F7D125120C589603527E11DCA2D50857A7EC031A4878347E1B03739AB6B0A  mall-simulator\src\main\java\com\graduation\mall\auth\AuthService.java
CC5AE07436540F88BAC92A3746F9CCF14B6980CAC9EB94B06F62429493205ACF  mall-simulator\src\main\java\com\graduation\mall\auth\CurrentUser.java
BE06FA682188EDC6ACE8AAEFC4B47717B8986EADD9B4137D702495986B586B33  mall-simulator\src\main\java\com\graduation\mall\auth\CurrentUserHolder.java
9B034FB54A96ED8246CF7BEEB5B9794F7D74E828B55034E47E92A79C25837189  mall-simulator\src\main\java\com\graduation\mall\auth\config\AuthConfig.java
EF70A978BE4D0112F7F13E8831F0EC9B98FFAE24395BB6EBFB3D99BDE728B90C  mall-simulator\src\main\java\com\graduation\mall\auth\config\PasswordEncoderConfig.java
C40161E60196B077A583946F7A2F322D0557DBFCB80700D4E18F01BD800B753C  mall-simulator\src\main\java\com\graduation\mall\auth\entity\UserEntity.java
B4E34570FE12426D1D0D4C8B9A4B82845E1A7D116D398321C1CD489BE5B5D053  mall-simulator\src\main\java\com\graduation\mall\auth\entity\UserSessionEntity.java
2EFB37EBAC5FE54EAB7F1D7D6F3A3F28A975921E4487C23FB010EFAD61AAA406  mall-simulator\src\main\java\com\graduation\mall\auth\mapper\SysUserMapper.java
2BD37AD77B523CD07F95CF492BF0EF7D56E1DF17F8946EF8AEBEA03E1F379839  mall-simulator\src\main\java\com\graduation\mall\auth\mapper\UserSessionMapper.java
796F6D3B19F82E7F9E3C431AB1E8659FE56E00CB868D5309ED09471C43204C78  mall-simulator\src\main\java\com\graduation\mall\common\ApiResponse.java
A6B3D47ED4A49CBC3A7CF00A2226BA6BA3EA7742B971593B2249746C8A4F6882  mall-simulator\src\main\java\com\graduation\mall\common\GlobalExceptionHandler.java
9A8E339F41C10918EA98E7DB5C27A2031A78AA7D08B2035887151164B88353AD  mall-simulator\src\main\java\com\graduation\mall\common\MallBizException.java
F2F9F940B3650B98E7BF27753D643F0CF40973D7A7CCFDDC80662D56A8F76312  mall-simulator\src\main\java\com\graduation\mall\config\AppConfig.java
81C7BCE01BB14EBC9D849A7BD80DFDF01634DB80BFDD8375218E90844DE906F0  mall-simulator\src\main\java\com\graduation\mall\controller\AdminProductController.java
75C64E9F702C0BCE6B3AFCABAC0682DA39347B6ED854CF6DCE78130A7DA16B96  mall-simulator\src\main\java\com\graduation\mall\controller\AuthController.java
E14C5822E2420F784988ECD73586E201881396C6E5E90D39F0E97528928E59A2  mall-simulator\src\main\java\com\graduation\mall\controller\MallController.java
92EBCF1D139180CFAD31F3CCE74CE6CFB6F40E98388BC9F582C885D9525ADDB4  mall-simulator\src\main\java\com\graduation\mall\controller\MallDtos.java
DD054A3F54B3C6DE965A6F03570930EBF3446DF12B1D375FBBB6DE3166BDBBED  mall-simulator\src\main\java\com\graduation\mall\controller\OutboxController.java
69637EB39B169261BB6B6A1DE4AEE3E04AC8E33EAFBE5B91CD163419B4BA5AD4  mall-simulator\src\main\java\com\graduation\mall\controller\SpaFallbackController.java
F276233A6C641C29B5616ED3EFEF6040BD655E1F0E7C85DFD0BC317A823EB109  mall-simulator\src\main\java\com\graduation\mall\controller\UserAdminController.java
288486493E67EC9C1EC4E49DA0764634F2F34076134022F870B4139CBD8AF180  mall-simulator\src\main\java\com\graduation\mall\domain\entity\CartItem.java
FB75C99B5001895E2C95A4B3FBCA8AEDE18D0ECF27BD188F3EA91B42C19B0561  mall-simulator\src\main\java\com\graduation\mall\domain\entity\Category.java
624A7BF6B7F54459D1F1072C66A2B3218ED344BAA5F3D0B52BC0A75EE03C44C3  mall-simulator\src\main\java\com\graduation\mall\domain\entity\EventOutbox.java
F044681198BE1D7AC288B9ABE07D134D3ECEBF9D7AC6FE1C87AA1C9028ACE17C  mall-simulator\src\main\java\com\graduation\mall\domain\entity\Inventory.java
831BEBFE12BB68BA82D2386B0E9C528A6693CB061A1A3944BBCC63CBA8F87382  mall-simulator\src\main\java\com\graduation\mall\domain\entity\MallOrder.java
FA581F7C75265E14FD9D0FC904B290335A5C802026DCD696790E1EC48C34675F  mall-simulator\src\main\java\com\graduation\mall\domain\entity\MallUser.java
1AAAF17BE21285D222FF006A0AB23EFC8584777BCEB91D8500E3D398DCE3041E  mall-simulator\src\main\java\com\graduation\mall\domain\entity\OrderItem.java
D6206DCDB288C291AAE3A8EC2DB1D7BA31E55CDB54C7074A11A6B6E0F946A812  mall-simulator\src\main\java\com\graduation\mall\domain\entity\Payment.java
AEB12D155B9F6EBF460B4A4B343927C0B55E4571F390CAFC2C934975E34319BD  mall-simulator\src\main\java\com\graduation\mall\domain\entity\Product.java
0B88D458DBD322B60A4F1F0E9EC9FC1D8285DCC9F0E24DC8323B7C7DA4135244  mall-simulator\src\main\java\com\graduation\mall\domain\entity\Refund.java
3CEA87EE5BB1EB517CB0D5EB569AD039E4DEBD73E5BBFFD42B7ABEF3B59223AD  mall-simulator\src\main\java\com\graduation\mall\domain\enums\AgeGroup.java
28FB41F254468D1C9C9F764BB44702FE1CD5629354AAE834A772DE25F07419DD  mall-simulator\src\main\java\com\graduation\mall\domain\enums\BehaviorType.java
188DD2D6DAE1098FFD0F74D56CFAC44F8A8D6BA9471E3B041775857FDB79A51B  mall-simulator\src\main\java\com\graduation\mall\domain\enums\CityLevel.java
488FDE64D25BE24C5EAB62E1C4E2878A64A9252BF94C4AD84D409367652194E5  mall-simulator\src\main\java\com\graduation\mall\domain\enums\MemberLevel.java
33DF5D950F98869409D8EBEADED736BE843DBB641B0B5D6CFDBB13A68FD2F2A8  mall-simulator\src\main\java\com\graduation\mall\domain\enums\OrderStatus.java
F67843E2061A7B486D7A7FB72F30761D606BF1B372216B8CA382C0E27B7798EB  mall-simulator\src\main\java\com\graduation\mall\domain\enums\PaymentStatus.java
51F702922E3CFDC57F8FA1B5B3FE920A542648980C40F2533AB34E56BB3BFA6E  mall-simulator\src\main\java\com\graduation\mall\domain\enums\ProductStatus.java
638B288FD45B0DE9C895EF819A659D6804270FB4F9D4488D98B227917ED15739  mall-simulator\src\main\java\com\graduation\mall\domain\enums\RefundStatus.java
EF3E5BE313588BAD12FF9B09743EF4FB0D8B51038A5C544DCA1B5DDF1C15EBC5  mall-simulator\src\main\java\com\graduation\mall\domain\mapper\CartItemMapper.java
4C5C86D9C0FFC632F879A75576AC83F5998B338672CF4E96018C0E4B108D457E  mall-simulator\src\main\java\com\graduation\mall\domain\mapper\CategoryMapper.java
A606F21BF8D0C295329D7AA90DA3DB37669FE3D9E846D4F64302761934AFDF70  mall-simulator\src\main\java\com\graduation\mall\domain\mapper\EventOutboxMapper.java
820BD09EF046BD6D1D1CDF585B7435B6E4A5645DFA8CC466B33D3F73DC18AEF1  mall-simulator\src\main\java\com\graduation\mall\domain\mapper\InventoryMapper.java
63E72111F7009305BE6E7949E3E7CDCB0D9F03C315333C2D6A36BFE62D32283D  mall-simulator\src\main\java\com\graduation\mall\domain\mapper\MallOrderMapper.java
94876CE73C07642752345B453EC3FC1AE97C2531B802C8CE360BA7CC59318E8D  mall-simulator\src\main\java\com\graduation\mall\domain\mapper\MallUserMapper.java
F17C08D85252DB6C92D70C8A05DA9A6FD293400265AD7D6CCB9EC04295D15D3D  mall-simulator\src\main\java\com\graduation\mall\domain\mapper\OrderItemMapper.java
C58FE43E72CC97F101353BFF59CFB2B7DB9ADEF6ED8C2814B4FC952AE65CEE08  mall-simulator\src\main\java\com\graduation\mall\domain\mapper\PaymentMapper.java
678D3E9BFA07D304F39457C5E491A47AECC1B6230B14C29C83CE3508D95CDA3F  mall-simulator\src\main\java\com\graduation\mall\domain\mapper\ProductMapper.java
D9D31F3E51BC6F7AA375323361B9B22D0EB980478B992AAA0A96361F857EBCEA  mall-simulator\src\main\java\com\graduation\mall\domain\mapper\RefundMapper.java
A4AE6686A3E8AC0EAB415D4935B6AAD81D243E56CD4E6E0284C2716E8117A1E1  mall-simulator\src\main\java\com\graduation\mall\domain\service\InventoryService.java
2A9DABCAAA521647A7BEB50663FC4F7A823D0406D3F173DDBB8AF174B8078326  mall-simulator\src\main\java\com\graduation\mall\domain\service\MallBusinessService.java
4ACF237DD66DC37D23D1AA20B0938A57CE14217F1F5CB467B5664B78ABE0567C  mall-simulator\src\main\java\com\graduation\mall\domain\service\ProductManagementService.java
B59AC32E2CBD289816FD1EC3AE78EF1499188EA1A8FB390967FF0933A04D664F  mall-simulator\src\main\java\com\graduation\mall\domain\state\OrderStateMachine.java
FB9AAEC0211C47F646E9A015D4E97C8F0CA5501EE0D9785010E56D9B90DC9920  mall-simulator\src\main\java\com\graduation\mall\outbox\DateTimeSupport.java
4E948E87B14732912EEC300B2A866A4F21E9DE69290F4FBCB7A3AA18626EF9C3  mall-simulator\src\main\java\com\graduation\mall\outbox\EventClock.java
D7E1697AAF09656EA469BF2E5444AA31C608224DCF9AFDCAAA34CEBF1CBFAA31  mall-simulator\src\main\java\com\graduation\mall\outbox\EventContract.java
D0CC8F5D6A6257C4F842D59EE251D3F23A619DD8DF3BF3A051FE19EF382C62EA  mall-simulator\src\main\java\com\graduation\mall\outbox\EventEnvelope.java
14BA839591AE92A07BFAF9755C971955ED0B24F76EE70491EDEB48FF302954A0  mall-simulator\src\main\java\com\graduation\mall\outbox\EventIdGenerator.java
BD7AB62E6C7F2392C4CC3E72E40AC4D37E7784C2B2332E1E773D4A1CA8BC058E  mall-simulator\src\main\java\com\graduation\mall\outbox\EventOutboxService.java
FEA936E1280192190DCC18766C41757398FE18F8AB4E5CA1550908D80F171C98  mall-simulator\src\main\java\com\graduation\mall\outbox\EventPayloadFactory.java
0727A0407CC7A240FA603462F7ECD0275AE5C2E27C003277C7B290D783040B57  mall-simulator\src\main\java\com\graduation\mall\outbox\OutboxPublisher.java
57DEECFC3F91E3C9C03E1F13C8D182F0716FC4105E19FF92525C7BD9E19B3A8E  mall-simulator\src\main\java\com\graduation\mall\outbox\RollingJsonEventWriter.java
18E1481F80B44723C75185B922F7DC89FC975EA0B650DCE5BBCBD9C31AB1E8B3  mall-simulator\src\main\java\com\graduation\mall\outbox\TraceContext.java
36C9D4F3BDC3B96B38255880289C9ADD16EA0A6164B184DD6218A12AFA98DDB4  mall-simulator\src\main\java\com\graduation\mall\outbox\UuidEventIdGenerator.java
4042A8046EA9144ADDEFDE557CC0DDDBDE094D7E2241AA566C1A59DE206C7D4E  mall-simulator\src\main\resources\application.yml
8C0F4385F7C7C8EFE0493AEED9D37E8DE344AB2F45ED76B6093CD969EF3349F4  mall-simulator\src\main\resources\db\migration\V1__init_mall.sql
EC71994E2ACE040E0ABAD31809A2792DAE6EE9D0D729CED587935731989817AB  mall-simulator\src\main\resources\db\migration\V7__security_auth.sql
D02D02D3BB7085DA46B2C21F2C30ACD1CB36A4499EAF574A19925131D656DD47  mall-simulator\src\main\resources\static\index.html
36E26CCF97614CA48C5CE01F1E63BB38DEF191595527E5734631E0897072BBC2  mall-simulator\src\main\resources\static\assets\AdminProducts-lpsQ-7Jf.js
005B864E6CBCF41F6EF225655D4DF07A2A7E6E1E18754EE46ECB1695B65F7540  mall-simulator\src\main\resources\static\assets\index-DTUtdkGv.js
5229385A52FDF95920F2566405D77AF7A96D92C7D91A5ED108FC95804FB726BC  mall-simulator\src\main\resources\static\assets\index-DYsTUmN1.css
5311C7CEE77298A4DA9462320754E19F6D4C195FF78F48C67A525833D6AE1100  mall-simulator\src\main\resources\static\assets\Login---VWFU5b.js
7E701630635C985E4DDBD607B2113EB19166F01EC4DFD15B6B2F01718356F7BE  mall-simulator\src\main\resources\static\assets\Login-DXLyj0Jd.css
73C09EDD83737BADB6E6B17C55FF6E11385E4F0907F396C30F33BA8C726FADE3  mall-simulator\src\main\resources\static\assets\Mall-D7O5b9w3.js
A02BEC722B0CEF90905C68B2B8D3BDD9F8A0BDFE06B55659371D7B89730C25F2  mall-simulator\src\test\java\com\graduation\itguard\IsolationGuard.java
C6961E5D8E042897679A1EFC6494FF24CB823F1BA2DDF04F2EE1917909CEC148  mall-simulator\src\test\java\com\graduation\mall\auth\AdminProductApiTest.java
17AD311F835CDE90E12DBB68319C1B04EAF231B36C380503420582CDEE903CE9  mall-simulator\src\test\java\com\graduation\mall\auth\AuthHttpTest.java
E60456486AACAD551F45AAFE2DC0C664F4B78F5B73DCBE4392945E437170A4F5  mall-simulator\src\test\java\com\graduation\mall\auth\AuthServiceTest.java
9AC392CAA75EA7ED76997DDA2CB88837FD2727FF58FBB725E38FEA8EC63A50CB  mall-simulator\src\test\java\com\graduation\mall\auth\UserAdminServiceTest.java
3A56DB4E070EDEA59D00C45F59EE36369DBFBB6EC1CD5A0DDAD0EE2555DA1B19  mall-simulator\src\test\java\com\graduation\mall\controller\OutboxControllerTest.java
B48DD6C629C6DE483C2B12F791538C386BC0B7AC79CC9FB5537E5CCE3DE398B7  mall-simulator\src\test\java\com\graduation\mall\domain\OrderStateMachineTest.java
E231537D843E30FD55C8767D26563EBD3F161DAD4488A4E8D278068279ABEA0B  mall-simulator\src\test\java\com\graduation\mall\domain\service\MallBusinessServiceTest.java
A61ABC4D78C5B63A6601BB57C6A9EB993C2F3AE402BB8B8764AF588D023BCED8  mall-simulator\src\test\java\com\graduation\mall\domain\service\OutboxTransactionTest.java
FF49B2889DAE5679C4C1F7705111E1626CAAC2D0DA92293D01EC47C1E22D99A4  mall-simulator\src\test\java\com\graduation\mall\golden\GoldenDatasetTest.java
D27CFFC9C64F3F50FFD049D78B6891E2CF91B18F6F577E3EE6528E8185695B7A  mall-simulator\src\test\java\com\graduation\mall\outbox\EventOutboxServiceTest.java
F96BEEE571E9E1E5C1E90D404D3B5C4323942BDC06C7A0B96EFB9F6EA7805A3A  mall-simulator\src\test\java\com\graduation\mall\outbox\OutboxPublisherTest.java
357A8AB56D6CC034A3AEC1D4EC4D1C4E82ED06F2030469DAD6B2CCA07A0AF6F9  mall-simulator\src\test\java\com\graduation\mall\support\MallIsolationGuard.java
CBE63C22EFA57E1472DE9699E9E759EB7BC5394928C31C8BC521B65DDAAD9BA0  mall-simulator\src\test\java\com\graduation\mall\support\MallIsolationTestConfig.java
1710EC5BD7B5A5F0959787E9F6E5DF2087AE73A9D97C9C7941DEDE30F7D97607  mall-simulator\src\test\java\com\graduation\mall\support\MallTestSupport.java
B9680EEF3CAFA21BC948A330A010FEF1F20F009E26E969FF9DC57BCC0E597AC4  mall-simulator\src\test\java\com\graduation\mall\support\SeqEventIdGenerator.java
92CA848DDE35B69CF37E663F2D59885B6B487D4A7CC42D10B335156B3665EABC  mall-simulator\src\test\resources\application-test.yml
524200AF78D80B53658B6F0F86487B634249985F83CCC82A6D4C18EEB1E97847  synthetic-data-generator\src\main\java\com\graduation\generator\GeneratorApplication.java
F756BB6D8EEDA0CEDFD7382E1EC368A3C5F476B3A3F0984FAFB0DE63708AB7C7  synthetic-data-generator\src\main\java\com\graduation\generator\adapter\BehaviorCommand.java
FBD1D43E0C778A4DDF1F35ABA571A4F54A1F1BE04BB49643BE2D543AD1E469BB  synthetic-data-generator\src\main\java\com\graduation\generator\adapter\CancelCommand.java
1BA45F7C87A1DFD456DFD5EE94CC51F9790AA761B75B37F1BFF9CE650CF45CB3  synthetic-data-generator\src\main\java\com\graduation\generator\adapter\CapabilityVerdict.java
6E4D5546E383B9690E8EBCA65262945188D411CC6954BD2B8181FE460E02DE80  synthetic-data-generator\src\main\java\com\graduation\generator\adapter\ExternalOrder.java
0F0875CC75DB7C69404CDF145B57DEB91BD754FAC701D13ACA3F359110734FB3  synthetic-data-generator\src\main\java\com\graduation\generator\adapter\ExternalProduct.java
DEDD73509039B92D7FB812FD9F07D9EAA88523E0CD5AF9E704969621ED4E88E2  synthetic-data-generator\src\main\java\com\graduation\generator\adapter\ExternalRefund.java
C258E9D42CE088DEB495A06462DD9FF0F38622954F1705088D5E9BFD0D71ED8A  synthetic-data-generator\src\main\java\com\graduation\generator\adapter\ExternalUser.java
2D81C130DAF8FAF2EC3EE99BDADCD74544CC0790AC24CC9A570E303C467861F1  synthetic-data-generator\src\main\java\com\graduation\generator\adapter\FileModeTargetAdapter.java
E1234DA9CFC82447E1568A3522488183B7676926720F59CA2F471DEAAED05352  synthetic-data-generator\src\main\java\com\graduation\generator\adapter\MallCapability.java
3A6B43FFFA0741B1A15240E57002AC210A918DA4D7E4E159510E78D5E559DFFC  synthetic-data-generator\src\main\java\com\graduation\generator\adapter\MallOperationException.java
AD5D983781D53317F1BB97B08CB1DFF0B96805832C0AF95F865F2044694484B5  synthetic-data-generator\src\main\java\com\graduation\generator\adapter\MallTargetAdapter.java
BEA253B01B7826E4AB61330CA217BE7930FF7A836951BD8BBCDBA348F4EF2F04  synthetic-data-generator\src\main\java\com\graduation\generator\adapter\MallTargetAdapterRegistry.java
E9424BDBCF0FFD18E753EF08AAA9F6EC3A514A3D3780905D0CCB0423982D1338  synthetic-data-generator\src\main\java\com\graduation\generator\adapter\OrderCommand.java
9A1D7C48F81A23E64284A467A927E0763EE2A8793E42109EB96C153DDB7F830D  synthetic-data-generator\src\main\java\com\graduation\generator\adapter\PayCommand.java
BCE3F0E36FA1B315C2C88A4082CC25F5A92D812585141FA90693C361D730D8D9  synthetic-data-generator\src\main\java\com\graduation\generator\adapter\ProductPage.java
4354ECC69926D0DF53DE569125466064B5556BBBE5C99009B950B70752D95618  synthetic-data-generator\src\main\java\com\graduation\generator\adapter\ProductQuery.java
CE1E0E9C713C191B4B51EBDB955894520C4C39BF00624432582D62038B8E49D6  synthetic-data-generator\src\main\java\com\graduation\generator\adapter\ReferenceMallHttpAdapter.java
C253B6143D2BA744140391FEB80D410688F41F227595ED1887EA3FE752F2EAD5  synthetic-data-generator\src\main\java\com\graduation\generator\adapter\RefundCommand.java
B379F809F4E145E1B5EA8634F33602F972F6494EEEDCB65D1A387B6464271323  synthetic-data-generator\src\main\java\com\graduation\generator\adapter\SecondMallHttpAdapter.java
8F3878CE2E35A07FB7ABBB252BFF81FBDDCA2394A7ED1E70D8F670BDDA2288FD  synthetic-data-generator\src\main\java\com\graduation\generator\adapter\TargetCapabilities.java
EE3E29E1CA95D7EFC7F58369732C2106DBC84156AE3A33644159189B0567D0D8  synthetic-data-generator\src\main\java\com\graduation\generator\adapter\TargetCheckResult.java
5AE399926DE8F5E21D602236A549C18171C205A1A8A1F79EFE7F55587DF3D25F  synthetic-data-generator\src\main\java\com\graduation\generator\adapter\TargetConfig.java
B3545892BDDF9CB711E856489F04F2EE4C8BDD2347C0F5F2752305A90FC4FCB8  synthetic-data-generator\src\main\java\com\graduation\generator\adapter\TargetRoute.java
08770F38723A91468DE8C5963F8E183105396209E4EC93B1F4C25676D7B516C1  synthetic-data-generator\src\main\java\com\graduation\generator\adapter\UserCommand.java
DE6F8481B216BB72E34DDE6651D5FE79D17C309A1B566C45F2B9E20FD8B10747  synthetic-data-generator\src\main\java\com\graduation\generator\cli\GeneratorCli.java
92DF10823BF1B5EAE3843A110BBA90EC7D15288BF483EBEF32B08CA59F924DF1  synthetic-data-generator\src\main\java\com\graduation\generator\config\GeneratorBeans.java
9414F56733F0DA1B6DFF2DE38E6F0DCEFB1109C4A36C43145EF6490FEA4C61AF  synthetic-data-generator\src\main\java\com\graduation\generator\contract\Artifact.java
AEB463972D34AEF52E52D2E24075A9616143D72D94DF12A44ADE89DDAF09E296  synthetic-data-generator\src\main\java\com\graduation\generator\contract\ArtifactManifest.java
15825F2C6DF3989B7F1A43D0A3215909643E398D8E1A5FAA133E956FEC994382  synthetic-data-generator\src\main\java\com\graduation\generator\contract\CanonicalEvent.java
0F3BB2449F06B55E9F893CDC9339389A7BB35B1AADBE7203F0216F33A4F51341  synthetic-data-generator\src\main\java\com\graduation\generator\contract\CanonicalEventFactory.java
E34D092A7C360ECF374217EFD43DBFAE5E252D8E910782944889DA3BEC9727D5  synthetic-data-generator\src\main\java\com\graduation\generator\contract\CanonicalPayloads.java
7CECF281E244B9392CABE0DAAD4EF191BF885B1FC0875C8C896BA082652B9345  synthetic-data-generator\src\main\java\com\graduation\generator\contract\ContractEnums.java
4C48448CF22984DB28AE57EA4974A65A9F90149F94ABA20A0D97FCEDBFD7FBFA  synthetic-data-generator\src\main\java\com\graduation\generator\contract\ContractFormat.java
701A710977EEF8CD70E1225254C55C72010FB0DAC7188FE58F36CE43248D05AD  synthetic-data-generator\src\main\java\com\graduation\generator\contract\EventSink.java
5935B9D972518625A76DFD5FC78A1D4776C075571F10F6BE4E11414C5331B3E5  synthetic-data-generator\src\main\java\com\graduation\generator\contract\EventTypes.java
B37EC2C51346CE0096B0EFCE3EC2F7BC7FEF4546F5AA141BE929005141CFCDC8  synthetic-data-generator\src\main\java\com\graduation\generator\contract\JsonlEventSink.java
AEB96342189AD12BE7D3A5FEF777F2412586C25E3436B321A2A2B69A9E262188  synthetic-data-generator\src\main\java\com\graduation\generator\core\BehaviorChain.java
C952FF1D1D52AFFD5AE4DCEF3C222D295D72D2B35162D0196D3D7DA457138EDC  synthetic-data-generator\src\main\java\com\graduation\generator\core\DirtySample.java
5D4D34233D37B7930D7F5E0B15B558D8DCE7CEBBB210624C1871E3EA8FB32502  synthetic-data-generator\src\main\java\com\graduation\generator\core\DistributionKit.java
624CFFC1953634FF7A844D03372CEE468D3CBEDE73D73CEB5AF8D3EF62CBBC5F  synthetic-data-generator\src\main\java\com\graduation\generator\core\ExpectedEffect.java
AD3D34D0F74DF5C5D8760AD184B307391FE07547B419267CF8EA64A5BDC50B31  synthetic-data-generator\src\main\java\com\graduation\generator\core\GenerationFactors.java
1A7384CD506EB71DA587DCA6A644F7FE7954A40F9CA5BFA832BBD452F21555F9  synthetic-data-generator\src\main\java\com\graduation\generator\core\GenerationResult.java
23EB14CE959C54A441F2D77293C5DB603844C9CA75BF7018A3892DE20DDB1F45  synthetic-data-generator\src\main\java\com\graduation\generator\core\GeneratorConfig.java
EE0A77DBC1F4A0D9AF0BB8CBB9ED8CD6644CDA7A72E09CD6B42C886B159A7EB1  synthetic-data-generator\src\main\java\com\graduation\generator\core\GeneratorDtos.java
625628396FB3B9E814A1CB70A59856CCFD2D86A5B29BDC2C502E7DC134FF33FE  synthetic-data-generator\src\main\java\com\graduation\generator\core\HourlyTraffic.java
BC58695E7F42AE828DD5E349275477EFD841CB30C158CB1EA6EF68F4AB7B8C55  synthetic-data-generator\src\main\java\com\graduation\generator\core\ScenarioCode.java
25DD017FE9B22E6D4D382996A09C6A2A5ED45FD7BD351CD6A31F0CACD146FA86  synthetic-data-generator\src\main\java\com\graduation\generator\core\ScenarioRegistry.java
F95902F285C110BBD7D0D60289B806C4C8866534FE12582B20A5002772CAD09F  synthetic-data-generator\src\main\java\com\graduation\generator\core\ScenarioStrategy.java
BFF7F36CE6B06C0B7E508DBA93EF33D17BFA73A36E3F333A1C0FC9E595363A9E  synthetic-data-generator\src\main\java\com\graduation\generator\engine\EngineOutcome.java
7D48F3C4F0CA7F3518BA90A03E862FA733736D899B3956DE800F15D8769428D1  synthetic-data-generator\src\main\java\com\graduation\generator\engine\EventStatsRecorder.java
6C2E3D0B53B0C5E553C8E799999BFC7F2A987D9CDDDE45CCF733A4EE74E2C3A3  synthetic-data-generator\src\main\java\com\graduation\generator\engine\EventTypeStat.java
F2A4C23D44B0E9588D770A1843528134A279DFC17D5411F53CDD8A95BF279804  synthetic-data-generator\src\main\java\com\graduation\generator\engine\FileModeGenerationEngine.java
C471FA2E7A7C6A63363C600D7536137F33798FDD1520C95C9A4C60E183E002DD  synthetic-data-generator\src\main\java\com\graduation\generator\engine\GenerationEngine.java
AF2E78EFE7C3C540A2067B76C5AFAD4A77F33FF4AD7FC950935A11F6FC245128  synthetic-data-generator\src\main\java\com\graduation\generator\engine\GenerationRequest.java
F784AD69203539F78D8F255CD7851EC5CAB3CB4BDE09CDD31F8E8FB2CF98FD72  synthetic-data-generator\src\main\java\com\graduation\generator\engine\MallApiDispatchSink.java
04F9DB84F6B5951202B1CF34F518A5E87A368A418F842E9195ACBE316FDD1154  synthetic-data-generator\src\main\java\com\graduation\generator\engine\MallApiGenerationEngine.java
0CFA28FDD08696B7715EAE621B24650235D7983640E282B090F49B15F319DC55  synthetic-data-generator\src\main\java\com\graduation\generator\engine\MallDispatchPlan.java
A65110074D94F1655B7A4672A65C398EC5BD7FF90A3E9B10F313E4FA489769A8  synthetic-data-generator\src\main\java\com\graduation\generator\engine\OperationJournal.java
0B775B02E35928AE3EDB1CD8D231AEBF02203E77830C7E019D4B9B496AAF6A25  synthetic-data-generator\src\main\java\com\graduation\generator\engine\OperationJournalEntry.java
0EA24EB05F4909587C894BCF975CE497AD71927F010A1C2EFC0B9E52863312E4  synthetic-data-generator\src\main\java\com\graduation\generator\meta\GeneratorMetaStore.java
0AE6C1628F81F41D0BBD7F5E3F1B5C91905BC8B71D2C525A7428E8F809BBCF30  synthetic-data-generator\src\main\java\com\graduation\generator\meta\RunStatus.java
8FB47B2C3A1EFEA748537529727C4521CBABCF4E417B6DB7731C254EF8B2A018  synthetic-data-generator\src\main\java\com\graduation\generator\report\RunReport.java
FB408DEF304D8E465DC8F31130F5DFDD56E4D3ACBB02B969550D78DB014C3B1C  synthetic-data-generator\src\main\java\com\graduation\generator\service\GenerationRunService.java
61C58E7B3783AEC6AE9A2D1CE82D4F41EFA64E01546E816AEDC23CEA99010881  synthetic-data-generator\src\main\java\com\graduation\generator\service\TargetProbeService.java
A481B5AFCC9225C8DD0BAE5A3AEBBE50DA505EAD47694A1C3382FF9E1D81DC67  synthetic-data-generator\src\main\java\com\graduation\generator\web\ApiExceptionHandler.java
1EDB2F594364B46CE7DFBBEA22C76DEE221EA1843B984AEFA9FD92F4146A191E  synthetic-data-generator\src\main\java\com\graduation\generator\web\GenerationRunController.java
E30F7B1999176DC1D8F79A9DE5D755B4A351A0F3BD599B4E53E6EB0D8D30C765  synthetic-data-generator\src\main\java\com\graduation\generator\web\ScenarioController.java
F245EF331F9E40F8BD631BC54E5849C79489E3E1263940BC6ED8D1AC58815B92  synthetic-data-generator\src\main\java\com\graduation\generator\web\TargetController.java
726111B925698E20F6929DCF778B1965A18569546877034416628A2A8BDA8963  synthetic-data-generator\src\main\java\com\graduation\generator\web\dto\GeneratorApiDtos.java
2CE64E7099C01D1C7FB580012DB144116683EAF07216FDFC05916F819D08763C  synthetic-data-generator\src\main\resources\application.yml
F792EE0D527E3008FF574AF2CDA170B39B48B88C5334F5576029F10725DBB345  synthetic-data-generator\src\main\resources\db\generator\V1__generator_meta.sql
8877A64CFA896DDA773E9441F7A7464FDBEA65BE02A6BD21EDD89A9AC74D4B4B  synthetic-data-generator\src\test\java\com\graduation\generator\adapter\MallTargetAdapterOperationsTest.java
0D2B67F88EF86B3A5B8681877AB29AD3EEBB3F4E3624A140033AED1510B07507  synthetic-data-generator\src\test\java\com\graduation\generator\adapter\MallTargetAdapterRegistryTest.java
24D2639256D7928BAF9877D8F2DEFF14FC317774B9490BABD2F7073CC9A403F4  synthetic-data-generator\src\test\java\com\graduation\generator\adapter\ReferenceMallHttpAdapterTest.java
F34EBDBC91F12D437AAD94D9FE884D1A8DC356F2D56E0835AD781E35F3FC9456  synthetic-data-generator\src\test\java\com\graduation\generator\adapter\SecondMallAdapterOperationsTest.java
5FA3CC2AA5634F34515178153B57701394F20AD490F540BF901BAD47D38F660E  synthetic-data-generator\src\test\java\com\graduation\generator\boundary\GeneratorBoundarySourcePolicyTest.java
00110D35A6C1A6AF7A47C6853887FAE551D29AB908AD38851F6AF5052BF70AB4  synthetic-data-generator\src\test\java\com\graduation\generator\contract\GeneratorContractParityTest.java
D6F645F446EF5AACC261C086DFB7F88E0BFF947F9C4BA66C877CA3BE26893145  synthetic-data-generator\src\test\java\com\graduation\generator\contract\JsonlEventSinkTest.java
D0B23D715B360EA96B2694CF0C0532B2EDFDB2A81519E2F674248A2D380D0F76  synthetic-data-generator\src\test\java\com\graduation\generator\core\BehaviorChainTest.java
7340D56E60A3862E5F7BC96CEADBBA332F03219ABE87B6A6244AB215FD7A0F28  synthetic-data-generator\src\test\java\com\graduation\generator\core\DistributionKitTest.java
226CA445CB38BF239353D03A08A47DC03A844462D78F0645DD5B141017E9AC16  synthetic-data-generator\src\test\java\com\graduation\generator\core\GeneratorDeterminismTest.java
FE1DA1081671D36B814DCCE5B5D5BC857D4382DF1BC3638EA553F5804925C4CE  synthetic-data-generator\src\test\java\com\graduation\generator\core\ScenarioEffectTest.java
A0236CC8E46CFC12D6233AEDC77180FF29E3FAF868A4F2996F0B7C68260DC761  synthetic-data-generator\src\test\java\com\graduation\generator\core\ScenarioRegistryTest.java
562AC46647A84B408AEE4A2D5C11DC4BF0FD179948E5FDBC1390D1832BD105F7  synthetic-data-generator\src\test\java\com\graduation\generator\engine\FileModeGenerationEngineTest.java
D135CEFB4648CBF4351858DE8EA80E2F607B792C4F89440E4AAA2FF40795A656  synthetic-data-generator\src\test\java\com\graduation\generator\engine\MallApiGenerationEngineTest.java
D0B167203D3E8C8EF6642BEA1C5F764B251B1A493A3024B3052FA456CD84BE3F  synthetic-data-generator\src\test\java\com\graduation\generator\engine\SecondMallDualTargetTest.java
F9A7407F9DB974C39013331EC968888608F39AF8310EC96F67B2D4EFA3177248  synthetic-data-generator\src\test\java\com\graduation\generator\fixture\FakeMallServer.java
A62712AD129716B269CC7C28B4383D13C56F2634EEF490C05E83089C958F81CD  synthetic-data-generator\src\test\java\com\graduation\generator\fixture\SecondMallFakeServer.java
158A5E88F1C04B4D3E078B14959B59E78CBC060A6AE4650E333F8B25823AF73D  synthetic-data-generator\src\test\java\com\graduation\generator\meta\GeneratorMetaStoreTest.java
3EE67C2267F4AEED6191DE454B064BC5B394E61944D299CE902FD6F2B83C804F  synthetic-data-generator\src\test\java\com\graduation\generator\meta\RunStatusTest.java
0E34EF5861ADAFD2AB318582CAC88CC2898EFF31F09736B1421B9D03CB4B3CC2  synthetic-data-generator\src\test\java\com\graduation\generator\web\GeneratorApiSmokeTest.java
2009605306AC31216F31E53ADBBF9C7568F6473EE1ED4786F9457B88E93807AB  synthetic-data-generator\src\test\java\com\graduation\generator\web\MallApiGenerationSmokeTest.java
38CD871FCC1DDBC74955E6FAE93A5BD13EDA9F5AB3876068372430E079F92CE9  synthetic-data-generator\src\test\java\com\graduation\itguard\GeneratorIsolationTestConfig.java
A02BEC722B0CEF90905C68B2B8D3BDD9F8A0BDFE06B55659371D7B89730C25F2  synthetic-data-generator\src\test\java\com\graduation\itguard\IsolationGuard.java
4CAFBA4D63F0B4328A7AD974104CAE8B7DAACDC7FFDDFDE54273CBCD837C2880  synthetic-data-generator\src\test\resources\it-guard.local.properties
93A603827E2576C259AE4AD0528E1BA5CCE194779B1854CE43BBD21B01219A5A  mall-simulator\pom.xml
26C95D14654203705FB652F9100B56378CD1110C3C515355D10FC67237D1088E  synthetic-data-generator\pom.xml
