Picked up JAVA_TOOL_OPTIONS: -Dfile.encoding=UTF-8 -XX:+UseSerialGC
[INFO] Scanning for projects...
[INFO] 
[INFO] --------------< com.graduation:synthetic-data-generator >---------------
[INFO] Building synthetic-data-generator 0.1.0-SNAPSHOT
[INFO]   from pom.xml
[INFO] --------------------------------[ jar ]---------------------------------
[INFO] 
[INFO] --- resources:3.3.1:resources (default-resources) @ synthetic-data-generator ---
[INFO] Copying 1 resource from src\main\resources to target\classes
[INFO] Copying 1 resource from src\main\resources to target\classes
[INFO] 
[INFO] --- compiler:3.11.0:compile (default-compile) @ synthetic-data-generator ---
[INFO] Nothing to compile - all classes are up to date
[INFO] 
[INFO] --- resources:3.3.1:testResources (default-testResources) @ synthetic-data-generator ---
[INFO] skip non existing resourceDirectory D:\Develop_code\GraduationProject\synthetic-data-generator\src\test\resources
[INFO] 
[INFO] --- compiler:3.11.0:testCompile (default-testCompile) @ synthetic-data-generator ---
[INFO] Nothing to compile - all classes are up to date
[INFO] 
[INFO] --- surefire:3.1.2:test (default-test) @ synthetic-data-generator ---
[INFO] Using auto detected provider org.apache.maven.surefire.junitplatform.JUnitPlatformProvider
[INFO] 
[INFO] -------------------------------------------------------
[INFO]  T E S T S
[INFO] -------------------------------------------------------
Picked up JAVA_TOOL_OPTIONS: -Dfile.encoding=UTF-8 -XX:+UseSerialGC
[INFO] Running com.graduation.generator.adapter.MallTargetAdapterOperationsTest
[INFO] Tests run: 10, Failures: 0, Errors: 0, Skipped: 0, Time elapsed: 0.608 s -- in com.graduation.generator.adapter.MallTargetAdapterOperationsTest
[INFO] Running com.graduation.generator.adapter.MallTargetAdapterRegistryTest
[INFO] Tests run: 4, Failures: 0, Errors: 0, Skipped: 0, Time elapsed: 0.006 s -- in com.graduation.generator.adapter.MallTargetAdapterRegistryTest
[INFO] Running com.graduation.generator.adapter.ReferenceMallHttpAdapterTest
10:43:55.049 [main] INFO com.graduation.generator.adapter.ReferenceMallHttpAdapter -- 目标能力探测完成：id=42 {PRODUCT=SUPPORTED, USER=SUPPORTED, ORDER=SUPPORTED, REFUND=ABSENT, BEHAVIOR=UNDETERMINED, RESET_STATE=UNDETERMINED, ADMIN=SUPPORTED}
10:43:55.075 [main] INFO com.graduation.generator.adapter.ReferenceMallHttpAdapter -- 目标能力探测完成：id=42 {PRODUCT=SUPPORTED, USER=SUPPORTED, ORDER=SUPPORTED, REFUND=SUPPORTED, BEHAVIOR=ABSENT, RESET_STATE=SUPPORTED, ADMIN=SUPPORTED}
10:43:55.095 [main] INFO com.graduation.generator.adapter.ReferenceMallHttpAdapter -- 目标能力探测完成：id=42 {PRODUCT=SUPPORTED, USER=SUPPORTED, ORDER=SUPPORTED, REFUND=SUPPORTED, BEHAVIOR=UNDETERMINED, RESET_STATE=UNDETERMINED, ADMIN=SUPPORTED}
10:43:55.113 [main] INFO com.graduation.generator.adapter.ReferenceMallHttpAdapter -- 目标能力探测完成：id=42 {PRODUCT=SUPPORTED, USER=SUPPORTED, ORDER=SUPPORTED, REFUND=SUPPORTED, BEHAVIOR=UNDETERMINED, RESET_STATE=UNDETERMINED, ADMIN=SUPPORTED}
10:43:55.131 [main] INFO com.graduation.generator.adapter.ReferenceMallHttpAdapter -- 目标能力探测完成：id=42 {PRODUCT=SUPPORTED, USER=SUPPORTED, ORDER=SUPPORTED, REFUND=SUPPORTED, BEHAVIOR=UNDETERMINED, RESET_STATE=UNDETERMINED, ADMIN=UNDETERMINED}
10:43:55.151 [main] INFO com.graduation.generator.adapter.ReferenceMallHttpAdapter -- 目标能力探测完成：id=42 {PRODUCT=SUPPORTED, USER=SUPPORTED, ORDER=SUPPORTED, REFUND=SUPPORTED, BEHAVIOR=SUPPORTED, RESET_STATE=SUPPORTED, ADMIN=SUPPORTED}
10:43:55.167 [main] WARN com.graduation.generator.adapter.ReferenceMallHttpAdapter -- 目标能力探测失败：id=42 无法连接 http://127.0.0.1:1574（ConnectException: null）
10:43:55.185 [main] INFO com.graduation.generator.adapter.ReferenceMallHttpAdapter -- 目标能力探测完成：id=42 {PRODUCT=SUPPORTED, USER=SUPPORTED, ORDER=SUPPORTED, REFUND=SUPPORTED, BEHAVIOR=UNDETERMINED, RESET_STATE=UNDETERMINED, ADMIN=SUPPORTED}
[INFO] Tests run: 8, Failures: 0, Errors: 0, Skipped: 0, Time elapsed: 0.166 s -- in com.graduation.generator.adapter.ReferenceMallHttpAdapterTest
[INFO] Running com.graduation.generator.boundary.GeneratorBoundarySourcePolicyTest
[INFO] Tests run: 4, Failures: 0, Errors: 0, Skipped: 0, Time elapsed: 0.098 s -- in com.graduation.generator.boundary.GeneratorBoundarySourcePolicyTest
[INFO] Running com.graduation.generator.contract.GeneratorContractParityTest
[INFO] Tests run: 7, Failures: 0, Errors: 0, Skipped: 0, Time elapsed: 0.040 s -- in com.graduation.generator.contract.GeneratorContractParityTest
[INFO] Running com.graduation.generator.contract.JsonlEventSinkTest
[INFO] Tests run: 5, Failures: 0, Errors: 0, Skipped: 0, Time elapsed: 0.108 s -- in com.graduation.generator.contract.JsonlEventSinkTest
[INFO] Running com.graduation.generator.core.BehaviorChainTest
[INFO] Tests run: 4, Failures: 0, Errors: 0, Skipped: 0, Time elapsed: 0.003 s -- in com.graduation.generator.core.BehaviorChainTest
[INFO] Running com.graduation.generator.core.DistributionKitTest
[INFO] Tests run: 4, Failures: 0, Errors: 0, Skipped: 0, Time elapsed: 0.007 s -- in com.graduation.generator.core.DistributionKitTest
[INFO] Running com.graduation.generator.core.GeneratorDeterminismTest
[INFO] Tests run: 2, Failures: 0, Errors: 0, Skipped: 0, Time elapsed: 0.019 s -- in com.graduation.generator.core.GeneratorDeterminismTest
[INFO] Running com.graduation.generator.core.ScenarioEffectTest
[INFO] Tests run: 2, Failures: 0, Errors: 0, Skipped: 0, Time elapsed: 0.001 s -- in com.graduation.generator.core.ScenarioEffectTest
[INFO] Running com.graduation.generator.core.ScenarioRegistryTest
[INFO] Tests run: 2, Failures: 0, Errors: 0, Skipped: 0, Time elapsed: 0.001 s -- in com.graduation.generator.core.ScenarioRegistryTest
[INFO] Running com.graduation.generator.engine.FileModeGenerationEngineTest
[INFO] Tests run: 9, Failures: 0, Errors: 0, Skipped: 0, Time elapsed: 0.987 s -- in com.graduation.generator.engine.FileModeGenerationEngineTest
[INFO] Running com.graduation.generator.engine.MallApiGenerationEngineTest
[INFO] Tests run: 14, Failures: 0, Errors: 0, Skipped: 0, Time elapsed: 5.887 s -- in com.graduation.generator.engine.MallApiGenerationEngineTest
[INFO] Running com.graduation.generator.meta.GeneratorMetaStoreTest
[INFO] Tests run: 5, Failures: 0, Errors: 0, Skipped: 0, Time elapsed: 0.490 s -- in com.graduation.generator.meta.GeneratorMetaStoreTest
[INFO] Running com.graduation.generator.meta.RunStatusTest
[INFO] Tests run: 4, Failures: 0, Errors: 0, Skipped: 0, Time elapsed: 0.003 s -- in com.graduation.generator.meta.RunStatusTest
[INFO] Running com.graduation.generator.web.GeneratorApiSmokeTest
10:44:02.902 [main] INFO org.springframework.test.context.support.AnnotationConfigContextLoaderUtils -- Could not detect default configuration classes for test class [com.graduation.generator.web.GeneratorApiSmokeTest]: GeneratorApiSmokeTest does not declare any static, non-private, non-final, nested classes annotated with @Configuration.
10:44:02.995 [main] INFO org.springframework.boot.test.context.SpringBootTestContextBootstrapper -- Found @SpringBootConfiguration com.graduation.generator.GeneratorApplication for test class com.graduation.generator.web.GeneratorApiSmokeTest

  .   ____          _            __ _ _
 /\\ / ___'_ __ _ _(_)_ __  __ _ \ \ \ \
( ( )\___ | '_ | '_| | '_ \/ _` | \ \ \ \
 \\/  ___)| |_)| | | | | || (_| |  ) ) ) )
  '  |____| .__|_| |_|_| |_\__, | / / / /
 =========|_|==============|___/=/_/_/_/
 :: Spring Boot ::                (v3.2.5)

2026-09-12T10:44:03.442+08:00  INFO 47112 --- [synthetic-data-generator] [           main] c.g.generator.web.GeneratorApiSmokeTest  : Starting GeneratorApiSmokeTest using Java 17.0.12 with PID 47112 (started by ASUS in D:\Develop_code\GraduationProject\synthetic-data-generator)
2026-09-12T10:44:03.443+08:00  INFO 47112 --- [synthetic-data-generator] [           main] c.g.generator.web.GeneratorApiSmokeTest  : No active profile set, falling back to 1 default profile: "default"
2026-09-12T10:44:04.515+08:00  INFO 47112 --- [synthetic-data-generator] [           main] o.s.b.w.embedded.tomcat.TomcatWebServer  : Tomcat initialized with port 0 (http)
2026-09-12T10:44:04.522+08:00  INFO 47112 --- [synthetic-data-generator] [           main] o.a.catalina.core.AprLifecycleListener   : Loaded Apache Tomcat Native library [2.0.14] using APR version [1.7.6].
2026-09-12T10:44:04.525+08:00  INFO 47112 --- [synthetic-data-generator] [           main] o.a.catalina.core.AprLifecycleListener   : OpenSSL successfully initialized [OpenSSL 3.5.5 27 Jan 2026]
2026-09-12T10:44:04.540+08:00  INFO 47112 --- [synthetic-data-generator] [           main] o.apache.catalina.core.StandardService   : Starting service [Tomcat]
2026-09-12T10:44:04.541+08:00  INFO 47112 --- [synthetic-data-generator] [           main] o.apache.catalina.core.StandardEngine    : Starting Servlet engine: [Apache Tomcat/10.1.20]
2026-09-12T10:44:04.621+08:00  INFO 47112 --- [synthetic-data-generator] [           main] o.a.c.c.C.[Tomcat].[localhost].[/]       : Initializing Spring embedded WebApplicationContext
2026-09-12T10:44:04.621+08:00  INFO 47112 --- [synthetic-data-generator] [           main] w.s.c.ServletWebServerApplicationContext : Root WebApplicationContext: initialization completed in 1167 ms
2026-09-12T10:44:04.782+08:00  INFO 47112 --- [synthetic-data-generator] [           main] com.zaxxer.hikari.HikariDataSource       : HikariPool-1 - Starting...
2026-09-12T10:44:04.828+08:00  INFO 47112 --- [synthetic-data-generator] [           main] com.zaxxer.hikari.pool.HikariPool        : HikariPool-1 - Added connection com.mysql.cj.jdbc.ConnectionImpl@6071631f
2026-09-12T10:44:04.831+08:00  INFO 47112 --- [synthetic-data-generator] [           main] com.zaxxer.hikari.HikariDataSource       : HikariPool-1 - Start completed.
2026-09-12T10:44:04.961+08:00  INFO 47112 --- [synthetic-data-generator] [           main] o.f.c.internal.license.VersionPrinter    : Flyway Community Edition 9.22.3 by Redgate
2026-09-12T10:44:04.961+08:00  INFO 47112 --- [synthetic-data-generator] [           main] o.f.c.internal.license.VersionPrinter    : See release notes here: https://rd.gt/416ObMi
2026-09-12T10:44:04.961+08:00  INFO 47112 --- [synthetic-data-generator] [           main] o.f.c.internal.license.VersionPrinter    : 
2026-09-12T10:44:04.987+08:00  INFO 47112 --- [synthetic-data-generator] [           main] org.flywaydb.core.FlywayExecutor         : Database: jdbc:mysql://127.0.0.1:3306/generator_meta (MySQL 8.0)
2026-09-12T10:44:05.022+08:00  INFO 47112 --- [synthetic-data-generator] [           main] o.f.core.internal.command.DbValidate     : Successfully validated 1 migration (execution time 00:00.022s)
2026-09-12T10:44:05.036+08:00  INFO 47112 --- [synthetic-data-generator] [           main] o.f.core.internal.command.DbMigrate      : Current version of schema `generator_meta`: 1
2026-09-12T10:44:05.038+08:00  INFO 47112 --- [synthetic-data-generator] [           main] o.f.core.internal.command.DbMigrate      : Schema `generator_meta` is up to date. No migration necessary.
2026-09-12T10:44:05.916+08:00  INFO 47112 --- [synthetic-data-generator] [           main] o.s.b.w.embedded.tomcat.TomcatWebServer  : Tomcat started on port 3896 (http) with context path ''
2026-09-12T10:44:05.926+08:00  INFO 47112 --- [synthetic-data-generator] [           main] c.g.generator.web.GeneratorApiSmokeTest  : Started GeneratorApiSmokeTest in 2.824 seconds (process running for 11.968)
Java HotSpot(TM) 64-Bit Server VM warning: Sharing is only supported for boot loader classes because bootstrap classpath has been appended
2026-09-12T10:44:06.918+08:00  INFO 47112 --- [synthetic-data-generator] [o-auto-1-exec-1] o.a.c.c.C.[Tomcat].[localhost].[/]       : Initializing Spring DispatcherServlet 'dispatcherServlet'
2026-09-12T10:44:06.918+08:00  INFO 47112 --- [synthetic-data-generator] [o-auto-1-exec-1] o.s.web.servlet.DispatcherServlet        : Initializing Servlet 'dispatcherServlet'
2026-09-12T10:44:06.918+08:00  INFO 47112 --- [synthetic-data-generator] [o-auto-1-exec-1] o.s.web.servlet.DispatcherServlet        : Completed initialization in 0 ms
2026-09-12T10:44:06.986+08:00  WARN 47112 --- [synthetic-data-generator] [o-auto-1-exec-3] c.g.generator.web.ApiExceptionHandler    : 唯一键冲突：Duplicate entry 'it-file-target-e38b79' for key 'generator_target.uk_generator_target_name'
2026-09-12T10:44:07.101+08:00  WARN 47112 --- [synthetic-data-generator] [o-auto-1-exec-2] c.g.generator.web.ApiExceptionHandler    : 请求了尚未实现的能力：模式 SOME_UNKNOWN_MODE 未实现：本服务只支持 CANONICAL_EVENT_FILE 与 MALL_API
2026-09-12T10:44:07.135+08:00  INFO 47112 --- [synthetic-data-generator] [o-auto-1-exec-5] c.g.g.service.GenerationRunService       : 生成运行已入队：runId=it-s3b-f8313fc1-v1-20260912-104407-9fc2 plan=it-s3b-f8313fc1 v1 mode=CANONICAL_EVENT_FILE scenario=normal eventCount=200
2026-09-12T10:44:07.192+08:00  INFO 47112 --- [synthetic-data-generator] [  generator-run] c.g.g.service.GenerationRunService       : 生成运行收口：runId=it-s3b-f8313fc1-v1-20260912-104407-9fc2 status=SUCCESS success=200 failed=0 artifacts=2 manifestRecords=200
[INFO] Tests run: 5, Failures: 0, Errors: 0, Skipped: 0, Time elapsed: 4.533 s -- in com.graduation.generator.web.GeneratorApiSmokeTest
[INFO] Running com.graduation.generator.web.MallApiGenerationSmokeTest
2026-09-12T10:44:07.393+08:00  INFO 47112 --- [synthetic-data-generator] [           main] t.c.s.AnnotationConfigContextLoaderUtils : Could not detect default configuration classes for test class [com.graduation.generator.web.MallApiGenerationSmokeTest]: MallApiGenerationSmokeTest does not declare any static, non-private, non-final, nested classes annotated with @Configuration.
2026-09-12T10:44:07.393+08:00  INFO 47112 --- [synthetic-data-generator] [           main] .b.t.c.SpringBootTestContextBootstrapper : Found @SpringBootConfiguration com.graduation.generator.GeneratorApplication for test class com.graduation.generator.web.MallApiGenerationSmokeTest

  .   ____          _            __ _ _
 /\\ / ___'_ __ _ _(_)_ __  __ _ \ \ \ \
( ( )\___ | '_ | '_| | '_ \/ _` | \ \ \ \
 \\/  ___)| |_)| | | | | || (_| |  ) ) ) )
  '  |____| .__|_| |_|_| |_\__, | / / / /
 =========|_|==============|___/=/_/_/_/
 :: Spring Boot ::                (v3.2.5)

2026-09-12T10:44:07.409+08:00  INFO 47112 --- [synthetic-data-generator] [           main] c.g.g.web.MallApiGenerationSmokeTest     : Starting MallApiGenerationSmokeTest using Java 17.0.12 with PID 47112 (started by ASUS in D:\Develop_code\GraduationProject\synthetic-data-generator)
2026-09-12T10:44:07.409+08:00  INFO 47112 --- [synthetic-data-generator] [           main] c.g.g.web.MallApiGenerationSmokeTest     : No active profile set, falling back to 1 default profile: "default"
2026-09-12T10:44:07.547+08:00  INFO 47112 --- [synthetic-data-generator] [           main] o.s.b.w.embedded.tomcat.TomcatWebServer  : Tomcat initialized with port 0 (http)
2026-09-12T10:44:07.548+08:00  INFO 47112 --- [synthetic-data-generator] [           main] o.apache.catalina.core.StandardService   : Starting service [Tomcat]
2026-09-12T10:44:07.549+08:00  INFO 47112 --- [synthetic-data-generator] [           main] o.apache.catalina.core.StandardEngine    : Starting Servlet engine: [Apache Tomcat/10.1.20]
2026-09-12T10:44:07.559+08:00  INFO 47112 --- [synthetic-data-generator] [           main] o.a.c.c.C.[Tomcat-1].[localhost].[/]     : Initializing Spring embedded WebApplicationContext
2026-09-12T10:44:07.559+08:00  INFO 47112 --- [synthetic-data-generator] [           main] w.s.c.ServletWebServerApplicationContext : Root WebApplicationContext: initialization completed in 149 ms
2026-09-12T10:44:07.582+08:00  INFO 47112 --- [synthetic-data-generator] [           main] com.zaxxer.hikari.HikariDataSource       : HikariPool-2 - Starting...
2026-09-12T10:44:07.587+08:00  INFO 47112 --- [synthetic-data-generator] [           main] com.zaxxer.hikari.pool.HikariPool        : HikariPool-2 - Added connection com.mysql.cj.jdbc.ConnectionImpl@21262bde
2026-09-12T10:44:07.588+08:00  INFO 47112 --- [synthetic-data-generator] [           main] com.zaxxer.hikari.HikariDataSource       : HikariPool-2 - Start completed.
2026-09-12T10:44:07.596+08:00  INFO 47112 --- [synthetic-data-generator] [           main] org.flywaydb.core.FlywayExecutor         : Database: jdbc:mysql://127.0.0.1:3306/generator_meta (MySQL 8.0)
2026-09-12T10:44:07.608+08:00  INFO 47112 --- [synthetic-data-generator] [           main] o.f.core.internal.command.DbValidate     : Successfully validated 1 migration (execution time 00:00.006s)
2026-09-12T10:44:07.616+08:00  INFO 47112 --- [synthetic-data-generator] [           main] o.f.core.internal.command.DbMigrate      : Current version of schema `generator_meta`: 1
2026-09-12T10:44:07.616+08:00  INFO 47112 --- [synthetic-data-generator] [           main] o.f.core.internal.command.DbMigrate      : Schema `generator_meta` is up to date. No migration necessary.
2026-09-12T10:44:07.708+08:00  INFO 47112 --- [synthetic-data-generator] [           main] o.s.b.w.embedded.tomcat.TomcatWebServer  : Tomcat started on port 3912 (http) with context path ''
2026-09-12T10:44:07.716+08:00  INFO 47112 --- [synthetic-data-generator] [           main] c.g.g.web.MallApiGenerationSmokeTest     : Started MallApiGenerationSmokeTest in 0.321 seconds (process running for 13.758)
2026-09-12T10:44:07.726+08:00  INFO 47112 --- [synthetic-data-generator] [o-auto-2-exec-1] o.a.c.c.C.[Tomcat-1].[localhost].[/]     : Initializing Spring DispatcherServlet 'dispatcherServlet'
2026-09-12T10:44:07.726+08:00  INFO 47112 --- [synthetic-data-generator] [o-auto-2-exec-1] o.s.web.servlet.DispatcherServlet        : Initializing Servlet 'dispatcherServlet'
2026-09-12T10:44:07.726+08:00  INFO 47112 --- [synthetic-data-generator] [o-auto-2-exec-1] o.s.web.servlet.DispatcherServlet        : Completed initialization in 0 ms
2026-09-12T10:44:07.792+08:00  INFO 47112 --- [synthetic-data-generator] [o-auto-2-exec-4] c.g.g.service.GenerationRunService       : 生成运行已入队：runId=it-s4b-6c6c8e2e-v1-20260912-104407-818a plan=it-s4b-6c6c8e2e v1 mode=MALL_API scenario=normal eventCount=60
2026-09-12T10:44:07.922+08:00 ERROR 47112 --- [synthetic-data-generator] [  generator-run] c.g.g.service.GenerationRunService       : 生成运行失败：runId=it-s4b-6c6c8e2e-v1-20260912-104407-818a code=RUN_FAILED

com.graduation.generator.adapter.MallOperationException: [runForTarget] 运行中有 39 次商城操作被真实拒绝（已写入规范流 21 条）：createOrder → [createOrder] 商城拒绝：http://127.0.0.1:3918 → HTTP 400 code=INSUFFICIENT_STOCK message=库存不足: 910000000000000002。商城侧不回滚，已成功的写操作真实存在；请清理后再重跑，或调小 event_count 让订单量落在库存可承受范围内
	at com.graduation.generator.engine.MallApiGenerationEngine.runForTarget(MallApiGenerationEngine.java:126) ~[classes/:na]
	at com.graduation.generator.service.GenerationRunService.execute(GenerationRunService.java:310) ~[classes/:na]
	at com.graduation.generator.service.GenerationRunService.lambda$start$2(GenerationRunService.java:152) ~[classes/:na]
	at java.base/java.util.concurrent.Executors$RunnableAdapter.call(Executors.java:539) ~[na:na]
	at java.base/java.util.concurrent.FutureTask.run(FutureTask.java:264) ~[na:na]
	at java.base/java.util.concurrent.ThreadPoolExecutor.runWorker(ThreadPoolExecutor.java:1136) ~[na:na]
	at java.base/java.util.concurrent.ThreadPoolExecutor$Worker.run(ThreadPoolExecutor.java:635) ~[na:na]
	at java.base/java.lang.Thread.run(Thread.java:842) ~[na:na]

2026-09-12T10:44:07.959+08:00  INFO 47112 --- [synthetic-data-generator] [  generator-run] c.g.g.service.GenerationRunService       : 生成运行收口：runId=it-s4b-6c6c8e2e-v1-20260912-104407-818a status=FAILED success=21 failed=0 artifacts=2 manifestRecords=21
2026-09-12T10:44:08.145+08:00  INFO 47112 --- [synthetic-data-generator] [o-auto-2-exec-4] c.g.g.service.GenerationRunService       : 生成运行已入队：runId=it-s4b-91a3a931-v1-20260912-104408-2bf3 plan=it-s4b-91a3a931 v1 mode=MALL_API scenario=normal eventCount=1000
2026-09-12T10:44:10.213+08:00  INFO 47112 --- [synthetic-data-generator] [  generator-run] c.g.g.service.GenerationRunService       : 生成运行收口：runId=it-s4b-91a3a931-v1-20260912-104408-2bf3 status=SUCCESS success=1000 failed=0 artifacts=2 manifestRecords=1000
[INFO] Tests run: 8, Failures: 0, Errors: 0, Skipped: 0, Time elapsed: 3.038 s -- in com.graduation.generator.web.MallApiGenerationSmokeTest
[INFO] 
[INFO] Results:
[INFO] 
[INFO] Tests run: 97, Failures: 0, Errors: 0, Skipped: 0
[INFO] 
[INFO] ------------------------------------------------------------------------
[INFO] BUILD SUCCESS
[INFO] ------------------------------------------------------------------------
[INFO] Total time:  18.446 s
[INFO] Finished at: 2026-09-12T10:44:11+08:00
[INFO] ------------------------------------------------------------------------
