Picked up JAVA_TOOL_OPTIONS: -Dfile.encoding=UTF-8 -XX:+UseSerialGC
[INFO] Scanning for projects...
[INFO] 
[INFO] --------------< com.graduation:synthetic-data-generator >---------------
[INFO] Building synthetic-data-generator 0.1.0-SNAPSHOT
[INFO]   from pom.xml
[INFO] --------------------------------[ jar ]---------------------------------
[INFO] 
[INFO] --- resources:3.3.1:resources (default-resources) @ synthetic-data-generator ---
[INFO] Copying 1 resource from src\main\resources to target\classes
[INFO] Copying 1 resource from src\main\resources to target\classes
[INFO] 
[INFO] --- compiler:3.11.0:compile (default-compile) @ synthetic-data-generator ---
[INFO] Nothing to compile - all classes are up to date
[INFO] 
[INFO] --- resources:3.3.1:testResources (default-testResources) @ synthetic-data-generator ---
[INFO] skip non existing resourceDirectory D:\Develop_code\GraduationProject\synthetic-data-generator\src\test\resources
[INFO] 
[INFO] --- compiler:3.11.0:testCompile (default-testCompile) @ synthetic-data-generator ---
[INFO] Nothing to compile - all classes are up to date
[INFO] 
[INFO] --- surefire:3.1.2:test (default-test) @ synthetic-data-generator ---
[WARNING] useSystemClassLoader setting has no effect when not forking
[WARNING] The parameter forkCount should likely not be 0. Forking a JVM for tests improves test accuracy. Ensure to have a <forkCount> >= 1.
[INFO] Using auto detected provider org.apache.maven.surefire.junitplatform.JUnitPlatformProvider
[INFO] Running com.graduation.generator.adapter.MallTargetAdapterOperationsTest
[INFO] Tests run: 10, Failures: 0, Errors: 0, Skipped: 0, Time elapsed: 0.412 s -- in com.graduation.generator.adapter.MallTargetAdapterOperationsTest
[INFO] Running com.graduation.generator.adapter.MallTargetAdapterRegistryTest
[INFO] Tests run: 4, Failures: 0, Errors: 0, Skipped: 0, Time elapsed: 0.004 s -- in com.graduation.generator.adapter.MallTargetAdapterRegistryTest
[INFO] Running com.graduation.generator.adapter.ReferenceMallHttpAdapterTest
10:42:59.386 [main] INFO com.graduation.generator.adapter.ReferenceMallHttpAdapter -- 目标能力探测完成：id=42 {PRODUCT=SUPPORTED, USER=SUPPORTED, ORDER=SUPPORTED, REFUND=ABSENT, BEHAVIOR=UNDETERMINED, RESET_STATE=UNDETERMINED, ADMIN=SUPPORTED}
10:42:59.410 [main] INFO com.graduation.generator.adapter.ReferenceMallHttpAdapter -- 目标能力探测完成：id=42 {PRODUCT=SUPPORTED, USER=SUPPORTED, ORDER=SUPPORTED, REFUND=SUPPORTED, BEHAVIOR=ABSENT, RESET_STATE=SUPPORTED, ADMIN=SUPPORTED}
10:42:59.429 [main] INFO com.graduation.generator.adapter.ReferenceMallHttpAdapter -- 目标能力探测完成：id=42 {PRODUCT=SUPPORTED, USER=SUPPORTED, ORDER=SUPPORTED, REFUND=SUPPORTED, BEHAVIOR=UNDETERMINED, RESET_STATE=UNDETERMINED, ADMIN=SUPPORTED}
10:42:59.446 [main] INFO com.graduation.generator.adapter.ReferenceMallHttpAdapter -- 目标能力探测完成：id=42 {PRODUCT=SUPPORTED, USER=SUPPORTED, ORDER=SUPPORTED, REFUND=SUPPORTED, BEHAVIOR=UNDETERMINED, RESET_STATE=UNDETERMINED, ADMIN=SUPPORTED}
10:42:59.463 [main] INFO com.graduation.generator.adapter.ReferenceMallHttpAdapter -- 目标能力探测完成：id=42 {PRODUCT=SUPPORTED, USER=SUPPORTED, ORDER=SUPPORTED, REFUND=SUPPORTED, BEHAVIOR=UNDETERMINED, RESET_STATE=UNDETERMINED, ADMIN=UNDETERMINED}
10:42:59.479 [main] INFO com.graduation.generator.adapter.ReferenceMallHttpAdapter -- 目标能力探测完成：id=42 {PRODUCT=SUPPORTED, USER=SUPPORTED, ORDER=SUPPORTED, REFUND=SUPPORTED, BEHAVIOR=SUPPORTED, RESET_STATE=SUPPORTED, ADMIN=SUPPORTED}
10:42:59.504 [main] WARN com.graduation.generator.adapter.ReferenceMallHttpAdapter -- 目标能力探测失败：id=42 无法连接 http://127.0.0.1:12441（ConnectException: null）
10:42:59.520 [main] INFO com.graduation.generator.adapter.ReferenceMallHttpAdapter -- 目标能力探测完成：id=42 {PRODUCT=SUPPORTED, USER=SUPPORTED, ORDER=SUPPORTED, REFUND=SUPPORTED, BEHAVIOR=UNDETERMINED, RESET_STATE=UNDETERMINED, ADMIN=SUPPORTED}
[INFO] Tests run: 8, Failures: 0, Errors: 0, Skipped: 0, Time elapsed: 0.153 s -- in com.graduation.generator.adapter.ReferenceMallHttpAdapterTest
[INFO] Running com.graduation.generator.boundary.GeneratorBoundarySourcePolicyTest
[ERROR] Tests run: 4, Failures: 3, Errors: 1, Skipped: 0, Time elapsed: 0.045 s <<< FAILURE! -- in com.graduation.generator.boundary.GeneratorBoundarySourcePolicyTest
[ERROR] com.graduation.generator.boundary.GeneratorBoundarySourcePolicyTest.buildDoesNotDependOnOtherPrograms -- Time elapsed: 0.004 s <<< ERROR!
java.io.UncheckedIOException: java.nio.file.NoSuchFileException: D:\Develop_code\GraduationProject\pom.xml
	at com.graduation.generator.boundary.GeneratorBoundarySourcePolicyTest.read(GeneratorBoundarySourcePolicyTest.java:199)
	at com.graduation.generator.boundary.GeneratorBoundarySourcePolicyTest.buildDoesNotDependOnOtherPrograms(GeneratorBoundarySourcePolicyTest.java:152)
	at java.base/java.lang.reflect.Method.invoke(Method.java:568)
	at java.base/java.util.ArrayList.forEach(ArrayList.java:1511)
	at java.base/java.util.ArrayList.forEach(ArrayList.java:1511)
Caused by: java.nio.file.NoSuchFileException: D:\Develop_code\GraduationProject\pom.xml
	at java.base/sun.nio.fs.WindowsException.translateToIOException(WindowsException.java:85)
	at java.base/sun.nio.fs.WindowsException.rethrowAsIOException(WindowsException.java:103)
	at java.base/sun.nio.fs.WindowsException.rethrowAsIOException(WindowsException.java:108)
	at java.base/sun.nio.fs.WindowsFileSystemProvider.newByteChannel(WindowsFileSystemProvider.java:236)
	at java.base/java.nio.file.Files.newByteChannel(Files.java:380)
	at java.base/java.nio.file.Files.newByteChannel(Files.java:432)
	at java.base/java.nio.file.Files.readAllBytes(Files.java:3288)
	at java.base/java.nio.file.Files.readString(Files.java:3366)
	at com.graduation.generator.boundary.GeneratorBoundarySourcePolicyTest.read(GeneratorBoundarySourcePolicyTest.java:197)
	... 4 more

[ERROR] com.graduation.generator.boundary.GeneratorBoundarySourcePolicyTest.migrationsDeclareOnlyOwnContractTables -- Time elapsed: 0.038 s <<< FAILURE!
java.lang.AssertionError: 
[生成器迁移脚本必须存在（守卫不可空跑）] 
Expecting actual not to be empty
	at com.graduation.generator.boundary.GeneratorBoundarySourcePolicyTest.migrationsDeclareOnlyOwnContractTables(GeneratorBoundarySourcePolicyTest.java:127)
	at java.base/java.lang.reflect.Method.invoke(Method.java:568)
	at java.base/java.util.ArrayList.forEach(ArrayList.java:1511)
	at java.base/java.util.ArrayList.forEach(ArrayList.java:1511)

[ERROR] com.graduation.generator.boundary.GeneratorBoundarySourcePolicyTest.generatorJavaHasNoMallOrPlatformCoupling -- Time elapsed: 0 s <<< FAILURE!
java.lang.AssertionError: 
[生成器生产源码必须存在（守卫不可空跑）] 
Expecting actual not to be empty
	at com.graduation.generator.boundary.GeneratorBoundarySourcePolicyTest.generatorJavaHasNoMallOrPlatformCoupling(GeneratorBoundarySourcePolicyTest.java:74)
	at java.base/java.lang.reflect.Method.invoke(Method.java:568)
	at java.base/java.util.ArrayList.forEach(ArrayList.java:1511)
	at java.base/java.util.ArrayList.forEach(ArrayList.java:1511)

[ERROR] com.graduation.generator.boundary.GeneratorBoundarySourcePolicyTest.generatorConfigHasOwnNamespaceAndPort -- Time elapsed: 0.001 s <<< FAILURE!
java.lang.AssertionError: 
[生成器配置资源必须存在（守卫不可空跑）] 
Expecting actual not to be empty
	at com.graduation.generator.boundary.GeneratorBoundarySourcePolicyTest.generatorConfigHasOwnNamespaceAndPort(GeneratorBoundarySourcePolicyTest.java:99)
	at java.base/java.lang.reflect.Method.invoke(Method.java:568)
	at java.base/java.util.ArrayList.forEach(ArrayList.java:1511)
	at java.base/java.util.ArrayList.forEach(ArrayList.java:1511)

[INFO] Running com.graduation.generator.contract.GeneratorContractParityTest
[INFO] Tests run: 7, Failures: 0, Errors: 0, Skipped: 0, Time elapsed: 0.032 s -- in com.graduation.generator.contract.GeneratorContractParityTest
[INFO] Running com.graduation.generator.contract.JsonlEventSinkTest
[INFO] Tests run: 5, Failures: 0, Errors: 0, Skipped: 0, Time elapsed: 0.086 s -- in com.graduation.generator.contract.JsonlEventSinkTest
[INFO] Running com.graduation.generator.core.BehaviorChainTest
[INFO] Tests run: 4, Failures: 0, Errors: 0, Skipped: 0, Time elapsed: 0.002 s -- in com.graduation.generator.core.BehaviorChainTest
[INFO] Running com.graduation.generator.core.DistributionKitTest
[INFO] Tests run: 4, Failures: 0, Errors: 0, Skipped: 0, Time elapsed: 0.005 s -- in com.graduation.generator.core.DistributionKitTest
[INFO] Running com.graduation.generator.core.GeneratorDeterminismTest
[INFO] Tests run: 2, Failures: 0, Errors: 0, Skipped: 0, Time elapsed: 0.013 s -- in com.graduation.generator.core.GeneratorDeterminismTest
[INFO] Running com.graduation.generator.core.ScenarioEffectTest
[INFO] Tests run: 2, Failures: 0, Errors: 0, Skipped: 0, Time elapsed: 0.001 s -- in com.graduation.generator.core.ScenarioEffectTest
[INFO] Running com.graduation.generator.core.ScenarioRegistryTest
[INFO] Tests run: 2, Failures: 0, Errors: 0, Skipped: 0, Time elapsed: 0.001 s -- in com.graduation.generator.core.ScenarioRegistryTest
[INFO] Running com.graduation.generator.engine.FileModeGenerationEngineTest
[INFO] Tests run: 9, Failures: 0, Errors: 0, Skipped: 0, Time elapsed: 0.801 s -- in com.graduation.generator.engine.FileModeGenerationEngineTest
[INFO] Running com.graduation.generator.engine.MallApiGenerationEngineTest
[INFO] Tests run: 14, Failures: 0, Errors: 0, Skipped: 0, Time elapsed: 5.702 s -- in com.graduation.generator.engine.MallApiGenerationEngineTest
[INFO] Running com.graduation.generator.meta.GeneratorMetaStoreTest
[INFO] Tests run: 5, Failures: 0, Errors: 0, Skipped: 0, Time elapsed: 0.542 s -- in com.graduation.generator.meta.GeneratorMetaStoreTest
[INFO] Running com.graduation.generator.meta.RunStatusTest
[INFO] Tests run: 4, Failures: 0, Errors: 0, Skipped: 0, Time elapsed: 0.003 s -- in com.graduation.generator.meta.RunStatusTest
[INFO] Running com.graduation.generator.web.GeneratorApiSmokeTest
10:43:06.887 [main] INFO org.springframework.test.context.support.AnnotationConfigContextLoaderUtils -- Could not detect default configuration classes for test class [com.graduation.generator.web.GeneratorApiSmokeTest]: GeneratorApiSmokeTest does not declare any static, non-private, non-final, nested classes annotated with @Configuration.
10:43:06.950 [main] INFO org.springframework.boot.test.context.SpringBootTestContextBootstrapper -- Found @SpringBootConfiguration com.graduation.generator.GeneratorApplication for test class com.graduation.generator.web.GeneratorApiSmokeTest

  .   ____          _            __ _ _
 /\\ / ___'_ __ _ _(_)_ __  __ _ \ \ \ \
( ( )\___ | '_ | '_| | '_ \/ _` | \ \ \ \
 \\/  ___)| |_)| | | | | || (_| |  ) ) ) )
  '  |____| .__|_| |_|_| |_\__, | / / / /
 =========|_|==============|___/=/_/_/_/
 :: Spring Boot ::                (v3.2.5)

2026-09-12T10:43:07.211+08:00  INFO 43812 --- [synthetic-data-generator] [           main] c.g.generator.web.GeneratorApiSmokeTest  : Starting GeneratorApiSmokeTest using Java 17.0.12 with PID 43812 (started by ASUS in D:\Develop_code\GraduationProject\synthetic-data-generator)
2026-09-12T10:43:07.212+08:00  INFO 43812 --- [synthetic-data-generator] [           main] c.g.generator.web.GeneratorApiSmokeTest  : No active profile set, falling back to 1 default profile: "default"
2026-09-12T10:43:07.895+08:00  INFO 43812 --- [synthetic-data-generator] [           main] o.s.b.w.embedded.tomcat.TomcatWebServer  : Tomcat initialized with port 0 (http)
2026-09-12T10:43:07.896+08:00  INFO 43812 --- [synthetic-data-generator] [           main] o.a.catalina.core.AprLifecycleListener   : Loaded Apache Tomcat Native library [2.0.14] using APR version [1.7.6].
2026-09-12T10:43:07.899+08:00  INFO 43812 --- [synthetic-data-generator] [           main] o.a.catalina.core.AprLifecycleListener   : OpenSSL successfully initialized [OpenSSL 3.5.5 27 Jan 2026]
2026-09-12T10:43:07.907+08:00  INFO 43812 --- [synthetic-data-generator] [           main] o.apache.catalina.core.StandardService   : Starting service [Tomcat]
2026-09-12T10:43:07.907+08:00  INFO 43812 --- [synthetic-data-generator] [           main] o.apache.catalina.core.StandardEngine    : Starting Servlet engine: [Apache Tomcat/10.1.20]
2026-09-12T10:43:07.917+08:00  INFO 43812 --- [synthetic-data-generator] [           main] o.apache.catalina.loader.WebappLoader    : Unknown class loader [jdk.internal.loader.ClassLoaders$PlatformClassLoader@2c555efb] of class [class jdk.internal.loader.ClassLoaders$PlatformClassLoader]
2026-09-12T10:43:07.932+08:00  INFO 43812 --- [synthetic-data-generator] [           main] o.a.c.c.C.[Tomcat].[localhost].[/]       : Initializing Spring embedded WebApplicationContext
2026-09-12T10:43:07.932+08:00  INFO 43812 --- [synthetic-data-generator] [           main] w.s.c.ServletWebServerApplicationContext : Root WebApplicationContext: initialization completed in 699 ms
2026-09-12T10:43:07.995+08:00  INFO 43812 --- [synthetic-data-generator] [           main] com.zaxxer.hikari.HikariDataSource       : HikariPool-1 - Starting...
2026-09-12T10:43:08.003+08:00  INFO 43812 --- [synthetic-data-generator] [           main] com.zaxxer.hikari.pool.HikariPool        : HikariPool-1 - Added connection com.mysql.cj.jdbc.ConnectionImpl@27c9500c
2026-09-12T10:43:08.004+08:00  INFO 43812 --- [synthetic-data-generator] [           main] com.zaxxer.hikari.HikariDataSource       : HikariPool-1 - Start completed.
2026-09-12T10:43:08.121+08:00  INFO 43812 --- [synthetic-data-generator] [           main] o.f.c.internal.license.VersionPrinter    : Flyway Community Edition 9.22.3 by Redgate
2026-09-12T10:43:08.122+08:00  INFO 43812 --- [synthetic-data-generator] [           main] o.f.c.internal.license.VersionPrinter    : See release notes here: https://rd.gt/416ObMi
2026-09-12T10:43:08.122+08:00  INFO 43812 --- [synthetic-data-generator] [           main] o.f.c.internal.license.VersionPrinter    : 
2026-09-12T10:43:08.137+08:00  INFO 43812 --- [synthetic-data-generator] [           main] org.flywaydb.core.FlywayExecutor         : Database: jdbc:mysql://127.0.0.1:3306/generator_meta (MySQL 8.0)
2026-09-12T10:43:08.156+08:00  INFO 43812 --- [synthetic-data-generator] [           main] o.f.core.internal.command.DbValidate     : Successfully validated 1 migration (execution time 00:00.011s)
2026-09-12T10:43:08.163+08:00  INFO 43812 --- [synthetic-data-generator] [           main] o.f.core.internal.command.DbMigrate      : Current version of schema `generator_meta`: 1
2026-09-12T10:43:08.163+08:00  INFO 43812 --- [synthetic-data-generator] [           main] o.f.core.internal.command.DbMigrate      : Schema `generator_meta` is up to date. No migration necessary.
2026-09-12T10:43:08.390+08:00  INFO 43812 --- [synthetic-data-generator] [           main] o.s.b.w.embedded.tomcat.TomcatWebServer  : Tomcat started on port 7178 (http) with context path ''
2026-09-12T10:43:08.393+08:00  INFO 43812 --- [synthetic-data-generator] [           main] c.g.generator.web.GeneratorApiSmokeTest  : Started GeneratorApiSmokeTest in 1.382 seconds (process running for 11.029)
Java HotSpot(TM) 64-Bit Server VM warning: Sharing is only supported for boot loader classes because bootstrap classpath has been appended
2026-09-12T10:43:08.925+08:00  INFO 43812 --- [synthetic-data-generator] [o-auto-1-exec-1] o.a.c.c.C.[Tomcat].[localhost].[/]       : Initializing Spring DispatcherServlet 'dispatcherServlet'
2026-09-12T10:43:08.925+08:00  INFO 43812 --- [synthetic-data-generator] [o-auto-1-exec-1] o.s.web.servlet.DispatcherServlet        : Initializing Servlet 'dispatcherServlet'
2026-09-12T10:43:08.925+08:00  INFO 43812 --- [synthetic-data-generator] [o-auto-1-exec-1] o.s.web.servlet.DispatcherServlet        : Completed initialization in 0 ms
2026-09-12T10:43:09.008+08:00  WARN 43812 --- [synthetic-data-generator] [o-auto-1-exec-3] c.g.generator.web.ApiExceptionHandler    : 唯一键冲突：Duplicate entry 'it-file-target-f08cc6' for key 'generator_target.uk_generator_target_name'
2026-09-12T10:43:09.118+08:00  WARN 43812 --- [synthetic-data-generator] [o-auto-1-exec-2] c.g.generator.web.ApiExceptionHandler    : 请求了尚未实现的能力：模式 SOME_UNKNOWN_MODE 未实现：本服务只支持 CANONICAL_EVENT_FILE 与 MALL_API
2026-09-12T10:43:09.153+08:00  INFO 43812 --- [synthetic-data-generator] [o-auto-1-exec-5] c.g.g.service.GenerationRunService       : 生成运行已入队：runId=it-s3b-fae25a00-v1-20260912-104309-092f plan=it-s3b-fae25a00 v1 mode=CANONICAL_EVENT_FILE scenario=normal eventCount=200
2026-09-12T10:43:09.204+08:00  INFO 43812 --- [synthetic-data-generator] [  generator-run] c.g.g.service.GenerationRunService       : 生成运行收口：runId=it-s3b-fae25a00-v1-20260912-104309-092f status=SUCCESS success=200 failed=0 artifacts=2 manifestRecords=200
[INFO] Tests run: 5, Failures: 0, Errors: 0, Skipped: 0, Time elapsed: 2.564 s -- in com.graduation.generator.web.GeneratorApiSmokeTest
[INFO] Running com.graduation.generator.web.MallApiGenerationSmokeTest
2026-09-12T10:43:09.435+08:00  INFO 43812 --- [synthetic-data-generator] [           main] t.c.s.AnnotationConfigContextLoaderUtils : Could not detect default configuration classes for test class [com.graduation.generator.web.MallApiGenerationSmokeTest]: MallApiGenerationSmokeTest does not declare any static, non-private, non-final, nested classes annotated with @Configuration.
2026-09-12T10:43:09.437+08:00  INFO 43812 --- [synthetic-data-generator] [           main] .b.t.c.SpringBootTestContextBootstrapper : Found @SpringBootConfiguration com.graduation.generator.GeneratorApplication for test class com.graduation.generator.web.MallApiGenerationSmokeTest

  .   ____          _            __ _ _
 /\\ / ___'_ __ _ _(_)_ __  __ _ \ \ \ \
( ( )\___ | '_ | '_| | '_ \/ _` | \ \ \ \
 \\/  ___)| |_)| | | | | || (_| |  ) ) ) )
  '  |____| .__|_| |_|_| |_\__, | / / / /
 =========|_|==============|___/=/_/_/_/
 :: Spring Boot ::                (v3.2.5)

2026-09-12T10:43:09.452+08:00  INFO 43812 --- [synthetic-data-generator] [           main] c.g.g.web.MallApiGenerationSmokeTest     : Starting MallApiGenerationSmokeTest using Java 17.0.12 with PID 43812 (started by ASUS in D:\Develop_code\GraduationProject\synthetic-data-generator)
2026-09-12T10:43:09.454+08:00  INFO 43812 --- [synthetic-data-generator] [           main] c.g.g.web.MallApiGenerationSmokeTest     : No active profile set, falling back to 1 default profile: "default"
2026-09-12T10:43:09.575+08:00  INFO 43812 --- [synthetic-data-generator] [           main] o.s.b.w.embedded.tomcat.TomcatWebServer  : Tomcat initialized with port 0 (http)
2026-09-12T10:43:09.575+08:00  INFO 43812 --- [synthetic-data-generator] [           main] o.apache.catalina.core.StandardService   : Starting service [Tomcat]
2026-09-12T10:43:09.575+08:00  INFO 43812 --- [synthetic-data-generator] [           main] o.apache.catalina.core.StandardEngine    : Starting Servlet engine: [Apache Tomcat/10.1.20]
2026-09-12T10:43:09.578+08:00  INFO 43812 --- [synthetic-data-generator] [           main] o.apache.catalina.loader.WebappLoader    : Unknown class loader [jdk.internal.loader.ClassLoaders$PlatformClassLoader@2c555efb] of class [class jdk.internal.loader.ClassLoaders$PlatformClassLoader]
2026-09-12T10:43:09.583+08:00  INFO 43812 --- [synthetic-data-generator] [           main] o.a.c.c.C.[Tomcat-1].[localhost].[/]     : Initializing Spring embedded WebApplicationContext
2026-09-12T10:43:09.583+08:00  INFO 43812 --- [synthetic-data-generator] [           main] w.s.c.ServletWebServerApplicationContext : Root WebApplicationContext: initialization completed in 128 ms
2026-09-12T10:43:09.604+08:00  INFO 43812 --- [synthetic-data-generator] [           main] com.zaxxer.hikari.HikariDataSource       : HikariPool-2 - Starting...
2026-09-12T10:43:09.608+08:00  INFO 43812 --- [synthetic-data-generator] [           main] com.zaxxer.hikari.pool.HikariPool        : HikariPool-2 - Added connection com.mysql.cj.jdbc.ConnectionImpl@2afdab87
2026-09-12T10:43:09.608+08:00  INFO 43812 --- [synthetic-data-generator] [           main] com.zaxxer.hikari.HikariDataSource       : HikariPool-2 - Start completed.
2026-09-12T10:43:09.621+08:00  INFO 43812 --- [synthetic-data-generator] [           main] org.flywaydb.core.FlywayExecutor         : Database: jdbc:mysql://127.0.0.1:3306/generator_meta (MySQL 8.0)
2026-09-12T10:43:09.627+08:00  INFO 43812 --- [synthetic-data-generator] [           main] o.f.core.internal.command.DbValidate     : Successfully validated 1 migration (execution time 00:00.002s)
2026-09-12T10:43:09.631+08:00  INFO 43812 --- [synthetic-data-generator] [           main] o.f.core.internal.command.DbMigrate      : Current version of schema `generator_meta`: 1
2026-09-12T10:43:09.632+08:00  INFO 43812 --- [synthetic-data-generator] [           main] o.f.core.internal.command.DbMigrate      : Schema `generator_meta` is up to date. No migration necessary.
2026-09-12T10:43:09.688+08:00  INFO 43812 --- [synthetic-data-generator] [           main] o.s.b.w.embedded.tomcat.TomcatWebServer  : Tomcat started on port 12554 (http) with context path ''
2026-09-12T10:43:09.690+08:00  INFO 43812 --- [synthetic-data-generator] [           main] c.g.g.web.MallApiGenerationSmokeTest     : Started MallApiGenerationSmokeTest in 0.251 seconds (process running for 12.326)
2026-09-12T10:43:09.696+08:00  INFO 43812 --- [synthetic-data-generator] [o-auto-2-exec-1] o.a.c.c.C.[Tomcat-1].[localhost].[/]     : Initializing Spring DispatcherServlet 'dispatcherServlet'
2026-09-12T10:43:09.696+08:00  INFO 43812 --- [synthetic-data-generator] [o-auto-2-exec-1] o.s.web.servlet.DispatcherServlet        : Initializing Servlet 'dispatcherServlet'
2026-09-12T10:43:09.696+08:00  INFO 43812 --- [synthetic-data-generator] [o-auto-2-exec-1] o.s.web.servlet.DispatcherServlet        : Completed initialization in 0 ms
2026-09-12T10:43:09.760+08:00  INFO 43812 --- [synthetic-data-generator] [o-auto-2-exec-4] c.g.g.service.GenerationRunService       : 生成运行已入队：runId=it-s4b-c4eec91b-v1-20260912-104309-5aeb plan=it-s4b-c4eec91b v1 mode=MALL_API scenario=normal eventCount=60
2026-09-12T10:43:09.830+08:00 ERROR 43812 --- [synthetic-data-generator] [  generator-run] c.g.g.service.GenerationRunService       : 生成运行失败：runId=it-s4b-c4eec91b-v1-20260912-104309-5aeb code=RUN_FAILED

com.graduation.generator.adapter.MallOperationException: [runForTarget] 运行中有 39 次商城操作被真实拒绝（已写入规范流 21 条）：createOrder → [createOrder] 商城拒绝：http://127.0.0.1:12558 → HTTP 400 code=INSUFFICIENT_STOCK message=库存不足: 910000000000000002。商城侧不回滚，已成功的写操作真实存在；请清理后再重跑，或调小 event_count 让订单量落在库存可承受范围内
	at com.graduation.generator.engine.MallApiGenerationEngine.runForTarget(MallApiGenerationEngine.java:126) ~[classes/:na]
	at com.graduation.generator.service.GenerationRunService.execute(GenerationRunService.java:310) ~[classes/:na]
	at com.graduation.generator.service.GenerationRunService.lambda$start$2(GenerationRunService.java:152) ~[classes/:na]
	at java.base/java.util.concurrent.Executors$RunnableAdapter.call(Executors.java:539) ~[na:na]
	at java.base/java.util.concurrent.FutureTask.run(FutureTask.java:264) ~[na:na]
	at java.base/java.util.concurrent.ThreadPoolExecutor.runWorker(ThreadPoolExecutor.java:1136) ~[na:na]
	at java.base/java.util.concurrent.ThreadPoolExecutor$Worker.run(ThreadPoolExecutor.java:635) ~[na:na]
	at java.base/java.lang.Thread.run(Thread.java:842) ~[na:na]

2026-09-12T10:43:09.855+08:00  INFO 43812 --- [synthetic-data-generator] [  generator-run] c.g.g.service.GenerationRunService       : 生成运行收口：runId=it-s4b-c4eec91b-v1-20260912-104309-5aeb status=FAILED success=21 failed=0 artifacts=2 manifestRecords=21
2026-09-12T10:43:10.070+08:00  INFO 43812 --- [synthetic-data-generator] [o-auto-2-exec-4] c.g.g.service.GenerationRunService       : 生成运行已入队：runId=it-s4b-d3d0eeba-v1-20260912-104310-1933 plan=it-s4b-d3d0eeba v1 mode=MALL_API scenario=normal eventCount=1000
2026-09-12T10:43:11.786+08:00  INFO 43812 --- [synthetic-data-generator] [  generator-run] c.g.g.service.GenerationRunService       : 生成运行收口：runId=it-s4b-d3d0eeba-v1-20260912-104310-1933 status=SUCCESS success=1000 failed=0 artifacts=2 manifestRecords=1000
[INFO] Tests run: 8, Failures: 0, Errors: 0, Skipped: 0, Time elapsed: 2.632 s -- in com.graduation.generator.web.MallApiGenerationSmokeTest
[INFO] 
[INFO] Results:
[INFO] 
[ERROR] Failures: 
[ERROR]   GeneratorBoundarySourcePolicyTest.generatorConfigHasOwnNamespaceAndPort:99 [生成器配置资源必须存在（守卫不可空跑）] 
Expecting actual not to be empty
[ERROR]   GeneratorBoundarySourcePolicyTest.generatorJavaHasNoMallOrPlatformCoupling:74 [生成器生产源码必须存在（守卫不可空跑）] 
Expecting actual not to be empty
[ERROR]   GeneratorBoundarySourcePolicyTest.migrationsDeclareOnlyOwnContractTables:127 [生成器迁移脚本必须存在（守卫不可空跑）] 
Expecting actual not to be empty
[ERROR] Errors: 
[ERROR]   GeneratorBoundarySourcePolicyTest.buildDoesNotDependOnOtherPrograms:152->read:199 UncheckedIO java.nio.file.NoSuchFileException: D:\Develop_code\GraduationProject\pom.xml
[INFO] 
[ERROR] Tests run: 97, Failures: 3, Errors: 1, Skipped: 0
[INFO] 
[INFO] ------------------------------------------------------------------------
[INFO] BUILD FAILURE
[INFO] ------------------------------------------------------------------------
[INFO] Total time:  14.050 s
[INFO] Finished at: 2026-09-12T10:43:12+08:00
[INFO] ------------------------------------------------------------------------
[ERROR] Failed to execute goal org.apache.maven.plugins:maven-surefire-plugin:3.1.2:test (default-test) on project synthetic-data-generator: There are test failures.
[ERROR] 
[ERROR] Please refer to D:\Develop_code\GraduationProject\synthetic-data-generator\target\surefire-reports for the individual test results.
[ERROR] Please refer to dump files (if any exist) [date].dump, [date]-jvmRun[N].dump and [date].dumpstream.
[ERROR] -> [Help 1]
[ERROR] 
[ERROR] To see the full stack trace of the errors, re-run Maven with the -e switch.
[ERROR] Re-run Maven using the -X switch to enable full debug logging.
[ERROR] 
[ERROR] For more information about the errors and possible solutions, please read the following articles:
[ERROR] [Help 1] http://cwiki.apache.org/confluence/display/MAVEN/MojoFailureException
2026-09-12T10:43:12.107+08:00  INFO 43812 --- [synthetic-data-generator] [ionShutdownHook] com.zaxxer.hikari.HikariDataSource       : HikariPool-1 - Shutdown initiated...
2026-09-12T10:43:12.109+08:00  INFO 43812 --- [synthetic-data-generator] [ionShutdownHook] com.zaxxer.hikari.HikariDataSource       : HikariPool-1 - Shutdown completed.
2026-09-12T10:43:12.123+08:00  INFO 43812 --- [synthetic-data-generator] [ionShutdownHook] com.zaxxer.hikari.HikariDataSource       : HikariPool-2 - Shutdown initiated...
2026-09-12T10:43:12.124+08:00  INFO 43812 --- [synthetic-data-generator] [ionShutdownHook] com.zaxxer.hikari.HikariDataSource       : HikariPool-2 - Shutdown completed.
