==== E1-a 运行日志（run-e1a.ps1 产出；口径自带）====
时刻            = 2026-09-12 17:09:05
仓库            = D:\Develop_code\GraduationProject
HEAD            = 09661a052eb99af1e8d5131e76851f64a5831c65
工作区脏文件    =  M analytics-server/platform-app/src/test/java/com/graduation/analytics/source/SourceRegistryMigrationScriptTest.java |  M analytics-server/platform-common/src/main/java/com/graduation/analytics/contracts/EventContract.java |  M analytics-server/platform-common/src/test/java/com/graduation/analytics/contracts/CanonicalEventSchemaParityTest.java |  M contract-specs/README.md |  M contract-specs/VERSION |  M contract-specs/schemas/canonical-event.v1.schema.json |  M docs/contracts/event-contract.md |  M scripts/check-bare-anchors.ps1 | ?? docs/acceptance/ct-batch-20260912/tools/ | ?? docs/acceptance/ct-integration-20260912/
字面命令        = mvn -o -f D:\Develop_code\GraduationProject\analytics-server\pom.xml -pl platform-common,platform-app -am test -DforkCount=0
JAVA_HOME       = D:\Develop\JAVA17
JAVA_TOOL_OPTIONS = -Dfile.encoding=UTF-8 -XX:+UseSerialGC
MAVEN_OPTS      = （显式清空，默认堆）
mvn 路径        = D:\apache-maven-3.9.14\bin\mvn.cmd
PASS 判据       = 本文件只负责产出日志；对比判据见 tools\e1a-compare.ps1（不声称通过 PLAN 字面判据）
==== 以下为 mvn 原始输出 ====
Picked up JAVA_TOOL_OPTIONS: -Dfile.encoding=UTF-8 -XX:+UseSerialGC
[INFO] Scanning for projects...
[INFO] ------------------------------------------------------------------------
[INFO] Reactor Build Order:
[INFO] 
[INFO] analytics-server                                                   [pom]
[INFO] platform-common                                                    [jar]
[INFO] connection-ingestion                                               [jar]
[INFO] warehouse-pipeline                                                 [jar]
[INFO] metric-analysis                                                    [jar]
[INFO] ai-decision                                                        [jar]
[INFO] platform-app                                                       [jar]
[INFO] 
[INFO] -------------< com.graduation.analytics:analytics-server >--------------
[INFO] Building analytics-server 0.1.0-SNAPSHOT                           [1/7]
[INFO]   from pom.xml
[INFO] --------------------------------[ pom ]---------------------------------
[INFO] 
[INFO] --------------< com.graduation.analytics:platform-common >--------------
[INFO] Building platform-common 0.1.0-SNAPSHOT                            [2/7]
[INFO]   from platform-common\pom.xml
[INFO] --------------------------------[ jar ]---------------------------------
[INFO] 
[INFO] --- resources:3.3.1:resources (default-resources) @ platform-common ---
[INFO] skip non existing resourceDirectory D:\Develop_code\GraduationProject\analytics-server\platform-common\src\main\resources
[INFO] skip non existing resourceDirectory D:\Develop_code\GraduationProject\analytics-server\platform-common\src\main\resources
[INFO] 
[INFO] --- compiler:3.11.0:compile (default-compile) @ platform-common ---
[INFO] Changes detected - recompiling the module! :source
[INFO] Compiling 18 source files with javac [debug release 17] to target\classes
[INFO] 
[INFO] --- resources:3.3.1:testResources (default-testResources) @ platform-common ---
[INFO] skip non existing resourceDirectory D:\Develop_code\GraduationProject\analytics-server\platform-common\src\test\resources
[INFO] 
[INFO] --- compiler:3.11.0:testCompile (default-testCompile) @ platform-common ---
[INFO] Changes detected - recompiling the module! :dependency
[INFO] Compiling 6 source files with javac [debug release 17] to target\test-classes
[INFO] 
[INFO] --- surefire:3.1.2:test (default-test) @ platform-common ---
[WARNING] useSystemClassLoader setting has no effect when not forking
[WARNING] The parameter forkCount should likely not be 0. Forking a JVM for tests improves test accuracy. Ensure to have a <forkCount> >= 1.
[INFO] Using auto detected provider org.apache.maven.surefire.junitplatform.JUnitPlatformProvider
[INFO] Running com.graduation.analytics.common.GlobalExceptionHandlerSourceStatusTest
[INFO] Tests run: 5, Failures: 0, Errors: 0, Skipped: 0, Time elapsed: 0.187 s -- in com.graduation.analytics.common.GlobalExceptionHandlerSourceStatusTest
[INFO] Running com.graduation.analytics.common.LandingUriTest
[INFO] Tests run: 4, Failures: 0, Errors: 0, Skipped: 0, Time elapsed: 0.028 s -- in com.graduation.analytics.common.LandingUriTest
[INFO] Running com.graduation.analytics.contracts.CanonicalEventSchemaParityTest
[INFO] Tests run: 5, Failures: 0, Errors: 0, Skipped: 0, Time elapsed: 0.118 s -- in com.graduation.analytics.contracts.CanonicalEventSchemaParityTest
[INFO] Running com.graduation.analytics.warehouse.WarehouseNameLiteralGateTest
[INFO] Tests run: 3, Failures: 0, Errors: 0, Skipped: 0, Time elapsed: 0.097 s -- in com.graduation.analytics.warehouse.WarehouseNameLiteralGateTest
[INFO] Running com.graduation.analytics.warehouse.WarehouseNamespaceContractTest
[INFO] Tests run: 24, Failures: 0, Errors: 0, Skipped: 0, Time elapsed: 0.047 s -- in com.graduation.analytics.warehouse.WarehouseNamespaceContractTest
[INFO] 
[INFO] Results:
[INFO] 
[INFO] Tests run: 41, Failures: 0, Errors: 0, Skipped: 0
[INFO] 
[INFO] 
[INFO] -----------< com.graduation.analytics:connection-ingestion >------------
[INFO] Building connection-ingestion 0.1.0-SNAPSHOT                       [3/7]
[INFO]   from connection-ingestion\pom.xml
[INFO] --------------------------------[ jar ]---------------------------------
[WARNING] 2 problems were encountered while building the effective model for org.apache.yetus:audience-annotations:jar:0.5.0 during dependency collection step for project (use -X to see details)
[INFO] 
[INFO] --- resources:3.3.1:resources (default-resources) @ connection-ingestion ---
[INFO] skip non existing resourceDirectory D:\Develop_code\GraduationProject\analytics-server\connection-ingestion\src\main\resources
[INFO] skip non existing resourceDirectory D:\Develop_code\GraduationProject\analytics-server\connection-ingestion\src\main\resources
[INFO] 
[INFO] --- compiler:3.11.0:compile (default-compile) @ connection-ingestion ---
[INFO] Changes detected - recompiling the module! :dependency
[INFO] Compiling 53 source files with javac [debug release 17] to target\classes
[INFO] 
[INFO] --- resources:3.3.1:testResources (default-testResources) @ connection-ingestion ---
[INFO] skip non existing resourceDirectory D:\Develop_code\GraduationProject\analytics-server\connection-ingestion\src\test\resources
[INFO] 
[INFO] --- compiler:3.11.0:testCompile (default-testCompile) @ connection-ingestion ---
[INFO] Changes detected - recompiling the module! :dependency
[INFO] Compiling 18 source files with javac [debug release 17] to target\test-classes
[INFO] 
[INFO] --- surefire:3.1.2:test (default-test) @ connection-ingestion ---
[WARNING] useSystemClassLoader setting has no effect when not forking
[WARNING] The parameter forkCount should likely not be 0. Forking a JVM for tests improves test accuracy. Ensure to have a <forkCount> >= 1.
[INFO] Using auto detected provider org.apache.maven.surefire.junitplatform.JUnitPlatformProvider
[INFO] Running com.graduation.analytics.auth.AuthInterceptorTest
Java HotSpot(TM) 64-Bit Server VM warning: Sharing is only supported for boot loader classes because bootstrap classpath has been appended
Standard Commons Logging discovery in action with spring-jcl: please remove commons-logging.jar from classpath in order to avoid potential conflicts
SLF4J(W): Class path contains multiple SLF4J providers.
SLF4J(W): Found provider [ch.qos.logback.classic.spi.LogbackServiceProvider@2a08e3b]
SLF4J(W): Found provider [org.slf4j.reload4j.Reload4jServiceProvider@3bd096e1]
SLF4J(W): See https://www.slf4j.org/codes.html#multiple_bindings for an explanation.
SLF4J(I): Actual provider is of type [ch.qos.logback.classic.spi.LogbackServiceProvider@2a08e3b]
[INFO] Tests run: 13, Failures: 0, Errors: 0, Skipped: 0, Time elapsed: 2.689 s -- in com.graduation.analytics.auth.AuthInterceptorTest
[INFO] Running com.graduation.analytics.auth.AuthServiceRoleWhitelistTest
[INFO] Tests run: 5, Failures: 0, Errors: 0, Skipped: 0, Time elapsed: 0.845 s -- in com.graduation.analytics.auth.AuthServiceRoleWhitelistTest
[INFO] Running com.graduation.analytics.auth.RolePermissionsTest
[INFO] Tests run: 11, Failures: 0, Errors: 0, Skipped: 0, Time elapsed: 0.013 s -- in com.graduation.analytics.auth.RolePermissionsTest
[INFO] Running com.graduation.analytics.ingestion.IngestionRunNoNewDataTest
17:09:23.411 [main] INFO com.graduation.analytics.ingestion.IngestionService -- ingestion run ing-20260912100000-095fb7f8: status=QUARANTINED records=0 quarantine=4 errors=0 files=1 bytes=0 noNewData=false
17:09:23.556 [main] INFO com.graduation.analytics.ingestion.IngestionService -- ingestion run ing-20260912100000-068e3345: status=SUCCESS records=0 quarantine=0 errors=0 files=0 bytes=0 noNewData=true
17:09:23.579 [main] INFO com.graduation.analytics.ingestion.IngestionService -- ingestion run ing-20260912100000-94eac973: status=SUCCESS records=3 quarantine=0 errors=0 files=1 bytes=64 noNewData=false
17:09:23.601 [main] INFO com.graduation.analytics.ingestion.IngestionService -- ingestion run ing-20260912100000-0c2e3ffd: status=SUCCESS records=0 quarantine=0 errors=0 files=0 bytes=0 noNewData=true
[INFO] Tests run: 4, Failures: 0, Errors: 0, Skipped: 0, Time elapsed: 0.712 s -- in com.graduation.analytics.ingestion.IngestionRunNoNewDataTest
[INFO] Running com.graduation.analytics.ingestion.IngestionServiceStatusTest
17:09:24.061 [main] WARN com.graduation.analytics.ingestion.IngestionService -- landingUri 不可解析（profile 1）：暂不支持的 landingUri 协议：hdfs://（当前仅支持本地 file:// 与裸路径）
[INFO] Tests run: 11, Failures: 0, Errors: 0, Skipped: 0, Time elapsed: 0.460 s -- in com.graduation.analytics.ingestion.IngestionServiceStatusTest
[INFO] Running com.graduation.analytics.ingestion.IngestionSourceManifestTest
17:09:24.152 [main] INFO com.graduation.analytics.ingestion.IngestionService -- ingestion run ing-20260912100000-e8208410: status=SUCCESS records=1 quarantine=0 errors=0 files=1 bytes=16 noNewData=false
17:09:24.191 [main] INFO com.graduation.analytics.ingestion.IngestionService -- ingestion run ing-20260912100000-517358af: status=SUCCESS records=1 quarantine=0 errors=0 files=1 bytes=16 noNewData=false
17:09:24.214 [main] INFO com.graduation.analytics.ingestion.IngestionService -- ingestion run ing-20260912100000-a597523d: status=SUCCESS records=1 quarantine=0 errors=0 files=1 bytes=16 noNewData=false
17:09:24.229 [main] INFO com.graduation.analytics.ingestion.IngestionService -- ingestion run ing-20260912100000-cf3def88: status=SUCCESS records=1 quarantine=0 errors=0 files=1 bytes=16 noNewData=false
17:09:24.330 [main] INFO com.graduation.analytics.ingestion.IngestionService -- ingestion run ing-20260912100000-01757697: status=SUCCESS records=1 quarantine=0 errors=0 files=1 bytes=16 noNewData=false
[INFO] Tests run: 5, Failures: 0, Errors: 0, Skipped: 0, Time elapsed: 0.208 s -- in com.graduation.analytics.ingestion.IngestionSourceManifestTest
[INFO] Running com.graduation.analytics.ingestion.IngestionSourceNotBoundTest
17:09:24.509 [main] INFO com.graduation.analytics.ingestion.IngestionService -- ingestion run ing-20260912100000-1b5685c8: status=SUCCESS records=1 quarantine=0 errors=0 files=1 bytes=16 noNewData=false
[INFO] Tests run: 4, Failures: 0, Errors: 0, Skipped: 0, Time elapsed: 0.131 s -- in com.graduation.analytics.ingestion.IngestionSourceNotBoundTest
[INFO] Running com.graduation.analytics.ingestion.LocalFileIngestorCheckpointKeyTest
17:09:25.000 [main] INFO com.graduation.analytics.ingestion.LocalFileIngestor -- ingest a.jsonl: collected=2 quarantined=0 acceptedBytes=16 offset 0→16 identity=1789204164992
[INFO] Tests run: 4, Failures: 0, Errors: 0, Skipped: 0, Time elapsed: 0.528 s -- in com.graduation.analytics.ingestion.LocalFileIngestorCheckpointKeyTest
[INFO] Running com.graduation.analytics.ingestion.LocalFileIngestorConsumableDataTest
[INFO] Tests run: 11, Failures: 0, Errors: 0, Skipped: 0, Time elapsed: 0.055 s -- in com.graduation.analytics.ingestion.LocalFileIngestorConsumableDataTest
[INFO] Running com.graduation.analytics.ingestion.LocalFileIngestorSourceIsolationTest
17:09:25.189 [main] INFO com.graduation.analytics.ingestion.LocalFileIngestor -- ingest a.jsonl: collected=1 quarantined=0 acceptedBytes=8 offset 0→8 identity=1789204165178
17:09:25.208 [main] INFO com.graduation.analytics.ingestion.LocalFileIngestor -- ingest a.jsonl: collected=1 quarantined=0 acceptedBytes=8 offset 0→8 identity=1789204165203
17:09:25.213 [main] INFO com.graduation.analytics.ingestion.LocalFileIngestor -- ingest a.jsonl: collected=1 quarantined=0 acceptedBytes=8 offset 0→8 identity=1789204165203
17:09:25.227 [main] INFO com.graduation.analytics.ingestion.LocalFileIngestor -- ingest a.jsonl: collected=1 quarantined=0 acceptedBytes=8 offset 0→8 identity=1789204165223
17:09:25.232 [main] INFO com.graduation.analytics.ingestion.LocalFileIngestor -- ingest a.jsonl: collected=1 quarantined=0 acceptedBytes=8 offset 0→8 identity=1789204165223
17:09:25.243 [main] INFO com.graduation.analytics.ingestion.LocalFileIngestor -- ingest a.jsonl: 尾部残行 7 字节留待文件增长
17:09:25.245 [main] INFO com.graduation.analytics.ingestion.LocalFileIngestor -- ingest a.jsonl: collected=1 quarantined=0 acceptedBytes=8 offset 0→8 identity=1789204165241
17:09:25.247 [main] INFO com.graduation.analytics.ingestion.LocalFileIngestor -- ingest a.jsonl: 尾部残行 7 字节留待文件增长
17:09:25.247 [main] INFO com.graduation.analytics.ingestion.LocalFileIngestor -- ingest a.jsonl: collected=1 quarantined=0 acceptedBytes=8 offset 0→8 identity=1789204165241
17:09:25.259 [main] INFO com.graduation.analytics.ingestion.LocalFileIngestor -- ingest a.jsonl: collected=2 quarantined=0 acceptedBytes=16 offset 0→16 identity=1789204165256
17:09:25.264 [main] INFO com.graduation.analytics.ingestion.LocalFileIngestor -- ingest a.jsonl: collected=2 quarantined=0 acceptedBytes=16 offset 0→16 identity=1789204165256
17:09:25.276 [main] INFO com.graduation.analytics.ingestion.LocalFileIngestor -- ingest a.jsonl: collected=1 quarantined=0 acceptedBytes=8 offset 0→8 identity=1789204165271
17:09:25.291 [main] INFO com.graduation.analytics.ingestion.LocalFileIngestor -- ingest a.jsonl: collected=1 quarantined=0 acceptedBytes=8 offset 8→16 identity=1789204165271
17:09:25.301 [main] INFO com.graduation.analytics.ingestion.LocalFileIngestor -- ingest a.jsonl: collected=1 quarantined=0 acceptedBytes=8 offset 0→8 identity=1789204165298
17:09:25.311 [main] INFO com.graduation.analytics.ingestion.LocalFileIngestor -- ingest a.jsonl: collected=1 quarantined=0 acceptedBytes=8 offset 0→8 identity=1789204165306
17:09:25.313 [main] INFO com.graduation.analytics.ingestion.LocalFileIngestor -- ingest a.jsonl: collected=1 quarantined=0 acceptedBytes=8 offset 0→8 identity=1789204165306
17:09:25.327 [main] INFO com.graduation.analytics.ingestion.LocalFileIngestor -- ingest a.jsonl: collected=1 quarantined=0 acceptedBytes=8 offset 0→8 identity=1789204165324
17:09:25.332 [main] INFO com.graduation.analytics.ingestion.LocalFileIngestor -- ingest a.jsonl: collected=2 quarantined=0 acceptedBytes=16 offset 0→16 identity=1789204165324
17:09:25.336 [main] INFO com.graduation.analytics.ingestion.LocalFileIngestor -- ingest a.jsonl: collected=1 quarantined=0 acceptedBytes=8 offset 8→16 identity=1789204165324
[INFO] Tests run: 10, Failures: 0, Errors: 0, Skipped: 0, Time elapsed: 0.199 s -- in com.graduation.analytics.ingestion.LocalFileIngestorSourceIsolationTest
[INFO] Running com.graduation.analytics.runtime.ActiveProfileWarehouseNamespaceProviderTest
[INFO] Tests run: 8, Failures: 0, Errors: 0, Skipped: 0, Time elapsed: 0.102 s -- in com.graduation.analytics.runtime.ActiveProfileWarehouseNamespaceProviderTest
[INFO] Running com.graduation.analytics.runtime.submit.LocalProcessSparkSubmitterLogTest
[INFO] Tests run: 5, Failures: 0, Errors: 0, Skipped: 0, Time elapsed: 0.089 s -- in com.graduation.analytics.runtime.submit.LocalProcessSparkSubmitterLogTest
[INFO] Running com.graduation.analytics.runtime.submit.LocalProcessSparkSubmitterProcessTest
17:09:25.675 [main] INFO com.graduation.analytics.runtime.submit.LocalProcessSparkSubmitter -- spark-submit lp-1789204165619-c2a06d -> pid=40104 log=C:\Users\ASUS\AppData\Local\Temp\junit11387544139717968650\m1-11-ok__lp-1789204165619-c2a06d.log
17:09:25.795 [main] INFO com.graduation.analytics.runtime.submit.LocalProcessSparkSubmitter -- spark-submit lp-1789204165783-734152 -> pid=18732 log=C:\Users\ASUS\AppData\Local\Temp\junit11387544139717968650\m1-11-bad__lp-1789204165783-734152.log
17:09:25.918 [main] INFO com.graduation.analytics.runtime.submit.LocalProcessSparkSubmitter -- spark-submit lp-1789204165910-35c49f -> pid=61288 log=C:\Users\ASUS\AppData\Local\Temp\junit16726772541025780042\m1-11-cancel__lp-1789204165910-35c49f.log
17:09:25.972 [main] WARN com.graduation.analytics.runtime.submit.LocalProcessSparkSubmitter -- 本地进程任务已终止: lp-1789204165910-35c49f pid=61288 子进程=2
17:09:25.975 [spark-log-lp-1789204165910-35c49f] WARN com.graduation.analytics.runtime.submit.LocalProcessSparkSubmitter -- capture spark-submit log failed: C:\Users\ASUS\AppData\Local\Temp\junit16726772541025780042\m1-11-cancel__lp-1789204165910-35c49f.log
[INFO] Tests run: 4, Failures: 0, Errors: 0, Skipped: 0, Time elapsed: 0.365 s -- in com.graduation.analytics.runtime.submit.LocalProcessSparkSubmitterProcessTest
[INFO] Running com.graduation.analytics.source.SourceProfileValidatorTest
17:09:26.044 [main] WARN com.graduation.analytics.source.SourceProfileValidator -- 源画像解析失败 path=analytics-server/source-profiles/p1-03-probe-1.v1.json: Unrecognized token 'not': was expecting (JSON String, Number, Array, Object or token 'null', 'true' or 'false')
 at [Source: (String)"not json at all"; line: 1, column: 4]
[INFO] Tests run: 8, Failures: 0, Errors: 0, Skipped: 0, Time elapsed: 0.044 s -- in com.graduation.analytics.source.SourceProfileValidatorTest
[INFO] Running com.graduation.analytics.source.SourceRegistryConcurrencyTest
17:09:26.203 [main] INFO com.graduation.analytics.source.SourceRegistryServiceImpl -- 源登记创建 sourceCode=p1-03-probe-1 id=1 status=DRAFT
17:09:26.206 [main] INFO com.graduation.analytics.source.SourceRegistryServiceImpl -- 源登记创建 sourceCode=p1-03-probe-2 id=2 status=DRAFT
17:09:26.220 [pool-2-thread-1] INFO com.graduation.analytics.source.SourceRegistryServiceImpl -- 源激活 sourceCode=p1-03-probe-1 id=1 绑定 runtime_profile.id=1
17:09:26.223 [pool-2-thread-6] INFO com.graduation.analytics.source.SourceRegistryServiceImpl -- 源激活 sourceCode=p1-03-probe-2 id=2 绑定 runtime_profile.id=1
17:09:26.225 [pool-2-thread-3] INFO com.graduation.analytics.source.SourceRegistryServiceImpl -- 源激活 sourceCode=p1-03-probe-1 id=1 绑定 runtime_profile.id=1
17:09:26.225 [pool-2-thread-4] INFO com.graduation.analytics.source.SourceRegistryServiceImpl -- 源激活 sourceCode=p1-03-probe-2 id=2 绑定 runtime_profile.id=1
17:09:26.235 [pool-3-thread-7] INFO com.graduation.analytics.source.SourceRegistryServiceImpl -- 源激活 sourceCode=p1-03-probe-1 id=1 绑定 runtime_profile.id=1
17:09:26.237 [pool-3-thread-8] INFO com.graduation.analytics.source.SourceRegistryServiceImpl -- 源激活 sourceCode=p1-03-probe-2 id=2 绑定 runtime_profile.id=1
17:09:26.244 [pool-4-thread-7] INFO com.graduation.analytics.source.SourceRegistryServiceImpl -- 源激活 sourceCode=p1-03-probe-1 id=1 绑定 runtime_profile.id=1
17:09:26.245 [pool-4-thread-6] INFO com.graduation.analytics.source.SourceRegistryServiceImpl -- 源激活 sourceCode=p1-03-probe-2 id=2 绑定 runtime_profile.id=1
17:09:26.246 [pool-4-thread-5] INFO com.graduation.analytics.source.SourceRegistryServiceImpl -- 源激活 sourceCode=p1-03-probe-1 id=1 绑定 runtime_profile.id=1
17:09:26.247 [pool-4-thread-2] INFO com.graduation.analytics.source.SourceRegistryServiceImpl -- 源激活 sourceCode=p1-03-probe-2 id=2 绑定 runtime_profile.id=1
17:09:26.248 [pool-4-thread-3] INFO com.graduation.analytics.source.SourceRegistryServiceImpl -- 源激活 sourceCode=p1-03-probe-1 id=1 绑定 runtime_profile.id=1
17:09:26.249 [pool-4-thread-4] INFO com.graduation.analytics.source.SourceRegistryServiceImpl -- 源激活 sourceCode=p1-03-probe-2 id=2 绑定 runtime_profile.id=1
17:09:26.256 [pool-5-thread-7] INFO com.graduation.analytics.source.SourceRegistryServiceImpl -- 源激活 sourceCode=p1-03-probe-1 id=1 绑定 runtime_profile.id=1
17:09:26.258 [pool-5-thread-6] INFO com.graduation.analytics.source.SourceRegistryServiceImpl -- 源激活 sourceCode=p1-03-probe-2 id=2 绑定 runtime_profile.id=1
17:09:26.259 [pool-5-thread-3] INFO com.graduation.analytics.source.SourceRegistryServiceImpl -- 源激活 sourceCode=p1-03-probe-1 id=1 绑定 runtime_profile.id=1
17:09:26.259 [pool-5-thread-4] INFO com.graduation.analytics.source.SourceRegistryServiceImpl -- 源激活 sourceCode=p1-03-probe-2 id=2 绑定 runtime_profile.id=1
17:09:26.259 [pool-5-thread-1] INFO com.graduation.analytics.source.SourceRegistryServiceImpl -- 源激活 sourceCode=p1-03-probe-1 id=1 绑定 runtime_profile.id=1
17:09:26.259 [pool-5-thread-2] INFO com.graduation.analytics.source.SourceRegistryServiceImpl -- 源激活 sourceCode=p1-03-probe-2 id=2 绑定 runtime_profile.id=1
17:09:26.266 [pool-6-thread-7] INFO com.graduation.analytics.source.SourceRegistryServiceImpl -- 源激活 sourceCode=p1-03-probe-1 id=1 绑定 runtime_profile.id=1
17:09:26.267 [pool-6-thread-6] INFO com.graduation.analytics.source.SourceRegistryServiceImpl -- 源激活 sourceCode=p1-03-probe-2 id=2 绑定 runtime_profile.id=1
17:09:26.268 [pool-6-thread-1] INFO com.graduation.analytics.source.SourceRegistryServiceImpl -- 源激活 sourceCode=p1-03-probe-1 id=1 绑定 runtime_profile.id=1
17:09:26.269 [pool-6-thread-2] INFO com.graduation.analytics.source.SourceRegistryServiceImpl -- 源激活 sourceCode=p1-03-probe-2 id=2 绑定 runtime_profile.id=1
17:09:26.275 [pool-7-thread-7] INFO com.graduation.analytics.source.SourceRegistryServiceImpl -- 源激活 sourceCode=p1-03-probe-1 id=1 绑定 runtime_profile.id=1
17:09:26.277 [pool-7-thread-2] INFO com.graduation.analytics.source.SourceRegistryServiceImpl -- 源激活 sourceCode=p1-03-probe-2 id=2 绑定 runtime_profile.id=1
17:09:26.277 [pool-7-thread-3] INFO com.graduation.analytics.source.SourceRegistryServiceImpl -- 源激活 sourceCode=p1-03-probe-1 id=1 绑定 runtime_profile.id=1
17:09:26.285 [pool-8-thread-6] INFO com.graduation.analytics.source.SourceRegistryServiceImpl -- 源激活 sourceCode=p1-03-probe-2 id=2 绑定 runtime_profile.id=1
17:09:26.286 [pool-8-thread-5] INFO com.graduation.analytics.source.SourceRegistryServiceImpl -- 源激活 sourceCode=p1-03-probe-1 id=1 绑定 runtime_profile.id=1
17:09:26.286 [pool-8-thread-8] INFO com.graduation.analytics.source.SourceRegistryServiceImpl -- 源激活 sourceCode=p1-03-probe-2 id=2 绑定 runtime_profile.id=1
17:09:26.293 [pool-9-thread-7] INFO com.graduation.analytics.source.SourceRegistryServiceImpl -- 源激活 sourceCode=p1-03-probe-1 id=1 绑定 runtime_profile.id=1
17:09:26.294 [pool-9-thread-6] INFO com.graduation.analytics.source.SourceRegistryServiceImpl -- 源激活 sourceCode=p1-03-probe-2 id=2 绑定 runtime_profile.id=1
17:09:26.294 [pool-9-thread-3] INFO com.graduation.analytics.source.SourceRegistryServiceImpl -- 源激活 sourceCode=p1-03-probe-1 id=1 绑定 runtime_profile.id=1
17:09:26.296 [pool-9-thread-4] INFO com.graduation.analytics.source.SourceRegistryServiceImpl -- 源激活 sourceCode=p1-03-probe-2 id=2 绑定 runtime_profile.id=1
17:09:26.296 [pool-9-thread-1] INFO com.graduation.analytics.source.SourceRegistryServiceImpl -- 源激活 sourceCode=p1-03-probe-1 id=1 绑定 runtime_profile.id=1
17:09:26.301 [pool-10-thread-8] INFO com.graduation.analytics.source.SourceRegistryServiceImpl -- 源激活 sourceCode=p1-03-probe-2 id=2 绑定 runtime_profile.id=1
17:09:26.302 [pool-10-thread-5] INFO com.graduation.analytics.source.SourceRegistryServiceImpl -- 源激活 sourceCode=p1-03-probe-1 id=1 绑定 runtime_profile.id=1
17:09:26.303 [pool-10-thread-6] INFO com.graduation.analytics.source.SourceRegistryServiceImpl -- 源激活 sourceCode=p1-03-probe-2 id=2 绑定 runtime_profile.id=1
17:09:26.305 [pool-10-thread-3] INFO com.graduation.analytics.source.SourceRegistryServiceImpl -- 源激活 sourceCode=p1-03-probe-1 id=1 绑定 runtime_profile.id=1
17:09:26.312 [pool-11-thread-2] INFO com.graduation.analytics.source.SourceRegistryServiceImpl -- 源激活 sourceCode=p1-03-probe-2 id=2 绑定 runtime_profile.id=1
17:09:26.314 [pool-11-thread-7] INFO com.graduation.analytics.source.SourceRegistryServiceImpl -- 源激活 sourceCode=p1-03-probe-1 id=1 绑定 runtime_profile.id=1
17:09:26.316 [pool-11-thread-4] INFO com.graduation.analytics.source.SourceRegistryServiceImpl -- 源激活 sourceCode=p1-03-probe-2 id=2 绑定 runtime_profile.id=1
17:09:26.317 [pool-11-thread-1] INFO com.graduation.analytics.source.SourceRegistryServiceImpl -- 源激活 sourceCode=p1-03-probe-1 id=1 绑定 runtime_profile.id=1
17:09:26.325 [pool-12-thread-8] INFO com.graduation.analytics.source.SourceRegistryServiceImpl -- 源激活 sourceCode=p1-03-probe-2 id=2 绑定 runtime_profile.id=1
17:09:26.326 [pool-12-thread-5] INFO com.graduation.analytics.source.SourceRegistryServiceImpl -- 源激活 sourceCode=p1-03-probe-1 id=1 绑定 runtime_profile.id=1
17:09:26.327 [pool-12-thread-6] INFO com.graduation.analytics.source.SourceRegistryServiceImpl -- 源激活 sourceCode=p1-03-probe-2 id=2 绑定 runtime_profile.id=1
17:09:26.329 [pool-12-thread-3] INFO com.graduation.analytics.source.SourceRegistryServiceImpl -- 源激活 sourceCode=p1-03-probe-1 id=1 绑定 runtime_profile.id=1
17:09:26.329 [pool-12-thread-2] INFO com.graduation.analytics.source.SourceRegistryServiceImpl -- 源激活 sourceCode=p1-03-probe-2 id=2 绑定 runtime_profile.id=1
17:09:26.330 [pool-12-thread-1] INFO com.graduation.analytics.source.SourceRegistryServiceImpl -- 源激活 sourceCode=p1-03-probe-1 id=1 绑定 runtime_profile.id=1
17:09:26.336 [pool-13-thread-8] INFO com.graduation.analytics.source.SourceRegistryServiceImpl -- 源激活 sourceCode=p1-03-probe-2 id=2 绑定 runtime_profile.id=1
17:09:26.336 [pool-13-thread-7] INFO com.graduation.analytics.source.SourceRegistryServiceImpl -- 源激活 sourceCode=p1-03-probe-1 id=1 绑定 runtime_profile.id=1
17:09:26.337 [pool-13-thread-4] INFO com.graduation.analytics.source.SourceRegistryServiceImpl -- 源激活 sourceCode=p1-03-probe-2 id=2 绑定 runtime_profile.id=1
17:09:26.338 [pool-13-thread-5] INFO com.graduation.analytics.source.SourceRegistryServiceImpl -- 源激活 sourceCode=p1-03-probe-1 id=1 绑定 runtime_profile.id=1
17:09:26.339 [pool-13-thread-6] INFO com.graduation.analytics.source.SourceRegistryServiceImpl -- 源激活 sourceCode=p1-03-probe-2 id=2 绑定 runtime_profile.id=1
17:09:26.340 [pool-13-thread-3] INFO com.graduation.analytics.source.SourceRegistryServiceImpl -- 源激活 sourceCode=p1-03-probe-1 id=1 绑定 runtime_profile.id=1
17:09:26.341 [pool-13-thread-2] INFO com.graduation.analytics.source.SourceRegistryServiceImpl -- 源激活 sourceCode=p1-03-probe-2 id=2 绑定 runtime_profile.id=1
17:09:26.341 [pool-13-thread-1] INFO com.graduation.analytics.source.SourceRegistryServiceImpl -- 源激活 sourceCode=p1-03-probe-1 id=1 绑定 runtime_profile.id=1
17:09:26.353 [main] INFO com.graduation.analytics.source.SourceRegistryServiceImpl -- 源登记创建 sourceCode=p1-03-probe-1 id=1 status=DRAFT
17:09:26.354 [main] INFO com.graduation.analytics.source.SourceRegistryServiceImpl -- 源登记创建 sourceCode=p1-03-probe-2 id=2 status=DRAFT
17:09:26.358 [main] INFO com.graduation.analytics.source.SourceRegistryServiceImpl -- 源激活 sourceCode=p1-03-probe-1 id=1 绑定 runtime_profile.id=1
17:09:26.380 [main] INFO com.graduation.analytics.source.SourceRegistryServiceImpl -- 源登记创建 sourceCode=p1-03-probe-1 id=1 status=DRAFT
17:09:26.381 [main] INFO com.graduation.analytics.source.SourceRegistryServiceImpl -- 源登记创建 sourceCode=p1-03-probe-2 id=2 status=DRAFT
17:09:26.384 [main] INFO com.graduation.analytics.source.SourceRegistryServiceImpl -- 源激活 sourceCode=p1-03-probe-1 id=1 绑定 runtime_profile.id=1
17:09:26.390 [pool-15-thread-6] INFO com.graduation.analytics.source.SourceRegistryServiceImpl -- 源激活 sourceCode=p1-03-probe-2 id=2 绑定 runtime_profile.id=1
17:09:26.392 [pool-15-thread-5] INFO com.graduation.analytics.source.SourceRegistryServiceImpl -- 源激活 sourceCode=p1-03-probe-1 id=1 绑定 runtime_profile.id=1
17:09:26.392 [pool-15-thread-2] INFO com.graduation.analytics.source.SourceRegistryServiceImpl -- 源激活 sourceCode=p1-03-probe-2 id=2 绑定 runtime_profile.id=1
17:09:26.404 [main] INFO com.graduation.analytics.source.SourceRegistryServiceImpl -- 源登记创建 sourceCode=p1-03-probe-1 id=1 status=DRAFT
17:09:26.405 [main] INFO com.graduation.analytics.source.SourceRegistryServiceImpl -- 源登记创建 sourceCode=p1-03-probe-2 id=2 status=DRAFT
17:09:26.409 [pool-16-thread-8] INFO com.graduation.analytics.source.SourceRegistryServiceImpl -- 源激活 sourceCode=p1-03-probe-2 id=2 绑定 runtime_profile.id=1
17:09:26.410 [pool-16-thread-3] INFO com.graduation.analytics.source.SourceRegistryServiceImpl -- 源激活 sourceCode=p1-03-probe-1 id=1 绑定 runtime_profile.id=1
17:09:26.411 [pool-16-thread-2] INFO com.graduation.analytics.source.SourceRegistryServiceImpl -- 源激活 sourceCode=p1-03-probe-2 id=2 绑定 runtime_profile.id=1
17:09:26.411 [pool-16-thread-1] INFO com.graduation.analytics.source.SourceRegistryServiceImpl -- 源暂停 sourceCode=p1-03-probe-1 id=1
17:09:26.418 [pool-17-thread-3] INFO com.graduation.analytics.source.SourceRegistryServiceImpl -- 源激活 sourceCode=p1-03-probe-1 id=1 绑定 runtime_profile.id=1
17:09:26.418 [pool-17-thread-4] INFO com.graduation.analytics.source.SourceRegistryServiceImpl -- 源暂停 sourceCode=p1-03-probe-2 id=2
17:09:26.419 [pool-17-thread-6] INFO com.graduation.analytics.source.SourceRegistryServiceImpl -- 源激活 sourceCode=p1-03-probe-2 id=2 绑定 runtime_profile.id=1
17:09:26.419 [pool-17-thread-5] INFO com.graduation.analytics.source.SourceRegistryServiceImpl -- 源激活 sourceCode=p1-03-probe-1 id=1 绑定 runtime_profile.id=1
17:09:26.420 [pool-17-thread-2] INFO com.graduation.analytics.source.SourceRegistryServiceImpl -- 源激活 sourceCode=p1-03-probe-2 id=2 绑定 runtime_profile.id=1
17:09:26.420 [pool-17-thread-1] INFO com.graduation.analytics.source.SourceRegistryServiceImpl -- 源暂停 sourceCode=p1-03-probe-1 id=1
17:09:26.424 [pool-18-thread-5] INFO com.graduation.analytics.source.SourceRegistryServiceImpl -- 源激活 sourceCode=p1-03-probe-1 id=1 绑定 runtime_profile.id=1
17:09:26.424 [pool-18-thread-4] INFO com.graduation.analytics.source.SourceRegistryServiceImpl -- 源暂停 sourceCode=p1-03-probe-2 id=2
17:09:26.425 [pool-18-thread-2] INFO com.graduation.analytics.source.SourceRegistryServiceImpl -- 源激活 sourceCode=p1-03-probe-2 id=2 绑定 runtime_profile.id=1
17:09:26.425 [pool-18-thread-1] INFO com.graduation.analytics.source.SourceRegistryServiceImpl -- 源暂停 sourceCode=p1-03-probe-1 id=1
17:09:26.426 [pool-18-thread-3] INFO com.graduation.analytics.source.SourceRegistryServiceImpl -- 源激活 sourceCode=p1-03-probe-1 id=1 绑定 runtime_profile.id=1
17:09:26.428 [pool-19-thread-8] INFO com.graduation.analytics.source.SourceRegistryServiceImpl -- 源激活 sourceCode=p1-03-probe-2 id=2 绑定 runtime_profile.id=1
17:09:26.429 [pool-19-thread-7] INFO com.graduation.analytics.source.SourceRegistryServiceImpl -- 源暂停 sourceCode=p1-03-probe-1 id=1
17:09:26.430 [pool-19-thread-5] INFO com.graduation.analytics.source.SourceRegistryServiceImpl -- 源激活 sourceCode=p1-03-probe-1 id=1 绑定 runtime_profile.id=1
17:09:26.431 [pool-19-thread-2] INFO com.graduation.analytics.source.SourceRegistryServiceImpl -- 源激活 sourceCode=p1-03-probe-2 id=2 绑定 runtime_profile.id=1
17:09:26.431 [pool-19-thread-1] INFO com.graduation.analytics.source.SourceRegistryServiceImpl -- 源暂停 sourceCode=p1-03-probe-1 id=1
17:09:26.434 [pool-20-thread-5] INFO com.graduation.analytics.source.SourceRegistryServiceImpl -- 源激活 sourceCode=p1-03-probe-1 id=1 绑定 runtime_profile.id=1
17:09:26.434 [pool-20-thread-4] INFO com.graduation.analytics.source.SourceRegistryServiceImpl -- 源暂停 sourceCode=p1-03-probe-2 id=2
17:09:26.435 [pool-20-thread-8] INFO com.graduation.analytics.source.SourceRegistryServiceImpl -- 源激活 sourceCode=p1-03-probe-2 id=2 绑定 runtime_profile.id=1
17:09:26.437 [pool-20-thread-3] INFO com.graduation.analytics.source.SourceRegistryServiceImpl -- 源激活 sourceCode=p1-03-probe-1 id=1 绑定 runtime_profile.id=1
17:09:26.437 [pool-20-thread-2] INFO com.graduation.analytics.source.SourceRegistryServiceImpl -- 源激活 sourceCode=p1-03-probe-2 id=2 绑定 runtime_profile.id=1
17:09:26.440 [pool-21-thread-1] INFO com.graduation.analytics.source.SourceRegistryServiceImpl -- 源暂停 sourceCode=p1-03-probe-1 id=1
17:09:26.440 [pool-21-thread-5] INFO com.graduation.analytics.source.SourceRegistryServiceImpl -- 源激活 sourceCode=p1-03-probe-1 id=1 绑定 runtime_profile.id=1
17:09:26.441 [pool-21-thread-6] INFO com.graduation.analytics.source.SourceRegistryServiceImpl -- 源激活 sourceCode=p1-03-probe-2 id=2 绑定 runtime_profile.id=1
17:09:26.442 [pool-21-thread-3] INFO com.graduation.analytics.source.SourceRegistryServiceImpl -- 源激活 sourceCode=p1-03-probe-1 id=1 绑定 runtime_profile.id=1
17:09:26.446 [pool-22-thread-6] INFO com.graduation.analytics.source.SourceRegistryServiceImpl -- 源激活 sourceCode=p1-03-probe-2 id=2 绑定 runtime_profile.id=1
17:09:26.446 [pool-22-thread-5] INFO com.graduation.analytics.source.SourceRegistryServiceImpl -- 源激活 sourceCode=p1-03-probe-1 id=1 绑定 runtime_profile.id=1
17:09:26.447 [pool-22-thread-4] INFO com.graduation.analytics.source.SourceRegistryServiceImpl -- 源暂停 sourceCode=p1-03-probe-2 id=2
17:09:26.447 [pool-22-thread-2] INFO com.graduation.analytics.source.SourceRegistryServiceImpl -- 源激活 sourceCode=p1-03-probe-2 id=2 绑定 runtime_profile.id=1
17:09:26.450 [pool-23-thread-1] INFO com.graduation.analytics.source.SourceRegistryServiceImpl -- 源暂停 sourceCode=p1-03-probe-1 id=1
17:09:26.451 [pool-23-thread-5] INFO com.graduation.analytics.source.SourceRegistryServiceImpl -- 源激活 sourceCode=p1-03-probe-1 id=1 绑定 runtime_profile.id=1
17:09:26.452 [pool-23-thread-2] INFO com.graduation.analytics.source.SourceRegistryServiceImpl -- 源激活 sourceCode=p1-03-probe-2 id=2 绑定 runtime_profile.id=1
17:09:26.455 [pool-24-thread-7] INFO com.graduation.analytics.source.SourceRegistryServiceImpl -- 源暂停 sourceCode=p1-03-probe-1 id=1
17:09:26.456 [pool-24-thread-3] INFO com.graduation.analytics.source.SourceRegistryServiceImpl -- 源激活 sourceCode=p1-03-probe-1 id=1 绑定 runtime_profile.id=1
17:09:26.457 [pool-24-thread-2] INFO com.graduation.analytics.source.SourceRegistryServiceImpl -- 源激活 sourceCode=p1-03-probe-2 id=2 绑定 runtime_profile.id=1
17:09:26.458 [pool-24-thread-5] INFO com.graduation.analytics.source.SourceRegistryServiceImpl -- 源激活 sourceCode=p1-03-probe-1 id=1 绑定 runtime_profile.id=1
17:09:26.458 [pool-24-thread-6] INFO com.graduation.analytics.source.SourceRegistryServiceImpl -- 源激活 sourceCode=p1-03-probe-2 id=2 绑定 runtime_profile.id=1
17:09:26.468 [pool-25-thread-7] INFO com.graduation.analytics.source.SourceRegistryServiceImpl -- 源暂停 sourceCode=p1-03-probe-1 id=1
17:09:26.470 [pool-25-thread-5] INFO com.graduation.analytics.source.SourceRegistryServiceImpl -- 源激活 sourceCode=p1-03-probe-1 id=1 绑定 runtime_profile.id=1
17:09:26.471 [pool-25-thread-2] INFO com.graduation.analytics.source.SourceRegistryServiceImpl -- 源激活 sourceCode=p1-03-probe-2 id=2 绑定 runtime_profile.id=1
17:09:26.471 [pool-25-thread-1] INFO com.graduation.analytics.source.SourceRegistryServiceImpl -- 源暂停 sourceCode=p1-03-probe-1 id=1
17:09:26.475 [pool-26-thread-5] INFO com.graduation.analytics.source.SourceRegistryServiceImpl -- 源激活 sourceCode=p1-03-probe-1 id=1 绑定 runtime_profile.id=1
17:09:26.475 [pool-26-thread-4] INFO com.graduation.analytics.source.SourceRegistryServiceImpl -- 源暂停 sourceCode=p1-03-probe-2 id=2
17:09:26.476 [pool-26-thread-2] INFO com.graduation.analytics.source.SourceRegistryServiceImpl -- 源激活 sourceCode=p1-03-probe-2 id=2 绑定 runtime_profile.id=1
17:09:26.477 [pool-26-thread-3] INFO com.graduation.analytics.source.SourceRegistryServiceImpl -- 源激活 sourceCode=p1-03-probe-1 id=1 绑定 runtime_profile.id=1
17:09:26.479 [pool-27-thread-8] INFO com.graduation.analytics.source.SourceRegistryServiceImpl -- 源激活 sourceCode=p1-03-probe-2 id=2 绑定 runtime_profile.id=1
17:09:26.479 [pool-27-thread-7] INFO com.graduation.analytics.source.SourceRegistryServiceImpl -- 源暂停 sourceCode=p1-03-probe-1 id=1
17:09:26.480 [pool-27-thread-5] INFO com.graduation.analytics.source.SourceRegistryServiceImpl -- 源激活 sourceCode=p1-03-probe-1 id=1 绑定 runtime_profile.id=1
17:09:26.480 [pool-27-thread-4] INFO com.graduation.analytics.source.SourceRegistryServiceImpl -- 源暂停 sourceCode=p1-03-probe-2 id=2
17:09:26.480 [pool-27-thread-2] INFO com.graduation.analytics.source.SourceRegistryServiceImpl -- 源激活 sourceCode=p1-03-probe-2 id=2 绑定 runtime_profile.id=1
17:09:26.482 [pool-27-thread-3] INFO com.graduation.analytics.source.SourceRegistryServiceImpl -- 源激活 sourceCode=p1-03-probe-1 id=1 绑定 runtime_profile.id=1
17:09:26.489 [main] INFO com.graduation.analytics.source.SourceRegistryServiceImpl -- 源登记创建 sourceCode=p1-03-probe-1 id=1 status=DRAFT
17:09:26.491 [main] INFO com.graduation.analytics.source.SourceRegistryServiceImpl -- 源登记创建 sourceCode=p1-03-probe-2 id=2 status=DRAFT
17:09:26.494 [pool-28-thread-8] INFO com.graduation.analytics.source.SourceRegistryServiceImpl -- 源激活 sourceCode=p1-03-probe-1 id=1 绑定 runtime_profile.id=1
[INFO] Tests run: 7, Failures: 0, Errors: 0, Skipped: 0, Time elapsed: 0.437 s -- in com.graduation.analytics.source.SourceRegistryConcurrencyTest
[INFO] Running com.graduation.analytics.source.SourceRegistryServiceTest
17:09:26.555 [main] INFO com.graduation.analytics.source.SourceRegistryServiceImpl -- 源激活 sourceCode=p1-03-probe-1 id=1 绑定 runtime_profile.id=1
17:09:26.640 [main] INFO com.graduation.analytics.source.SourceRegistryServiceImpl -- 源暂停 sourceCode=p1-03-probe-1 id=2
17:09:26.654 [main] INFO com.graduation.analytics.source.SourceRegistryServiceImpl -- 源登记创建 sourceCode=p1-03-probe-1 id=1 status=DRAFT
17:09:26.670 [main] INFO com.graduation.analytics.source.SourceRegistryServiceImpl -- 源激活 sourceCode=p1-03-probe-1 id=2 绑定 runtime_profile.id=1
17:09:26.698 [main] INFO com.graduation.analytics.source.SourceRegistryServiceImpl -- 源登记创建 sourceCode=p1-03-probe-1 id=1 status=PAUSED
17:09:26.704 [main] INFO com.graduation.analytics.source.SourceRegistryServiceImpl -- 源登记修改 id=1 sourceCode=mock-mall
[INFO] Tests run: 32, Failures: 0, Errors: 0, Skipped: 0, Time elapsed: 0.160 s -- in com.graduation.analytics.source.SourceRegistryServiceTest
[INFO] Running com.graduation.analytics.source.SourceWarehousePrefixGateTest
17:09:26.811 [main] INFO com.graduation.analytics.source.SourceRegistryServiceImpl -- 源登记创建 sourceCode=p2-07-probe-1 id=1 status=DRAFT
17:09:26.816 [main] INFO com.graduation.analytics.source.SourceRegistryServiceImpl -- 源登记创建 sourceCode=p2-07-probe-1 id=1 status=DRAFT
17:09:26.821 [main] INFO com.graduation.analytics.source.SourceRegistryServiceImpl -- 源登记创建 sourceCode=p2-07-probe-1 id=1 status=DRAFT
17:09:26.823 [main] INFO com.graduation.analytics.source.SourceRegistryServiceImpl -- 源登记创建 sourceCode=p2-07-probe-1 id=1 status=DRAFT
17:09:26.827 [main] INFO com.graduation.analytics.source.SourceRegistryServiceImpl -- 源登记创建 sourceCode=p2-07-probe-1 id=1 status=DRAFT
17:09:26.829 [main] INFO com.graduation.analytics.source.SourceRegistryServiceImpl -- 源登记创建 sourceCode=p2-07-probe-1 id=1 status=DRAFT
17:09:26.846 [main] INFO com.graduation.analytics.source.SourceRegistryServiceImpl -- 源登记修改 id=1 sourceCode=mock-mall
[INFO] Tests run: 14, Failures: 0, Errors: 0, Skipped: 0, Time elapsed: 0.099 s -- in com.graduation.analytics.source.SourceWarehousePrefixGateTest
[INFO] 
[INFO] Results:
[INFO] 
[INFO] Tests run: 156, Failures: 0, Errors: 0, Skipped: 0
[INFO] 
[INFO] 
[INFO] ------------< com.graduation.analytics:warehouse-pipeline >-------------
[INFO] Building warehouse-pipeline 0.1.0-SNAPSHOT                         [4/7]
[INFO]   from warehouse-pipeline\pom.xml
[INFO] --------------------------------[ jar ]---------------------------------
[INFO] 
[INFO] --- resources:3.3.1:resources (default-resources) @ warehouse-pipeline ---
[INFO] skip non existing resourceDirectory D:\Develop_code\GraduationProject\analytics-server\warehouse-pipeline\src\main\resources
[INFO] skip non existing resourceDirectory D:\Develop_code\GraduationProject\analytics-server\warehouse-pipeline\src\main\resources
[INFO] 
[INFO] --- compiler:3.11.0:compile (default-compile) @ warehouse-pipeline ---
[INFO] Changes detected - recompiling the module! :dependency
[INFO] Compiling 16 source files with javac [debug release 17] to target\classes
[INFO] 
[INFO] --- resources:3.3.1:testResources (default-testResources) @ warehouse-pipeline ---
[INFO] skip non existing resourceDirectory D:\Develop_code\GraduationProject\analytics-server\warehouse-pipeline\src\test\resources
[INFO] 
[INFO] --- compiler:3.11.0:testCompile (default-testCompile) @ warehouse-pipeline ---
[INFO] Changes detected - recompiling the module! :dependency
[INFO] Compiling 14 source files with javac [debug release 17] to target\test-classes
[INFO] /D:/Develop_code/GraduationProject/analytics-server/warehouse-pipeline/src/test/java/com/graduation/analytics/pipeline/PipelineRecoveryServiceTest.java: D:\Develop_code\GraduationProject\analytics-server\warehouse-pipeline\src\test\java\com\graduation\analytics\pipeline\PipelineRecoveryServiceTest.java使用了未经检查或不安全的操作。
[INFO] /D:/Develop_code/GraduationProject/analytics-server/warehouse-pipeline/src/test/java/com/graduation/analytics/pipeline/PipelineRecoveryServiceTest.java: 有关详细信息, 请使用 -Xlint:unchecked 重新编译。
[INFO] 
[INFO] --- surefire:3.1.2:test (default-test) @ warehouse-pipeline ---
[WARNING] useSystemClassLoader setting has no effect when not forking
[WARNING] The parameter forkCount should likely not be 0. Forking a JVM for tests improves test accuracy. Ensure to have a <forkCount> >= 1.
[INFO] Using auto detected provider org.apache.maven.surefire.junitplatform.JUnitPlatformProvider
[INFO] Running com.graduation.analytics.contracts.EventContractTest
[INFO] Tests run: 28, Failures: 0, Errors: 0, Skipped: 0, Time elapsed: 1.441 s -- in com.graduation.analytics.contracts.EventContractTest
[INFO] Running com.graduation.analytics.pipeline.DataQualityGateTest
Java HotSpot(TM) 64-Bit Server VM warning: Sharing is only supported for boot loader classes because bootstrap classpath has been appended
[INFO] Tests run: 6, Failures: 0, Errors: 0, Skipped: 0, Time elapsed: 2.090 s -- in com.graduation.analytics.pipeline.DataQualityGateTest
[INFO] Running com.graduation.analytics.pipeline.PipelineRecoveryServiceTest
[INFO] Tests run: 3, Failures: 0, Errors: 0, Skipped: 0, Time elapsed: 0.695 s -- in com.graduation.analytics.pipeline.PipelineRecoveryServiceTest
[INFO] Running com.graduation.analytics.pipeline.PipelineServiceTest
17:09:38.364 [main] WARN com.graduation.analytics.pipeline.PipelineService -- pipeline 1 failed: ADS 暂存质量门未通过，正式分区未发布: dqc: 质量门阻断发布: ADS_STAGING_PRESENT
17:09:38.587 [main] WARN com.graduation.analytics.pipeline.PipelineService -- pipeline 1 failed: 金额对账未通过，正式分区未发布
17:09:38.602 [main] WARN com.graduation.analytics.pipeline.PipelineService -- pipeline 1 failed: accepted 无归属业务日事件
17:09:38.646 [main] WARN com.graduation.analytics.pipeline.PipelineService -- pipeline 1 failed: accepted 无归属业务日事件
17:09:38.690 [main] WARN com.graduation.analytics.pipeline.PipelineService -- pipeline 1 failed: BUILD_DWD 作业失败: bdw: 作业失败
17:09:38.705 [main] WARN com.graduation.analytics.pipeline.PipelineService -- pipeline 1 failed: accepted 无归属业务日事件
17:09:38.715 [main] INFO com.graduation.analytics.pipeline.PipelineService -- pipeline 1: stage WAIT_LANDING 已成功，重试跳过（不重复执行）
[INFO] Tests run: 12, Failures: 0, Errors: 0, Skipped: 0, Time elapsed: 1.352 s -- in com.graduation.analytics.pipeline.PipelineServiceTest
[INFO] Running com.graduation.analytics.pipeline.QualityCheckerAmountReconcileTest
17:09:38.818 [main] INFO com.graduation.analytics.pipeline.QualityChecker -- quality check: rules=4 corePassed=true
17:09:38.820 [main] INFO com.graduation.analytics.pipeline.QualityChecker -- quality check: rules=4 corePassed=false
17:09:38.822 [main] INFO com.graduation.analytics.pipeline.QualityChecker -- quality check: rules=4 corePassed=true
17:09:38.822 [main] INFO com.graduation.analytics.pipeline.QualityChecker -- quality check: rules=4 corePassed=false
17:09:38.823 [main] INFO com.graduation.analytics.pipeline.QualityChecker -- quality check: rules=4 corePassed=false
[INFO] Tests run: 4, Failures: 0, Errors: 0, Skipped: 0, Time elapsed: 0.050 s -- in com.graduation.analytics.pipeline.QualityCheckerAmountReconcileTest
[INFO] Running com.graduation.analytics.pipeline.spark.JobCommandBuilderTest
[INFO] Tests run: 13, Failures: 0, Errors: 0, Skipped: 0, Time elapsed: 0.050 s -- in com.graduation.analytics.pipeline.spark.JobCommandBuilderTest
[INFO] Running com.graduation.analytics.pipeline.spark.JobResultParserTest
[INFO] Tests run: 12, Failures: 0, Errors: 0, Skipped: 0, Time elapsed: 0.042 s -- in com.graduation.analytics.pipeline.spark.JobResultParserTest
[INFO] Running com.graduation.analytics.pipeline.spark.SparkStageExecutorFactoryTest
[INFO] Tests run: 4, Failures: 0, Errors: 0, Skipped: 0, Time elapsed: 0.174 s -- in com.graduation.analytics.pipeline.spark.SparkStageExecutorFactoryTest
[INFO] Running com.graduation.analytics.pipeline.spark.SparkStageExecutorSmokeTest
17:09:39.202 [main] INFO com.graduation.analytics.runtime.submit.LocalProcessSparkSubmitter -- spark-submit lp-1789204179185-3261d0 -> pid=47200 log=D:\Develop_code\GraduationProject\tests\r6-smoke-warehouse\logs\smoke-sci__lp-1789204179185-3261d0.log
17:09:51.415 [main] INFO com.graduation.analytics.runtime.submit.LocalProcessSparkSubmitter -- spark-submit lp-1789204191401-7fa326 -> pid=58460 log=D:\Develop_code\GraduationProject\tests\r6-smoke-warehouse\logs\pipeline-1-LOAD_ODS-odl-a1__lp-1789204191401-7fa326.log
[smoke] warehouse=D:\Develop_code\GraduationProject\tests\r6-smoke-warehouse\warehouse
[INFO] Tests run: 1, Failures: 0, Errors: 0, Skipped: 0, Time elapsed: 32.67 s -- in com.graduation.analytics.pipeline.spark.SparkStageExecutorSmokeTest
[INFO] Running com.graduation.analytics.pipeline.spark.SparkStageExecutorTest
17:10:11.825 [main] WARN com.graduation.analytics.pipeline.spark.SparkStageExecutor -- stage LOAD_ODS fail-fast: job odl 失败（外部任务被取消），不再提交剩余作业 []
17:10:11.832 [main] WARN com.graduation.analytics.pipeline.spark.SparkStageExecutor -- stage LOAD_ODS fail-fast: job odl 失败（进程退出码非0(exit=1): schema mismatch），不再提交剩余作业 []
17:10:13.851 [main] WARN com.graduation.analytics.pipeline.spark.SparkStageExecutor -- stage LOAD_ODS fail-fast: job odl 失败（未找到 JobResult 结果行），不再提交剩余作业 []
17:10:13.853 [main] WARN com.graduation.analytics.pipeline.spark.SparkStageExecutor -- stage LOAD_ODS fail-fast: job odl 失败（进程退出码非0(exit=1): ok），不再提交剩余作业 []
17:10:13.855 [main] WARN com.graduation.analytics.pipeline.spark.SparkStageExecutor -- stage BUILD_DWD fail-fast: job dim 失败（进程退出码非0(exit=1): 维度构建失败），不再提交剩余作业 [tdw]
[INFO] Tests run: 11, Failures: 0, Errors: 0, Skipped: 0, Time elapsed: 2.034 s -- in com.graduation.analytics.pipeline.spark.SparkStageExecutorTest
[INFO] Running com.graduation.analytics.runtime.submit.FakeJobSubmitterTest
[INFO] Tests run: 5, Failures: 0, Errors: 0, Skipped: 0, Time elapsed: 0.004 s -- in com.graduation.analytics.runtime.submit.FakeJobSubmitterTest
[INFO] Running com.graduation.analytics.runtime.submit.JobSubmitterFactoryTest
[INFO] Tests run: 8, Failures: 0, Errors: 0, Skipped: 0, Time elapsed: 0.006 s -- in com.graduation.analytics.runtime.submit.JobSubmitterFactoryTest
[INFO] Running com.graduation.analytics.runtime.submit.LocalProcessSparkSubmitterLogTest
17:10:13.925 [main] INFO com.graduation.analytics.runtime.submit.LocalProcessSparkSubmitter -- spark-submit lp-1789204213915-86ddd1 -> pid=41160 log=C:\Users\ASUS\AppData\Local\Temp\junit6902126945180032549\prefix-1789204213914__lp-1789204213915-86ddd1.log
17:10:14.051 [main] INFO com.graduation.analytics.runtime.submit.LocalProcessSparkSubmitter -- spark-submit lp-1789204214042-47cbd5 -> pid=32036 log=C:\Users\ASUS\AppData\Local\Temp\junit7312821091378603524\pipeline-9-LOAD_ODS__lp-1789204214042-47cbd5.log
[INFO] Tests run: 4, Failures: 0, Errors: 0, Skipped: 0, Time elapsed: 0.255 s -- in com.graduation.analytics.runtime.submit.LocalProcessSparkSubmitterLogTest
[INFO] 
[INFO] Results:
[INFO] 
[INFO] Tests run: 111, Failures: 0, Errors: 0, Skipped: 0
[INFO] 
[INFO] 
[INFO] --------------< com.graduation.analytics:metric-analysis >--------------
[INFO] Building metric-analysis 0.1.0-SNAPSHOT                            [5/7]
[INFO]   from metric-analysis\pom.xml
[INFO] --------------------------------[ jar ]---------------------------------
[INFO] 
[INFO] --- resources:3.3.1:resources (default-resources) @ metric-analysis ---
[INFO] skip non existing resourceDirectory D:\Develop_code\GraduationProject\analytics-server\metric-analysis\src\main\resources
[INFO] skip non existing resourceDirectory D:\Develop_code\GraduationProject\analytics-server\metric-analysis\src\main\resources
[INFO] 
[INFO] --- compiler:3.11.0:compile (default-compile) @ metric-analysis ---
[INFO] Changes detected - recompiling the module! :dependency
[INFO] Compiling 13 source files with javac [debug release 17] to target\classes
[INFO] /D:/Develop_code/GraduationProject/analytics-server/metric-analysis/src/main/java/com/graduation/analytics/metric/publish/AdsExportReader.java: D:\Develop_code\GraduationProject\analytics-server\metric-analysis\src\main\java\com\graduation\analytics\metric\publish\AdsExportReader.java使用或覆盖了已过时的 API。
[INFO] /D:/Develop_code/GraduationProject/analytics-server/metric-analysis/src/main/java/com/graduation/analytics/metric/publish/AdsExportReader.java: 有关详细信息, 请使用 -Xlint:deprecation 重新编译。
[INFO] 
[INFO] --- resources:3.3.1:testResources (default-testResources) @ metric-analysis ---
[INFO] skip non existing resourceDirectory D:\Develop_code\GraduationProject\analytics-server\metric-analysis\src\test\resources
[INFO] 
[INFO] --- compiler:3.11.0:testCompile (default-testCompile) @ metric-analysis ---
[INFO] Changes detected - recompiling the module! :dependency
[INFO] Compiling 9 source files with javac [debug release 17] to target\test-classes
[INFO] /D:/Develop_code/GraduationProject/analytics-server/metric-analysis/src/test/java/com/graduation/analytics/metric/MetricAdsDaoTest.java: D:\Develop_code\GraduationProject\analytics-server\metric-analysis\src\test\java\com\graduation\analytics\metric\MetricAdsDaoTest.java使用了未经检查或不安全的操作。
[INFO] /D:/Develop_code/GraduationProject/analytics-server/metric-analysis/src/test/java/com/graduation/analytics/metric/MetricAdsDaoTest.java: 有关详细信息, 请使用 -Xlint:unchecked 重新编译。
[INFO] 
[INFO] --- surefire:3.1.2:test (default-test) @ metric-analysis ---
[WARNING] useSystemClassLoader setting has no effect when not forking
[WARNING] The parameter forkCount should likely not be 0. Forking a JVM for tests improves test accuracy. Ensure to have a <forkCount> >= 1.
[INFO] Using auto detected provider org.apache.maven.surefire.junitplatform.JUnitPlatformProvider
[INFO] Running com.graduation.analytics.analysis.AnalysisServiceTest
Java HotSpot(TM) 64-Bit Server VM warning: Sharing is only supported for boot loader classes because bootstrap classpath has been appended
17:10:22.924 [main] WARN com.graduation.analytics.analysis.AnalysisService -- quality gate unavailable for run 24: meta 库不可用
[INFO] Tests run: 9, Failures: 0, Errors: 0, Skipped: 0, Time elapsed: 3.728 s -- in com.graduation.analytics.analysis.AnalysisServiceTest
[INFO] Running com.graduation.analytics.analysis.AnalysisSourcePolicyTest
[INFO] Tests run: 3, Failures: 0, Errors: 0, Skipped: 0, Time elapsed: 0.040 s -- in com.graduation.analytics.analysis.AnalysisSourcePolicyTest
[INFO] Running com.graduation.analytics.analysis.AnalysisViewModelTest
[INFO] Tests run: 3, Failures: 0, Errors: 0, Skipped: 0, Time elapsed: 0.002 s -- in com.graduation.analytics.analysis.AnalysisViewModelTest
[INFO] Running com.graduation.analytics.analysis.RfmServiceTest
[INFO] Tests run: 5, Failures: 0, Errors: 0, Skipped: 0, Time elapsed: 0.043 s -- in com.graduation.analytics.analysis.RfmServiceTest
[INFO] Running com.graduation.analytics.metric.MetricAdsDaoTest
17:10:23.360 [main] INFO com.graduation.analytics.metric.MetricAdsWriter -- metric ads delete snapshot snap-r7: 共删除 16 行（8 张表）
17:10:23.405 [main] INFO com.graduation.analytics.metric.MetricAdsWriter -- metric ads insert ads_operation_overview_m (snapshot=snap-r7, dt=2026-09-04): 2 行 / 3 列
[INFO] Tests run: 9, Failures: 0, Errors: 0, Skipped: 0, Time elapsed: 0.237 s -- in com.graduation.analytics.metric.MetricAdsDaoTest
[INFO] Running com.graduation.analytics.metric.publish.MetricPublishValidatorTest
[INFO] Tests run: 9, Failures: 0, Errors: 0, Skipped: 0, Time elapsed: 1.058 s -- in com.graduation.analytics.metric.publish.MetricPublishValidatorTest
[INFO] 
[INFO] Results:
[INFO] 
[INFO] Tests run: 38, Failures: 0, Errors: 0, Skipped: 0
[INFO] 
[INFO] 
[INFO] ----------------< com.graduation.analytics:ai-decision >----------------
[INFO] Building ai-decision 0.1.0-SNAPSHOT                                [6/7]
[INFO]   from ai-decision\pom.xml
[INFO] --------------------------------[ jar ]---------------------------------
[INFO] 
[INFO] --- resources:3.3.1:resources (default-resources) @ ai-decision ---
[INFO] skip non existing resourceDirectory D:\Develop_code\GraduationProject\analytics-server\ai-decision\src\main\resources
[INFO] skip non existing resourceDirectory D:\Develop_code\GraduationProject\analytics-server\ai-decision\src\main\resources
[INFO] 
[INFO] --- compiler:3.11.0:compile (default-compile) @ ai-decision ---
[INFO] Changes detected - recompiling the module! :dependency
[INFO] Compiling 37 source files with javac [debug release 17] to target\classes
[INFO] /D:/Develop_code/GraduationProject/analytics-server/ai-decision/src/main/java/com/graduation/analytics/ai/sql/SqlSafetyValidator.java: D:\Develop_code\GraduationProject\analytics-server\ai-decision\src\main\java\com\graduation\analytics\ai\sql\SqlSafetyValidator.java使用或覆盖了已过时的 API。
[INFO] /D:/Develop_code/GraduationProject/analytics-server/ai-decision/src/main/java/com/graduation/analytics/ai/sql/SqlSafetyValidator.java: 有关详细信息, 请使用 -Xlint:deprecation 重新编译。
[INFO] 
[INFO] --- resources:3.3.1:testResources (default-testResources) @ ai-decision ---
[INFO] skip non existing resourceDirectory D:\Develop_code\GraduationProject\analytics-server\ai-decision\src\test\resources
[INFO] 
[INFO] --- compiler:3.11.0:testCompile (default-testCompile) @ ai-decision ---
[INFO] Changes detected - recompiling the module! :dependency
[INFO] Compiling 10 source files with javac [debug release 17] to target\test-classes
[INFO] 
[INFO] --- surefire:3.1.2:test (default-test) @ ai-decision ---
[WARNING] useSystemClassLoader setting has no effect when not forking
[WARNING] The parameter forkCount should likely not be 0. Forking a JVM for tests improves test accuracy. Ensure to have a <forkCount> >= 1.
[INFO] Using auto detected provider org.apache.maven.surefire.junitplatform.JUnitPlatformProvider
[INFO] Running com.graduation.analytics.ai.AiSqlDriftTest
[INFO] Tests run: 6, Failures: 0, Errors: 0, Skipped: 0, Time elapsed: 0.240 s -- in com.graduation.analytics.ai.AiSqlDriftTest
[INFO] Running com.graduation.analytics.ai.AiSqlSecurityTest
Java HotSpot(TM) 64-Bit Server VM warning: Sharing is only supported for boot loader classes because bootstrap classpath has been appended
[INFO] Tests run: 33, Failures: 0, Errors: 0, Skipped: 0, Time elapsed: 3.659 s -- in com.graduation.analytics.ai.AiSqlSecurityTest
[INFO] Running com.graduation.analytics.ai.evidence.EvidenceBuilderTest
17:10:35.116 [main] WARN com.graduation.analytics.ai.evidence.EvidenceBuilder -- 证据包商品维度读取失败（降级为空维度）: metricReadDataSource 未配置
[INFO] Tests run: 7, Failures: 0, Errors: 0, Skipped: 0, Time elapsed: 0.998 s -- in com.graduation.analytics.ai.evidence.EvidenceBuilderTest
[INFO] Running com.graduation.analytics.ai.ExplanationEvidenceTest
17:10:35.605 [main] WARN com.graduation.analytics.ai.ExplanationService -- evidence explanation rewrite failed, fallback to template: timeout
[INFO] Tests run: 5, Failures: 0, Errors: 0, Skipped: 0, Time elapsed: 0.429 s -- in com.graduation.analytics.ai.ExplanationEvidenceTest
[INFO] Running com.graduation.analytics.ai.QuestionSafetyScreenTest
[INFO] Tests run: 3, Failures: 0, Errors: 0, Skipped: 0, Time elapsed: 0.015 s -- in com.graduation.analytics.ai.QuestionSafetyScreenTest
[INFO] Running com.graduation.analytics.ai.sql.ComponentWiringContractTest
[INFO] Tests run: 2, Failures: 0, Errors: 0, Skipped: 0, Time elapsed: 0.178 s -- in com.graduation.analytics.ai.sql.ComponentWiringContractTest
[INFO] Running com.graduation.analytics.ai.TextToSqlAuditTest
17:10:36.015 [main] WARN com.graduation.analytics.ai.TextToSqlService -- text-to-sql rejected at stage SCOPE_RESOLVE: [NO_ACTIVE_SNAPSHOT] metric_snapshot 中没有 status='ACTIVE'
17:10:36.810 [main] WARN com.graduation.analytics.ai.TextToSqlService -- text-to-sql rejected at stage REPAIR: [SQL_JOIN] 修复后仍未通过安全校验: 禁止 JOIN（第一阶段强制单表查询）
[INFO] Tests run: 4, Failures: 0, Errors: 0, Skipped: 0, Time elapsed: 0.984 s -- in com.graduation.analytics.ai.TextToSqlAuditTest
[INFO] Running com.graduation.analytics.decision.AuditActorTest
[INFO] Tests run: 2, Failures: 0, Errors: 0, Skipped: 0, Time elapsed: 0.006 s -- in com.graduation.analytics.decision.AuditActorTest
[INFO] Running com.graduation.analytics.decision.DecisionServiceTest
17:10:37.123 [main] INFO com.graduation.analytics.decision.DecisionService -- 决策 DC-20260901120000-abcd 批准 by=alice 基线=100.0000（快照 S20260901_24）窗口 3 天
17:10:37.128 [main] INFO com.graduation.analytics.decision.DecisionService -- 决策 DC-20260901120000-abcd 评价结果=EFFECTIVE 基线=100.0000 实际=80.0000 改善率=0.2000（窗口 2026-09-05~2026-09-07，口径 r8-window-v1）
17:10:37.137 [main] INFO com.graduation.analytics.decision.DecisionService -- 决策草稿创建 id=null no=DC-20260912171037-e527 source=ai by=alice
17:10:37.143 [main] INFO com.graduation.analytics.decision.DecisionService -- 决策 DC-20260901120000-abcd 评价结果=EFFECTIVE 基线=100.0000 实际=120.0000 改善率=0.2000（窗口 2026-09-05~2026-09-07，口径 r8-window-v1）
17:10:37.149 [main] INFO com.graduation.analytics.decision.DecisionService -- 决策 DC-20260901120000-abcd 评价结果=INSUFFICIENT_DATA 基线=0.0000 实际=null 改善率=null（窗口 2026-09-05~2026-09-07，口径 r8-window-v1）
17:10:37.157 [main] INFO com.graduation.analytics.decision.DecisionService -- 决策 DC-20260901120000-abcd 评价结果=INSUFFICIENT_DATA 基线=100 实际=null 改善率=null（窗口 2026-09-05~2026-09-07，口径 r8-window-v1）
17:10:37.163 [main] INFO com.graduation.analytics.decision.DecisionService -- 决策 DC-20260901120000-abcd 评价结果=INSUFFICIENT_DATA 基线=100.0000 实际=null 改善率=null（窗口 2026-09-05~2026-09-07，口径 r8-window-v1）
17:10:37.165 [main] INFO com.graduation.analytics.decision.DecisionService -- 决策 DC-20260901120000-abcd 评价结果=EFFECTIVE 基线=100.0000 实际=110.0000 改善率=0.1000（窗口 2026-09-05~2026-09-07，口径 r8-window-v1）
17:10:37.173 [main] INFO com.graduation.analytics.decision.DecisionService -- 决策 DC-20260901120000-abcd 评价结果=PARTIAL 基线=100.0000 实际=102.0000 改善率=0.0200（窗口 2026-09-05~2026-09-07，口径 r8-window-v1）
17:10:37.178 [main] INFO com.graduation.analytics.decision.DecisionService -- 决策 DC-20260901120000-abcd 评价结果=INSUFFICIENT_DATA 基线=100.0000 实际=null 改善率=null（窗口 2026-09-05~2026-09-07，口径 r8-window-v1）
17:10:37.182 [main] INFO com.graduation.analytics.decision.DecisionService -- 决策 DC-20260901120000-abcd 评价结果=INEFFECTIVE 基线=100.0000 实际=90.0000 改善率=-0.1000（窗口 2026-09-05~2026-09-07，口径 r8-window-v1）
[INFO] Tests run: 22, Failures: 0, Errors: 0, Skipped: 0, Time elapsed: 0.330 s -- in com.graduation.analytics.decision.DecisionServiceTest
[INFO] Running com.graduation.analytics.decision.DecisionStateMachineTest
[INFO] Tests run: 7, Failures: 0, Errors: 0, Skipped: 0, Time elapsed: 0.003 s -- in com.graduation.analytics.decision.DecisionStateMachineTest
[INFO] 
[INFO] Results:
[INFO] 
[INFO] Tests run: 91, Failures: 0, Errors: 0, Skipped: 0
[INFO] 
[INFO] 
[INFO] ---------------< com.graduation.analytics:platform-app >----------------
[INFO] Building platform-app 0.1.0-SNAPSHOT                               [7/7]
[INFO]   from platform-app\pom.xml
[INFO] --------------------------------[ jar ]---------------------------------
[INFO] 
[INFO] --- resources:3.3.1:resources (default-resources) @ platform-app ---
[INFO] Copying 1 resource from src\main\resources to target\classes
[INFO] Copying 45 resources from src\main\resources to target\classes
[INFO] 
[INFO] --- compiler:3.11.0:compile (default-compile) @ platform-app ---
[INFO] Changes detected - recompiling the module! :dependency
[INFO] Compiling 20 source files with javac [debug release 17] to target\classes
[INFO] 
[INFO] --- resources:3.3.1:testResources (default-testResources) @ platform-app ---
[INFO] skip non existing resourceDirectory D:\Develop_code\GraduationProject\analytics-server\platform-app\src\test\resources
[INFO] 
[INFO] --- compiler:3.11.0:testCompile (default-testCompile) @ platform-app ---
[INFO] Changes detected - recompiling the module! :dependency
[INFO] Compiling 17 source files with javac [debug release 17] to target\test-classes
[INFO] 
[INFO] --- surefire:3.1.2:test (default-test) @ platform-app ---
[WARNING] useSystemClassLoader setting has no effect when not forking
[WARNING] The parameter forkCount should likely not be 0. Forking a JVM for tests improves test accuracy. Ensure to have a <forkCount> >= 1.
[INFO] Using auto detected provider org.apache.maven.surefire.junitplatform.JUnitPlatformProvider
[INFO] Running com.graduation.analytics.auth.UserAdminControllerAuditTest
Java HotSpot(TM) 64-Bit Server VM warning: Sharing is only supported for boot loader classes because bootstrap classpath has been appended
[INFO] Tests run: 7, Failures: 0, Errors: 0, Skipped: 0, Time elapsed: 3.015 s -- in com.graduation.analytics.auth.UserAdminControllerAuditTest
[INFO] Running com.graduation.analytics.boundary.PlatformMallBoundarySourcePolicyTest
[INFO] Tests run: 3, Failures: 0, Errors: 0, Skipped: 0, Time elapsed: 0.466 s -- in com.graduation.analytics.boundary.PlatformMallBoundarySourcePolicyTest
[INFO] Running com.graduation.analytics.controller.AiControllerIdentityTest
17:10:47.431 [main] WARN com.graduation.analytics.controller.AiController -- AI 问数未取到快照锚点（证据包=构建失败，结果行=null）：按 null 记录，不使用占位值
17:10:47.585 [main] WARN com.graduation.analytics.controller.AiController -- AI 问数未取到快照锚点（证据包=构建失败，结果行=null）：按 null 记录，不使用占位值
[INFO] Tests run: 7, Failures: 0, Errors: 0, Skipped: 0, Time elapsed: 1.283 s -- in com.graduation.analytics.controller.AiControllerIdentityTest
[INFO] Running com.graduation.analytics.controller.AiExplanationEndpointTest
17:10:47.849 [main] WARN com.graduation.analytics.controller.AiController -- 证据解释审计写入失败（operation_audit_log 是否已随 V14 建表？）: Table 'analytics_meta.operation_audit_log' doesn't exist
[INFO] Tests run: 7, Failures: 0, Errors: 0, Skipped: 0, Time elapsed: 0.254 s -- in com.graduation.analytics.controller.AiExplanationEndpointTest
[INFO] Running com.graduation.analytics.controller.AuthResponseMeasurementTest
17:10:49.906 [main] INFO org.hibernate.validator.internal.util.Version -- HV000001: Hibernate Validator 8.0.1.Final
17:10:50.957 [main] INFO org.springframework.mock.web.MockServletContext -- Initializing Spring TestDispatcherServlet ''
17:10:50.957 [main] INFO org.springframework.test.web.servlet.TestDispatcherServlet -- Initializing Servlet ''
17:10:50.961 [main] INFO org.springframework.test.web.servlet.TestDispatcherServlet -- Completed initialization in 3 ms
17:10:51.270 [main] INFO org.springframework.mock.web.MockServletContext -- Initializing Spring TestDispatcherServlet ''
17:10:51.271 [main] INFO org.springframework.test.web.servlet.TestDispatcherServlet -- Initializing Servlet ''
17:10:51.271 [main] INFO org.springframework.test.web.servlet.TestDispatcherServlet -- Completed initialization in 0 ms
17:10:51.294 [main] INFO org.springframework.mock.web.MockServletContext -- Initializing Spring TestDispatcherServlet ''
17:10:51.295 [main] INFO org.springframework.test.web.servlet.TestDispatcherServlet -- Initializing Servlet ''
17:10:51.296 [main] INFO org.springframework.test.web.servlet.TestDispatcherServlet -- Completed initialization in 1 ms
17:10:51.316 [main] INFO org.springframework.mock.web.MockServletContext -- Initializing Spring TestDispatcherServlet ''
17:10:51.317 [main] INFO org.springframework.test.web.servlet.TestDispatcherServlet -- Initializing Servlet ''
17:10:51.317 [main] INFO org.springframework.test.web.servlet.TestDispatcherServlet -- Completed initialization in 0 ms
17:10:51.370 [main] INFO org.springframework.mock.web.MockServletContext -- Initializing Spring TestDispatcherServlet ''
17:10:51.371 [main] INFO org.springframework.test.web.servlet.TestDispatcherServlet -- Initializing Servlet ''
17:10:51.371 [main] INFO org.springframework.test.web.servlet.TestDispatcherServlet -- Completed initialization in 0 ms
17:10:51.397 [main] INFO org.springframework.mock.web.MockServletContext -- Initializing Spring TestDispatcherServlet ''
17:10:51.397 [main] INFO org.springframework.test.web.servlet.TestDispatcherServlet -- Initializing Servlet ''
17:10:51.398 [main] INFO org.springframework.test.web.servlet.TestDispatcherServlet -- Completed initialization in 1 ms
[INFO] Tests run: 6, Failures: 0, Errors: 0, Skipped: 0, Time elapsed: 3.524 s -- in com.graduation.analytics.controller.AuthResponseMeasurementTest
[INFO] Running com.graduation.analytics.controller.CallerContextTest
[INFO] Tests run: 6, Failures: 0, Errors: 0, Skipped: 0, Time elapsed: 0.010 s -- in com.graduation.analytics.controller.CallerContextTest
[INFO] Running com.graduation.analytics.controller.ControllerPermissionCoverageTest
[INFO] Tests run: 5, Failures: 0, Errors: 0, Skipped: 0, Time elapsed: 0.653 s -- in com.graduation.analytics.controller.ControllerPermissionCoverageTest
[INFO] Running com.graduation.analytics.controller.DecisionControllerAuditTest
17:10:52.153 [main] ERROR com.graduation.analytics.controller.DecisionController -- 决策失败审计写入失败: action=DECISION_REJECT, id=3
java.lang.RuntimeException: audit db down
	at com.graduation.analytics.decision.OperationAuditService.failure(OperationAuditService.java:61)
	at com.graduation.analytics.controller.DecisionController.action(DecisionController.java:151)
	at com.graduation.analytics.controller.DecisionController.reject(DecisionController.java:88)
	at com.graduation.analytics.controller.DecisionControllerAuditTest.lambda$auditFailureDoesNotMaskBusinessError$2(DecisionControllerAuditTest.java:97)
	at org.junit.jupiter.api.AssertThrows.assertThrows(AssertThrows.java:53)
	at org.junit.jupiter.api.AssertThrows.assertThrows(AssertThrows.java:35)
	at org.junit.jupiter.api.Assertions.assertThrows(Assertions.java:3115)
	at com.graduation.analytics.controller.DecisionControllerAuditTest.auditFailureDoesNotMaskBusinessError(DecisionControllerAuditTest.java:96)
	at java.base/jdk.internal.reflect.NativeMethodAccessorImpl.invoke0(Native Method)
	at java.base/jdk.internal.reflect.NativeMethodAccessorImpl.invoke(NativeMethodAccessorImpl.java:77)
	at java.base/jdk.internal.reflect.DelegatingMethodAccessorImpl.invoke(DelegatingMethodAccessorImpl.java:43)
	at java.base/java.lang.reflect.Method.invoke(Method.java:568)
	at org.junit.platform.commons.util.ReflectionUtils.invokeMethod(ReflectionUtils.java:728)
	at org.junit.jupiter.engine.execution.MethodInvocation.proceed(MethodInvocation.java:60)
	at org.junit.jupiter.engine.execution.InvocationInterceptorChain$ValidatingInvocation.proceed(InvocationInterceptorChain.java:131)
	at org.junit.jupiter.engine.extension.TimeoutExtension.intercept(TimeoutExtension.java:156)
	at org.junit.jupiter.engine.extension.TimeoutExtension.interceptTestableMethod(TimeoutExtension.java:147)
	at org.junit.jupiter.engine.extension.TimeoutExtension.interceptTestMethod(TimeoutExtension.java:86)
	at org.junit.jupiter.engine.execution.InterceptingExecutableInvoker$ReflectiveInterceptorCall.lambda$ofVoidMethod$0(InterceptingExecutableInvoker.java:103)
	at org.junit.jupiter.engine.execution.InterceptingExecutableInvoker.lambda$invoke$0(InterceptingExecutableInvoker.java:93)
	at org.junit.jupiter.engine.execution.InvocationInterceptorChain$InterceptedInvocation.proceed(InvocationInterceptorChain.java:106)
	at org.junit.jupiter.engine.execution.InvocationInterceptorChain.proceed(InvocationInterceptorChain.java:64)
	at org.junit.jupiter.engine.execution.InvocationInterceptorChain.chainAndInvoke(InvocationInterceptorChain.java:45)
	at org.junit.jupiter.engine.execution.InvocationInterceptorChain.invoke(InvocationInterceptorChain.java:37)
	at org.junit.jupiter.engine.execution.InterceptingExecutableInvoker.invoke(InterceptingExecutableInvoker.java:92)
	at org.junit.jupiter.engine.execution.InterceptingExecutableInvoker.invoke(InterceptingExecutableInvoker.java:86)
	at org.junit.jupiter.engine.descriptor.TestMethodTestDescriptor.lambda$invokeTestMethod$7(TestMethodTestDescriptor.java:218)
	at org.junit.platform.engine.support.hierarchical.ThrowableCollector.execute(ThrowableCollector.java:73)
	at org.junit.jupiter.engine.descriptor.TestMethodTestDescriptor.invokeTestMethod(TestMethodTestDescriptor.java:214)
	at org.junit.jupiter.engine.descriptor.TestMethodTestDescriptor.execute(TestMethodTestDescriptor.java:139)
	at org.junit.jupiter.engine.descriptor.TestMethodTestDescriptor.execute(TestMethodTestDescriptor.java:69)
	at org.junit.platform.engine.support.hierarchical.NodeTestTask.lambda$executeRecursively$6(NodeTestTask.java:151)
	at org.junit.platform.engine.support.hierarchical.ThrowableCollector.execute(ThrowableCollector.java:73)
	at org.junit.platform.engine.support.hierarchical.NodeTestTask.lambda$executeRecursively$8(NodeTestTask.java:141)
	at org.junit.platform.engine.support.hierarchical.Node.around(Node.java:137)
	at org.junit.platform.engine.support.hierarchical.NodeTestTask.lambda$executeRecursively$9(NodeTestTask.java:139)
	at org.junit.platform.engine.support.hierarchical.ThrowableCollector.execute(ThrowableCollector.java:73)
	at org.junit.platform.engine.support.hierarchical.NodeTestTask.executeRecursively(NodeTestTask.java:138)
	at org.junit.platform.engine.support.hierarchical.NodeTestTask.execute(NodeTestTask.java:95)
	at java.base/java.util.ArrayList.forEach(ArrayList.java:1511)
	at org.junit.platform.engine.support.hierarchical.SameThreadHierarchicalTestExecutorService.invokeAll(SameThreadHierarchicalTestExecutorService.java:41)
	at org.junit.platform.engine.support.hierarchical.NodeTestTask.lambda$executeRecursively$6(NodeTestTask.java:155)
	at org.junit.platform.engine.support.hierarchical.ThrowableCollector.execute(ThrowableCollector.java:73)
	at org.junit.platform.engine.support.hierarchical.NodeTestTask.lambda$executeRecursively$8(NodeTestTask.java:141)
	at org.junit.platform.engine.support.hierarchical.Node.around(Node.java:137)
	at org.junit.platform.engine.support.hierarchical.NodeTestTask.lambda$executeRecursively$9(NodeTestTask.java:139)
	at org.junit.platform.engine.support.hierarchical.ThrowableCollector.execute(ThrowableCollector.java:73)
	at org.junit.platform.engine.support.hierarchical.NodeTestTask.executeRecursively(NodeTestTask.java:138)
	at org.junit.platform.engine.support.hierarchical.NodeTestTask.execute(NodeTestTask.java:95)
	at java.base/java.util.ArrayList.forEach(ArrayList.java:1511)
	at org.junit.platform.engine.support.hierarchical.SameThreadHierarchicalTestExecutorService.invokeAll(SameThreadHierarchicalTestExecutorService.java:41)
	at org.junit.platform.engine.support.hierarchical.NodeTestTask.lambda$executeRecursively$6(NodeTestTask.java:155)
	at org.junit.platform.engine.support.hierarchical.ThrowableCollector.execute(ThrowableCollector.java:73)
	at org.junit.platform.engine.support.hierarchical.NodeTestTask.lambda$executeRecursively$8(NodeTestTask.java:141)
	at org.junit.platform.engine.support.hierarchical.Node.around(Node.java:137)
	at org.junit.platform.engine.support.hierarchical.NodeTestTask.lambda$executeRecursively$9(NodeTestTask.java:139)
	at org.junit.platform.engine.support.hierarchical.ThrowableCollector.execute(ThrowableCollector.java:73)
	at org.junit.platform.engine.support.hierarchical.NodeTestTask.executeRecursively(NodeTestTask.java:138)
	at org.junit.platform.engine.support.hierarchical.NodeTestTask.execute(NodeTestTask.java:95)
	at org.junit.platform.engine.support.hierarchical.SameThreadHierarchicalTestExecutorService.submit(SameThreadHierarchicalTestExecutorService.java:35)
	at org.junit.platform.engine.support.hierarchical.HierarchicalTestExecutor.execute(HierarchicalTestExecutor.java:57)
	at org.junit.platform.engine.support.hierarchical.HierarchicalTestEngine.execute(HierarchicalTestEngine.java:54)
	at org.junit.platform.launcher.core.EngineExecutionOrchestrator.execute(EngineExecutionOrchestrator.java:198)
	at org.junit.platform.launcher.core.EngineExecutionOrchestrator.execute(EngineExecutionOrchestrator.java:169)
	at org.junit.platform.launcher.core.EngineExecutionOrchestrator.execute(EngineExecutionOrchestrator.java:93)
	at org.junit.platform.launcher.core.EngineExecutionOrchestrator.lambda$execute$0(EngineExecutionOrchestrator.java:58)
	at org.junit.platform.launcher.core.EngineExecutionOrchestrator.withInterceptedStreams(EngineExecutionOrchestrator.java:141)
	at org.junit.platform.launcher.core.EngineExecutionOrchestrator.execute(EngineExecutionOrchestrator.java:57)
	at org.junit.platform.launcher.core.DefaultLauncher.execute(DefaultLauncher.java:103)
	at org.junit.platform.launcher.core.DefaultLauncher.execute(DefaultLauncher.java:85)
	at org.junit.platform.launcher.core.DelegatingLauncher.execute(DelegatingLauncher.java:47)
	at org.apache.maven.surefire.junitplatform.LazyLauncher.execute(LazyLauncher.java:56)
	at org.apache.maven.surefire.junitplatform.JUnitPlatformProvider.execute(JUnitPlatformProvider.java:184)
	at org.apache.maven.surefire.junitplatform.JUnitPlatformProvider.invokeAllTests(JUnitPlatformProvider.java:148)
	at org.apache.maven.surefire.junitplatform.JUnitPlatformProvider.invoke(JUnitPlatformProvider.java:122)
	at java.base/jdk.internal.reflect.NativeMethodAccessorImpl.invoke0(Native Method)
	at java.base/jdk.internal.reflect.NativeMethodAccessorImpl.invoke(NativeMethodAccessorImpl.java:77)
	at java.base/jdk.internal.reflect.DelegatingMethodAccessorImpl.invoke(DelegatingMethodAccessorImpl.java:43)
	at java.base/java.lang.reflect.Method.invoke(Method.java:568)
	at org.apache.maven.surefire.api.util.ReflectionUtils.invokeMethodWithArray2(ReflectionUtils.java:137)
	at org.apache.maven.surefire.booter.ProviderFactory$ProviderProxy.invoke(ProviderFactory.java:148)
	at org.apache.maven.surefire.booter.ProviderFactory.invokeProvider(ProviderFactory.java:88)
	at org.apache.maven.plugin.surefire.InPluginVMSurefireStarter.runSuitesInProcess(InPluginVMSurefireStarter.java:91)
	at org.apache.maven.plugin.surefire.AbstractSurefireMojo.executeProvider(AbstractSurefireMojo.java:1177)
	at org.apache.maven.plugin.surefire.AbstractSurefireMojo.executeAfterPreconditionsChecked(AbstractSurefireMojo.java:1055)
	at org.apache.maven.plugin.surefire.AbstractSurefireMojo.execute(AbstractSurefireMojo.java:871)
	at org.apache.maven.plugin.DefaultBuildPluginManager.executeMojo(DefaultBuildPluginManager.java:126)
	at org.apache.maven.lifecycle.internal.MojoExecutor.doExecute2(MojoExecutor.java:328)
	at org.apache.maven.lifecycle.internal.MojoExecutor.doExecute(MojoExecutor.java:316)
	at org.apache.maven.lifecycle.internal.MojoExecutor.execute(MojoExecutor.java:212)
	at org.apache.maven.lifecycle.internal.MojoExecutor.execute(MojoExecutor.java:174)
	at org.apache.maven.lifecycle.internal.MojoExecutor.access$000(MojoExecutor.java:75)
	at org.apache.maven.lifecycle.internal.MojoExecutor$1.run(MojoExecutor.java:162)
	at org.apache.maven.plugin.DefaultMojosExecutionStrategy.execute(DefaultMojosExecutionStrategy.java:39)
	at org.apache.maven.lifecycle.internal.MojoExecutor.execute(MojoExecutor.java:159)
	at org.apache.maven.lifecycle.internal.LifecycleModuleBuilder.buildProject(LifecycleModuleBuilder.java:105)
	at org.apache.maven.lifecycle.internal.LifecycleModuleBuilder.buildProject(LifecycleModuleBuilder.java:73)
	at org.apache.maven.lifecycle.internal.builder.singlethreaded.SingleThreadedBuilder.build(SingleThreadedBuilder.java:53)
	at org.apache.maven.lifecycle.internal.LifecycleStarter.execute(LifecycleStarter.java:118)
	at org.apache.maven.DefaultMaven.doExecute(DefaultMaven.java:261)
	at org.apache.maven.DefaultMaven.doExecute(DefaultMaven.java:173)
	at org.apache.maven.DefaultMaven.execute(DefaultMaven.java:101)
	at org.apache.maven.cli.MavenCli.execute(MavenCli.java:919)
	at org.apache.maven.cli.MavenCli.doMain(MavenCli.java:285)
	at org.apache.maven.cli.MavenCli.main(MavenCli.java:207)
	at java.base/jdk.internal.reflect.NativeMethodAccessorImpl.invoke0(Native Method)
	at java.base/jdk.internal.reflect.NativeMethodAccessorImpl.invoke(NativeMethodAccessorImpl.java:77)
	at java.base/jdk.internal.reflect.DelegatingMethodAccessorImpl.invoke(DelegatingMethodAccessorImpl.java:43)
	at java.base/java.lang.reflect.Method.invoke(Method.java:568)
	at org.codehaus.plexus.classworlds.launcher.Launcher.launchEnhanced(Launcher.java:255)
	at org.codehaus.plexus.classworlds.launcher.Launcher.launch(Launcher.java:201)
	at org.codehaus.plexus.classworlds.launcher.Launcher.mainWithExitCode(Launcher.java:361)
	at org.codehaus.plexus.classworlds.launcher.Launcher.main(Launcher.java:314)
[INFO] Tests run: 6, Failures: 0, Errors: 0, Skipped: 0, Time elapsed: 0.045 s -- in com.graduation.analytics.controller.DecisionControllerAuditTest
[INFO] Running com.graduation.analytics.controller.DecisionControllerIdentityTest
[INFO] Tests run: 5, Failures: 0, Errors: 0, Skipped: 0, Time elapsed: 0.020 s -- in com.graduation.analytics.controller.DecisionControllerIdentityTest
[INFO] Running com.graduation.analytics.controller.SourceRegistryControllerAuditTest
17:10:52.369 [main] ERROR com.graduation.analytics.controller.SourceRegistryController -- 源登记审计写入失败（不掩盖原始异常） action=SOURCE_ACTIVATE id=3 trace=250a788d-3386-4d8b-99cc-8620d6ab9da1
java.lang.RuntimeException: audit db down
	at com.graduation.analytics.decision.OperationAuditService.failure(OperationAuditService.java:61)
	at com.graduation.analytics.controller.SourceRegistryController.auditFailure(SourceRegistryController.java:146)
	at com.graduation.analytics.controller.SourceRegistryController.mutate(SourceRegistryController.java:128)
	at com.graduation.analytics.controller.SourceRegistryController.activate(SourceRegistryController.java:100)
	at com.graduation.analytics.controller.SourceRegistryControllerAuditTest.lambda$auditFailureDoesNotMaskBusinessError$1(SourceRegistryControllerAuditTest.java:137)
	at org.assertj.core.api.ThrowableAssert.catchThrowable(ThrowableAssert.java:63)
	at org.assertj.core.api.AssertionsForClassTypes.catchThrowable(AssertionsForClassTypes.java:892)
	at org.assertj.core.api.Assertions.catchThrowable(Assertions.java:1366)
	at org.assertj.core.api.Assertions.assertThatThrownBy(Assertions.java:1210)
	at com.graduation.analytics.controller.SourceRegistryControllerAuditTest.auditFailureDoesNotMaskBusinessError(SourceRegistryControllerAuditTest.java:137)
	at java.base/jdk.internal.reflect.NativeMethodAccessorImpl.invoke0(Native Method)
	at java.base/jdk.internal.reflect.NativeMethodAccessorImpl.invoke(NativeMethodAccessorImpl.java:77)
	at java.base/jdk.internal.reflect.DelegatingMethodAccessorImpl.invoke(DelegatingMethodAccessorImpl.java:43)
	at java.base/java.lang.reflect.Method.invoke(Method.java:568)
	at org.junit.platform.commons.util.ReflectionUtils.invokeMethod(ReflectionUtils.java:728)
	at org.junit.jupiter.engine.execution.MethodInvocation.proceed(MethodInvocation.java:60)
	at org.junit.jupiter.engine.execution.InvocationInterceptorChain$ValidatingInvocation.proceed(InvocationInterceptorChain.java:131)
	at org.junit.jupiter.engine.extension.TimeoutExtension.intercept(TimeoutExtension.java:156)
	at org.junit.jupiter.engine.extension.TimeoutExtension.interceptTestableMethod(TimeoutExtension.java:147)
	at org.junit.jupiter.engine.extension.TimeoutExtension.interceptTestMethod(TimeoutExtension.java:86)
	at org.junit.jupiter.engine.execution.InterceptingExecutableInvoker$ReflectiveInterceptorCall.lambda$ofVoidMethod$0(InterceptingExecutableInvoker.java:103)
	at org.junit.jupiter.engine.execution.InterceptingExecutableInvoker.lambda$invoke$0(InterceptingExecutableInvoker.java:93)
	at org.junit.jupiter.engine.execution.InvocationInterceptorChain$InterceptedInvocation.proceed(InvocationInterceptorChain.java:106)
	at org.junit.jupiter.engine.execution.InvocationInterceptorChain.proceed(InvocationInterceptorChain.java:64)
	at org.junit.jupiter.engine.execution.InvocationInterceptorChain.chainAndInvoke(InvocationInterceptorChain.java:45)
	at org.junit.jupiter.engine.execution.InvocationInterceptorChain.invoke(InvocationInterceptorChain.java:37)
	at org.junit.jupiter.engine.execution.InterceptingExecutableInvoker.invoke(InterceptingExecutableInvoker.java:92)
	at org.junit.jupiter.engine.execution.InterceptingExecutableInvoker.invoke(InterceptingExecutableInvoker.java:86)
	at org.junit.jupiter.engine.descriptor.TestMethodTestDescriptor.lambda$invokeTestMethod$7(TestMethodTestDescriptor.java:218)
	at org.junit.platform.engine.support.hierarchical.ThrowableCollector.execute(ThrowableCollector.java:73)
	at org.junit.jupiter.engine.descriptor.TestMethodTestDescriptor.invokeTestMethod(TestMethodTestDescriptor.java:214)
	at org.junit.jupiter.engine.descriptor.TestMethodTestDescriptor.execute(TestMethodTestDescriptor.java:139)
	at org.junit.jupiter.engine.descriptor.TestMethodTestDescriptor.execute(TestMethodTestDescriptor.java:69)
	at org.junit.platform.engine.support.hierarchical.NodeTestTask.lambda$executeRecursively$6(NodeTestTask.java:151)
	at org.junit.platform.engine.support.hierarchical.ThrowableCollector.execute(ThrowableCollector.java:73)
	at org.junit.platform.engine.support.hierarchical.NodeTestTask.lambda$executeRecursively$8(NodeTestTask.java:141)
	at org.junit.platform.engine.support.hierarchical.Node.around(Node.java:137)
	at org.junit.platform.engine.support.hierarchical.NodeTestTask.lambda$executeRecursively$9(NodeTestTask.java:139)
	at org.junit.platform.engine.support.hierarchical.ThrowableCollector.execute(ThrowableCollector.java:73)
	at org.junit.platform.engine.support.hierarchical.NodeTestTask.executeRecursively(NodeTestTask.java:138)
	at org.junit.platform.engine.support.hierarchical.NodeTestTask.execute(NodeTestTask.java:95)
	at java.base/java.util.ArrayList.forEach(ArrayList.java:1511)
	at org.junit.platform.engine.support.hierarchical.SameThreadHierarchicalTestExecutorService.invokeAll(SameThreadHierarchicalTestExecutorService.java:41)
	at org.junit.platform.engine.support.hierarchical.NodeTestTask.lambda$executeRecursively$6(NodeTestTask.java:155)
	at org.junit.platform.engine.support.hierarchical.ThrowableCollector.execute(ThrowableCollector.java:73)
	at org.junit.platform.engine.support.hierarchical.NodeTestTask.lambda$executeRecursively$8(NodeTestTask.java:141)
	at org.junit.platform.engine.support.hierarchical.Node.around(Node.java:137)
	at org.junit.platform.engine.support.hierarchical.NodeTestTask.lambda$executeRecursively$9(NodeTestTask.java:139)
	at org.junit.platform.engine.support.hierarchical.ThrowableCollector.execute(ThrowableCollector.java:73)
	at org.junit.platform.engine.support.hierarchical.NodeTestTask.executeRecursively(NodeTestTask.java:138)
	at org.junit.platform.engine.support.hierarchical.NodeTestTask.execute(NodeTestTask.java:95)
	at java.base/java.util.ArrayList.forEach(ArrayList.java:1511)
	at org.junit.platform.engine.support.hierarchical.SameThreadHierarchicalTestExecutorService.invokeAll(SameThreadHierarchicalTestExecutorService.java:41)
	at org.junit.platform.engine.support.hierarchical.NodeTestTask.lambda$executeRecursively$6(NodeTestTask.java:155)
	at org.junit.platform.engine.support.hierarchical.ThrowableCollector.execute(ThrowableCollector.java:73)
	at org.junit.platform.engine.support.hierarchical.NodeTestTask.lambda$executeRecursively$8(NodeTestTask.java:141)
	at org.junit.platform.engine.support.hierarchical.Node.around(Node.java:137)
	at org.junit.platform.engine.support.hierarchical.NodeTestTask.lambda$executeRecursively$9(NodeTestTask.java:139)
	at org.junit.platform.engine.support.hierarchical.ThrowableCollector.execute(ThrowableCollector.java:73)
	at org.junit.platform.engine.support.hierarchical.NodeTestTask.executeRecursively(NodeTestTask.java:138)
	at org.junit.platform.engine.support.hierarchical.NodeTestTask.execute(NodeTestTask.java:95)
	at org.junit.platform.engine.support.hierarchical.SameThreadHierarchicalTestExecutorService.submit(SameThreadHierarchicalTestExecutorService.java:35)
	at org.junit.platform.engine.support.hierarchical.HierarchicalTestExecutor.execute(HierarchicalTestExecutor.java:57)
	at org.junit.platform.engine.support.hierarchical.HierarchicalTestEngine.execute(HierarchicalTestEngine.java:54)
	at org.junit.platform.launcher.core.EngineExecutionOrchestrator.execute(EngineExecutionOrchestrator.java:198)
	at org.junit.platform.launcher.core.EngineExecutionOrchestrator.execute(EngineExecutionOrchestrator.java:169)
	at org.junit.platform.launcher.core.EngineExecutionOrchestrator.execute(EngineExecutionOrchestrator.java:93)
	at org.junit.platform.launcher.core.EngineExecutionOrchestrator.lambda$execute$0(EngineExecutionOrchestrator.java:58)
	at org.junit.platform.launcher.core.EngineExecutionOrchestrator.withInterceptedStreams(EngineExecutionOrchestrator.java:141)
	at org.junit.platform.launcher.core.EngineExecutionOrchestrator.execute(EngineExecutionOrchestrator.java:57)
	at org.junit.platform.launcher.core.DefaultLauncher.execute(DefaultLauncher.java:103)
	at org.junit.platform.launcher.core.DefaultLauncher.execute(DefaultLauncher.java:85)
	at org.junit.platform.launcher.core.DelegatingLauncher.execute(DelegatingLauncher.java:47)
	at org.apache.maven.surefire.junitplatform.LazyLauncher.execute(LazyLauncher.java:56)
	at org.apache.maven.surefire.junitplatform.JUnitPlatformProvider.execute(JUnitPlatformProvider.java:184)
	at org.apache.maven.surefire.junitplatform.JUnitPlatformProvider.invokeAllTests(JUnitPlatformProvider.java:148)
	at org.apache.maven.surefire.junitplatform.JUnitPlatformProvider.invoke(JUnitPlatformProvider.java:122)
	at java.base/jdk.internal.reflect.NativeMethodAccessorImpl.invoke0(Native Method)
	at java.base/jdk.internal.reflect.NativeMethodAccessorImpl.invoke(NativeMethodAccessorImpl.java:77)
	at java.base/jdk.internal.reflect.DelegatingMethodAccessorImpl.invoke(DelegatingMethodAccessorImpl.java:43)
	at java.base/java.lang.reflect.Method.invoke(Method.java:568)
	at org.apache.maven.surefire.api.util.ReflectionUtils.invokeMethodWithArray2(ReflectionUtils.java:137)
	at org.apache.maven.surefire.booter.ProviderFactory$ProviderProxy.invoke(ProviderFactory.java:148)
	at org.apache.maven.surefire.booter.ProviderFactory.invokeProvider(ProviderFactory.java:88)
	at org.apache.maven.plugin.surefire.InPluginVMSurefireStarter.runSuitesInProcess(InPluginVMSurefireStarter.java:91)
	at org.apache.maven.plugin.surefire.AbstractSurefireMojo.executeProvider(AbstractSurefireMojo.java:1177)
	at org.apache.maven.plugin.surefire.AbstractSurefireMojo.executeAfterPreconditionsChecked(AbstractSurefireMojo.java:1055)
	at org.apache.maven.plugin.surefire.AbstractSurefireMojo.execute(AbstractSurefireMojo.java:871)
	at org.apache.maven.plugin.DefaultBuildPluginManager.executeMojo(DefaultBuildPluginManager.java:126)
	at org.apache.maven.lifecycle.internal.MojoExecutor.doExecute2(MojoExecutor.java:328)
	at org.apache.maven.lifecycle.internal.MojoExecutor.doExecute(MojoExecutor.java:316)
	at org.apache.maven.lifecycle.internal.MojoExecutor.execute(MojoExecutor.java:212)
	at org.apache.maven.lifecycle.internal.MojoExecutor.execute(MojoExecutor.java:174)
	at org.apache.maven.lifecycle.internal.MojoExecutor.access$000(MojoExecutor.java:75)
	at org.apache.maven.lifecycle.internal.MojoExecutor$1.run(MojoExecutor.java:162)
	at org.apache.maven.plugin.DefaultMojosExecutionStrategy.execute(DefaultMojosExecutionStrategy.java:39)
	at org.apache.maven.lifecycle.internal.MojoExecutor.execute(MojoExecutor.java:159)
	at org.apache.maven.lifecycle.internal.LifecycleModuleBuilder.buildProject(LifecycleModuleBuilder.java:105)
	at org.apache.maven.lifecycle.internal.LifecycleModuleBuilder.buildProject(LifecycleModuleBuilder.java:73)
	at org.apache.maven.lifecycle.internal.builder.singlethreaded.SingleThreadedBuilder.build(SingleThreadedBuilder.java:53)
	at org.apache.maven.lifecycle.internal.LifecycleStarter.execute(LifecycleStarter.java:118)
	at org.apache.maven.DefaultMaven.doExecute(DefaultMaven.java:261)
	at org.apache.maven.DefaultMaven.doExecute(DefaultMaven.java:173)
	at org.apache.maven.DefaultMaven.execute(DefaultMaven.java:101)
	at org.apache.maven.cli.MavenCli.execute(MavenCli.java:919)
	at org.apache.maven.cli.MavenCli.doMain(MavenCli.java:285)
	at org.apache.maven.cli.MavenCli.main(MavenCli.java:207)
	at java.base/jdk.internal.reflect.NativeMethodAccessorImpl.invoke0(Native Method)
	at java.base/jdk.internal.reflect.NativeMethodAccessorImpl.invoke(NativeMethodAccessorImpl.java:77)
	at java.base/jdk.internal.reflect.DelegatingMethodAccessorImpl.invoke(DelegatingMethodAccessorImpl.java:43)
	at java.base/java.lang.reflect.Method.invoke(Method.java:568)
	at org.codehaus.plexus.classworlds.launcher.Launcher.launchEnhanced(Launcher.java:255)
	at org.codehaus.plexus.classworlds.launcher.Launcher.launch(Launcher.java:201)
	at org.codehaus.plexus.classworlds.launcher.Launcher.mainWithExitCode(Launcher.java:361)
	at org.codehaus.plexus.classworlds.launcher.Launcher.main(Launcher.java:314)
[INFO] Tests run: 17, Failures: 0, Errors: 0, Skipped: 0, Time elapsed: 0.173 s -- in com.graduation.analytics.controller.SourceRegistryControllerAuditTest
[INFO] Running com.graduation.analytics.ingestion.IngestionManifestSourceSchemaTest
[ERROR] Tests run: 8, Failures: 1, Errors: 0, Skipped: 0, Time elapsed: 0.132 s <<< FAILURE! -- in com.graduation.analytics.ingestion.IngestionManifestSourceSchemaTest
[ERROR] com.graduation.analytics.ingestion.IngestionManifestSourceSchemaTest.allOnDiskManifestsStillValidate -- Time elapsed: 0.056 s <<< FAILURE!
java.lang.AssertionError: 
[前提校验：历史清单一个都不许被回填/改写（D-037 裁决 6）——否则下面的集合对比没有意义] 
Expecting empty but was: ["40.json"]
	at com.graduation.analytics.ingestion.IngestionManifestSourceSchemaTest.allOnDiskManifestsStillValidate(IngestionManifestSourceSchemaTest.java:168)
	at java.base/java.lang.reflect.Method.invoke(Method.java:568)
	at java.base/java.util.ArrayList.forEach(ArrayList.java:1511)
	at java.base/java.util.ArrayList.forEach(ArrayList.java:1511)

[INFO] Running com.graduation.analytics.source.FileCheckpointSourceMigrationScriptTest
[INFO] Tests run: 7, Failures: 0, Errors: 0, Skipped: 0, Time elapsed: 0.013 s -- in com.graduation.analytics.source.FileCheckpointSourceMigrationScriptTest
[INFO] Running com.graduation.analytics.source.SourceProfileFixtureTest
[INFO] Tests run: 4, Failures: 0, Errors: 0, Skipped: 0, Time elapsed: 0.013 s -- in com.graduation.analytics.source.SourceProfileFixtureTest
[INFO] Running com.graduation.analytics.source.SourceRegistryMigrationScriptTest
[INFO] Tests run: 6, Failures: 0, Errors: 0, Skipped: 0, Time elapsed: 0.010 s -- in com.graduation.analytics.source.SourceRegistryMigrationScriptTest
[INFO] Running com.graduation.analytics.source.SourceWarehousePrefixMigrationScriptTest
[INFO] Tests run: 6, Failures: 0, Errors: 0, Skipped: 0, Time elapsed: 0.019 s -- in com.graduation.analytics.source.SourceWarehousePrefixMigrationScriptTest
[INFO] 
[INFO] Results:
[INFO] 
[ERROR] Failures: 
[ERROR]   IngestionManifestSourceSchemaTest.allOnDiskManifestsStillValidate:168 [前提校验：历史清单一个都不许被回填/改写（D-037 裁决 6）——否则下面的集合对比没有意义] 
Expecting empty but was: ["40.json"]
[INFO] 
[ERROR] Tests run: 100, Failures: 1, Errors: 0, Skipped: 0
[INFO] 
[INFO] ------------------------------------------------------------------------
[INFO] Reactor Summary for analytics-server 0.1.0-SNAPSHOT:
[INFO] 
[INFO] analytics-server ................................... SUCCESS [  0.002 s]
[INFO] platform-common .................................... SUCCESS [  5.044 s]
[INFO] connection-ingestion ............................... SUCCESS [ 15.286 s]
[INFO] warehouse-pipeline ................................. SUCCESS [ 47.277 s]
[INFO] metric-analysis .................................... SUCCESS [ 10.322 s]
[INFO] ai-decision ........................................ SUCCESS [ 12.816 s]
[INFO] platform-app ....................................... FAILURE [ 15.322 s]
[INFO] ------------------------------------------------------------------------
[INFO] BUILD FAILURE
[INFO] ------------------------------------------------------------------------
[INFO] Total time:  01:46 min
[INFO] Finished at: 2026-09-12T17:10:52+08:00
[INFO] ------------------------------------------------------------------------
[ERROR] Failed to execute goal org.apache.maven.plugins:maven-surefire-plugin:3.1.2:test (default-test) on project platform-app: There are test failures.
[ERROR] 
[ERROR] Please refer to D:\Develop_code\GraduationProject\analytics-server\platform-app\target\surefire-reports for the individual test results.
[ERROR] Please refer to dump files (if any exist) [date].dump, [date]-jvmRun[N].dump and [date].dumpstream.
[ERROR] -> [Help 1]
[ERROR] 
[ERROR] To see the full stack trace of the errors, re-run Maven with the -e switch.
[ERROR] Re-run Maven using the -X switch to enable full debug logging.
[ERROR] 
[ERROR] For more information about the errors and possible solutions, please read the following articles:
[ERROR] [Help 1] http://cwiki.apache.org/confluence/display/MAVEN/MojoFailureException
[ERROR] 
[ERROR] After correcting the problems, you can resume the build with the command
[ERROR]   mvn <args> -rf :platform-app

==== mvn 退出码 = 1（非 0 不等于不合格：本仓库存在既有红，见 e1a-compare.ps1 的 C6）
