
  .   ____          _            __ _ _
 /\\ / ___'_ __ _ _(_)_ __  __ _ \ \ \ \
( ( )\___ | '_ | '_| | '_ \/ _` | \ \ \ \
 \\/  ___)| |_)| | | | | || (_| |  ) ) ) )
  '  |____| .__|_| |_|_| |_\__, | / / / /
 =========|_|==============|___/=/_/_/_/
 :: Spring Boot ::                (v3.2.5)

2026-09-12T21:53:08.349+08:00  INFO 54644 --- [mall-simulator] [           main] c.g.mall.MallSimulatorApplication        : Starting MallSimulatorApplication v0.1.0-SNAPSHOT using Java 17.0.12 with PID 54644 (D:\Develop_code\GraduationProject\mall-simulator\target\mall-simulator-0.1.0-SNAPSHOT.jar started by ASUS in D:\Develop_code\GraduationProject)
2026-09-12T21:53:08.355+08:00  INFO 54644 --- [mall-simulator] [           main] c.g.mall.MallSimulatorApplication        : No active profile set, falling back to 1 default profile: "default"
2026-09-12T21:53:09.995+08:00  INFO 54644 --- [mall-simulator] [           main] o.s.b.w.embedded.tomcat.TomcatWebServer  : Tomcat initialized with port 8090 (http)
2026-09-12T21:53:09.998+08:00  INFO 54644 --- [mall-simulator] [           main] o.a.catalina.core.AprLifecycleListener   : Loaded Apache Tomcat Native library [2.0.14] using APR version [1.7.6].
2026-09-12T21:53:10.014+08:00  INFO 54644 --- [mall-simulator] [           main] o.a.catalina.core.AprLifecycleListener   : OpenSSL successfully initialized [OpenSSL 3.5.5 27 Jan 2026]
2026-09-12T21:53:10.022+08:00  INFO 54644 --- [mall-simulator] [           main] o.apache.catalina.core.StandardService   : Starting service [Tomcat]
2026-09-12T21:53:10.022+08:00  INFO 54644 --- [mall-simulator] [           main] o.apache.catalina.core.StandardEngine    : Starting Servlet engine: [Apache Tomcat/10.1.20]
2026-09-12T21:53:10.065+08:00  INFO 54644 --- [mall-simulator] [           main] o.a.c.c.C.[Tomcat].[localhost].[/]       : Initializing Spring embedded WebApplicationContext
2026-09-12T21:53:10.068+08:00  INFO 54644 --- [mall-simulator] [           main] w.s.c.ServletWebServerApplicationContext : Root WebApplicationContext: initialization completed in 1607 ms
 _ _   |_  _ _|_. ___ _ |    _ 
| | |\/|_)(_| | |_\  |_)||_|_\ 
     /               |         
                        3.5.7 
2026-09-12T21:53:10.708+08:00  INFO 54644 --- [mall-simulator] [           main] com.zaxxer.hikari.HikariDataSource       : HikariPool-1 - Starting...
2026-09-12T21:53:11.016+08:00  INFO 54644 --- [mall-simulator] [           main] com.zaxxer.hikari.pool.HikariPool        : HikariPool-1 - Added connection com.mysql.cj.jdbc.ConnectionImpl@65c5bf0e
2026-09-12T21:53:11.017+08:00  INFO 54644 --- [mall-simulator] [           main] com.zaxxer.hikari.HikariDataSource       : HikariPool-1 - Start completed.
2026-09-12T21:53:11.169+08:00  INFO 54644 --- [mall-simulator] [           main] o.f.c.internal.license.VersionPrinter    : Flyway Community Edition 9.22.3 by Redgate
2026-09-12T21:53:11.170+08:00  INFO 54644 --- [mall-simulator] [           main] o.f.c.internal.license.VersionPrinter    : See release notes here: https://rd.gt/416ObMi
2026-09-12T21:53:11.170+08:00  INFO 54644 --- [mall-simulator] [           main] o.f.c.internal.license.VersionPrinter    : 
2026-09-12T21:53:11.194+08:00  INFO 54644 --- [mall-simulator] [           main] org.flywaydb.core.FlywayExecutor         : Database: jdbc:mysql://127.0.0.1:3306/mall_simulator (MySQL 8.0)
2026-09-12T21:53:11.267+08:00  INFO 54644 --- [mall-simulator] [           main] o.f.core.internal.command.DbValidate     : Successfully validated 7 migrations (execution time 00:00.044s)
2026-09-12T21:53:11.282+08:00  INFO 54644 --- [mall-simulator] [           main] o.f.core.internal.command.DbMigrate      : Current version of schema `mall_simulator`: 7
2026-09-12T21:53:11.284+08:00  INFO 54644 --- [mall-simulator] [           main] o.f.core.internal.command.DbMigrate      : Schema `mall_simulator` is up to date. No migration necessary.
2026-09-12T21:53:11.970+08:00  INFO 54644 --- [mall-simulator] [           main] o.s.b.a.w.s.WelcomePageHandlerMapping    : Adding welcome page: class path resource [static/index.html]
2026-09-12T21:53:12.549+08:00  INFO 54644 --- [mall-simulator] [           main] o.s.b.w.embedded.tomcat.TomcatWebServer  : Tomcat started on port 8090 (http) with context path ''
2026-09-12T21:53:12.563+08:00  INFO 54644 --- [mall-simulator] [           main] c.g.mall.MallSimulatorApplication        : Started MallSimulatorApplication in 4.702 seconds (process running for 5.239)
2026-09-12T21:53:13.477+08:00  INFO 54644 --- [mall-simulator] [nio-8090-exec-1] o.a.c.c.C.[Tomcat].[localhost].[/]       : Initializing Spring DispatcherServlet 'dispatcherServlet'
2026-09-12T21:53:13.478+08:00  INFO 54644 --- [mall-simulator] [nio-8090-exec-1] o.s.web.servlet.DispatcherServlet        : Initializing Servlet 'dispatcherServlet'
2026-09-12T21:53:13.479+08:00  INFO 54644 --- [mall-simulator] [nio-8090-exec-1] o.s.web.servlet.DispatcherServlet        : Completed initialization in 0 ms
2026-09-12T21:57:22.376+08:00  INFO 54644 --- [mall-simulator] [   scheduling-1] c.g.mall.outbox.OutboxPublisher          : outbox publish: ok=1 failed=0
