
  .   ____          _            __ _ _
 /\\ / ___'_ __ _ _(_)_ __  __ _ \ \ \ \
( ( )\___ | '_ | '_| | '_ \/ _` | \ \ \ \
 \\/  ___)| |_)| | | | | || (_| |  ) ) ) )
  '  |____| .__|_| |_|_| |_\__, | / / / /
 =========|_|==============|___/=/_/_/_/
 :: Spring Boot ::                (v3.2.5)

2026-09-12T21:53:08.532+08:00  INFO 13696 --- [synthetic-data-generator] [           main] c.g.generator.GeneratorApplication       : Starting GeneratorApplication v0.1.0-SNAPSHOT using Java 17.0.12 with PID 13696 (D:\Develop_code\GraduationProject\synthetic-data-generator\target\synthetic-data-generator-0.1.0-SNAPSHOT.jar started by ASUS in D:\Develop_code\GraduationProject)
2026-09-12T21:53:08.536+08:00  INFO 13696 --- [synthetic-data-generator] [           main] c.g.generator.GeneratorApplication       : No active profile set, falling back to 1 default profile: "default"
2026-09-12T21:53:10.233+08:00  INFO 13696 --- [synthetic-data-generator] [           main] o.s.b.w.embedded.tomcat.TomcatWebServer  : Tomcat initialized with port 8092 (http)
2026-09-12T21:53:10.236+08:00  INFO 13696 --- [synthetic-data-generator] [           main] o.a.catalina.core.AprLifecycleListener   : Loaded Apache Tomcat Native library [2.0.14] using APR version [1.7.6].
2026-09-12T21:53:10.240+08:00  INFO 13696 --- [synthetic-data-generator] [           main] o.a.catalina.core.AprLifecycleListener   : OpenSSL successfully initialized [OpenSSL 3.5.5 27 Jan 2026]
2026-09-12T21:53:10.253+08:00  INFO 13696 --- [synthetic-data-generator] [           main] o.apache.catalina.core.StandardService   : Starting service [Tomcat]
2026-09-12T21:53:10.254+08:00  INFO 13696 --- [synthetic-data-generator] [           main] o.apache.catalina.core.StandardEngine    : Starting Servlet engine: [Apache Tomcat/10.1.20]
2026-09-12T21:53:10.295+08:00  INFO 13696 --- [synthetic-data-generator] [           main] o.a.c.c.C.[Tomcat].[localhost].[/]       : Initializing Spring embedded WebApplicationContext
2026-09-12T21:53:10.296+08:00  INFO 13696 --- [synthetic-data-generator] [           main] w.s.c.ServletWebServerApplicationContext : Root WebApplicationContext: initialization completed in 1675 ms
2026-09-12T21:53:10.482+08:00  INFO 13696 --- [synthetic-data-generator] [           main] com.zaxxer.hikari.HikariDataSource       : HikariPool-1 - Starting...
2026-09-12T21:53:10.779+08:00  INFO 13696 --- [synthetic-data-generator] [           main] com.zaxxer.hikari.pool.HikariPool        : HikariPool-1 - Added connection com.mysql.cj.jdbc.ConnectionImpl@6c184d4d
2026-09-12T21:53:10.782+08:00  INFO 13696 --- [synthetic-data-generator] [           main] com.zaxxer.hikari.HikariDataSource       : HikariPool-1 - Start completed.
2026-09-12T21:53:10.898+08:00  INFO 13696 --- [synthetic-data-generator] [           main] o.f.c.internal.license.VersionPrinter    : Flyway Community Edition 9.22.3 by Redgate
2026-09-12T21:53:10.899+08:00  INFO 13696 --- [synthetic-data-generator] [           main] o.f.c.internal.license.VersionPrinter    : See release notes here: https://rd.gt/416ObMi
2026-09-12T21:53:10.899+08:00  INFO 13696 --- [synthetic-data-generator] [           main] o.f.c.internal.license.VersionPrinter    : 
2026-09-12T21:53:10.926+08:00  INFO 13696 --- [synthetic-data-generator] [           main] org.flywaydb.core.FlywayExecutor         : Database: jdbc:mysql://127.0.0.1:3306/generator_meta (MySQL 8.0)
2026-09-12T21:53:10.972+08:00  INFO 13696 --- [synthetic-data-generator] [           main] o.f.core.internal.command.DbValidate     : Successfully validated 1 migration (execution time 00:00.026s)
2026-09-12T21:53:10.994+08:00  INFO 13696 --- [synthetic-data-generator] [           main] o.f.core.internal.command.DbMigrate      : Current version of schema `generator_meta`: 1
2026-09-12T21:53:10.998+08:00  INFO 13696 --- [synthetic-data-generator] [           main] o.f.core.internal.command.DbMigrate      : Schema `generator_meta` is up to date. No migration necessary.
2026-09-12T21:53:11.879+08:00  INFO 13696 --- [synthetic-data-generator] [           main] o.s.b.w.embedded.tomcat.TomcatWebServer  : Tomcat started on port 8092 (http) with context path ''
2026-09-12T21:53:11.905+08:00  INFO 13696 --- [synthetic-data-generator] [           main] c.g.generator.GeneratorApplication       : Started GeneratorApplication in 3.996 seconds (process running for 4.575)
2026-09-12T21:53:15.623+08:00  INFO 13696 --- [synthetic-data-generator] [nio-8092-exec-1] o.a.c.c.C.[Tomcat].[localhost].[/]       : Initializing Spring DispatcherServlet 'dispatcherServlet'
2026-09-12T21:53:15.624+08:00  INFO 13696 --- [synthetic-data-generator] [nio-8092-exec-1] o.s.web.servlet.DispatcherServlet        : Initializing Servlet 'dispatcherServlet'
2026-09-12T21:53:15.625+08:00  INFO 13696 --- [synthetic-data-generator] [nio-8092-exec-1] o.s.web.servlet.DispatcherServlet        : Completed initialization in 1 ms
