=== [/overview] url=http://127.0.0.1:8091/overview 可见文本 400 chars
    | 日期范围只作用于趋势，指标卡固定取本次快照
    | 快照
    | S20260901_47
    | 业务时间
    | 数据更新
    | 质量
    | 质量通过
    | 销售额(GMV)
    | 净销售额
    | 支付订单数
    | 销售趋势（销售额 / 订单数 / 买家数）
=== [/ops] url=http://127.0.0.1:8091/ops 可见文本 5808 chars
    | 快照
    | S20260901_47
    | 业务时间
    | 数据更新
    | 质量
    | 质量未通过
    | 数据告警：该接口未返回统一信封（无 snapshotId/口径版本/质量状态），上下文以响应内可见字段拼装，另有缺失项已逐项标注。；数据质量规则存在未通过项（金额对账失败会阻断指标发布），请在下方的质量规则结果中核对。
    | 系统用户（admin 专属：创建/启用禁用/重置密码；不随快照版本变化）
    | 快照版本（BUILDING→VERIFYING→ACTIVE / ARCHIVED / FAILED）
    | 快照 ID	业务时间	状态	版本	操作
    | S20260901_47	2026-09-01 00:00:00	ACTIVE	v12	查看指标
    | S20260901_43	2026-09-01 00:00:00	ARCHIVED	v11	查看指标
    | S20260901_42	2026-09-01 00:00:00	ARCHIVED	v10	查看指标
    | S20260901_41	2026-09-01 00:00:00	ARCHIVED	v9	查看指标
    | S20260901_39	2026-09-01 00:00:00	ARCHIVED	v8	查看指标
    | S20260901_38	2026-09-01 00:00:00	FAILED	v7	查看指标
    | S20260901_30	2026-09-01 00:00:00	ARCHIVED	v6	查看指标
    | S20260901_29	2026-09-01 00:00:00	ARCHIVED	v5	查看指标
    | S20260901_25	2026-09-01 00:00:00	ARCHIVED	v4	查看指标
    | S20260901_22	2026-09-01 00:00:00	ARCHIVED	v3	查看指标
    | S20260901_24	2026-09-01 00:00:00	ARCHIVED	v2	查看指标
    | S20260901_23	2026-09-01 00:00:00	ARCHIVED	v1	查看指标
    | 「查看指标」按该行的快照号加载指标行；当前选中行以浅蓝底标注。状态与版本字段原样来自 /metrics/snapshots。
    | 快照 S20260901_47 指标
    | 指标快照
    | S20260901_47
    | 业务时间
    | 数据更新
    | 指标编码	数值	单位	周期	快照	口径版本
    | avg_order_value	408.40	元	day:2026-09-01	S20260901_47	v1
    | buy_rate	1.00	—	day:2026-09-01	S20260901_47	v1
    | dau	3.00	人	day:2026-09-01	S20260901_47	v1
    | full_refund_rate	0.20	—	day:2026-09-01	S20260901_47	v1
    | gmv	2,042.00	元	day:2026-09-01	S20260901_47	v1
    | net_sale	1,493.00	元	day:2026-09-01	S20260901_47	v1
    | paid_order_cnt	5.00	单	day:2026-09-01	S20260901_47	v1
    | pv	7.00	次	day:2026-09-01	S20260901_47	v1
    | refund_rate	0.60	—	day:2026-09-01	S20260901_47	v2
    | uv	3.00	人	day:2026-09-01	S20260901_47	v1
    | 说明：/metrics/overview 返回指标数组（非统一信封），快照与口径版本取自指标行本身； 业务时间、数据更新时间、质量状态、生效筛选不在此接口返回内，已在上方上下文如实标注为「接口未提供」。
    | 流水线实例（幂等键 / 尝试次数 / 目标快照，溯源链路）
    | 实例	流水线	业务时间	目标快照	尝试次数	状态	当前阶段	错误码	创建时间
    | 47	ODS_TO_ADS	2026-09-01 00:00:00	S20260901_47	1	SUCCESS	SUCCESS	—	2026-09-12 21:26:36
    | 46	ODS_TO_ADS	2026-09-01 00:00:00	S20260901_46	1	FAILED	FAILED	RUN_JOB_FAILED	2026-09-12 21:17:06
    | 45	ODS_TO_ADS	2026-09-01 00:00:00	S20260901_45	1	FAILED	FAILED	RUN_JOB_FAILED	2026-09-12 21:06:48
    | 44	ODS_TO_ADS	2026-09-01 00:00:00	S20260901_44	1	FAILED	FAILED	RUN_JOB_FAILED	2026-09-12 21:03:40
    | 43	ODS_TO_ADS	2026-09-01 00:00:00	S20260901_43	1	SUCCESS	SUCCESS	—	2026-09-12 17:34:58
    | 42	ODS_TO_ADS	2026-09-01 00:00:00	S20260901_42	1	SUCCESS	SUCCESS	—	2026-09-12 17:22:48
    | 41	ODS_TO_ADS	2026-09-01 00:00:00	S20260901_41	1	SUCCESS	SUCCESS	—	2026-09-12 09:26:27
    | 40	ODS_TO_ADS	2026-09-01 00:00:00	S20260901_40	1	FAILED	FAILED	RUN_EMPTY_DATA	2026-09-12 09:23:15
    | 39	ODS_TO_ADS	2026-09-01 00:00:00	S20260901_39	1	SUCCESS	SUCCESS	—	2026-09-11 15:08:00
    | 38	ODS_TO_ADS	2026-09-01 00:00:00	S20260901_38	1	FAILED	FAILED	RUN_METRIC_PUBLISH_FAILED	2026-09-11 14:56:41
    | 数据质量规则结果（金额对账失败会阻断发布）
    | 47	MXP_SNAPSHOT_PINNED	通过	8 张正式分区均指向 snapshot_id=S20260901_47	2026-09-12 21:29:27
    | 47	ADS_STAGING_SNAPSHOT_ISOLATION	未通过	存在其它快照暂存分区（不阻断发布，pub 将按引用关系清理）: dw_ads.ads_active_trend__staging/S20260901_43(1行),dw_ads.ads_behavior_funnel__staging/S202
    | admin	最新一期的 GMV 和退款率是多少？	EXECUTED	1	5ms	2026-09-11 09:53:56
    | admin	最近 7 天销售额趋势	EXECUTED	1	2ms	2026-09-11 09:53:31
    | analyst	最近 7 天销售额趋势	EXECUTED	1	51ms	2026-09-11 09:53:31
    keyword '不可用' 出现于页面文本: False
    keyword '离线' 出现于页面文本: False
    keyword '连接失败' 出现于页面文本: False
    keyword '商城' 出现于页面文本: False
    keyword '生成器' 出现于页面文本: False
    keyword '采集' 出现于页面文本: False