
  .   ____          _            __ _ _
 /\\ / ___'_ __ _ _(_)_ __  __ _ \ \ \ \
( ( )\___ | '_ | '_| | '_ \/ _` | \ \ \ \
 \\/  ___)| |_)| | | | | || (_| |  ) ) ) )
  '  |____| .__|_| |_|_| |_\__, | / / / /
 =========|_|==============|___/=/_/_/_/
 :: Spring Boot ::                (v3.2.5)

2026-09-12T14:42:25.969+08:00  INFO 46328 --- [           main] c.g.analytics.AnalyticsApplication       : Starting AnalyticsApplication v0.1.0-SNAPSHOT using Java 17.0.12 with PID 46328 (D:\Develop_code\GraduationProject\analytics-server\platform-app\target\platform-app-0.1.0-SNAPSHOT.jar started by ASUS in D:\Develop_code\GraduationProject)
2026-09-12T14:42:26.029+08:00  INFO 46328 --- [           main] c.g.analytics.AnalyticsApplication       : No active profile set, falling back to 1 default profile: "default"
2026-09-12T14:42:27.621+08:00  INFO 46328 --- [           main] o.s.b.w.embedded.tomcat.TomcatWebServer  : Tomcat initialized with port 8091 (http)
2026-09-12T14:42:27.687+08:00  INFO 46328 --- [           main] o.a.catalina.core.AprLifecycleListener   : Loaded Apache Tomcat Native library [2.0.14] using APR version [1.7.6].
2026-09-12T14:42:27.690+08:00  INFO 46328 --- [           main] o.a.catalina.core.AprLifecycleListener   : OpenSSL successfully initialized [OpenSSL 3.5.5 27 Jan 2026]
2026-09-12T14:42:27.698+08:00  INFO 46328 --- [           main] o.apache.catalina.core.StandardService   : Starting service [Tomcat]
2026-09-12T14:42:27.698+08:00  INFO 46328 --- [           main] o.apache.catalina.core.StandardEngine    : Starting Servlet engine: [Apache Tomcat/10.1.20]
2026-09-12T14:42:27.735+08:00  INFO 46328 --- [           main] o.a.c.c.C.[Tomcat].[localhost].[/]       : Initializing Spring embedded WebApplicationContext
2026-09-12T14:42:27.738+08:00  INFO 46328 --- [           main] w.s.c.ServletWebServerApplicationContext : Root WebApplicationContext: initialization completed in 1632 ms
 _ _   |_  _ _|_. ___ _ |    _ 
| | |\/|_)(_| | |_\  |_)||_|_\ 
     /               |         
                        3.5.7 
2026-09-12T14:42:28.629+08:00  INFO 46328 --- [           main] com.zaxxer.hikari.HikariDataSource       : meta-ds - Starting...
2026-09-12T14:42:28.795+08:00  INFO 46328 --- [           main] com.zaxxer.hikari.pool.HikariPool        : meta-ds - Added connection com.mysql.cj.jdbc.ConnectionImpl@183fc2fa
2026-09-12T14:42:28.796+08:00  INFO 46328 --- [           main] com.zaxxer.hikari.HikariDataSource       : meta-ds - Start completed.
2026-09-12T14:42:28.860+08:00  INFO 46328 --- [           main] o.f.c.internal.license.VersionPrinter    : Flyway Community Edition 9.22.3 by Redgate
2026-09-12T14:42:28.861+08:00  INFO 46328 --- [           main] o.f.c.internal.license.VersionPrinter    : See release notes here: https://rd.gt/416ObMi
2026-09-12T14:42:28.861+08:00  INFO 46328 --- [           main] o.f.c.internal.license.VersionPrinter    : 
2026-09-12T14:42:28.879+08:00  INFO 46328 --- [           main] org.flywaydb.core.FlywayExecutor         : Database: jdbc:mysql://127.0.0.1:3306/analytics_meta (MySQL 8.0)
2026-09-12T14:42:28.939+08:00  INFO 46328 --- [           main] o.f.core.internal.command.DbValidate     : Successfully validated 16 migrations (execution time 00:00.032s)
2026-09-12T14:42:28.958+08:00  INFO 46328 --- [           main] o.f.core.internal.command.DbMigrate      : Current version of schema `analytics_meta`: 17
2026-09-12T14:42:28.966+08:00  INFO 46328 --- [           main] o.f.core.internal.command.DbMigrate      : Schema `analytics_meta` is up to date. No migration necessary.
2026-09-12T14:42:28.970+08:00  INFO 46328 --- [           main] c.g.a.config.MetaFlywayInitializer       : analytics_meta 迁移完成: 执行 0 个脚本，版本 null
2026-09-12T14:42:28.974+08:00  INFO 46328 --- [           main] com.zaxxer.hikari.HikariDataSource       : metric-publish-ds - Starting...
2026-09-12T14:42:28.978+08:00  INFO 46328 --- [           main] com.zaxxer.hikari.pool.HikariPool        : metric-publish-ds - Added connection com.mysql.cj.jdbc.ConnectionImpl@5463f035
2026-09-12T14:42:28.979+08:00  INFO 46328 --- [           main] com.zaxxer.hikari.HikariDataSource       : metric-publish-ds - Start completed.
2026-09-12T14:42:28.986+08:00  INFO 46328 --- [           main] org.flywaydb.core.FlywayExecutor         : Database: jdbc:mysql://127.0.0.1:3306/analytics_metric (MySQL 8.0)
2026-09-12T14:42:28.998+08:00  INFO 46328 --- [           main] o.f.core.internal.command.DbValidate     : Successfully validated 3 migrations (execution time 00:00.006s)
2026-09-12T14:42:29.005+08:00  INFO 46328 --- [           main] o.f.core.internal.command.DbMigrate      : Current version of schema `analytics_metric`: 3
2026-09-12T14:42:29.006+08:00  INFO 46328 --- [           main] o.f.core.internal.command.DbMigrate      : Schema `analytics_metric` is up to date. No migration necessary.
2026-09-12T14:42:29.039+08:00  INFO 46328 --- [           main] c.g.a.config.MetricFlywayInitializer     : analytics_metric 迁移完成: 执行 0 个脚本，当前版本 3 (迁移历史 analytics_metric.flyway_schema_history)
2026-09-12T14:42:29.398+08:00  INFO 46328 --- [           main] c.g.a.r.storage.LocalLandingStorage      : LocalLandingStorage root = D:\Develop_code\GraduationProject\landing
2026-09-12T14:42:29.985+08:00  INFO 46328 --- [           main] o.s.b.a.w.s.WelcomePageHandlerMapping    : Adding welcome page: class path resource [static/index.html]
2026-09-12T14:42:30.765+08:00  INFO 46328 --- [           main] o.s.b.w.embedded.tomcat.TomcatWebServer  : Tomcat started on port 8091 (http) with context path ''
2026-09-12T14:42:30.798+08:00  INFO 46328 --- [           main] c.g.analytics.AnalyticsApplication       : Started AnalyticsApplication in 5.284 seconds (process running for 5.927)
2026-09-12T14:42:30.986+08:00  INFO 46328 --- [           main] c.g.a.pipeline.PipelineRecoveryService   : R6-14 启动对账完成: pending重排=[] running判定中断=[] 孤立作业置UNKNOWN=0 errors=[]
2026-09-12T14:42:31.292+08:00  INFO 46328 --- [nio-8091-exec-1] o.a.c.c.C.[Tomcat].[localhost].[/]       : Initializing Spring DispatcherServlet 'dispatcherServlet'
2026-09-12T14:42:31.310+08:00  INFO 46328 --- [nio-8091-exec-1] o.s.web.servlet.DispatcherServlet        : Initializing Servlet 'dispatcherServlet'
2026-09-12T14:42:31.313+08:00  INFO 46328 --- [nio-8091-exec-1] o.s.web.servlet.DispatcherServlet        : Completed initialization in 2 ms
