[INFO] Scanning for projects...
[INFO] 
[INFO] ---------------------< com.graduation:spark-jobs >----------------------
[INFO] Building spark-jobs 0.1.0-SNAPSHOT
[INFO]   from pom.xml
[INFO] --------------------------------[ jar ]---------------------------------
[WARNING] 2 problems were encountered while building the effective model for org.apache.yetus:audience-annotations:jar:0.5.0 during dependency collection step for project (use -X to see details)
[INFO] 
[INFO] --- resources:3.4.0:resources (default-resources) @ spark-jobs ---
[WARNING] Using platform encoding (UTF-8 actually) to copy filtered resources, i.e. build is platform dependent!
[INFO] skip non existing resourceDirectory D:\Develop_code\GraduationProject\spark-jobs\src\main\resources
[INFO] 
[INFO] --- compiler:3.15.0:compile (default-compile) @ spark-jobs ---
[INFO] Nothing to compile - all classes are up to date.
[INFO] 
[INFO] --- scala:4.8.1:compile (default) @ spark-jobs ---
[WARNING]  Expected all dependencies to require Scala version: 2.12.19
[WARNING]  org.apache.spark:spark-core_2.12:3.5.1 requires scala version: 2.12.18
[WARNING] Multiple versions of scala libraries detected!
[INFO] Compiler bridge file: C:\Users\ASUS\.sbt\1.0\zinc\org.scala-sbt\org.scala-sbt-compiler-bridge_2.12-1.8.0-bin_2.12.19__61.0-1.8.0_20221110T195421.jar
[INFO] compile in 1.5 s
[INFO] 
[INFO] --- resources:3.4.0:testResources (default-testResources) @ spark-jobs ---
[WARNING] Using platform encoding (UTF-8 actually) to copy filtered resources, i.e. build is platform dependent!
[INFO] skip non existing resourceDirectory D:\Develop_code\GraduationProject\spark-jobs\src\test\resources
[INFO] 
[INFO] --- compiler:3.15.0:testCompile (default-testCompile) @ spark-jobs ---
[INFO] Nothing to compile - all classes are up to date.
[INFO] 
[INFO] --- scala:4.8.1:testCompile (default) @ spark-jobs ---
[WARNING]  Expected all dependencies to require Scala version: 2.12.19
[WARNING]  org.apache.spark:spark-core_2.12:3.5.1 requires scala version: 2.12.18
[WARNING] Multiple versions of scala libraries detected!
[WARNING] Plugin is modifying testCompileSourceRoots through add(), which will not work in Maven 4.0.0. Use MavenProject.addTestCompileSourceRoot()/removeTestCompileSourceRoot() methods instead. If using a plugin, please upgrade to the latest version or report the issue to the plugin maintainer. To disable these warnings, set -Dmaven.project.sourceRoots.warningsDisabled=true on the command line, in the .mvn/maven.config file, or in project POM properties.
[INFO] Compiler bridge file: C:\Users\ASUS\.sbt\1.0\zinc\org.scala-sbt\org.scala-sbt-compiler-bridge_2.12-1.8.0-bin_2.12.19__61.0-1.8.0_20221110T195421.jar
[INFO] compiling 1 Scala source to D:\Develop_code\GraduationProject\spark-jobs\target\test-classes ...
[INFO] done compiling
[INFO] compile in 6.7 s
[INFO] 
[INFO] --- surefire:3.5.4:test (default-test) @ spark-jobs ---
[INFO] Using auto detected provider org.apache.maven.surefire.junit.JUnit3Provider
[INFO] 
[INFO] -------------------------------------------------------
[INFO]  T E S T S
[INFO] -------------------------------------------------------
[INFO] Running com.graduation.analytics.MetricAdsSpecTest
[INFO] Tests run: 0, Failures: 0, Errors: 0, Skipped: 0, Time elapsed: 0.079 s -- in com.graduation.analytics.MetricAdsSpecTest
[INFO] 
[INFO] Results:
[INFO] 
[INFO] Tests run: 0, Failures: 0, Errors: 0, Skipped: 0
[INFO] 
[INFO] 
[INFO] --- scalatest:2.2.0:test (test) @ spark-jobs ---
[INFO] ScalaTest report directory: D:\Develop_code\GraduationProject\spark-jobs\target\surefire-reports
Run starting. Expected test count is: 11
SurrogateKeySpec:
契约向量集
- should 可被读到且条数为 23（含 3 条 NULL_KEY）
- should 每一条 KEY 向量：normalized / material / sha256 / keyHex16 / keyBigint 全部命中
- should 每一条 NULL_KEY 向量：不生成键（None），且契约 rawInput 的三种区分靠 rawInputNotation
- should category / brand / coupon 向量复算命中（仅单测可达，真链无数据）
- should 契约枚举外的实体一律拒绝（D-093：order 不得套用代理键算法）
- should 同一三元组恒同键（幂等），不同三元组不同键（单射，17 组无碰撞）
- should 键恒在 [1, 2^63-1]：清符号位 + 全零取 1（D-085）
SurrogateKey.toBIGINT（SQL 表达式）
- should 在真实 Spark 上逐向量与内存实现同值
- should 空串 / 仅空白 / NULL 三种输入在 SQL 侧都得到 NULL（不落哨兵、不合并）
代理键真链（隔离 warehouse + 黄金 55 条）
[A5] 旧口径 JOIN 行数 = 15
[A5] 新口径 JOIN 行数 = 15
[A5] 旧口径维表命中行数 = 16
[A5] 新口径维表命中行数 = 16
- should 旧列不变且新键列与契约同值（A6③/A6⑤）
- should 大写归一必须文化无关（Locale.ROOT）——土耳其语区域下不得变形
Run completed in 17 seconds, 809 milliseconds.
Total number of tests run: 11
Suites: completed 1, aborted 0
Tests: succeeded 11, failed 0, canceled 0, ignored 0, pending 0
All tests passed.
[INFO] ------------------------------------------------------------------------
[INFO] BUILD SUCCESS
[INFO] ------------------------------------------------------------------------
[INFO] Total time:  30.095 s
[INFO] Finished at: 2026-09-12T20:34:57+08:00
[INFO] ------------------------------------------------------------------------
