[INFO] Scanning for projects...
[INFO] 
[INFO] ---------------------< com.graduation:spark-jobs >----------------------
[INFO] Building spark-jobs 0.1.0-SNAPSHOT
[INFO]   from pom.xml
[INFO] --------------------------------[ jar ]---------------------------------
[WARNING] 2 problems were encountered while building the effective model for org.apache.yetus:audience-annotations:jar:0.5.0 during dependency collection step for project (use -X to see details)
[INFO] 
[INFO] --- resources:3.4.0:resources (default-resources) @ spark-jobs ---
[WARNING] Using platform encoding (UTF-8 actually) to copy filtered resources, i.e. build is platform dependent!
[INFO] skip non existing resourceDirectory D:\Develop_code\GraduationProject\spark-jobs\src\main\resources
[INFO] 
[INFO] --- compiler:3.15.0:compile (default-compile) @ spark-jobs ---
[INFO] Nothing to compile - all classes are up to date.
[INFO] 
[INFO] --- scala:4.8.1:compile (default) @ spark-jobs ---
[WARNING]  Expected all dependencies to require Scala version: 2.12.19
[WARNING]  org.apache.spark:spark-core_2.12:3.5.1 requires scala version: 2.12.18
[WARNING] Multiple versions of scala libraries detected!
[INFO] Compiler bridge file: C:\Users\ASUS\.sbt\1.0\zinc\org.scala-sbt\org.scala-sbt-compiler-bridge_2.12-1.8.0-bin_2.12.19__61.0-1.8.0_20221110T195421.jar
[INFO] compile in 1.5 s
[INFO] 
[INFO] --- resources:3.4.0:testResources (default-testResources) @ spark-jobs ---
[WARNING] Using platform encoding (UTF-8 actually) to copy filtered resources, i.e. build is platform dependent!
[INFO] skip non existing resourceDirectory D:\Develop_code\GraduationProject\spark-jobs\src\test\resources
[INFO] 
[INFO] --- compiler:3.15.0:testCompile (default-testCompile) @ spark-jobs ---
[INFO] Nothing to compile - all classes are up to date.
[INFO] 
[INFO] --- scala:4.8.1:testCompile (default) @ spark-jobs ---
[WARNING]  Expected all dependencies to require Scala version: 2.12.19
[WARNING]  org.apache.spark:spark-core_2.12:3.5.1 requires scala version: 2.12.18
[WARNING] Multiple versions of scala libraries detected!
[WARNING] Plugin is modifying testCompileSourceRoots through add(), which will not work in Maven 4.0.0. Use MavenProject.addTestCompileSourceRoot()/removeTestCompileSourceRoot() methods instead. If using a plugin, please upgrade to the latest version or report the issue to the plugin maintainer. To disable these warnings, set -Dmaven.project.sourceRoots.warningsDisabled=true on the command line, in the .mvn/maven.config file, or in project POM properties.
[INFO] Compiler bridge file: C:\Users\ASUS\.sbt\1.0\zinc\org.scala-sbt\org.scala-sbt-compiler-bridge_2.12-1.8.0-bin_2.12.19__61.0-1.8.0_20221110T195421.jar
[INFO] compiling 1 Scala source to D:\Develop_code\GraduationProject\spark-jobs\target\test-classes ...
[INFO] done compiling
[INFO] compile in 4.1 s
[INFO] 
[INFO] --- surefire:3.5.4:test (default-test) @ spark-jobs ---
[INFO] Using auto detected provider org.apache.maven.surefire.junit.JUnit3Provider
[INFO] 
[INFO] -------------------------------------------------------
[INFO]  T E S T S
[INFO] -------------------------------------------------------
[INFO] Running com.graduation.analytics.MetricAdsSpecTest
[INFO] Tests run: 0, Failures: 0, Errors: 0, Skipped: 0, Time elapsed: 0.066 s -- in com.graduation.analytics.MetricAdsSpecTest
[INFO] 
[INFO] Results:
[INFO] 
[INFO] Tests run: 0, Failures: 0, Errors: 0, Skipped: 0
[INFO] 
[INFO] 
[INFO] --- scalatest:2.2.0:test (test) @ spark-jobs ---
[INFO] ScalaTest report directory: D:\Develop_code\GraduationProject\spark-jobs\target\surefire-reports
Run starting. Expected test count is: 1
P2D096EvidenceProbeSpec:
[d096] A0 黄金夹具 = file:///D:/Develop_code/GraduationProject/tests/golden-dataset/events/golden-20260901.jsonl
[d096] A1 实际读入行数 = 55   （夹具文件行数实测 55）
[d096] 
[d096] B. 黄金 55 条里 payload.*_id 的空值实测（SQL 侧 get_json_object 取值）
[d096] B1 payload.user_id      空/缺 = 15   非空 = 40
[d096] B1 payload.product_id   空/缺 = 24   非空 = 31
[d096] B1 payload.category_id  空/缺 = 50   非空 = 5
[d096] B1 payload.order_id     空/缺 = 29   非空 = 26
[d096] 
[d096] C. 阳性对照（证明上面的「空 = 0」不是探针没跑到）
[d096] C1 空串形态计数 = 1（期望 1）
[d096] C2 仅空白计数   = 1（期望 1）
[d096] C3 字段缺失计数 = 1（期望 1）
[d096] C4 阳性对照通过 ⇒ B 段表达式确实能数出空值，「空 = 0」才算真 0
[d096] 
[d096] D. **结论（推翻「恒为 0」假设）**
[d096] D1 黄金夹具里 `payload.*_id` 的**空串形态实测 0 条**，但**字段不存在形态大量存在**：
[d096] D2 user_id 15/55、product_id 24/55、category_id 50/55、order_id 29/55 行**不含该字段**。
[d096] D3 这些行经 payload_* 列投影后即为 NULL ⇒ 触发 D-087「空/缺 ⇒ NULL 键」，
[d096] D4 故「空 id 真实发生量恒为 0 ⇒ 不需要任何记录通道」的假设**在本项目夹具上不成立**。
[d096] D5 未测：本读数取自**夹具**；在产 landing 的真实分布未测（无集群、无在产 landing 读数）。
- probe: 黄金 55 条里 payload_*_id 的真实空值发生量
Run completed in 5 seconds, 413 milliseconds.
Total number of tests run: 1
Suites: completed 1, aborted 0
Tests: succeeded 1, failed 0, canceled 0, ignored 0, pending 0
All tests passed.
[INFO] ------------------------------------------------------------------------
[INFO] BUILD SUCCESS
[INFO] ------------------------------------------------------------------------
[INFO] Total time:  14.891 s
[INFO] Finished at: 2026-09-12T20:29:56+08:00
[INFO] ------------------------------------------------------------------------
