[INFO] Scanning for projects...
[INFO] 
[INFO] ---------------------< com.graduation:spark-jobs >----------------------
[INFO] Building spark-jobs 0.1.0-SNAPSHOT
[INFO]   from pom.xml
[INFO] --------------------------------[ jar ]---------------------------------
[WARNING] 2 problems were encountered while building the effective model for org.apache.yetus:audience-annotations:jar:0.5.0 during dependency collection step for project (use -X to see details)
[INFO] 
[INFO] --- resources:3.4.0:resources (default-resources) @ spark-jobs ---
[WARNING] Using platform encoding (UTF-8 actually) to copy filtered resources, i.e. build is platform dependent!
[INFO] skip non existing resourceDirectory D:\Develop_code\GraduationProject\spark-jobs\src\main\resources
[INFO] 
[INFO] --- compiler:3.15.0:compile (default-compile) @ spark-jobs ---
[INFO] Nothing to compile - all classes are up to date.
[INFO] 
[INFO] --- scala:4.8.1:compile (default) @ spark-jobs ---
[WARNING]  Expected all dependencies to require Scala version: 2.12.19
[WARNING]  org.apache.spark:spark-core_2.12:3.5.1 requires scala version: 2.12.18
[WARNING] Multiple versions of scala libraries detected!
[INFO] Compiler bridge file: C:\Users\ASUS\.sbt\1.0\zinc\org.scala-sbt\org.scala-sbt-compiler-bridge_2.12-1.8.0-bin_2.12.19__61.0-1.8.0_20221110T195421.jar
[INFO] compile in 1.4 s
[INFO] 
[INFO] --- resources:3.4.0:testResources (default-testResources) @ spark-jobs ---
[WARNING] Using platform encoding (UTF-8 actually) to copy filtered resources, i.e. build is platform dependent!
[INFO] skip non existing resourceDirectory D:\Develop_code\GraduationProject\spark-jobs\src\test\resources
[INFO] 
[INFO] --- compiler:3.15.0:testCompile (default-testCompile) @ spark-jobs ---
[INFO] Nothing to compile - all classes are up to date.
[INFO] 
[INFO] --- scala:4.8.1:testCompile (default) @ spark-jobs ---
[WARNING]  Expected all dependencies to require Scala version: 2.12.19
[WARNING]  org.apache.spark:spark-core_2.12:3.5.1 requires scala version: 2.12.18
[WARNING] Multiple versions of scala libraries detected!
[WARNING] Plugin is modifying testCompileSourceRoots through add(), which will not work in Maven 4.0.0. Use MavenProject.addTestCompileSourceRoot()/removeTestCompileSourceRoot() methods instead. If using a plugin, please upgrade to the latest version or report the issue to the plugin maintainer. To disable these warnings, set -Dmaven.project.sourceRoots.warningsDisabled=true on the command line, in the .mvn/maven.config file, or in project POM properties.
[INFO] Compiler bridge file: C:\Users\ASUS\.sbt\1.0\zinc\org.scala-sbt\org.scala-sbt-compiler-bridge_2.12-1.8.0-bin_2.12.19__61.0-1.8.0_20221110T195421.jar
[INFO] compile in 0.2 s
[INFO] 
[INFO] --- surefire:3.5.4:test (default-test) @ spark-jobs ---
[INFO] Using auto detected provider org.apache.maven.surefire.junit.JUnit3Provider
[INFO] 
[INFO] -------------------------------------------------------
[INFO]  T E S T S
[INFO] -------------------------------------------------------
[INFO] Running com.graduation.analytics.MetricAdsSpecTest
[INFO] Tests run: 0, Failures: 0, Errors: 0, Skipped: 0, Time elapsed: 0.075 s -- in com.graduation.analytics.MetricAdsSpecTest
[INFO] 
[INFO] Results:
[INFO] 
[INFO] Tests run: 0, Failures: 0, Errors: 0, Skipped: 0
[INFO] 
[INFO] 
[INFO] --- scalatest:2.2.0:test (test) @ spark-jobs ---
[INFO] ScalaTest report directory: D:\Develop_code\GraduationProject\spark-jobs\target\surefire-reports
Run starting. Expected test count is: 1
P2CountProbeSpec:
### DwdSql.behaviorClean  (总长 2645 字符)
  payload_user_id              = 7
  payload_product_id           = 7
  payload_behavior_type        = 2
  source_system                = 6
  user_key                     = 1
  product_key                  = 1
  category_key                 = 2
  -1                           = 1
  rn.source_system             = 6

### DimSql.userSnapshot  (总长 1226 字符)
  payload_user_id              = 7
  source_system                = 3
  user_key                     = 1
  user_id                      = 8
  -1                           = 0

### DimSql.productSnapshot  (总长 3811 字符)
  payload_product_id           = 7
  payload_category_id          = 7
  payload_parent_category_id   = 7
  payload_brand_id             = 7
  source_system                = 12
  product_key                  = 1
  category_key                 = 2
  parent_category_key          = 1
  brand_key                    = 1
  -1                           = 3

### TradeDwdJob.orderDetailInsertSql  (总长 2280 字符)
  payload_user_id              = 0
  payload_product_id           = 0
  payload_category_id          = 0
  user_key                     = 1
  product_key                  = 1
  category_key                 = 2
  order_key                    = 0
  source_system                = 0
  -1                           = 3
  mock-mall                    = 6


- probe: 模板关键字出现次数
Run completed in 313 milliseconds.
Total number of tests run: 1
Suites: completed 1, aborted 0
Tests: succeeded 1, failed 0, canceled 0, ignored 0, pending 0
All tests passed.
[INFO] ------------------------------------------------------------------------
[INFO] BUILD SUCCESS
[INFO] ------------------------------------------------------------------------
[INFO] Total time:  6.137 s
[INFO] Finished at: 2026-09-12T20:27:20+08:00
[INFO] ------------------------------------------------------------------------
