[INFO] Scanning for projects...
[INFO] 
[INFO] ---------------------< com.graduation:spark-jobs >----------------------
[INFO] Building spark-jobs 0.1.0-SNAPSHOT
[INFO]   from pom.xml
[INFO] --------------------------------[ jar ]---------------------------------
[WARNING] 2 problems were encountered while building the effective model for org.apache.yetus:audience-annotations:jar:0.5.0 during dependency collection step for project (use -X to see details)
[INFO] 
[INFO] --- resources:3.4.0:resources (default-resources) @ spark-jobs ---
[WARNING] Using platform encoding (UTF-8 actually) to copy filtered resources, i.e. build is platform dependent!
[INFO] skip non existing resourceDirectory D:\Develop_code\GraduationProject\spark-jobs\src\main\resources
[INFO] 
[INFO] --- compiler:3.15.0:compile (default-compile) @ spark-jobs ---
[INFO] Nothing to compile - all classes are up to date.
[INFO] 
[INFO] --- scala:4.8.1:compile (default) @ spark-jobs ---
[WARNING]  Expected all dependencies to require Scala version: 2.12.19
[WARNING]  org.apache.spark:spark-core_2.12:3.5.1 requires scala version: 2.12.18
[WARNING] Multiple versions of scala libraries detected!
[INFO] Compiler bridge file: C:\Users\ASUS\.sbt\1.0\zinc\org.scala-sbt\org.scala-sbt-compiler-bridge_2.12-1.8.0-bin_2.12.19__61.0-1.8.0_20221110T195421.jar
[INFO] compiling 1 Scala source to D:\Develop_code\GraduationProject\spark-jobs\target\classes ...
[INFO] done compiling
[INFO] compile in 5.1 s
[INFO] 
[INFO] --- resources:3.4.0:testResources (default-testResources) @ spark-jobs ---
[WARNING] Using platform encoding (UTF-8 actually) to copy filtered resources, i.e. build is platform dependent!
[INFO] skip non existing resourceDirectory D:\Develop_code\GraduationProject\spark-jobs\src\test\resources
[INFO] 
[INFO] --- compiler:3.15.0:testCompile (default-testCompile) @ spark-jobs ---
[INFO] Recompiling the module because of changed dependency.
[INFO] 
[INFO] --- scala:4.8.1:testCompile (default) @ spark-jobs ---
[WARNING]  Expected all dependencies to require Scala version: 2.12.19
[WARNING]  org.apache.spark:spark-core_2.12:3.5.1 requires scala version: 2.12.18
[WARNING] Multiple versions of scala libraries detected!
[WARNING] Plugin is modifying testCompileSourceRoots through add(), which will not work in Maven 4.0.0. Use MavenProject.addTestCompileSourceRoot()/removeTestCompileSourceRoot() methods instead. If using a plugin, please upgrade to the latest version or report the issue to the plugin maintainer. To disable these warnings, set -Dmaven.project.sourceRoots.warningsDisabled=true on the command line, in the .mvn/maven.config file, or in project POM properties.
[INFO] Compiler bridge file: C:\Users\ASUS\.sbt\1.0\zinc\org.scala-sbt\org.scala-sbt-compiler-bridge_2.12-1.8.0-bin_2.12.19__61.0-1.8.0_20221110T195421.jar
[INFO] compiling 1 Scala source to D:\Develop_code\GraduationProject\spark-jobs\target\test-classes ...
[INFO] done compiling
[INFO] compile in 4.0 s
[INFO] 
[INFO] --- surefire:3.5.4:test (default-test) @ spark-jobs ---
[INFO] Using auto detected provider org.apache.maven.surefire.junit.JUnit3Provider
[INFO] 
[INFO] -------------------------------------------------------
[INFO]  T E S T S
[INFO] -------------------------------------------------------
[INFO] Running com.graduation.analytics.MetricAdsSpecTest
[INFO] Tests run: 0, Failures: 0, Errors: 0, Skipped: 0, Time elapsed: 0.060 s -- in com.graduation.analytics.MetricAdsSpecTest
[INFO] 
[INFO] Results:
[INFO] 
[INFO] Tests run: 0, Failures: 0, Errors: 0, Skipped: 0
[INFO] 
[INFO] 
[INFO] --- scalatest:2.2.0:test (test) @ spark-jobs ---
[INFO] ScalaTest report directory: D:\Develop_code\GraduationProject\spark-jobs\target\surefire-reports
Run starting. Expected test count is: 1
P2VectorDiffProbeSpec:
[probe] id  | kind           | expect   | SQL                  | contract             | ok
[probe] V01 | UUID           | KEY      | 2447453834011197358  | 2447453834011197358  | OK
[probe] V02 | 雪花 19 位        | KEY      | 5315975343567279541  | 5315975343567279541  | OK
[probe] V03 | 纯数字            | KEY      | 3315011698423901889  | 3315011698423901889  | OK
[probe] V04 | 前缀数字           | KEY      | 5981468240952732083  | 5981468240952732083  | OK
[probe] V05 | 纯数字(目录商品)      | KEY      | 6483880395745046246  | 6483880395745046246  | OK
[probe] V06 | 前缀数字(订单)       | KEY      | 1671956594246542886  | 1671956594246542886  | OK
[probe] V07 | 前缀小写           | KEY      | 5981468240952732083  | 5981468240952732083  | OK
[probe] V08 | 首尾空格           | KEY      | 5981468240952732083  | 5981468240952732083  | OK
[probe] V09 | 非 ASCII        | KEY      | 1135207786598686877  | 1135207786598686877  | OK
[probe] V10 | 超长 256         | KEY      | 1676764569004255147  | 1676764569004255147  | OK
[probe] V11 | 非 ASCII 带空格    | KEY      | 5776179213896010825  | 5776179213896010825  | OK
[probe] V12 | UUID 大写        | KEY      | 2447453834011197358  | 2447453834011197358  | OK
[probe] V13 | 空串             | NULL_KEY | NULL                 | NULL                 | OK
[probe] V14 | 仅空白            | NULL_KEY | NULL                 | NULL                 | OK
[probe] V15 | null           | NULL_KEY | NULL                 | NULL                 | OK
[probe] V16 | 同 raw 不同 source| KEY      | 3436230387295700     | 3436230387295700     | OK
[probe] V17 | 同 raw 不同类型     | KEY      | 2297900066440525769  | 2297900066440525769  | OK
[probe] V18 | 数字字符串 vs 数值    | KEY      | 6603676604773133034  | 6603676604773133034  | OK
[probe] V19 | 可解析为负数         | KEY      | 6407942324792645581  | 6407942324792645581  | OK
[probe] V20 | 含分隔符           | KEY      | 7762353590738385298  | 7762353590738385298  | OK
[probe] V21 | 多段分隔符          | KEY      | 8192779654316538825  | 8192779654316538825  | OK
[probe] V22 | 中文+冒号          | KEY      | 6604609974941637228  | 6604609974941637228  | OK
[probe] V23 | 含分隔符 id        | KEY      | 192898393099506332   | 192898393099506332   | OK
- probe: 23 向量 SQL vs 契约 逐条并排
Run completed in 7 seconds, 129 milliseconds.
Total number of tests run: 1
Suites: completed 1, aborted 0
Tests: succeeded 1, failed 0, canceled 0, ignored 0, pending 0
All tests passed.
[INFO] ------------------------------------------------------------------------
[INFO] BUILD SUCCESS
[INFO] ------------------------------------------------------------------------
[INFO] Total time:  20.236 s
[INFO] Finished at: 2026-09-12T20:26:23+08:00
[INFO] ------------------------------------------------------------------------
