[INFO] Scanning for projects...
[INFO] 
[INFO] ---------------------< com.graduation:spark-jobs >----------------------
[INFO] Building spark-jobs 0.1.0-SNAPSHOT
[INFO]   from pom.xml
[INFO] --------------------------------[ jar ]---------------------------------
[WARNING] 2 problems were encountered while building the effective model for org.apache.yetus:audience-annotations:jar:0.5.0 during dependency collection step for project (use -X to see details)
[INFO] 
[INFO] --- resources:3.4.0:resources (default-resources) @ spark-jobs ---
[WARNING] Using platform encoding (UTF-8 actually) to copy filtered resources, i.e. build is platform dependent!
[INFO] skip non existing resourceDirectory D:\Develop_code\GraduationProject\spark-jobs\src\main\resources
[INFO] 
[INFO] --- compiler:3.15.0:compile (default-compile) @ spark-jobs ---
[INFO] Nothing to compile - all classes are up to date.
[INFO] 
[INFO] --- scala:4.8.1:compile (default) @ spark-jobs ---
[WARNING]  Expected all dependencies to require Scala version: 2.12.19
[WARNING]  org.apache.spark:spark-core_2.12:3.5.1 requires scala version: 2.12.18
[WARNING] Multiple versions of scala libraries detected!
[INFO] Compiler bridge file: C:\Users\ASUS\.sbt\1.0\zinc\org.scala-sbt\org.scala-sbt-compiler-bridge_2.12-1.8.0-bin_2.12.19__61.0-1.8.0_20221110T195421.jar
[INFO] compile in 1.6 s
[INFO] 
[INFO] --- resources:3.4.0:testResources (default-testResources) @ spark-jobs ---
[WARNING] Using platform encoding (UTF-8 actually) to copy filtered resources, i.e. build is platform dependent!
[INFO] skip non existing resourceDirectory D:\Develop_code\GraduationProject\spark-jobs\src\test\resources
[INFO] 
[INFO] --- compiler:3.15.0:testCompile (default-testCompile) @ spark-jobs ---
[INFO] Nothing to compile - all classes are up to date.
[INFO] 
[INFO] --- scala:4.8.1:testCompile (default) @ spark-jobs ---
[WARNING]  Expected all dependencies to require Scala version: 2.12.19
[WARNING]  org.apache.spark:spark-core_2.12:3.5.1 requires scala version: 2.12.18
[WARNING] Multiple versions of scala libraries detected!
[WARNING] Plugin is modifying testCompileSourceRoots through add(), which will not work in Maven 4.0.0. Use MavenProject.addTestCompileSourceRoot()/removeTestCompileSourceRoot() methods instead. If using a plugin, please upgrade to the latest version or report the issue to the plugin maintainer. To disable these warnings, set -Dmaven.project.sourceRoots.warningsDisabled=true on the command line, in the .mvn/maven.config file, or in project POM properties.
[INFO] Compiler bridge file: C:\Users\ASUS\.sbt\1.0\zinc\org.scala-sbt\org.scala-sbt-compiler-bridge_2.12-1.8.0-bin_2.12.19__61.0-1.8.0_20221110T195421.jar
[INFO] compiling 1 Scala source to D:\Develop_code\GraduationProject\spark-jobs\target\test-classes ...
[INFO] done compiling
[INFO] compile in 6.8 s
[INFO] 
[INFO] --- surefire:3.5.4:test (default-test) @ spark-jobs ---
[INFO] Using auto detected provider org.apache.maven.surefire.junit.JUnit3Provider
[INFO] 
[INFO] -------------------------------------------------------
[INFO]  T E S T S
[INFO] -------------------------------------------------------
[INFO] Running com.graduation.analytics.MetricAdsSpecTest
[INFO] Tests run: 0, Failures: 0, Errors: 0, Skipped: 0, Time elapsed: 0.061 s -- in com.graduation.analytics.MetricAdsSpecTest
[INFO] 
[INFO] Results:
[INFO] 
[INFO] Tests run: 0, Failures: 0, Errors: 0, Skipped: 0
[INFO] 
[INFO] 
[INFO] --- scalatest:2.2.0:test (test) @ spark-jobs ---
[INFO] ScalaTest report directory: D:\Develop_code\GraduationProject\spark-jobs\target\surefire-reports
Run starting. Expected test count is: 11
SurrogateKeySpec:
契约向量集
- should 可被读到且条数为 23（含 3 条 NULL_KEY）
- should 每一条 KEY 向量：normalized / material / sha256 / keyHex16 / keyBigint 全部命中
- should 每一条 NULL_KEY 向量：不生成键（None），且契约 rawInput 的三种区分靠 rawInputNotation
- should category / brand / coupon 向量复算命中（仅单测可达，真链无数据）
- should 契约枚举外的实体一律拒绝（D-093：order 不得套用代理键算法）
- should 同一三元组恒同键（幂等），不同三元组不同键（单射，17 组无碰撞）
- should 键恒在 [1, 2^63-1]：清符号位 + 全零取 1（D-085）
SurrogateKey.toBIGINT（SQL 表达式）
[vector] id  | kind           | expect   | SQL                  | contract
[vector] V01 | UUID           | KEY      | 2447453834011197358  | 2447453834011197358
[vector] V02 | 雪花 19 位        | KEY      | 5315975343567279541  | 5315975343567279541
[vector] V03 | 纯数字            | KEY      | 3315011698423901889  | 3315011698423901889
[vector] V04 | 前缀数字           | KEY      | 5981468240952732083  | 5981468240952732083
[vector] V05 | 纯数字(目录商品)      | KEY      | 6483880395745046246  | 6483880395745046246
[vector] V06 | 前缀数字(订单)       | KEY      | 1671956594246542886  | 1671956594246542886
[vector] V07 | 前缀小写           | KEY      | 5981468240952732083  | 5981468240952732083
[vector] V08 | 首尾空格           | KEY      | 5981468240952732083  | 5981468240952732083
[vector] V09 | 非 ASCII        | KEY      | 1135207786598686877  | 1135207786598686877
[vector] V10 | 超长 256         | KEY      | 1676764569004255147  | 1676764569004255147
[vector] V11 | 非 ASCII 带空格    | KEY      | 5776179213896010825  | 5776179213896010825
[vector] V12 | UUID 大写        | KEY      | 2447453834011197358  | 2447453834011197358
[vector] V13 | 空串             | NULL_KEY | NULL                 | NULL
[vector] V14 | 仅空白            | NULL_KEY | NULL                 | NULL
[vector] V15 | null           | NULL_KEY | NULL                 | NULL
[vector] V16 | 同 raw 不同 source | KEY      | 3436230387295700     | 3436230387295700
[vector] V17 | 同 raw 不同类型     | KEY      | 2297900066440525769  | 2297900066440525769
[vector] V18 | 数字字符串 vs 数值    | KEY      | 6603676604773133034  | 6603676604773133034
[vector] V19 | 可解析为负数         | KEY      | 6407942324792645581  | 6407942324792645581
[vector] V20 | 含分隔符           | KEY      | 7762353590738385298  | 7762353590738385298
[vector] V21 | 多段分隔符          | KEY      | 8192779654316538825  | 8192779654316538825
[vector] V22 | 中文+冒号          | KEY      | 6604609974941637228  | 6604609974941637228
[vector] V23 | 含分隔符 id        | KEY      | 192898393099506332   | 192898393099506332
- should 在真实 Spark 上逐向量与内存实现同值
- should 空串 / 仅空白 / NULL 三种输入在 SQL 侧都得到 NULL（不落哨兵、不合并）
代理键真链（隔离 warehouse + 黄金 55 条）
[A5] 旧口径 JOIN 行数 = 15
[A5] 新口径 JOIN 行数 = 15
[A5] 旧口径维表命中行数 = 16
[A5] 新口径维表命中行数 = 16
[A7] dim_product 行数 = 4
[A7] product_key        非 NULL = 4
[A7] category_key       非 NULL = 4
[A7] parent_category_key 非 NULL = 0
[A7] brand_key          非 NULL = 4
- should 旧列不变且新键列与契约同值（A6③/A6⑤）
- should 大写归一必须文化无关（Locale.ROOT）——土耳其语区域下不得变形
Run completed in 17 seconds, 156 milliseconds.
Total number of tests run: 11
Suites: completed 1, aborted 0
Tests: succeeded 11, failed 0, canceled 0, ignored 0, pending 0
All tests passed.
[INFO] ------------------------------------------------------------------------
[INFO] BUILD SUCCESS
[INFO] ------------------------------------------------------------------------
[INFO] Total time:  29.317 s
[INFO] Finished at: 2026-09-12T20:38:53+08:00
[INFO] ------------------------------------------------------------------------
