R9 指标发布真库集成测试（PV/退款率口径回归）@ 2026-09-11 11:12:15
命令: mvn -f analytics-server/pom.xml -pl metric-analysis -am test -Dtest=MetricPublisherMySqlIT -Dmetric.it=true -Dsurefire.failIfNoSpecifiedTests=false

Picked up JAVA_TOOL_OPTIONS: -Dfile.encoding=UTF-8
[INFO] Scanning for projects...
[INFO] ------------------------------------------------------------------------
[INFO] Reactor Build Order:
[INFO] 
[INFO] analytics-server                                                   [pom]
[INFO] platform-common                                                    [jar]
[INFO] metric-analysis                                                    [jar]
[INFO] 
[INFO] -------------< com.graduation.analytics:analytics-server >--------------
[INFO] Building analytics-server 0.1.0-SNAPSHOT                           [1/3]
[INFO]   from pom.xml
[INFO] --------------------------------[ pom ]---------------------------------
[INFO] 
[INFO] --------------< com.graduation.analytics:platform-common >--------------
[INFO] Building platform-common 0.1.0-SNAPSHOT                            [2/3]
[INFO]   from platform-common\pom.xml
[INFO] --------------------------------[ jar ]---------------------------------
[INFO] 
[INFO] --- resources:3.3.1:resources (default-resources) @ platform-common ---
[INFO] skip non existing resourceDirectory D:\Develop_code\GraduationProject\analytics-server\platform-common\src\main\resources
[INFO] skip non existing resourceDirectory D:\Develop_code\GraduationProject\analytics-server\platform-common\src\main\resources
[INFO] 
[INFO] --- compiler:3.11.0:compile (default-compile) @ platform-common ---
[INFO] Nothing to compile - all classes are up to date
[INFO] 
[INFO] --- resources:3.3.1:testResources (default-testResources) @ platform-common ---
[INFO] skip non existing resourceDirectory D:\Develop_code\GraduationProject\analytics-server\platform-common\src\test\resources
[INFO] 
[INFO] --- compiler:3.11.0:testCompile (default-testCompile) @ platform-common ---
[INFO] No sources to compile
[INFO] 
[INFO] --- surefire:3.1.2:test (default-test) @ platform-common ---
[INFO] No tests to run.
[INFO] 
[INFO] --------------< com.graduation.analytics:metric-analysis >--------------
[INFO] Building metric-analysis 0.1.0-SNAPSHOT                            [3/3]
[INFO]   from metric-analysis\pom.xml
[INFO] --------------------------------[ jar ]---------------------------------
[INFO] 
[INFO] --- resources:3.3.1:resources (default-resources) @ metric-analysis ---
[INFO] skip non existing resourceDirectory D:\Develop_code\GraduationProject\analytics-server\metric-analysis\src\main\resources
[INFO] skip non existing resourceDirectory D:\Develop_code\GraduationProject\analytics-server\metric-analysis\src\main\resources
[INFO] 
[INFO] --- compiler:3.11.0:compile (default-compile) @ metric-analysis ---
[INFO] Nothing to compile - all classes are up to date
[INFO] 
[INFO] --- resources:3.3.1:testResources (default-testResources) @ metric-analysis ---
[INFO] skip non existing resourceDirectory D:\Develop_code\GraduationProject\analytics-server\metric-analysis\src\test\resources
[INFO] 
[INFO] --- compiler:3.11.0:testCompile (default-testCompile) @ metric-analysis ---
[INFO] Nothing to compile - all classes are up to date
[INFO] 
[INFO] --- surefire:3.1.2:test (default-test) @ metric-analysis ---
[INFO] Using auto detected provider org.apache.maven.surefire.junitplatform.JUnitPlatformProvider
[INFO] 
[INFO] -------------------------------------------------------
[INFO]  T E S T S
[INFO] -------------------------------------------------------
Picked up JAVA_TOOL_OPTIONS: -Dfile.encoding=UTF-8
[INFO] Running com.graduation.analytics.metric.publish.MetricPublisherMySqlIT
11:12:18.089 [main] INFO com.graduation.analytics.metric.MetricAdsWriter -- metric ads delete snapshot it-r7-3-ok-1789096337838: 共删除 0 行（8 张表）
11:12:18.110 [main] INFO com.graduation.analytics.metric.MetricAdsWriter -- metric ads delete snapshot it-r7-3-bad-1789096337840: 共删除 0 行（8 张表）
11:12:18.256 [main] INFO com.graduation.analytics.metric.publish.MetricPublishRepository -- metric publish: 快照 it-r7-3-ok-1789096337838 登记 BUILDING（profile=999002, version=1, businessDate=20260901）
11:12:18.272 [main] INFO com.graduation.analytics.metric.MetricAdsWriter -- metric ads delete snapshot it-r7-3-ok-1789096337838: 共删除 0 行（8 张表）
11:12:18.287 [main] INFO com.graduation.analytics.metric.MetricAdsWriter -- metric ads insert ads_operation_overview_m (snapshot=it-r7-3-ok-1789096337838, dt=20260901): 1 行 / 11 列
11:12:18.291 [main] INFO com.graduation.analytics.metric.MetricAdsWriter -- metric ads insert ads_sale_trend_m (snapshot=it-r7-3-ok-1789096337838, dt=20260901): 1 行 / 6 列
11:12:18.296 [main] INFO com.graduation.analytics.metric.MetricAdsWriter -- metric ads insert ads_behavior_funnel_m (snapshot=it-r7-3-ok-1789096337838, dt=20260901): 1 行 / 6 列
11:12:18.300 [main] INFO com.graduation.analytics.metric.MetricAdsWriter -- metric ads insert ads_active_trend_m (snapshot=it-r7-3-ok-1789096337838, dt=20260901): 1 行 / 4 列
11:12:18.303 [main] INFO com.graduation.analytics.metric.MetricAdsWriter -- metric ads insert ads_hot_product_m (snapshot=it-r7-3-ok-1789096337838, dt=20260901): 1 行 / 10 列
11:12:18.307 [main] INFO com.graduation.analytics.metric.MetricAdsWriter -- metric ads insert ads_product_conversion_m (snapshot=it-r7-3-ok-1789096337838, dt=20260901): 1 行 / 6 列
11:12:18.312 [main] INFO com.graduation.analytics.metric.MetricAdsWriter -- metric ads insert ads_user_profile_m (snapshot=it-r7-3-ok-1789096337838, dt=20260901): 1 行 / 14 列
11:12:18.316 [main] INFO com.graduation.analytics.metric.MetricAdsWriter -- metric ads insert ads_data_quality_m (snapshot=it-r7-3-ok-1789096337838, dt=20260901): 1 行 / 8 列
11:12:18.363 [main] INFO com.graduation.analytics.metric.publish.MetricPublisher -- metric publish: 快照 it-r7-3-ok-1789096337838 发布成功（ADS 8 行，指标值 10 条，旧 ACTIVE=null）
11:12:18.421 [main] INFO com.graduation.analytics.metric.publish.MetricPublishRepository -- metric publish: 快照 it-r7-3-bad-1789096337840 登记 BUILDING（profile=999002, version=2, businessDate=20260901）
11:12:18.432 [main] INFO com.graduation.analytics.metric.MetricAdsWriter -- metric ads delete snapshot it-r7-3-bad-1789096337840: 共删除 0 行（8 张表）
11:12:18.436 [main] INFO com.graduation.analytics.metric.MetricAdsWriter -- metric ads insert ads_operation_overview_m (snapshot=it-r7-3-bad-1789096337840, dt=20260901): 1 行 / 11 列
11:12:18.439 [main] INFO com.graduation.analytics.metric.MetricAdsWriter -- metric ads insert ads_sale_trend_m (snapshot=it-r7-3-bad-1789096337840, dt=20260901): 1 行 / 6 列
11:12:18.442 [main] INFO com.graduation.analytics.metric.MetricAdsWriter -- metric ads insert ads_behavior_funnel_m (snapshot=it-r7-3-bad-1789096337840, dt=20260901): 1 行 / 6 列
11:12:18.446 [main] INFO com.graduation.analytics.metric.MetricAdsWriter -- metric ads insert ads_active_trend_m (snapshot=it-r7-3-bad-1789096337840, dt=20260901): 1 行 / 4 列
11:12:18.450 [main] INFO com.graduation.analytics.metric.MetricAdsWriter -- metric ads insert ads_hot_product_m (snapshot=it-r7-3-bad-1789096337840, dt=20260901): 1 行 / 10 列
11:12:18.453 [main] INFO com.graduation.analytics.metric.MetricAdsWriter -- metric ads insert ads_product_conversion_m (snapshot=it-r7-3-bad-1789096337840, dt=20260901): 1 行 / 6 列
11:12:18.457 [main] INFO com.graduation.analytics.metric.MetricAdsWriter -- metric ads insert ads_user_profile_m (snapshot=it-r7-3-bad-1789096337840, dt=20260901): 1 行 / 14 列
11:12:18.462 [main] INFO com.graduation.analytics.metric.MetricAdsWriter -- metric ads insert ads_data_quality_m (snapshot=it-r7-3-bad-1789096337840, dt=20260901): 1 行 / 8 列
11:12:18.482 [main] INFO com.graduation.analytics.metric.MetricAdsWriter -- metric ads delete snapshot it-r7-3-bad-1789096337840: 共删除 8 行（8 张表）
11:12:18.482 [main] WARN com.graduation.analytics.metric.publish.MetricPublisher -- metric publish 失败[MP_VERIFY_FAILED] 快照 it-r7-3-bad-1789096337840：写库前对账未通过: MP_METRIC_DICT_VERSION
11:12:18.538 [main] INFO com.graduation.analytics.metric.MetricAdsWriter -- metric ads delete snapshot it-r7-3-ok-1789096337838: 共删除 8 行（8 张表）
11:12:18.555 [main] INFO com.graduation.analytics.metric.MetricAdsWriter -- metric ads delete snapshot it-r7-3-bad-1789096337840: 共删除 0 行（8 张表）
[INFO] Tests run: 1, Failures: 0, Errors: 0, Skipped: 0, Time elapsed: 0.733 s -- in com.graduation.analytics.metric.publish.MetricPublisherMySqlIT
[INFO] 
[INFO] Results:
[INFO] 
[INFO] Tests run: 1, Failures: 0, Errors: 0, Skipped: 0
[INFO] 
[INFO] ------------------------------------------------------------------------
[INFO] Reactor Summary for analytics-server 0.1.0-SNAPSHOT:
[INFO] 
[INFO] analytics-server ................................... SUCCESS [  0.002 s]
[INFO] platform-common .................................... SUCCESS [  0.603 s]
[INFO] metric-analysis .................................... SUCCESS [  1.463 s]
[INFO] ------------------------------------------------------------------------
[INFO] BUILD SUCCESS
[INFO] ------------------------------------------------------------------------
[INFO] Total time:  2.318 s
[INFO] Finished at: 2026-09-11T11:12:18+08:00
[INFO] ------------------------------------------------------------------------
