README 写前 raw sha256 = 709137F9095D0FC0B5DCDA6C0FE203A8DB727E107D82C1ED48E95FDB568B6291  57690 B  CR=321 LF=321  行数=321
[OK ] 哨兵：CR == LF == 321，行数 321 ≥ 300

--- 缺陷 3 复核（先证现文是否已是 2 处）---
    现文「3 处裸锚点」命中 = 0
    现文「2 处裸锚点」命中 = 1
    [OK ] 已收敛为「2 处裸锚点」（同一行内两个锚点），本轮无需再改

[OK ] 缺陷 1　旧串命中=1（应然 1） 新串命中=0（应然 0）
[OK ] 缺陷 1 补记　插入锚命中=1（应然 1） 补记命中=0（应然 0）
[OK ] 缺陷 2　旧串命中=1（应然 1） 新串命中=0（应然 0）
       DBG o 前 60 = '- §5 建模决定里那句「`source_system` 取 `const`」的原句、schema 与 `event-c'
       DBG n 前 60 = '- §5 建模决定里 `source_system` 那条**决策句已随 `D-061` 改写为当前态**（`const'
       DBG len(o)=136 len(n)=685  o 尾 30 = '」的**历史冲突陈述**（均以追加方式标注处置，不删原文）；'
       DBG 行数=327 『原句（』命中=1 『`2.1.0` 期』命中=1
[OK ] ① 补记/引文行内命中 = 1（应然 1：§3 补记行；§14.3 引文行引的是 §5 原句，不含 `SOURCE_SYSTEM="mock-mall"`）
[OK ] ② §3 改写句（带「历史陈述」限定语）命中 = 1（应然 1：append-only 的归档引述）
[OK ] ③ 其余行命中 = 0（应然 0：不得再有无限定语的假陈述）
[OK ] ④ 假陈述形态 = 3（3 = ①改写句1 + ②补记1 + ③引文1），其中带引述限定 = 2（应然 2）
[OK ] 与 diff 矛盾的措辞「均以追加方式标注处置」= 0（应然 0）
[OK ] 写后 CR == LF：327 == 327
>>> 已写盘  raw sha256 = 1CEF75E2839224B0F790DB0F7F1E2F43CC8EA1B2D7E3EC585E3B15354EB03D4C  59847 B  CR=327
