fingerprints.txt = 7,257 B  CR=78 LF=78  行数=79  sha256=68087B5B7CEE8E6E2739DCEA0C18F06EB5003FC59223872B01162D9B97B1DB39
[OK ] 哨兵：行数 79 ≥ 60

  [改] contract-specs\README.md
        raw 5896AD0EE9C1C6BBA7EE033CCB3FD55724D2944B366689F2A080EB428AE6B73C  60,960 B  CR=328 LF=328（原 FD2EF8BB… 57449 B）
        LF  E53F09019C15127590397E6D8A3E85E0D3DBDA335A4876D05537B4F6EF348883  60,632 B（原 D25A8804… 57128 B）
  [同] contract-specs\VERSION 读数已是最新
  [改] contract-specs\schemas\canonical-event.v1.schema.json
        raw 8A8F8A432678CBEF180D34E16E9922147A9F46A5483977760DA16C2756A9A384  34,563 B  CR=876 LF=876（原 8A8F8A43… 34563 B）
        LF  A70AF90110FBB5D36CA93F5C89C9E2E9D4C93A5F8C5973F7721D6464B2D7ADE5  33,687 B（原 A70AF901… 33687 B）
  [改] docs\contracts\event-contract.md
        raw 0BD7919DD5155B94C0EF91B558C721605991CB6AFA82D7214ED642DAB78458B6  7,607 B  CR=168 LF=168（原 0BD7919D… 7607 B）
        LF  7F4A6E45FF5E68698AC96C1AF44F046F0045B5A19E0D75E4B3CFBE3B425B384E  7,439 B（原 7F4A6E45… 7439 B）
  [改] scripts\check-bare-anchors.ps1
        raw B85814C8A5C8A347440C6D9D4341E5D1318CB39A0EC395B7B2A8A98771E7CFD4  13,811 B  CR=225 LF=225（原 B85814C8… 13811 B）
        LF  4DF85A19C55344C6F1813D9716FFAE6E4197289293121D0B4EDE07AB5EC6F725  13,586 B（原 4DF85A19… 13586 B）
  [改] 交付物 ct-batch.patch  D103CC6C23064AD98F96FE91CF1E64075261BAF159116B27A59BE3178EA6E495  35,861 B（原 41CC7927… 30921 B）
  [改] 交付物 PROGRESS.md  BF69440338F35046DDC2613248C675F272252ACDE3C6505905483C0EB8506C94  7,151 B（原 21570C6A… 3513 B）
  [改] 交付物 anchor-guard.txt  E8F908769F1C36FDB2C05D9F367D5992CA0DFFCC3AB1222DF3B98E26269C900B  1,269 B（原 313BEC44… 1269 B）
  [定] 交付物 fingerprints.txt（置零摘要口径）EDE3492A20943B9BFEB0DBD404AE2EA13D7A979B8E03938A67B0C5B3FE1347AC  7,271 B
[OK ] 写后 CR == LF：79 == 79
>>> 已写盘  更新 7 处  7,271 B  CR=79  行数=79
>>> 写盘后置零摘要复算 = 4B5687E07FDFAF4D6E2806E21703F69B75B2AE866997B18CCBDAFF13BCDFA479（台账登记 = EDE3492A20943B9BFEB0DBD404AE2EA13D7A979B8E03938A67B0C5B3FE1347AC）⇒ 不一致 FAIL
>>> 写盘后实际文件 sha256 = 5359D95FC5A2F1749C082BA4D50B64F6ADC811234DC245199C09E7234CB346A5（**不等于**登记值，属预期：登记的是置零摘要；见台账口径行）
>>> 写盘后实际字节数 = 7,271 B（台账登记 = 7,271 B）⇒ 一致 OK
  [FAIL] 写盘后自洽校验失败
