### 命令: mvn.cmd -o -Dmaven.repo.local=D:\maven_repository -f analytics-server/pom.xml -pl platform-common -am -Dtest=Warehouse* -DfailIfNoSpecifiedTests=false test
### JAVA_HOME: D:\Develop\JAVA17  →  Picked up JAVA_TOOL_OPTIONS: -Dfile.encoding=UTF-8
### 开始: 2026-09-14 12:19:06  HEAD=31b4b65e542c1b872925a6f3a5378bce983222c9
Picked up JAVA_TOOL_OPTIONS: -Dfile.encoding=UTF-8
[INFO] Scanning for projects...
[INFO] ------------------------------------------------------------------------
[INFO] Reactor Build Order:
[INFO] 
[INFO] analytics-server                                                   [pom]
[INFO] platform-common                                                    [jar]
[INFO] 
[INFO] -------------< com.graduation.analytics:analytics-server >--------------
[INFO] Building analytics-server 0.1.0-SNAPSHOT                           [1/2]
[INFO]   from pom.xml
[INFO] --------------------------------[ pom ]---------------------------------
[INFO] 
[INFO] --------------< com.graduation.analytics:platform-common >--------------
[INFO] Building platform-common 0.1.0-SNAPSHOT                            [2/2]
[INFO]   from platform-common\pom.xml
[INFO] --------------------------------[ jar ]---------------------------------
[INFO] 
[INFO] --- resources:3.3.1:resources (default-resources) @ platform-common ---
[INFO] skip non existing resourceDirectory D:\Develop_code\GraduationProject\analytics-server\platform-common\src\main\resources
[INFO] skip non existing resourceDirectory D:\Develop_code\GraduationProject\analytics-server\platform-common\src\main\resources
[INFO] 
[INFO] --- compiler:3.11.0:compile (default-compile) @ platform-common ---
[INFO] Nothing to compile - all classes are up to date
[INFO] 
[INFO] --- resources:3.3.1:testResources (default-testResources) @ platform-common ---
[INFO] skip non existing resourceDirectory D:\Develop_code\GraduationProject\analytics-server\platform-common\src\test\resources
[INFO] 
[INFO] --- compiler:3.11.0:testCompile (default-testCompile) @ platform-common ---
[INFO] Nothing to compile - all classes are up to date
[INFO] 
[INFO] --- surefire:3.1.2:test (default-test) @ platform-common ---
[INFO] Using auto detected provider org.apache.maven.surefire.junitplatform.JUnitPlatformProvider
[INFO] 
[INFO] -------------------------------------------------------
[INFO]  T E S T S
[INFO] -------------------------------------------------------
Picked up JAVA_TOOL_OPTIONS: -Dfile.encoding=UTF-8
[INFO] Running com.graduation.analytics.warehouse.WarehouseNameLiteralGateTest
[V25-T01 见证] 原文命中（注释内，已按词法排除）: spark-jobs/src/main/scala/com/graduation/analytics/job/TradeDwdJob.scala:145 → * 建后即删，未碰 `dw_dwd.dwd_order_detail`）：
[V25-T01 见证] 原文命中（注释内，已按词法排除）: spark-jobs/src/main/scala/com/graduation/analytics/sql/SurrogateKey.scala:160 → *    table spark_catalog.dw_dwd.dwd_order_detail: Cannot safely cast user_key "STRING" to "BIGINT".`
[INFO] Tests run: 9, Failures: 0, Errors: 0, Skipped: 0, Time elapsed: 0.789 s -- in com.graduation.analytics.warehouse.WarehouseNameLiteralGateTest
[INFO] Running com.graduation.analytics.warehouse.WarehouseNamespaceContractTest
[INFO] Tests run: 24, Failures: 0, Errors: 0, Skipped: 0, Time elapsed: 0.257 s -- in com.graduation.analytics.warehouse.WarehouseNamespaceContractTest
[INFO] 
[INFO] Results:
[INFO] 
[INFO] Tests run: 33, Failures: 0, Errors: 0, Skipped: 0
[INFO] 
[INFO] ------------------------------------------------------------------------
[INFO] Reactor Summary for analytics-server 0.1.0-SNAPSHOT:
[INFO] 
[INFO] analytics-server ................................... SUCCESS [  0.007 s]
[INFO] platform-common .................................... SUCCESS [  3.739 s]
[INFO] ------------------------------------------------------------------------
[INFO] BUILD SUCCESS
[INFO] ------------------------------------------------------------------------
[INFO] Total time:  4.040 s
[INFO] Finished at: 2026-09-14T12:19:11+08:00
[INFO] ------------------------------------------------------------------------
### EXIT=0
### 结束: 2026-09-14 12:19:11
