### 命令（逐字）:
###   javac -encoding UTF-8 -cp "<jackson 2.17.2 jars>" -d docs\acceptance\v25-t01-t02-baseline-20260914\raw\probe\t02tamperout 
###       analytics-server\platform-common\src\test\java\com\graduation\analytics\testsupport\RepoRoot.java 
###       analytics-server\platform-app\src\test\java\com\graduation\analytics\ingestion\IngestionManifestSchemaSubset.java 
###       analytics-server\platform-app\src\test\java\com\graduation\analytics\ingestion\ManifestFreezePatrol.java 
###       docs\acceptance\v25-t01-t02-baseline-20260914\raw\probe\T02TamperProbe.java
###   java -Dfile.encoding=UTF-8 -cp "docs\acceptance\v25-t01-t02-baseline-20260914\raw\probe\t02tamperout;analytics-server\platform-app\src\test\resources;<jackson 2.17.2 jars>" 
###       com.graduation.analytics.ingestion.T02TamperProbe D:\Develop_code\GraduationProject <临时工作目录>
### JDK: D:\Develop\JAVA17
### 时间: 2026-09-14 12:22:54   HEAD: 3fcf90e30962ae528b2079dc5c40070f1f6b7257
### 目的: 证明巡检判红依赖 sha256，而不是文件名存在性（等长改写：字节数不变、内容不同）
JAVAC-EXIT=0
  [PASS] 前提：改写前后字符串长度相同（等长改写，靠大小/存在性抓不到）
  [PASS] 前提：改写前后内容确实不同
被改写文件: 2.json
  冻结 sha256 : d0dfb5d9af70249561edb437d73e8bcb62b23b33f84f05543dc458a23e12ffed
  盘上 sha256 : 3ea57218ac66aef21e7fe9003c7f33f3d45b890c8e87703eb68870412ec086bd
  冻结 bytes  : 5944   盘上 bytes: 5944   （字节数相同 ⇒ 只有 sha256 能发现）
  差异片段: "local-file" → "local-filf"
[巡检输出] 冻结清单核对: 1 个；违规: 1
  [违规] 2.json 内容被改动：sha256 3ea57218ac66aef21e7fe9003c7f33f3d45b890c8e87703eb68870412ec086bd ≠ 冻结 d0dfb5d9af70249561edb437d73e8bcb62b23b33f84f05543dc458a23e12ffed
新到文件（不判红）: 42
  [新到] 1.json sha256=98a418186e88 keys=15 含新键=false
  [新到] 3.json sha256=21d02dd4384b keys=15 含新键=false
  [新到] 4.json sha256=0f3c99da9e22 keys=15 含新键=false
  [新到] 5.json sha256=57e5e3d8e527 keys=15 含新键=false
  [新到] 6.json sha256=af0ef40deffd keys=15 含新键=false
  [新到] 7.json sha256=2e4915c465a2 keys=15 含新键=false
  [新到] 8.json sha256=af960ed704d9 keys=15 含新键=false
  [新到] 9.json sha256=d92bea9f4c37 keys=15 含新键=false
  [新到] 10.json sha256=c5d94a24835e keys=15 含新键=false
  [新到] 11.json sha256=4ea7a564707a keys=15 含新键=false
  [新到] 12.json sha256=630f0fd786db keys=15 含新键=false
  [新到] 13.json sha256=39e76a4daf6c keys=15 含新键=false
  [新到] 14.json sha256=080faa7aa76b keys=15 含新键=false
  [新到] 15.json sha256=a0a674770e1c keys=15 含新键=false
  [新到] 16.json sha256=aa1f36fe7243 keys=15 含新键=false
  [新到] 17.json sha256=d7993f7f2b98 keys=15 含新键=false
  [新到] 18.json sha256=1a31bfa38850 keys=15 含新键=false
  [新到] 19.json sha256=8ff4699a2e29 keys=15 含新键=false
  [新到] 20.json sha256=53c7b7148bad keys=15 含新键=false
  [新到] 21.json sha256=02468e84fa79 keys=15 含新键=false
  [新到] 22.json sha256=01bfa87250d0 keys=15 含新键=false
  [新到] 23.json sha256=e091421674ac keys=15 含新键=false
  [新到] 24.json sha256=0c6d14327311 keys=15 含新键=false
  [新到] 25.json sha256=4504073e7a73 keys=15 含新键=false
  [新到] 26.json sha256=e31fe7a5d06c keys=15 含新键=false
  [新到] 27.json sha256=a580a73b2bb5 keys=15 含新键=false
  [新到] 28.json sha256=6b2c7cbf0e8e keys=15 含新键=false
  [新到] 29.json sha256=2f4d35053e04 keys=15 含新键=false
  [新到] 30.json sha256=a68566db7c38 keys=15 含新键=false
  [新到] 31.json sha256=55c20c185cad keys=15 含新键=false
  [新到] 32.json sha256=9d6bf74a453a keys=15 含新键=false
  [新到] 33.json sha256=539607f3386c keys=15 含新键=false
  [新到] 34.json sha256=0d8fd0094638 keys=15 含新键=false
  [新到] 35.json sha256=28d35162b5ae keys=15 含新键=false
  [新到] 36.json sha256=12f8f255d246 keys=15 含新键=false
  [新到] 37.json sha256=a584356dcb29 keys=15 含新键=false
  [新到] 38.json sha256=1654eda9fb6a keys=15 含新键=false
  [新到] 39.json sha256=4037d9955df8 keys=15 含新键=false
  [新到] 40.json sha256=f85a9ca95250 keys=19 含新键=true
  [新到] 41.json sha256=c59cc84a10a1 keys=19 含新键=true
  [新到] 42.json sha256=8037655b74d0 keys=19 含新键=true
  [新到] 43.json sha256=e83d9bee11af keys=19 含新键=true
  [PASS] 负例：同名字节改写被判红（1 条违规）
  [PASS] 负例：违规文案点明 sha256 不一致
  [FAIL] 负例：篡改件没有被当成「新到文件」放过
TAMPER-PROBE-FAILED（1）
### JAVA-EXIT=1
