
  .   ____          _            __ _ _
 /\\ / ___'_ __ _ _(_)_ __  __ _ \ \ \ \
( ( )\___ | '_ | '_| | '_ \/ _` | \ \ \ \
 \\/  ___)| |_)| | | | | || (_| |  ) ) ) )
  '  |____| .__|_| |_|_| |_\__, | / / / /
 =========|_|==============|___/=/_/_/_/
 :: Spring Boot ::                (v3.2.5)

2026-09-11T20:56:00.481+08:00  INFO 53804 --- [           main] c.g.analytics.AnalyticsApplication       : Starting AnalyticsApplication using Java 17.0.12 with PID 53804 (D:\p103-e3\classes\platform-app started by ASUS in D:\Develop_code\GraduationProject)
2026-09-11T20:56:00.484+08:00  INFO 53804 --- [           main] c.g.analytics.AnalyticsApplication       : No active profile set, falling back to 1 default profile: "default"
2026-09-11T20:56:02.161+08:00  INFO 53804 --- [           main] o.s.b.w.embedded.tomcat.TomcatWebServer  : Tomcat initialized with port 8093 (http)
2026-09-11T20:56:02.166+08:00  INFO 53804 --- [           main] o.a.catalina.core.AprLifecycleListener   : Loaded Apache Tomcat Native library [2.0.14] using APR version [1.7.6].
2026-09-11T20:56:02.169+08:00  INFO 53804 --- [           main] o.a.catalina.core.AprLifecycleListener   : OpenSSL successfully initialized [OpenSSL 3.5.5 27 Jan 2026]
2026-09-11T20:56:02.177+08:00  INFO 53804 --- [           main] o.apache.catalina.core.StandardService   : Starting service [Tomcat]
2026-09-11T20:56:02.177+08:00  INFO 53804 --- [           main] o.apache.catalina.core.StandardEngine    : Starting Servlet engine: [Apache Tomcat/10.1.20]
2026-09-11T20:56:02.225+08:00  INFO 53804 --- [           main] o.a.c.c.C.[Tomcat].[localhost].[/]       : Initializing Spring embedded WebApplicationContext
2026-09-11T20:56:02.227+08:00  INFO 53804 --- [           main] w.s.c.ServletWebServerApplicationContext : Root WebApplicationContext: initialization completed in 1690 ms
 _ _   |_  _ _|_. ___ _ |    _ 
| | |\/|_)(_| | |_\  |_)||_|_\ 
     /               |         
                        3.5.7 
2026-09-11T20:56:02.836+08:00  INFO 53804 --- [           main] com.zaxxer.hikari.HikariDataSource       : meta-ds - Starting...
2026-09-11T20:56:02.997+08:00  INFO 53804 --- [           main] com.zaxxer.hikari.pool.HikariPool        : meta-ds - Added connection com.mysql.cj.jdbc.ConnectionImpl@243bf087
2026-09-11T20:56:03.000+08:00  INFO 53804 --- [           main] com.zaxxer.hikari.HikariDataSource       : meta-ds - Start completed.
2026-09-11T20:56:03.048+08:00  INFO 53804 --- [           main] o.f.c.internal.license.VersionPrinter    : Flyway Community Edition 9.22.3 by Redgate
2026-09-11T20:56:03.049+08:00  INFO 53804 --- [           main] o.f.c.internal.license.VersionPrinter    : See release notes here: https://rd.gt/416ObMi
2026-09-11T20:56:03.049+08:00  INFO 53804 --- [           main] o.f.c.internal.license.VersionPrinter    : 
2026-09-11T20:56:03.066+08:00  INFO 53804 --- [           main] org.flywaydb.core.FlywayExecutor         : Database: jdbc:mysql://127.0.0.1:3306/analytics_meta_p103 (MySQL 8.0)
2026-09-11T20:56:03.126+08:00  INFO 53804 --- [           main] o.f.core.internal.command.DbValidate     : Successfully validated 16 migrations (execution time 00:00.034s)
2026-09-11T20:56:03.140+08:00  INFO 53804 --- [           main] o.f.core.internal.command.DbMigrate      : Current version of schema `analytics_meta_p103`: 16
2026-09-11T20:56:03.158+08:00  INFO 53804 --- [           main] o.f.core.internal.command.DbMigrate      : Migrating schema `analytics_meta_p103` to version "17 - source dimension for checkpoint and batch"
2026-09-11T20:56:03.312+08:00  INFO 53804 --- [           main] o.f.core.internal.command.DbMigrate      : Successfully applied 1 migration to schema `analytics_meta_p103`, now at version v17 (execution time 00:00.143s)
2026-09-11T20:56:03.314+08:00  INFO 53804 --- [           main] c.g.a.config.MetaFlywayInitializer       : analytics_meta 迁移完成: 执行 1 个脚本，版本 17
2026-09-11T20:56:03.316+08:00  INFO 53804 --- [           main] com.zaxxer.hikari.HikariDataSource       : metric-publish-ds - Starting...
2026-09-11T20:56:03.320+08:00  INFO 53804 --- [           main] com.zaxxer.hikari.pool.HikariPool        : metric-publish-ds - Added connection com.mysql.cj.jdbc.ConnectionImpl@79ca7bea
2026-09-11T20:56:03.320+08:00  INFO 53804 --- [           main] com.zaxxer.hikari.HikariDataSource       : metric-publish-ds - Start completed.
2026-09-11T20:56:03.325+08:00  INFO 53804 --- [           main] org.flywaydb.core.FlywayExecutor         : Database: jdbc:mysql://127.0.0.1:3306/analytics_metric_p103 (MySQL 8.0)
2026-09-11T20:56:03.332+08:00  INFO 53804 --- [           main] o.f.core.internal.command.DbValidate     : Successfully validated 3 migrations (execution time 00:00.004s)
2026-09-11T20:56:03.337+08:00  INFO 53804 --- [           main] o.f.core.internal.command.DbMigrate      : Current version of schema `analytics_metric_p103`: 3
2026-09-11T20:56:03.338+08:00  INFO 53804 --- [           main] o.f.core.internal.command.DbMigrate      : Schema `analytics_metric_p103` is up to date. No migration necessary.
2026-09-11T20:56:03.354+08:00  INFO 53804 --- [           main] c.g.a.config.MetricFlywayInitializer     : analytics_metric 迁移完成: 执行 0 个脚本，当前版本 3 (迁移历史 analytics_metric.flyway_schema_history)
2026-09-11T20:56:03.590+08:00  INFO 53804 --- [           main] c.g.a.r.storage.LocalLandingStorage      : LocalLandingStorage root = D:\Develop_code\GraduationProject\landing
2026-09-11T20:56:04.091+08:00  INFO 53804 --- [           main] o.s.b.a.w.s.WelcomePageHandlerMapping    : Adding welcome page: class path resource [static/index.html]
2026-09-11T20:56:04.797+08:00  INFO 53804 --- [           main] o.s.b.w.embedded.tomcat.TomcatWebServer  : Tomcat started on port 8093 (http) with context path ''
2026-09-11T20:56:04.812+08:00  INFO 53804 --- [           main] c.g.analytics.AnalyticsApplication       : Started AnalyticsApplication in 4.745 seconds (process running for 4.98)
2026-09-11T20:56:04.966+08:00  INFO 53804 --- [           main] c.g.a.pipeline.PipelineRecoveryService   : R6-14 启动对账完成: pending重排=[] running判定中断=[] 孤立作业置UNKNOWN=0 errors=[]
2026-09-11T20:56:06.394+08:00  INFO 53804 --- [nio-8093-exec-1] o.a.c.c.C.[Tomcat].[localhost].[/]       : Initializing Spring DispatcherServlet 'dispatcherServlet'
2026-09-11T20:56:06.396+08:00  INFO 53804 --- [nio-8093-exec-1] o.s.web.servlet.DispatcherServlet        : Initializing Servlet 'dispatcherServlet'
2026-09-11T20:56:06.397+08:00  INFO 53804 --- [nio-8093-exec-1] o.s.web.servlet.DispatcherServlet        : Completed initialization in 1 ms
2026-09-11T20:56:06.911+08:00  INFO 53804 --- [nio-8093-exec-7] c.g.a.source.SourceRegistryServiceImpl   : 源登记创建 sourceCode=p1-03-probe-1 id=2 status=DRAFT
2026-09-11T20:56:06.928+08:00  INFO 53804 --- [nio-8093-exec-9] c.g.a.source.SourceRegistryServiceImpl   : 源登记创建 sourceCode=p1-03-probe-mismatch id=3 status=DRAFT
2026-09-11T20:56:07.017+08:00  INFO 53804 --- [nio-8093-exec-8] c.g.a.source.SourceRegistryServiceImpl   : 源登记修改 id=2 sourceCode=p1-03-probe-1
2026-09-11T20:56:07.133+08:00  INFO 53804 --- [nio-8093-exec-8] c.g.a.source.SourceRegistryServiceImpl   : 源激活 sourceCode=p1-03-probe-1 id=2 绑定 runtime_profile.id=1
2026-09-11T20:56:07.275+08:00  INFO 53804 --- [nio-8093-exec-4] c.g.a.source.SourceRegistryServiceImpl   : 源登记创建 sourceCode=p1-03-probe-2 id=4 status=DRAFT
2026-09-11T20:56:07.297+08:00  INFO 53804 --- [nio-8093-exec-8] c.g.a.source.SourceRegistryServiceImpl   : 源激活 sourceCode=p1-03-probe-2 id=4 绑定 runtime_profile.id=1
2026-09-11T20:56:07.383+08:00  INFO 53804 --- [io-8093-exec-10] c.g.a.source.SourceRegistryServiceImpl   : 源暂停 sourceCode=p1-03-probe-1 id=2
2026-09-11T20:56:11.518+08:00  INFO 53804 --- [io-8093-exec-10] c.g.a.source.SourceRegistryServiceImpl   : 源激活 sourceCode=p1-03-probe-1 id=2 绑定 runtime_profile.id=1
2026-09-11T20:56:15.729+08:00  INFO 53804 --- [nio-8093-exec-5] c.g.a.source.SourceRegistryServiceImpl   : 源激活 sourceCode=p1-03-probe-2 id=4 绑定 runtime_profile.id=1
2026-09-11T20:56:15.737+08:00  INFO 53804 --- [nio-8093-exec-8] c.g.a.source.SourceRegistryServiceImpl   : 源激活 sourceCode=p1-03-probe-1 id=2 绑定 runtime_profile.id=1
2026-09-11T20:56:15.743+08:00  INFO 53804 --- [io-8093-exec-14] c.g.a.source.SourceRegistryServiceImpl   : 源激活 sourceCode=p1-03-probe-2 id=4 绑定 runtime_profile.id=1
2026-09-11T20:56:15.753+08:00  INFO 53804 --- [io-8093-exec-12] c.g.a.source.SourceRegistryServiceImpl   : 源激活 sourceCode=p1-03-probe-1 id=2 绑定 runtime_profile.id=1
2026-09-11T20:56:15.763+08:00  INFO 53804 --- [nio-8093-exec-7] c.g.a.source.SourceRegistryServiceImpl   : 源激活 sourceCode=p1-03-probe-2 id=4 绑定 runtime_profile.id=1
2026-09-11T20:56:15.770+08:00  INFO 53804 --- [nio-8093-exec-2] c.g.a.source.SourceRegistryServiceImpl   : 源激活 sourceCode=p1-03-probe-1 id=2 绑定 runtime_profile.id=1
2026-09-11T20:56:15.777+08:00  INFO 53804 --- [io-8093-exec-16] c.g.a.source.SourceRegistryServiceImpl   : 源激活 sourceCode=p1-03-probe-2 id=4 绑定 runtime_profile.id=1
2026-09-11T20:56:15.782+08:00  INFO 53804 --- [nio-8093-exec-4] c.g.a.source.SourceRegistryServiceImpl   : 源激活 sourceCode=p1-03-probe-1 id=2 绑定 runtime_profile.id=1
2026-09-11T20:56:15.788+08:00  INFO 53804 --- [io-8093-exec-10] c.g.a.source.SourceRegistryServiceImpl   : 源激活 sourceCode=p1-03-probe-2 id=4 绑定 runtime_profile.id=1
