
  .   ____          _            __ _ _
 /\\ / ___'_ __ _ _(_)_ __  __ _ \ \ \ \
( ( )\___ | '_ | '_| | '_ \/ _` | \ \ \ \
 \\/  ___)| |_)| | | | | || (_| |  ) ) ) )
  '  |____| .__|_| |_|_| |_\__, | / / / /
 =========|_|==============|___/=/_/_/_/
 :: Spring Boot ::                (v3.2.5)

2026-09-11T20:55:24.429+08:00  INFO 55300 --- [           main] c.g.analytics.AnalyticsApplication       : Starting AnalyticsApplication using Java 17.0.12 with PID 55300 (D:\p103-e3\classes\platform-app started by ASUS in D:\Develop_code\GraduationProject)
2026-09-11T20:55:24.433+08:00  INFO 55300 --- [           main] c.g.analytics.AnalyticsApplication       : No active profile set, falling back to 1 default profile: "default"
2026-09-11T20:55:26.153+08:00  INFO 55300 --- [           main] o.s.b.w.embedded.tomcat.TomcatWebServer  : Tomcat initialized with port 8094 (http)
2026-09-11T20:55:26.157+08:00  INFO 55300 --- [           main] o.a.catalina.core.AprLifecycleListener   : Loaded Apache Tomcat Native library [2.0.14] using APR version [1.7.6].
2026-09-11T20:55:26.160+08:00  INFO 55300 --- [           main] o.a.catalina.core.AprLifecycleListener   : OpenSSL successfully initialized [OpenSSL 3.5.5 27 Jan 2026]
2026-09-11T20:55:26.167+08:00  INFO 55300 --- [           main] o.apache.catalina.core.StandardService   : Starting service [Tomcat]
2026-09-11T20:55:26.168+08:00  INFO 55300 --- [           main] o.apache.catalina.core.StandardEngine    : Starting Servlet engine: [Apache Tomcat/10.1.20]
2026-09-11T20:55:26.217+08:00  INFO 55300 --- [           main] o.a.c.c.C.[Tomcat].[localhost].[/]       : Initializing Spring embedded WebApplicationContext
2026-09-11T20:55:26.218+08:00  INFO 55300 --- [           main] w.s.c.ServletWebServerApplicationContext : Root WebApplicationContext: initialization completed in 1731 ms
 _ _   |_  _ _|_. ___ _ |    _ 
| | |\/|_)(_| | |_\  |_)||_|_\ 
     /               |         
                        3.5.7 
2026-09-11T20:55:26.915+08:00  INFO 55300 --- [           main] com.zaxxer.hikari.HikariDataSource       : meta-ds - Starting...
2026-09-11T20:55:27.088+08:00  INFO 55300 --- [           main] com.zaxxer.hikari.pool.HikariPool        : meta-ds - Added connection com.mysql.cj.jdbc.ConnectionImpl@126f8f24
2026-09-11T20:55:27.091+08:00  INFO 55300 --- [           main] com.zaxxer.hikari.HikariDataSource       : meta-ds - Start completed.
2026-09-11T20:55:27.145+08:00  INFO 55300 --- [           main] o.f.c.internal.license.VersionPrinter    : Flyway Community Edition 9.22.3 by Redgate
2026-09-11T20:55:27.146+08:00  INFO 55300 --- [           main] o.f.c.internal.license.VersionPrinter    : See release notes here: https://rd.gt/416ObMi
2026-09-11T20:55:27.146+08:00  INFO 55300 --- [           main] o.f.c.internal.license.VersionPrinter    : 
2026-09-11T20:55:27.181+08:00  INFO 55300 --- [           main] org.flywaydb.core.FlywayExecutor         : Database: jdbc:mysql://127.0.0.1:3306/analytics_meta_p103 (MySQL 8.0)
2026-09-11T20:55:27.300+08:00  INFO 55300 --- [           main] o.f.core.internal.command.DbValidate     : Successfully validated 16 migrations (execution time 00:00.079s)
2026-09-11T20:55:27.312+08:00  INFO 55300 --- [           main] o.f.core.internal.command.DbMigrate      : Current version of schema `analytics_meta_p103`: 16
2026-09-11T20:55:27.330+08:00  INFO 55300 --- [           main] o.f.core.internal.command.DbMigrate      : Migrating schema `analytics_meta_p103` to version "17 - source dimension for checkpoint and batch"
2026-09-11T20:55:27.486+08:00  INFO 55300 --- [           main] o.f.core.internal.command.DbMigrate      : Successfully applied 1 migration to schema `analytics_meta_p103`, now at version v17 (execution time 00:00.144s)
2026-09-11T20:55:27.487+08:00  INFO 55300 --- [           main] c.g.a.config.MetaFlywayInitializer       : analytics_meta 迁移完成: 执行 1 个脚本，版本 17
2026-09-11T20:55:27.490+08:00  INFO 55300 --- [           main] com.zaxxer.hikari.HikariDataSource       : metric-publish-ds - Starting...
2026-09-11T20:55:27.494+08:00  INFO 55300 --- [           main] com.zaxxer.hikari.pool.HikariPool        : metric-publish-ds - Added connection com.mysql.cj.jdbc.ConnectionImpl@4bc9ca97
2026-09-11T20:55:27.494+08:00  INFO 55300 --- [           main] com.zaxxer.hikari.HikariDataSource       : metric-publish-ds - Start completed.
2026-09-11T20:55:27.499+08:00  INFO 55300 --- [           main] org.flywaydb.core.FlywayExecutor         : Database: jdbc:mysql://127.0.0.1:3306/analytics_metric_p103 (MySQL 8.0)
2026-09-11T20:55:27.510+08:00  INFO 55300 --- [           main] o.f.core.internal.command.DbValidate     : Successfully validated 3 migrations (execution time 00:00.007s)
2026-09-11T20:55:27.515+08:00  INFO 55300 --- [           main] o.f.core.internal.command.DbMigrate      : Current version of schema `analytics_metric_p103`: 3
2026-09-11T20:55:27.516+08:00  INFO 55300 --- [           main] o.f.core.internal.command.DbMigrate      : Schema `analytics_metric_p103` is up to date. No migration necessary.
2026-09-11T20:55:27.537+08:00  INFO 55300 --- [           main] c.g.a.config.MetricFlywayInitializer     : analytics_metric 迁移完成: 执行 0 个脚本，当前版本 3 (迁移历史 analytics_metric.flyway_schema_history)
2026-09-11T20:55:27.794+08:00  INFO 55300 --- [           main] c.g.a.r.storage.LocalLandingStorage      : LocalLandingStorage root = D:\Develop_code\GraduationProject\landing
2026-09-11T20:55:28.346+08:00  INFO 55300 --- [           main] o.s.b.a.w.s.WelcomePageHandlerMapping    : Adding welcome page: class path resource [static/index.html]
2026-09-11T20:55:29.044+08:00  INFO 55300 --- [           main] o.s.b.w.embedded.tomcat.TomcatWebServer  : Tomcat started on port 8094 (http) with context path ''
2026-09-11T20:55:29.059+08:00  INFO 55300 --- [           main] c.g.analytics.AnalyticsApplication       : Started AnalyticsApplication in 5.044 seconds (process running for 5.265)
2026-09-11T20:55:29.227+08:00  INFO 55300 --- [           main] c.g.a.pipeline.PipelineRecoveryService   : R6-14 启动对账完成: pending重排=[] running判定中断=[] 孤立作业置UNKNOWN=0 errors=[]
2026-09-11T20:55:30.359+08:00  INFO 55300 --- [nio-8094-exec-1] o.a.c.c.C.[Tomcat].[localhost].[/]       : Initializing Spring DispatcherServlet 'dispatcherServlet'
2026-09-11T20:55:30.359+08:00  INFO 55300 --- [nio-8094-exec-1] o.s.web.servlet.DispatcherServlet        : Initializing Servlet 'dispatcherServlet'
2026-09-11T20:55:30.360+08:00  INFO 55300 --- [nio-8094-exec-1] o.s.web.servlet.DispatcherServlet        : Completed initialization in 0 ms
2026-09-11T20:55:30.844+08:00  INFO 55300 --- [nio-8094-exec-7] c.g.a.source.SourceRegistryServiceImpl   : 源登记创建 sourceCode=p1-03-probe-1 id=2 status=DRAFT
2026-09-11T20:55:30.862+08:00  INFO 55300 --- [nio-8094-exec-9] c.g.a.source.SourceRegistryServiceImpl   : 源登记创建 sourceCode=p1-03-probe-mismatch id=3 status=DRAFT
2026-09-11T20:55:30.949+08:00  INFO 55300 --- [nio-8094-exec-8] c.g.a.source.SourceRegistryServiceImpl   : 源登记修改 id=2 sourceCode=p1-03-probe-1
2026-09-11T20:55:31.061+08:00  INFO 55300 --- [nio-8094-exec-8] c.g.a.source.SourceRegistryServiceImpl   : 源激活 sourceCode=p1-03-probe-1 id=2 绑定 runtime_profile.id=1
2026-09-11T20:55:31.186+08:00  INFO 55300 --- [nio-8094-exec-4] c.g.a.source.SourceRegistryServiceImpl   : 源登记创建 sourceCode=p1-03-probe-2 id=4 status=DRAFT
2026-09-11T20:55:31.212+08:00  INFO 55300 --- [nio-8094-exec-8] c.g.a.source.SourceRegistryServiceImpl   : 源激活 sourceCode=p1-03-probe-2 id=4 绑定 runtime_profile.id=1
2026-09-11T20:55:31.307+08:00  INFO 55300 --- [io-8094-exec-10] c.g.a.source.SourceRegistryServiceImpl   : 源暂停 sourceCode=p1-03-probe-1 id=2
2026-09-11T20:55:35.440+08:00  INFO 55300 --- [nio-8094-exec-6] c.g.a.source.SourceRegistryServiceImpl   : 源激活 sourceCode=p1-03-probe-1 id=2 绑定 runtime_profile.id=1
2026-09-11T20:55:39.669+08:00  INFO 55300 --- [io-8094-exec-13] c.g.a.source.SourceRegistryServiceImpl   : 源激活 sourceCode=p1-03-probe-2 id=4 绑定 runtime_profile.id=1
2026-09-11T20:55:39.679+08:00  INFO 55300 --- [nio-8094-exec-3] c.g.a.source.SourceRegistryServiceImpl   : 源激活 sourceCode=p1-03-probe-1 id=2 绑定 runtime_profile.id=1
2026-09-11T20:55:39.686+08:00  INFO 55300 --- [nio-8094-exec-4] c.g.a.source.SourceRegistryServiceImpl   : 源激活 sourceCode=p1-03-probe-2 id=4 绑定 runtime_profile.id=1
2026-09-11T20:55:39.699+08:00  INFO 55300 --- [nio-8094-exec-1] c.g.a.source.SourceRegistryServiceImpl   : 源激活 sourceCode=p1-03-probe-1 id=2 绑定 runtime_profile.id=1
2026-09-11T20:55:39.707+08:00  INFO 55300 --- [io-8094-exec-14] c.g.a.source.SourceRegistryServiceImpl   : 源激活 sourceCode=p1-03-probe-2 id=4 绑定 runtime_profile.id=1
2026-09-11T20:55:39.713+08:00  INFO 55300 --- [io-8094-exec-12] c.g.a.source.SourceRegistryServiceImpl   : 源激活 sourceCode=p1-03-probe-1 id=2 绑定 runtime_profile.id=1
2026-09-11T20:55:39.719+08:00  INFO 55300 --- [nio-8094-exec-7] c.g.a.source.SourceRegistryServiceImpl   : 源激活 sourceCode=p1-03-probe-2 id=4 绑定 runtime_profile.id=1
2026-09-11T20:55:39.725+08:00  INFO 55300 --- [io-8094-exec-15] c.g.a.source.SourceRegistryServiceImpl   : 源激活 sourceCode=p1-03-probe-1 id=2 绑定 runtime_profile.id=1
