Picked up JAVA_TOOL_OPTIONS: -Dfile.encoding=UTF-8 -XX:+UseSerialGC
[INFO] Scanning for projects...
[INFO] ------------------------------------------------------------------------
[INFO] Reactor Build Order:
[INFO] 
[INFO] analytics-server                                                   [pom]
[INFO] platform-common                                                    [jar]
[INFO] connection-ingestion                                               [jar]
[INFO] warehouse-pipeline                                                 [jar]
[INFO] metric-analysis                                                    [jar]
[INFO] ai-decision                                                        [jar]
[INFO] platform-app                                                       [jar]
[INFO] 
[INFO] -------------< com.graduation.analytics:analytics-server >--------------
[INFO] Building analytics-server 0.1.0-SNAPSHOT                           [1/7]
[INFO]   from pom.xml
[INFO] --------------------------------[ pom ]---------------------------------
[INFO] 
[INFO] --------------< com.graduation.analytics:platform-common >--------------
[INFO] Building platform-common 0.1.0-SNAPSHOT                            [2/7]
[INFO]   from platform-common\pom.xml
[INFO] --------------------------------[ jar ]---------------------------------
[INFO] 
[INFO] --- resources:3.3.1:resources (default-resources) @ platform-common ---
[INFO] skip non existing resourceDirectory D:\Develop_code\GraduationProject\analytics-server\platform-common\src\main\resources
[INFO] skip non existing resourceDirectory D:\Develop_code\GraduationProject\analytics-server\platform-common\src\main\resources
[INFO] 
[INFO] --- compiler:3.11.0:compile (default-compile) @ platform-common ---
[INFO] Nothing to compile - all classes are up to date
[INFO] 
[INFO] --- resources:3.3.1:testResources (default-testResources) @ platform-common ---
[INFO] skip non existing resourceDirectory D:\Develop_code\GraduationProject\analytics-server\platform-common\src\test\resources
[INFO] 
[INFO] --- compiler:3.11.0:testCompile (default-testCompile) @ platform-common ---
[INFO] Nothing to compile - all classes are up to date
[INFO] 
[INFO] --- surefire:3.1.2:test (default-test) @ platform-common ---
[WARNING] useSystemClassLoader setting has no effect when not forking
[WARNING] The parameter forkCount should likely not be 0. Forking a JVM for tests improves test accuracy. Ensure to have a <forkCount> >= 1.
[INFO] Using auto detected provider org.apache.maven.surefire.junitplatform.JUnitPlatformProvider
[INFO] Running com.graduation.analytics.common.GlobalExceptionHandlerSourceStatusTest
[INFO] Tests run: 5, Failures: 0, Errors: 0, Skipped: 0, Time elapsed: 0.144 s -- in com.graduation.analytics.common.GlobalExceptionHandlerSourceStatusTest
[INFO] Running com.graduation.analytics.common.LandingUriTest
[INFO] Tests run: 4, Failures: 0, Errors: 0, Skipped: 0, Time elapsed: 0.012 s -- in com.graduation.analytics.common.LandingUriTest
[INFO] Running com.graduation.analytics.contracts.CanonicalEventSchemaParityTest
[INFO] Tests run: 5, Failures: 0, Errors: 0, Skipped: 0, Time elapsed: 0.083 s -- in com.graduation.analytics.contracts.CanonicalEventSchemaParityTest
[INFO] Running com.graduation.analytics.warehouse.WarehouseNameLiteralGateTest
[INFO] Tests run: 3, Failures: 0, Errors: 0, Skipped: 0, Time elapsed: 0.095 s -- in com.graduation.analytics.warehouse.WarehouseNameLiteralGateTest
[INFO] Running com.graduation.analytics.warehouse.WarehouseNamespaceContractTest
[INFO] Tests run: 24, Failures: 0, Errors: 0, Skipped: 0, Time elapsed: 0.025 s -- in com.graduation.analytics.warehouse.WarehouseNamespaceContractTest
[INFO] 
[INFO] Results:
[INFO] 
[INFO] Tests run: 41, Failures: 0, Errors: 0, Skipped: 0
[INFO] 
[INFO] 
[INFO] -----------< com.graduation.analytics:connection-ingestion >------------
[INFO] Building connection-ingestion 0.1.0-SNAPSHOT                       [3/7]
[INFO]   from connection-ingestion\pom.xml
[INFO] --------------------------------[ jar ]---------------------------------
[WARNING] 2 problems were encountered while building the effective model for org.apache.yetus:audience-annotations:jar:0.5.0 during dependency collection step for project (use -X to see details)
[INFO] 
[INFO] --- resources:3.3.1:resources (default-resources) @ connection-ingestion ---
[INFO] skip non existing resourceDirectory D:\Develop_code\GraduationProject\analytics-server\connection-ingestion\src\main\resources
[INFO] skip non existing resourceDirectory D:\Develop_code\GraduationProject\analytics-server\connection-ingestion\src\main\resources
[INFO] 
[INFO] --- compiler:3.11.0:compile (default-compile) @ connection-ingestion ---
[INFO] Nothing to compile - all classes are up to date
[INFO] 
[INFO] --- resources:3.3.1:testResources (default-testResources) @ connection-ingestion ---
[INFO] skip non existing resourceDirectory D:\Develop_code\GraduationProject\analytics-server\connection-ingestion\src\test\resources
[INFO] 
[INFO] --- compiler:3.11.0:testCompile (default-testCompile) @ connection-ingestion ---
[INFO] Nothing to compile - all classes are up to date
[INFO] 
[INFO] --- surefire:3.1.2:test (default-test) @ connection-ingestion ---
[WARNING] useSystemClassLoader setting has no effect when not forking
[WARNING] The parameter forkCount should likely not be 0. Forking a JVM for tests improves test accuracy. Ensure to have a <forkCount> >= 1.
[INFO] Using auto detected provider org.apache.maven.surefire.junitplatform.JUnitPlatformProvider
[INFO] Running com.graduation.analytics.auth.AuthInterceptorTest
Java HotSpot(TM) 64-Bit Server VM warning: Sharing is only supported for boot loader classes because bootstrap classpath has been appended
Standard Commons Logging discovery in action with spring-jcl: please remove commons-logging.jar from classpath in order to avoid potential conflicts
SLF4J(W): Class path contains multiple SLF4J providers.
SLF4J(W): Found provider [ch.qos.logback.classic.spi.LogbackServiceProvider@5b643d6e]
SLF4J(W): Found provider [org.slf4j.reload4j.Reload4jServiceProvider@34f8ce89]
SLF4J(W): See https://www.slf4j.org/codes.html#multiple_bindings for an explanation.
SLF4J(I): Actual provider is of type [ch.qos.logback.classic.spi.LogbackServiceProvider@5b643d6e]
[INFO] Tests run: 13, Failures: 0, Errors: 0, Skipped: 0, Time elapsed: 0.711 s -- in com.graduation.analytics.auth.AuthInterceptorTest
[INFO] Running com.graduation.analytics.auth.AuthServiceRoleWhitelistTest
[INFO] Tests run: 5, Failures: 0, Errors: 0, Skipped: 0, Time elapsed: 0.424 s -- in com.graduation.analytics.auth.AuthServiceRoleWhitelistTest
[INFO] Running com.graduation.analytics.auth.RolePermissionsTest
[INFO] Tests run: 11, Failures: 0, Errors: 0, Skipped: 0, Time elapsed: 0.009 s -- in com.graduation.analytics.auth.RolePermissionsTest
[INFO] Running com.graduation.analytics.ingestion.IngestionRunNoNewDataTest
20:52:07.043 [main] INFO com.graduation.analytics.ingestion.IngestionService -- ingestion run ing-20260912100000-ff5d0bae: status=QUARANTINED records=0 quarantine=4 errors=0 files=1 bytes=0 noNewData=false
20:52:07.089 [main] INFO com.graduation.analytics.ingestion.IngestionService -- ingestion run ing-20260912100000-f8fc414f: status=SUCCESS records=0 quarantine=0 errors=0 files=0 bytes=0 noNewData=true
20:52:07.104 [main] INFO com.graduation.analytics.ingestion.IngestionService -- ingestion run ing-20260912100000-4c047739: status=SUCCESS records=3 quarantine=0 errors=0 files=1 bytes=64 noNewData=false
20:52:07.116 [main] INFO com.graduation.analytics.ingestion.IngestionService -- ingestion run ing-20260912100000-460f3791: status=SUCCESS records=0 quarantine=0 errors=0 files=0 bytes=0 noNewData=true
[INFO] Tests run: 4, Failures: 0, Errors: 0, Skipped: 0, Time elapsed: 0.201 s -- in com.graduation.analytics.ingestion.IngestionRunNoNewDataTest
[INFO] Running com.graduation.analytics.ingestion.IngestionServiceStatusTest
20:52:07.276 [main] WARN com.graduation.analytics.ingestion.IngestionService -- landingUri 不可解析（profile 1）：暂不支持的 landingUri 协议：hdfs://（当前仅支持本地 file:// 与裸路径）
[INFO] Tests run: 11, Failures: 0, Errors: 0, Skipped: 0, Time elapsed: 0.155 s -- in com.graduation.analytics.ingestion.IngestionServiceStatusTest
[INFO] Running com.graduation.analytics.ingestion.LocalFileIngestorCheckpointKeyTest
20:52:07.384 [main] INFO com.graduation.analytics.ingestion.LocalFileIngestor -- ingest a.jsonl: collected=2 quarantined=0 acceptedBytes=16 offset 0→16 identity=1789131127372
[INFO] Tests run: 3, Failures: 0, Errors: 0, Skipped: 0, Time elapsed: 0.073 s -- in com.graduation.analytics.ingestion.LocalFileIngestorCheckpointKeyTest
[INFO] Running com.graduation.analytics.ingestion.LocalFileIngestorConsumableDataTest
[INFO] Tests run: 11, Failures: 0, Errors: 0, Skipped: 0, Time elapsed: 0.052 s -- in com.graduation.analytics.ingestion.LocalFileIngestorConsumableDataTest
[INFO] Running com.graduation.analytics.runtime.submit.LocalProcessSparkSubmitterLogTest
[INFO] Tests run: 5, Failures: 0, Errors: 0, Skipped: 0, Time elapsed: 0.034 s -- in com.graduation.analytics.runtime.submit.LocalProcessSparkSubmitterLogTest
[INFO] Running com.graduation.analytics.runtime.submit.LocalProcessSparkSubmitterProcessTest
20:52:07.516 [main] INFO com.graduation.analytics.runtime.submit.LocalProcessSparkSubmitter -- spark-submit lp-1789131127502-56dad1 -> pid=46228 log=C:\Users\ASUS\AppData\Local\Temp\junit1671699774823351083\m1-11-ok__lp-1789131127502-56dad1.log
20:52:07.633 [main] INFO com.graduation.analytics.runtime.submit.LocalProcessSparkSubmitter -- spark-submit lp-1789131127619-bd36f7 -> pid=44800 log=C:\Users\ASUS\AppData\Local\Temp\junit1671699774823351083\m1-11-bad__lp-1789131127619-bd36f7.log
20:52:07.758 [main] INFO com.graduation.analytics.runtime.submit.LocalProcessSparkSubmitter -- spark-submit lp-1789131127747-b43fab -> pid=46688 log=C:\Users\ASUS\AppData\Local\Temp\junit1352391054474702717\m1-11-cancel__lp-1789131127747-b43fab.log
20:52:07.778 [main] WARN com.graduation.analytics.runtime.submit.LocalProcessSparkSubmitter -- 本地进程任务已终止: lp-1789131127747-b43fab pid=46688 子进程=1
20:52:07.781 [spark-log-lp-1789131127747-b43fab] WARN com.graduation.analytics.runtime.submit.LocalProcessSparkSubmitter -- capture spark-submit log failed: C:\Users\ASUS\AppData\Local\Temp\junit1352391054474702717\m1-11-cancel__lp-1789131127747-b43fab.log
[INFO] Tests run: 4, Failures: 0, Errors: 0, Skipped: 0, Time elapsed: 0.283 s -- in com.graduation.analytics.runtime.submit.LocalProcessSparkSubmitterProcessTest
[INFO] Running com.graduation.analytics.source.SourceProfileValidatorTest
20:52:07.832 [main] WARN com.graduation.analytics.source.SourceProfileValidator -- 源画像解析失败 path=analytics-server/source-profiles/p1-03-probe-1.v1.json: Unrecognized token 'not': was expecting (JSON String, Number, Array, Object or token 'null', 'true' or 'false')
 at [Source: (String)"not json at all"; line: 1, column: 4]
[INFO] Tests run: 8, Failures: 0, Errors: 0, Skipped: 0, Time elapsed: 0.038 s -- in com.graduation.analytics.source.SourceProfileValidatorTest
[INFO] Running com.graduation.analytics.source.SourceRegistryConcurrencyTest
20:52:07.884 [main] INFO com.graduation.analytics.source.SourceRegistryServiceImpl -- 源登记创建 sourceCode=p1-03-probe-1 id=1 status=DRAFT
20:52:07.885 [main] INFO com.graduation.analytics.source.SourceRegistryServiceImpl -- 源登记创建 sourceCode=p1-03-probe-2 id=2 status=DRAFT
20:52:07.890 [pool-2-thread-8] INFO com.graduation.analytics.source.SourceRegistryServiceImpl -- 源激活 sourceCode=p1-03-probe-2 id=2 绑定 runtime_profile.id=1
20:52:07.891 [pool-2-thread-1] INFO com.graduation.analytics.source.SourceRegistryServiceImpl -- 源激活 sourceCode=p1-03-probe-1 id=1 绑定 runtime_profile.id=1
20:52:07.892 [pool-2-thread-2] INFO com.graduation.analytics.source.SourceRegistryServiceImpl -- 源激活 sourceCode=p1-03-probe-2 id=2 绑定 runtime_profile.id=1
20:52:07.894 [pool-2-thread-5] INFO com.graduation.analytics.source.SourceRegistryServiceImpl -- 源激活 sourceCode=p1-03-probe-1 id=1 绑定 runtime_profile.id=1
20:52:07.896 [pool-2-thread-6] INFO com.graduation.analytics.source.SourceRegistryServiceImpl -- 源激活 sourceCode=p1-03-probe-2 id=2 绑定 runtime_profile.id=1
20:52:07.896 [pool-2-thread-7] INFO com.graduation.analytics.source.SourceRegistryServiceImpl -- 源激活 sourceCode=p1-03-probe-1 id=1 绑定 runtime_profile.id=1
20:52:07.897 [pool-2-thread-4] INFO com.graduation.analytics.source.SourceRegistryServiceImpl -- 源激活 sourceCode=p1-03-probe-2 id=2 绑定 runtime_profile.id=1
20:52:07.902 [pool-3-thread-5] INFO com.graduation.analytics.source.SourceRegistryServiceImpl -- 源激活 sourceCode=p1-03-probe-1 id=1 绑定 runtime_profile.id=1
20:52:07.903 [pool-3-thread-6] INFO com.graduation.analytics.source.SourceRegistryServiceImpl -- 源激活 sourceCode=p1-03-probe-2 id=2 绑定 runtime_profile.id=1
20:52:07.905 [pool-3-thread-1] INFO com.graduation.analytics.source.SourceRegistryServiceImpl -- 源激活 sourceCode=p1-03-probe-1 id=1 绑定 runtime_profile.id=1
20:52:07.905 [pool-3-thread-4] INFO com.graduation.analytics.source.SourceRegistryServiceImpl -- 源激活 sourceCode=p1-03-probe-2 id=2 绑定 runtime_profile.id=1
20:52:07.906 [pool-3-thread-3] INFO com.graduation.analytics.source.SourceRegistryServiceImpl -- 源激活 sourceCode=p1-03-probe-1 id=1 绑定 runtime_profile.id=1
20:52:07.909 [pool-4-thread-8] INFO com.graduation.analytics.source.SourceRegistryServiceImpl -- 源激活 sourceCode=p1-03-probe-2 id=2 绑定 runtime_profile.id=1
20:52:07.911 [pool-4-thread-5] INFO com.graduation.analytics.source.SourceRegistryServiceImpl -- 源激活 sourceCode=p1-03-probe-1 id=1 绑定 runtime_profile.id=1
20:52:07.912 [pool-4-thread-4] INFO com.graduation.analytics.source.SourceRegistryServiceImpl -- 源激活 sourceCode=p1-03-probe-2 id=2 绑定 runtime_profile.id=1
20:52:07.913 [pool-4-thread-1] INFO com.graduation.analytics.source.SourceRegistryServiceImpl -- 源激活 sourceCode=p1-03-probe-1 id=1 绑定 runtime_profile.id=1
20:52:07.915 [pool-5-thread-8] INFO com.graduation.analytics.source.SourceRegistryServiceImpl -- 源激活 sourceCode=p1-03-probe-2 id=2 绑定 runtime_profile.id=1
20:52:07.916 [pool-5-thread-5] INFO com.graduation.analytics.source.SourceRegistryServiceImpl -- 源激活 sourceCode=p1-03-probe-1 id=1 绑定 runtime_profile.id=1
20:52:07.917 [pool-5-thread-6] INFO com.graduation.analytics.source.SourceRegistryServiceImpl -- 源激活 sourceCode=p1-03-probe-2 id=2 绑定 runtime_profile.id=1
20:52:07.918 [pool-5-thread-3] INFO com.graduation.analytics.source.SourceRegistryServiceImpl -- 源激活 sourceCode=p1-03-probe-1 id=1 绑定 runtime_profile.id=1
20:52:07.919 [pool-5-thread-4] INFO com.graduation.analytics.source.SourceRegistryServiceImpl -- 源激活 sourceCode=p1-03-probe-2 id=2 绑定 runtime_profile.id=1
20:52:07.919 [pool-5-thread-1] INFO com.graduation.analytics.source.SourceRegistryServiceImpl -- 源激活 sourceCode=p1-03-probe-1 id=1 绑定 runtime_profile.id=1
20:52:07.921 [pool-6-thread-6] INFO com.graduation.analytics.source.SourceRegistryServiceImpl -- 源激活 sourceCode=p1-03-probe-2 id=2 绑定 runtime_profile.id=1
20:52:07.922 [pool-6-thread-7] INFO com.graduation.analytics.source.SourceRegistryServiceImpl -- 源激活 sourceCode=p1-03-probe-1 id=1 绑定 runtime_profile.id=1
20:52:07.922 [pool-6-thread-8] INFO com.graduation.analytics.source.SourceRegistryServiceImpl -- 源激活 sourceCode=p1-03-probe-2 id=2 绑定 runtime_profile.id=1
20:52:07.924 [pool-6-thread-3] INFO com.graduation.analytics.source.SourceRegistryServiceImpl -- 源激活 sourceCode=p1-03-probe-1 id=1 绑定 runtime_profile.id=1
20:52:07.925 [pool-6-thread-4] INFO com.graduation.analytics.source.SourceRegistryServiceImpl -- 源激活 sourceCode=p1-03-probe-2 id=2 绑定 runtime_profile.id=1
20:52:07.926 [pool-6-thread-5] INFO com.graduation.analytics.source.SourceRegistryServiceImpl -- 源激活 sourceCode=p1-03-probe-1 id=1 绑定 runtime_profile.id=1
20:52:07.926 [pool-6-thread-2] INFO com.graduation.analytics.source.SourceRegistryServiceImpl -- 源激活 sourceCode=p1-03-probe-2 id=2 绑定 runtime_profile.id=1
20:52:07.927 [pool-6-thread-1] INFO com.graduation.analytics.source.SourceRegistryServiceImpl -- 源激活 sourceCode=p1-03-probe-1 id=1 绑定 runtime_profile.id=1
20:52:07.929 [pool-7-thread-2] INFO com.graduation.analytics.source.SourceRegistryServiceImpl -- 源激活 sourceCode=p1-03-probe-2 id=2 绑定 runtime_profile.id=1
20:52:07.930 [pool-7-thread-5] INFO com.graduation.analytics.source.SourceRegistryServiceImpl -- 源激活 sourceCode=p1-03-probe-1 id=1 绑定 runtime_profile.id=1
20:52:07.931 [pool-7-thread-4] INFO com.graduation.analytics.source.SourceRegistryServiceImpl -- 源激活 sourceCode=p1-03-probe-2 id=2 绑定 runtime_profile.id=1
20:52:07.931 [pool-7-thread-7] INFO com.graduation.analytics.source.SourceRegistryServiceImpl -- 源激活 sourceCode=p1-03-probe-1 id=1 绑定 runtime_profile.id=1
20:52:07.932 [pool-7-thread-6] INFO com.graduation.analytics.source.SourceRegistryServiceImpl -- 源激活 sourceCode=p1-03-probe-2 id=2 绑定 runtime_profile.id=1
20:52:07.933 [pool-7-thread-3] INFO com.graduation.analytics.source.SourceRegistryServiceImpl -- 源激活 sourceCode=p1-03-probe-1 id=1 绑定 runtime_profile.id=1
20:52:07.933 [pool-7-thread-8] INFO com.graduation.analytics.source.SourceRegistryServiceImpl -- 源激活 sourceCode=p1-03-probe-2 id=2 绑定 runtime_profile.id=1
20:52:07.936 [pool-8-thread-7] INFO com.graduation.analytics.source.SourceRegistryServiceImpl -- 源激活 sourceCode=p1-03-probe-1 id=1 绑定 runtime_profile.id=1
20:52:07.937 [pool-8-thread-6] INFO com.graduation.analytics.source.SourceRegistryServiceImpl -- 源激活 sourceCode=p1-03-probe-2 id=2 绑定 runtime_profile.id=1
20:52:07.938 [pool-8-thread-3] INFO com.graduation.analytics.source.SourceRegistryServiceImpl -- 源激活 sourceCode=p1-03-probe-1 id=1 绑定 runtime_profile.id=1
20:52:07.941 [pool-9-thread-8] INFO com.graduation.analytics.source.SourceRegistryServiceImpl -- 源激活 sourceCode=p1-03-probe-2 id=2 绑定 runtime_profile.id=1
20:52:07.943 [pool-9-thread-7] INFO com.graduation.analytics.source.SourceRegistryServiceImpl -- 源激活 sourceCode=p1-03-probe-1 id=1 绑定 runtime_profile.id=1
20:52:07.947 [pool-10-thread-6] INFO com.graduation.analytics.source.SourceRegistryServiceImpl -- 源激活 sourceCode=p1-03-probe-2 id=2 绑定 runtime_profile.id=1
20:52:07.948 [pool-10-thread-5] INFO com.graduation.analytics.source.SourceRegistryServiceImpl -- 源激活 sourceCode=p1-03-probe-1 id=1 绑定 runtime_profile.id=1
20:52:07.950 [pool-10-thread-2] INFO com.graduation.analytics.source.SourceRegistryServiceImpl -- 源激活 sourceCode=p1-03-probe-2 id=2 绑定 runtime_profile.id=1
20:52:07.950 [pool-10-thread-1] INFO com.graduation.analytics.source.SourceRegistryServiceImpl -- 源激活 sourceCode=p1-03-probe-1 id=1 绑定 runtime_profile.id=1
20:52:07.953 [pool-11-thread-6] INFO com.graduation.analytics.source.SourceRegistryServiceImpl -- 源激活 sourceCode=p1-03-probe-2 id=2 绑定 runtime_profile.id=1
20:52:07.953 [pool-11-thread-5] INFO com.graduation.analytics.source.SourceRegistryServiceImpl -- 源激活 sourceCode=p1-03-probe-1 id=1 绑定 runtime_profile.id=1
20:52:07.954 [pool-11-thread-4] INFO com.graduation.analytics.source.SourceRegistryServiceImpl -- 源激活 sourceCode=p1-03-probe-2 id=2 绑定 runtime_profile.id=1
20:52:07.956 [pool-11-thread-3] INFO com.graduation.analytics.source.SourceRegistryServiceImpl -- 源激活 sourceCode=p1-03-probe-1 id=1 绑定 runtime_profile.id=1
20:52:07.957 [pool-12-thread-8] INFO com.graduation.analytics.source.SourceRegistryServiceImpl -- 源激活 sourceCode=p1-03-probe-2 id=2 绑定 runtime_profile.id=1
20:52:07.958 [pool-12-thread-5] INFO com.graduation.analytics.source.SourceRegistryServiceImpl -- 源激活 sourceCode=p1-03-probe-1 id=1 绑定 runtime_profile.id=1
20:52:07.959 [pool-12-thread-6] INFO com.graduation.analytics.source.SourceRegistryServiceImpl -- 源激活 sourceCode=p1-03-probe-2 id=2 绑定 runtime_profile.id=1
20:52:07.960 [pool-12-thread-3] INFO com.graduation.analytics.source.SourceRegistryServiceImpl -- 源激活 sourceCode=p1-03-probe-1 id=1 绑定 runtime_profile.id=1
20:52:07.961 [pool-12-thread-2] INFO com.graduation.analytics.source.SourceRegistryServiceImpl -- 源激活 sourceCode=p1-03-probe-2 id=2 绑定 runtime_profile.id=1
20:52:07.961 [pool-12-thread-1] INFO com.graduation.analytics.source.SourceRegistryServiceImpl -- 源激活 sourceCode=p1-03-probe-1 id=1 绑定 runtime_profile.id=1
20:52:07.963 [pool-13-thread-8] INFO com.graduation.analytics.source.SourceRegistryServiceImpl -- 源激活 sourceCode=p1-03-probe-2 id=2 绑定 runtime_profile.id=1
20:52:07.964 [pool-13-thread-7] INFO com.graduation.analytics.source.SourceRegistryServiceImpl -- 源激活 sourceCode=p1-03-probe-1 id=1 绑定 runtime_profile.id=1
20:52:07.965 [pool-13-thread-4] INFO com.graduation.analytics.source.SourceRegistryServiceImpl -- 源激活 sourceCode=p1-03-probe-2 id=2 绑定 runtime_profile.id=1
20:52:07.965 [pool-13-thread-3] INFO com.graduation.analytics.source.SourceRegistryServiceImpl -- 源激活 sourceCode=p1-03-probe-1 id=1 绑定 runtime_profile.id=1
20:52:07.966 [pool-13-thread-2] INFO com.graduation.analytics.source.SourceRegistryServiceImpl -- 源激活 sourceCode=p1-03-probe-2 id=2 绑定 runtime_profile.id=1
20:52:07.966 [pool-13-thread-1] INFO com.graduation.analytics.source.SourceRegistryServiceImpl -- 源激活 sourceCode=p1-03-probe-1 id=1 绑定 runtime_profile.id=1
20:52:07.972 [main] INFO com.graduation.analytics.source.SourceRegistryServiceImpl -- 源登记创建 sourceCode=p1-03-probe-1 id=1 status=DRAFT
20:52:07.973 [main] INFO com.graduation.analytics.source.SourceRegistryServiceImpl -- 源登记创建 sourceCode=p1-03-probe-2 id=2 status=DRAFT
20:52:07.975 [main] INFO com.graduation.analytics.source.SourceRegistryServiceImpl -- 源激活 sourceCode=p1-03-probe-1 id=1 绑定 runtime_profile.id=1
20:52:07.986 [main] INFO com.graduation.analytics.source.SourceRegistryServiceImpl -- 源登记创建 sourceCode=p1-03-probe-1 id=1 status=DRAFT
20:52:07.987 [main] INFO com.graduation.analytics.source.SourceRegistryServiceImpl -- 源登记创建 sourceCode=p1-03-probe-2 id=2 status=DRAFT
20:52:07.988 [main] INFO com.graduation.analytics.source.SourceRegistryServiceImpl -- 源激活 sourceCode=p1-03-probe-1 id=1 绑定 runtime_profile.id=1
20:52:07.992 [pool-15-thread-8] INFO com.graduation.analytics.source.SourceRegistryServiceImpl -- 源激活 sourceCode=p1-03-probe-2 id=2 绑定 runtime_profile.id=1
20:52:07.993 [pool-15-thread-7] INFO com.graduation.analytics.source.SourceRegistryServiceImpl -- 源激活 sourceCode=p1-03-probe-1 id=1 绑定 runtime_profile.id=1
20:52:07.994 [pool-15-thread-6] INFO com.graduation.analytics.source.SourceRegistryServiceImpl -- 源激活 sourceCode=p1-03-probe-2 id=2 绑定 runtime_profile.id=1
20:52:07.995 [pool-15-thread-3] INFO com.graduation.analytics.source.SourceRegistryServiceImpl -- 源激活 sourceCode=p1-03-probe-1 id=1 绑定 runtime_profile.id=1
20:52:08.003 [main] INFO com.graduation.analytics.source.SourceRegistryServiceImpl -- 源登记创建 sourceCode=p1-03-probe-1 id=1 status=DRAFT
20:52:08.004 [main] INFO com.graduation.analytics.source.SourceRegistryServiceImpl -- 源登记创建 sourceCode=p1-03-probe-2 id=2 status=DRAFT
20:52:08.007 [pool-16-thread-8] INFO com.graduation.analytics.source.SourceRegistryServiceImpl -- 源激活 sourceCode=p1-03-probe-2 id=2 绑定 runtime_profile.id=1
20:52:08.008 [pool-16-thread-7] INFO com.graduation.analytics.source.SourceRegistryServiceImpl -- 源暂停 sourceCode=p1-03-probe-1 id=1
20:52:08.009 [pool-16-thread-3] INFO com.graduation.analytics.source.SourceRegistryServiceImpl -- 源激活 sourceCode=p1-03-probe-1 id=1 绑定 runtime_profile.id=1
20:52:08.010 [pool-16-thread-6] INFO com.graduation.analytics.source.SourceRegistryServiceImpl -- 源激活 sourceCode=p1-03-probe-2 id=2 绑定 runtime_profile.id=1
20:52:08.010 [pool-16-thread-5] INFO com.graduation.analytics.source.SourceRegistryServiceImpl -- 源激活 sourceCode=p1-03-probe-1 id=1 绑定 runtime_profile.id=1
20:52:08.011 [pool-16-thread-4] INFO com.graduation.analytics.source.SourceRegistryServiceImpl -- 源暂停 sourceCode=p1-03-probe-2 id=2
20:52:08.013 [pool-17-thread-6] INFO com.graduation.analytics.source.SourceRegistryServiceImpl -- 源激活 sourceCode=p1-03-probe-2 id=2 绑定 runtime_profile.id=1
20:52:08.014 [pool-17-thread-5] INFO com.graduation.analytics.source.SourceRegistryServiceImpl -- 源激活 sourceCode=p1-03-probe-1 id=1 绑定 runtime_profile.id=1
20:52:08.015 [pool-17-thread-2] INFO com.graduation.analytics.source.SourceRegistryServiceImpl -- 源激活 sourceCode=p1-03-probe-2 id=2 绑定 runtime_profile.id=1
20:52:08.016 [pool-17-thread-1] INFO com.graduation.analytics.source.SourceRegistryServiceImpl -- 源暂停 sourceCode=p1-03-probe-1 id=1
20:52:08.019 [pool-18-thread-5] INFO com.graduation.analytics.source.SourceRegistryServiceImpl -- 源激活 sourceCode=p1-03-probe-1 id=1 绑定 runtime_profile.id=1
20:52:08.020 [pool-18-thread-8] INFO com.graduation.analytics.source.SourceRegistryServiceImpl -- 源激活 sourceCode=p1-03-probe-2 id=2 绑定 runtime_profile.id=1
20:52:08.021 [pool-19-thread-7] INFO com.graduation.analytics.source.SourceRegistryServiceImpl -- 源暂停 sourceCode=p1-03-probe-1 id=1
20:52:08.022 [pool-19-thread-3] INFO com.graduation.analytics.source.SourceRegistryServiceImpl -- 源激活 sourceCode=p1-03-probe-1 id=1 绑定 runtime_profile.id=1
20:52:08.022 [pool-19-thread-6] INFO com.graduation.analytics.source.SourceRegistryServiceImpl -- 源激活 sourceCode=p1-03-probe-2 id=2 绑定 runtime_profile.id=1
20:52:08.023 [pool-19-thread-5] INFO com.graduation.analytics.source.SourceRegistryServiceImpl -- 源激活 sourceCode=p1-03-probe-1 id=1 绑定 runtime_profile.id=1
20:52:08.023 [pool-19-thread-4] INFO com.graduation.analytics.source.SourceRegistryServiceImpl -- 源暂停 sourceCode=p1-03-probe-2 id=2
20:52:08.023 [pool-19-thread-2] INFO com.graduation.analytics.source.SourceRegistryServiceImpl -- 源激活 sourceCode=p1-03-probe-2 id=2 绑定 runtime_profile.id=1
20:52:08.023 [pool-19-thread-1] INFO com.graduation.analytics.source.SourceRegistryServiceImpl -- 源暂停 sourceCode=p1-03-probe-1 id=1
20:52:08.025 [pool-20-thread-5] INFO com.graduation.analytics.source.SourceRegistryServiceImpl -- 源激活 sourceCode=p1-03-probe-1 id=1 绑定 runtime_profile.id=1
20:52:08.026 [pool-20-thread-6] INFO com.graduation.analytics.source.SourceRegistryServiceImpl -- 源激活 sourceCode=p1-03-probe-2 id=2 绑定 runtime_profile.id=1
20:52:08.026 [pool-20-thread-7] INFO com.graduation.analytics.source.SourceRegistryServiceImpl -- 源暂停 sourceCode=p1-03-probe-1 id=1
20:52:08.026 [pool-20-thread-3] INFO com.graduation.analytics.source.SourceRegistryServiceImpl -- 源激活 sourceCode=p1-03-probe-1 id=1 绑定 runtime_profile.id=1
20:52:08.027 [pool-21-thread-8] INFO com.graduation.analytics.source.SourceRegistryServiceImpl -- 源激活 sourceCode=p1-03-probe-2 id=2 绑定 runtime_profile.id=1
20:52:08.028 [pool-21-thread-5] INFO com.graduation.analytics.source.SourceRegistryServiceImpl -- 源激活 sourceCode=p1-03-probe-1 id=1 绑定 runtime_profile.id=1
20:52:08.028 [pool-21-thread-2] INFO com.graduation.analytics.source.SourceRegistryServiceImpl -- 源激活 sourceCode=p1-03-probe-2 id=2 绑定 runtime_profile.id=1
20:52:08.030 [pool-21-thread-3] INFO com.graduation.analytics.source.SourceRegistryServiceImpl -- 源激活 sourceCode=p1-03-probe-1 id=1 绑定 runtime_profile.id=1
20:52:08.031 [pool-22-thread-8] INFO com.graduation.analytics.source.SourceRegistryServiceImpl -- 源激活 sourceCode=p1-03-probe-2 id=2 绑定 runtime_profile.id=1
20:52:08.032 [pool-22-thread-3] INFO com.graduation.analytics.source.SourceRegistryServiceImpl -- 源激活 sourceCode=p1-03-probe-1 id=1 绑定 runtime_profile.id=1
20:52:08.032 [pool-22-thread-2] INFO com.graduation.analytics.source.SourceRegistryServiceImpl -- 源激活 sourceCode=p1-03-probe-2 id=2 绑定 runtime_profile.id=1
20:52:08.032 [pool-22-thread-1] INFO com.graduation.analytics.source.SourceRegistryServiceImpl -- 源暂停 sourceCode=p1-03-probe-1 id=1
20:52:08.033 [pool-22-thread-5] INFO com.graduation.analytics.source.SourceRegistryServiceImpl -- 源激活 sourceCode=p1-03-probe-1 id=1 绑定 runtime_profile.id=1
20:52:08.033 [pool-22-thread-6] INFO com.graduation.analytics.source.SourceRegistryServiceImpl -- 源激活 sourceCode=p1-03-probe-2 id=2 绑定 runtime_profile.id=1
20:52:08.035 [pool-23-thread-5] INFO com.graduation.analytics.source.SourceRegistryServiceImpl -- 源激活 sourceCode=p1-03-probe-1 id=1 绑定 runtime_profile.id=1
20:52:08.036 [pool-23-thread-2] INFO com.graduation.analytics.source.SourceRegistryServiceImpl -- 源激活 sourceCode=p1-03-probe-2 id=2 绑定 runtime_profile.id=1
20:52:08.036 [pool-23-thread-1] INFO com.graduation.analytics.source.SourceRegistryServiceImpl -- 源暂停 sourceCode=p1-03-probe-1 id=1
20:52:08.039 [pool-24-thread-5] INFO com.graduation.analytics.source.SourceRegistryServiceImpl -- 源激活 sourceCode=p1-03-probe-1 id=1 绑定 runtime_profile.id=1
20:52:08.040 [pool-24-thread-6] INFO com.graduation.analytics.source.SourceRegistryServiceImpl -- 源激活 sourceCode=p1-03-probe-2 id=2 绑定 runtime_profile.id=1
20:52:08.040 [pool-24-thread-3] INFO com.graduation.analytics.source.SourceRegistryServiceImpl -- 源激活 sourceCode=p1-03-probe-1 id=1 绑定 runtime_profile.id=1
20:52:08.040 [pool-24-thread-4] INFO com.graduation.analytics.source.SourceRegistryServiceImpl -- 源暂停 sourceCode=p1-03-probe-2 id=2
20:52:08.041 [pool-24-thread-2] INFO com.graduation.analytics.source.SourceRegistryServiceImpl -- 源激活 sourceCode=p1-03-probe-2 id=2 绑定 runtime_profile.id=1
20:52:08.042 [pool-24-thread-1] INFO com.graduation.analytics.source.SourceRegistryServiceImpl -- 源暂停 sourceCode=p1-03-probe-1 id=1
20:52:08.043 [pool-25-thread-5] INFO com.graduation.analytics.source.SourceRegistryServiceImpl -- 源激活 sourceCode=p1-03-probe-1 id=1 绑定 runtime_profile.id=1
20:52:08.044 [pool-25-thread-6] INFO com.graduation.analytics.source.SourceRegistryServiceImpl -- 源激活 sourceCode=p1-03-probe-2 id=2 绑定 runtime_profile.id=1
20:52:08.044 [pool-25-thread-3] INFO com.graduation.analytics.source.SourceRegistryServiceImpl -- 源激活 sourceCode=p1-03-probe-1 id=1 绑定 runtime_profile.id=1
20:52:08.045 [pool-25-thread-2] INFO com.graduation.analytics.source.SourceRegistryServiceImpl -- 源激活 sourceCode=p1-03-probe-2 id=2 绑定 runtime_profile.id=1
20:52:08.045 [pool-25-thread-1] INFO com.graduation.analytics.source.SourceRegistryServiceImpl -- 源暂停 sourceCode=p1-03-probe-1 id=1
20:52:08.047 [pool-26-thread-5] INFO com.graduation.analytics.source.SourceRegistryServiceImpl -- 源激活 sourceCode=p1-03-probe-1 id=1 绑定 runtime_profile.id=1
20:52:08.047 [pool-26-thread-4] INFO com.graduation.analytics.source.SourceRegistryServiceImpl -- 源暂停 sourceCode=p1-03-probe-2 id=2
20:52:08.048 [pool-26-thread-2] INFO com.graduation.analytics.source.SourceRegistryServiceImpl -- 源激活 sourceCode=p1-03-probe-2 id=2 绑定 runtime_profile.id=1
20:52:08.048 [pool-26-thread-1] INFO com.graduation.analytics.source.SourceRegistryServiceImpl -- 源暂停 sourceCode=p1-03-probe-1 id=1
20:52:08.051 [pool-27-thread-5] INFO com.graduation.analytics.source.SourceRegistryServiceImpl -- 源激活 sourceCode=p1-03-probe-1 id=1 绑定 runtime_profile.id=1
20:52:08.051 [pool-27-thread-2] INFO com.graduation.analytics.source.SourceRegistryServiceImpl -- 源激活 sourceCode=p1-03-probe-2 id=2 绑定 runtime_profile.id=1
20:52:08.051 [pool-27-thread-3] INFO com.graduation.analytics.source.SourceRegistryServiceImpl -- 源激活 sourceCode=p1-03-probe-1 id=1 绑定 runtime_profile.id=1
20:52:08.052 [pool-27-thread-6] INFO com.graduation.analytics.source.SourceRegistryServiceImpl -- 源激活 sourceCode=p1-03-probe-2 id=2 绑定 runtime_profile.id=1
20:52:08.058 [main] INFO com.graduation.analytics.source.SourceRegistryServiceImpl -- 源登记创建 sourceCode=p1-03-probe-1 id=1 status=DRAFT
20:52:08.059 [main] INFO com.graduation.analytics.source.SourceRegistryServiceImpl -- 源登记创建 sourceCode=p1-03-probe-2 id=2 status=DRAFT
20:52:08.062 [pool-28-thread-3] INFO com.graduation.analytics.source.SourceRegistryServiceImpl -- 源激活 sourceCode=p1-03-probe-1 id=1 绑定 runtime_profile.id=1
[INFO] Tests run: 7, Failures: 0, Errors: 0, Skipped: 0, Time elapsed: 0.217 s -- in com.graduation.analytics.source.SourceRegistryConcurrencyTest
[INFO] Running com.graduation.analytics.source.SourceRegistryServiceTest
20:52:08.109 [main] INFO com.graduation.analytics.source.SourceRegistryServiceImpl -- 源激活 sourceCode=p1-03-probe-1 id=1 绑定 runtime_profile.id=1
20:52:08.176 [main] INFO com.graduation.analytics.source.SourceRegistryServiceImpl -- 源暂停 sourceCode=p1-03-probe-1 id=2
20:52:08.185 [main] INFO com.graduation.analytics.source.SourceRegistryServiceImpl -- 源登记创建 sourceCode=p1-03-probe-1 id=1 status=DRAFT
20:52:08.197 [main] INFO com.graduation.analytics.source.SourceRegistryServiceImpl -- 源激活 sourceCode=p1-03-probe-1 id=2 绑定 runtime_profile.id=1
20:52:08.223 [main] INFO com.graduation.analytics.source.SourceRegistryServiceImpl -- 源登记创建 sourceCode=p1-03-probe-1 id=1 status=PAUSED
20:52:08.229 [main] INFO com.graduation.analytics.source.SourceRegistryServiceImpl -- 源登记修改 id=1 sourceCode=mock-mall
[INFO] Tests run: 32, Failures: 0, Errors: 0, Skipped: 0, Time elapsed: 0.129 s -- in com.graduation.analytics.source.SourceRegistryServiceTest
[INFO] 
[INFO] Results:
[INFO] 
[INFO] Tests run: 114, Failures: 0, Errors: 0, Skipped: 0
[INFO] 
[INFO] 
[INFO] ------------< com.graduation.analytics:warehouse-pipeline >-------------
[INFO] Building warehouse-pipeline 0.1.0-SNAPSHOT                         [4/7]
[INFO]   from warehouse-pipeline\pom.xml
[INFO] --------------------------------[ jar ]---------------------------------
[INFO] 
[INFO] --- resources:3.3.1:resources (default-resources) @ warehouse-pipeline ---
[INFO] skip non existing resourceDirectory D:\Develop_code\GraduationProject\analytics-server\warehouse-pipeline\src\main\resources
[INFO] skip non existing resourceDirectory D:\Develop_code\GraduationProject\analytics-server\warehouse-pipeline\src\main\resources
[INFO] 
[INFO] --- compiler:3.11.0:compile (default-compile) @ warehouse-pipeline ---
[INFO] Nothing to compile - all classes are up to date
[INFO] 
[INFO] --- resources:3.3.1:testResources (default-testResources) @ warehouse-pipeline ---
[INFO] skip non existing resourceDirectory D:\Develop_code\GraduationProject\analytics-server\warehouse-pipeline\src\test\resources
[INFO] 
[INFO] --- compiler:3.11.0:testCompile (default-testCompile) @ warehouse-pipeline ---
[INFO] Nothing to compile - all classes are up to date
[INFO] 
[INFO] --- surefire:3.1.2:test (default-test) @ warehouse-pipeline ---
[WARNING] useSystemClassLoader setting has no effect when not forking
[WARNING] The parameter forkCount should likely not be 0. Forking a JVM for tests improves test accuracy. Ensure to have a <forkCount> >= 1.
[INFO] Using auto detected provider org.apache.maven.surefire.junitplatform.JUnitPlatformProvider
[INFO] Running com.graduation.analytics.contracts.EventContractTest
[INFO] Tests run: 28, Failures: 0, Errors: 0, Skipped: 0, Time elapsed: 0.161 s -- in com.graduation.analytics.contracts.EventContractTest
[INFO] Running com.graduation.analytics.pipeline.DataQualityGateTest
Java HotSpot(TM) 64-Bit Server VM warning: Sharing is only supported for boot loader classes because bootstrap classpath has been appended
[INFO] Tests run: 6, Failures: 0, Errors: 0, Skipped: 0, Time elapsed: 0.443 s -- in com.graduation.analytics.pipeline.DataQualityGateTest
[INFO] Running com.graduation.analytics.pipeline.PipelineRecoveryServiceTest
[INFO] Tests run: 3, Failures: 0, Errors: 0, Skipped: 0, Time elapsed: 0.179 s -- in com.graduation.analytics.pipeline.PipelineRecoveryServiceTest
[INFO] Running com.graduation.analytics.pipeline.PipelineServiceTest
20:52:09.572 [main] WARN com.graduation.analytics.pipeline.PipelineService -- pipeline 1 failed: ADS 暂存质量门未通过，正式分区未发布: dqc: 质量门阻断发布: ADS_STAGING_PRESENT
20:52:09.663 [main] WARN com.graduation.analytics.pipeline.PipelineService -- pipeline 1 failed: 金额对账未通过，正式分区未发布
20:52:09.673 [main] WARN com.graduation.analytics.pipeline.PipelineService -- pipeline 1 failed: accepted 无归属业务日事件
20:52:09.699 [main] WARN com.graduation.analytics.pipeline.PipelineService -- pipeline 1 failed: accepted 无归属业务日事件
20:52:09.724 [main] WARN com.graduation.analytics.pipeline.PipelineService -- pipeline 1 failed: BUILD_DWD 作业失败: bdw: 作业失败
20:52:09.733 [main] WARN com.graduation.analytics.pipeline.PipelineService -- pipeline 1 failed: accepted 无归属业务日事件
20:52:09.737 [main] INFO com.graduation.analytics.pipeline.PipelineService -- pipeline 1: stage WAIT_LANDING 已成功，重试跳过（不重复执行）
[INFO] Tests run: 12, Failures: 0, Errors: 0, Skipped: 0, Time elapsed: 0.381 s -- in com.graduation.analytics.pipeline.PipelineServiceTest
[INFO] Running com.graduation.analytics.pipeline.QualityCheckerAmountReconcileTest
20:52:09.782 [main] INFO com.graduation.analytics.pipeline.QualityChecker -- quality check: rules=4 corePassed=true
20:52:09.783 [main] INFO com.graduation.analytics.pipeline.QualityChecker -- quality check: rules=4 corePassed=false
20:52:09.784 [main] INFO com.graduation.analytics.pipeline.QualityChecker -- quality check: rules=4 corePassed=true
20:52:09.786 [main] INFO com.graduation.analytics.pipeline.QualityChecker -- quality check: rules=4 corePassed=false
20:52:09.787 [main] INFO com.graduation.analytics.pipeline.QualityChecker -- quality check: rules=4 corePassed=false
[INFO] Tests run: 4, Failures: 0, Errors: 0, Skipped: 0, Time elapsed: 0.012 s -- in com.graduation.analytics.pipeline.QualityCheckerAmountReconcileTest
[INFO] Running com.graduation.analytics.pipeline.spark.JobCommandBuilderTest
[INFO] Tests run: 9, Failures: 0, Errors: 0, Skipped: 0, Time elapsed: 0.012 s -- in com.graduation.analytics.pipeline.spark.JobCommandBuilderTest
[INFO] Running com.graduation.analytics.pipeline.spark.JobResultParserTest
[INFO] Tests run: 12, Failures: 0, Errors: 0, Skipped: 0, Time elapsed: 0.010 s -- in com.graduation.analytics.pipeline.spark.JobResultParserTest
[INFO] Running com.graduation.analytics.pipeline.spark.SparkStageExecutorSmokeTest
20:52:09.880 [main] INFO com.graduation.analytics.runtime.submit.LocalProcessSparkSubmitter -- spark-submit lp-1789131129868-73173d -> pid=40844 log=D:\Develop_code\GraduationProject\tests\r6-smoke-warehouse\logs\smoke-sci__lp-1789131129868-73173d.log
20:52:20.584 [main] INFO com.graduation.analytics.runtime.submit.LocalProcessSparkSubmitter -- spark-submit lp-1789131140573-883eb2 -> pid=49392 log=D:\Develop_code\GraduationProject\tests\r6-smoke-warehouse\logs\pipeline-1-LOAD_ODS-odl-a1__lp-1789131140573-883eb2.log
[smoke] warehouse=D:\Develop_code\GraduationProject\tests\r6-smoke-warehouse\warehouse
[INFO] Tests run: 1, Failures: 0, Errors: 0, Skipped: 0, Time elapsed: 32.73 s -- in com.graduation.analytics.pipeline.spark.SparkStageExecutorSmokeTest
[INFO] Running com.graduation.analytics.pipeline.spark.SparkStageExecutorTest
20:52:42.597 [main] WARN com.graduation.analytics.pipeline.spark.SparkStageExecutor -- stage LOAD_ODS fail-fast: job odl 失败（外部任务被取消），不再提交剩余作业 []
20:52:42.599 [main] WARN com.graduation.analytics.pipeline.spark.SparkStageExecutor -- stage LOAD_ODS fail-fast: job odl 失败（进程退出码非0(exit=1): schema mismatch），不再提交剩余作业 []
20:52:44.609 [main] WARN com.graduation.analytics.pipeline.spark.SparkStageExecutor -- stage LOAD_ODS fail-fast: job odl 失败（未找到 JobResult 结果行），不再提交剩余作业 []
20:52:44.611 [main] WARN com.graduation.analytics.pipeline.spark.SparkStageExecutor -- stage LOAD_ODS fail-fast: job odl 失败（进程退出码非0(exit=1): ok），不再提交剩余作业 []
20:52:44.612 [main] WARN com.graduation.analytics.pipeline.spark.SparkStageExecutor -- stage BUILD_DWD fail-fast: job dim 失败（进程退出码非0(exit=1): 维度构建失败），不再提交剩余作业 [tdw]
[INFO] Tests run: 10, Failures: 0, Errors: 0, Skipped: 0, Time elapsed: 2.019 s -- in com.graduation.analytics.pipeline.spark.SparkStageExecutorTest
[INFO] Running com.graduation.analytics.runtime.submit.FakeJobSubmitterTest
[INFO] Tests run: 5, Failures: 0, Errors: 0, Skipped: 0, Time elapsed: 0.001 s -- in com.graduation.analytics.runtime.submit.FakeJobSubmitterTest
[INFO] Running com.graduation.analytics.runtime.submit.JobSubmitterFactoryTest
[INFO] Tests run: 8, Failures: 0, Errors: 0, Skipped: 0, Time elapsed: 0.004 s -- in com.graduation.analytics.runtime.submit.JobSubmitterFactoryTest
[INFO] Running com.graduation.analytics.runtime.submit.LocalProcessSparkSubmitterLogTest
20:52:44.665 [main] INFO com.graduation.analytics.runtime.submit.LocalProcessSparkSubmitter -- spark-submit lp-1789131164654-acdc94 -> pid=51032 log=C:\Users\ASUS\AppData\Local\Temp\junit17532942948158945671\prefix-1789131164654__lp-1789131164654-acdc94.log
20:52:44.799 [main] INFO com.graduation.analytics.runtime.submit.LocalProcessSparkSubmitter -- spark-submit lp-1789131164783-140728 -> pid=48040 log=C:\Users\ASUS\AppData\Local\Temp\junit4689166330503415647\pipeline-9-LOAD_ODS__lp-1789131164783-140728.log
[INFO] Tests run: 4, Failures: 0, Errors: 0, Skipped: 0, Time elapsed: 0.255 s -- in com.graduation.analytics.runtime.submit.LocalProcessSparkSubmitterLogTest
[INFO] 
[INFO] Results:
[INFO] 
[INFO] Tests run: 102, Failures: 0, Errors: 0, Skipped: 0
[INFO] 
[INFO] 
[INFO] --------------< com.graduation.analytics:metric-analysis >--------------
[INFO] Building metric-analysis 0.1.0-SNAPSHOT                            [5/7]
[INFO]   from metric-analysis\pom.xml
[INFO] --------------------------------[ jar ]---------------------------------
[INFO] 
[INFO] --- resources:3.3.1:resources (default-resources) @ metric-analysis ---
[INFO] skip non existing resourceDirectory D:\Develop_code\GraduationProject\analytics-server\metric-analysis\src\main\resources
[INFO] skip non existing resourceDirectory D:\Develop_code\GraduationProject\analytics-server\metric-analysis\src\main\resources
[INFO] 
[INFO] --- compiler:3.11.0:compile (default-compile) @ metric-analysis ---
[INFO] Nothing to compile - all classes are up to date
[INFO] 
[INFO] --- resources:3.3.1:testResources (default-testResources) @ metric-analysis ---
[INFO] skip non existing resourceDirectory D:\Develop_code\GraduationProject\analytics-server\metric-analysis\src\test\resources
[INFO] 
[INFO] --- compiler:3.11.0:testCompile (default-testCompile) @ metric-analysis ---
[INFO] Nothing to compile - all classes are up to date
[INFO] 
[INFO] --- surefire:3.1.2:test (default-test) @ metric-analysis ---
[WARNING] useSystemClassLoader setting has no effect when not forking
[WARNING] The parameter forkCount should likely not be 0. Forking a JVM for tests improves test accuracy. Ensure to have a <forkCount> >= 1.
[INFO] Using auto detected provider org.apache.maven.surefire.junitplatform.JUnitPlatformProvider
[INFO] Running com.graduation.analytics.analysis.AnalysisServiceTest
Java HotSpot(TM) 64-Bit Server VM warning: Sharing is only supported for boot loader classes because bootstrap classpath has been appended
20:52:45.805 [main] WARN com.graduation.analytics.analysis.AnalysisService -- quality gate unavailable for run 24: meta 库不可用
[INFO] Tests run: 9, Failures: 0, Errors: 0, Skipped: 0, Time elapsed: 0.599 s -- in com.graduation.analytics.analysis.AnalysisServiceTest
[INFO] Running com.graduation.analytics.analysis.AnalysisSourcePolicyTest
[INFO] Tests run: 3, Failures: 0, Errors: 0, Skipped: 0, Time elapsed: 0.010 s -- in com.graduation.analytics.analysis.AnalysisSourcePolicyTest
[INFO] Running com.graduation.analytics.analysis.AnalysisViewModelTest
[INFO] Tests run: 3, Failures: 0, Errors: 0, Skipped: 0, Time elapsed: 0.002 s -- in com.graduation.analytics.analysis.AnalysisViewModelTest
[INFO] Running com.graduation.analytics.analysis.RfmServiceTest
[INFO] Tests run: 5, Failures: 0, Errors: 0, Skipped: 0, Time elapsed: 0.010 s -- in com.graduation.analytics.analysis.RfmServiceTest
[INFO] Running com.graduation.analytics.metric.MetricAdsDaoTest
20:52:46.001 [main] INFO com.graduation.analytics.metric.MetricAdsWriter -- metric ads delete snapshot snap-r7: 共删除 16 行（8 张表）
20:52:46.011 [main] INFO com.graduation.analytics.metric.MetricAdsWriter -- metric ads insert ads_operation_overview_m (snapshot=snap-r7, dt=2026-09-04): 2 行 / 3 列
[INFO] Tests run: 9, Failures: 0, Errors: 0, Skipped: 0, Time elapsed: 0.088 s -- in com.graduation.analytics.metric.MetricAdsDaoTest
[INFO] Running com.graduation.analytics.metric.publish.MetricPublishValidatorTest
[INFO] Tests run: 9, Failures: 0, Errors: 0, Skipped: 0, Time elapsed: 0.209 s -- in com.graduation.analytics.metric.publish.MetricPublishValidatorTest
[INFO] 
[INFO] Results:
[INFO] 
[INFO] Tests run: 38, Failures: 0, Errors: 0, Skipped: 0
[INFO] 
[INFO] 
[INFO] ----------------< com.graduation.analytics:ai-decision >----------------
[INFO] Building ai-decision 0.1.0-SNAPSHOT                                [6/7]
[INFO]   from ai-decision\pom.xml
[INFO] --------------------------------[ jar ]---------------------------------
[INFO] 
[INFO] --- resources:3.3.1:resources (default-resources) @ ai-decision ---
[INFO] skip non existing resourceDirectory D:\Develop_code\GraduationProject\analytics-server\ai-decision\src\main\resources
[INFO] skip non existing resourceDirectory D:\Develop_code\GraduationProject\analytics-server\ai-decision\src\main\resources
[INFO] 
[INFO] --- compiler:3.11.0:compile (default-compile) @ ai-decision ---
[INFO] Nothing to compile - all classes are up to date
[INFO] 
[INFO] --- resources:3.3.1:testResources (default-testResources) @ ai-decision ---
[INFO] skip non existing resourceDirectory D:\Develop_code\GraduationProject\analytics-server\ai-decision\src\test\resources
[INFO] 
[INFO] --- compiler:3.11.0:testCompile (default-testCompile) @ ai-decision ---
[INFO] Nothing to compile - all classes are up to date
[INFO] 
[INFO] --- surefire:3.1.2:test (default-test) @ ai-decision ---
[WARNING] useSystemClassLoader setting has no effect when not forking
[WARNING] The parameter forkCount should likely not be 0. Forking a JVM for tests improves test accuracy. Ensure to have a <forkCount> >= 1.
[INFO] Using auto detected provider org.apache.maven.surefire.junitplatform.JUnitPlatformProvider
[INFO] Running com.graduation.analytics.ai.AiSqlDriftTest
[INFO] Tests run: 6, Failures: 0, Errors: 0, Skipped: 0, Time elapsed: 0.026 s -- in com.graduation.analytics.ai.AiSqlDriftTest
[INFO] Running com.graduation.analytics.ai.AiSqlSecurityTest
Java HotSpot(TM) 64-Bit Server VM warning: Sharing is only supported for boot loader classes because bootstrap classpath has been appended
[INFO] Tests run: 33, Failures: 0, Errors: 0, Skipped: 0, Time elapsed: 0.685 s -- in com.graduation.analytics.ai.AiSqlSecurityTest
[INFO] Running com.graduation.analytics.ai.evidence.EvidenceBuilderTest
20:52:47.419 [main] WARN com.graduation.analytics.ai.evidence.EvidenceBuilder -- 证据包商品维度读取失败（降级为空维度）: metricReadDataSource 未配置
[INFO] Tests run: 7, Failures: 0, Errors: 0, Skipped: 0, Time elapsed: 0.154 s -- in com.graduation.analytics.ai.evidence.EvidenceBuilderTest
[INFO] Running com.graduation.analytics.ai.ExplanationEvidenceTest
20:52:47.537 [main] WARN com.graduation.analytics.ai.ExplanationService -- evidence explanation rewrite failed, fallback to template: timeout
[INFO] Tests run: 5, Failures: 0, Errors: 0, Skipped: 0, Time elapsed: 0.103 s -- in com.graduation.analytics.ai.ExplanationEvidenceTest
[INFO] Running com.graduation.analytics.ai.QuestionSafetyScreenTest
[INFO] Tests run: 3, Failures: 0, Errors: 0, Skipped: 0, Time elapsed: 0.002 s -- in com.graduation.analytics.ai.QuestionSafetyScreenTest
[INFO] Running com.graduation.analytics.ai.sql.ComponentWiringContractTest
[INFO] Tests run: 2, Failures: 0, Errors: 0, Skipped: 0, Time elapsed: 0.016 s -- in com.graduation.analytics.ai.sql.ComponentWiringContractTest
[INFO] Running com.graduation.analytics.ai.TextToSqlAuditTest
20:52:47.634 [main] WARN com.graduation.analytics.ai.TextToSqlService -- text-to-sql rejected at stage SCOPE_RESOLVE: [NO_ACTIVE_SNAPSHOT] metric_snapshot 中没有 status='ACTIVE'
20:52:47.789 [main] WARN com.graduation.analytics.ai.TextToSqlService -- text-to-sql rejected at stage REPAIR: [SQL_JOIN] 修复后仍未通过安全校验: 禁止 JOIN（第一阶段强制单表查询）
[INFO] Tests run: 4, Failures: 0, Errors: 0, Skipped: 0, Time elapsed: 0.219 s -- in com.graduation.analytics.ai.TextToSqlAuditTest
[INFO] Running com.graduation.analytics.decision.AuditActorTest
[INFO] Tests run: 2, Failures: 0, Errors: 0, Skipped: 0, Time elapsed: 0.002 s -- in com.graduation.analytics.decision.AuditActorTest
[INFO] Running com.graduation.analytics.decision.DecisionServiceTest
20:52:47.893 [main] INFO com.graduation.analytics.decision.DecisionService -- 决策 DC-20260901120000-abcd 批准 by=alice 基线=100.0000（快照 S20260901_24）窗口 3 天
20:52:47.896 [main] INFO com.graduation.analytics.decision.DecisionService -- 决策 DC-20260901120000-abcd 评价结果=EFFECTIVE 基线=100.0000 实际=80.0000 改善率=0.2000（窗口 2026-09-05~2026-09-07，口径 r8-window-v1）
20:52:47.900 [main] INFO com.graduation.analytics.decision.DecisionService -- 决策草稿创建 id=null no=DC-20260911205247-3679 source=ai by=alice
20:52:47.903 [main] INFO com.graduation.analytics.decision.DecisionService -- 决策 DC-20260901120000-abcd 评价结果=EFFECTIVE 基线=100.0000 实际=120.0000 改善率=0.2000（窗口 2026-09-05~2026-09-07，口径 r8-window-v1）
20:52:47.908 [main] INFO com.graduation.analytics.decision.DecisionService -- 决策 DC-20260901120000-abcd 评价结果=INSUFFICIENT_DATA 基线=0.0000 实际=null 改善率=null（窗口 2026-09-05~2026-09-07，口径 r8-window-v1）
20:52:47.911 [main] INFO com.graduation.analytics.decision.DecisionService -- 决策 DC-20260901120000-abcd 评价结果=INSUFFICIENT_DATA 基线=100 实际=null 改善率=null（窗口 2026-09-05~2026-09-07，口径 r8-window-v1）
20:52:47.914 [main] INFO com.graduation.analytics.decision.DecisionService -- 决策 DC-20260901120000-abcd 评价结果=INSUFFICIENT_DATA 基线=100.0000 实际=null 改善率=null（窗口 2026-09-05~2026-09-07，口径 r8-window-v1）
20:52:47.916 [main] INFO com.graduation.analytics.decision.DecisionService -- 决策 DC-20260901120000-abcd 评价结果=EFFECTIVE 基线=100.0000 实际=110.0000 改善率=0.1000（窗口 2026-09-05~2026-09-07，口径 r8-window-v1）
20:52:47.919 [main] INFO com.graduation.analytics.decision.DecisionService -- 决策 DC-20260901120000-abcd 评价结果=PARTIAL 基线=100.0000 实际=102.0000 改善率=0.0200（窗口 2026-09-05~2026-09-07，口径 r8-window-v1）
20:52:47.921 [main] INFO com.graduation.analytics.decision.DecisionService -- 决策 DC-20260901120000-abcd 评价结果=INSUFFICIENT_DATA 基线=100.0000 实际=null 改善率=null（窗口 2026-09-05~2026-09-07，口径 r8-window-v1）
20:52:47.924 [main] INFO com.graduation.analytics.decision.DecisionService -- 决策 DC-20260901120000-abcd 评价结果=INEFFECTIVE 基线=100.0000 实际=90.0000 改善率=-0.1000（窗口 2026-09-05~2026-09-07，口径 r8-window-v1）
[INFO] Tests run: 22, Failures: 0, Errors: 0, Skipped: 0, Time elapsed: 0.117 s -- in com.graduation.analytics.decision.DecisionServiceTest
[INFO] Running com.graduation.analytics.decision.DecisionStateMachineTest
[INFO] Tests run: 7, Failures: 0, Errors: 0, Skipped: 0, Time elapsed: 0.002 s -- in com.graduation.analytics.decision.DecisionStateMachineTest
[INFO] 
[INFO] Results:
[INFO] 
[INFO] Tests run: 91, Failures: 0, Errors: 0, Skipped: 0
[INFO] 
[INFO] 
[INFO] ---------------< com.graduation.analytics:platform-app >----------------
[INFO] Building platform-app 0.1.0-SNAPSHOT                               [7/7]
[INFO]   from platform-app\pom.xml
[INFO] --------------------------------[ jar ]---------------------------------
[INFO] 
[INFO] --- resources:3.3.1:resources (default-resources) @ platform-app ---
[INFO] Copying 1 resource from src\main\resources to target\classes
[INFO] Copying 45 resources from src\main\resources to target\classes
[INFO] 
[INFO] --- compiler:3.11.0:compile (default-compile) @ platform-app ---
[INFO] Changes detected - recompiling the module! :source
[INFO] Compiling 20 source files with javac [debug release 17] to target\classes
[INFO] 
[INFO] --- resources:3.3.1:testResources (default-testResources) @ platform-app ---
[INFO] skip non existing resourceDirectory D:\Develop_code\GraduationProject\analytics-server\platform-app\src\test\resources
[INFO] 
[INFO] --- compiler:3.11.0:testCompile (default-testCompile) @ platform-app ---
[INFO] Changes detected - recompiling the module! :dependency
[INFO] Compiling 15 source files with javac [debug release 17] to target\test-classes
[INFO] 
[INFO] --- surefire:3.1.2:test (default-test) @ platform-app ---
[WARNING] useSystemClassLoader setting has no effect when not forking
[WARNING] The parameter forkCount should likely not be 0. Forking a JVM for tests improves test accuracy. Ensure to have a <forkCount> >= 1.
[INFO] Using auto detected provider org.apache.maven.surefire.junitplatform.JUnitPlatformProvider
[INFO] Running com.graduation.analytics.auth.UserAdminControllerAuditTest
Java HotSpot(TM) 64-Bit Server VM warning: Sharing is only supported for boot loader classes because bootstrap classpath has been appended
[INFO] Tests run: 7, Failures: 0, Errors: 0, Skipped: 0, Time elapsed: 0.550 s -- in com.graduation.analytics.auth.UserAdminControllerAuditTest
[INFO] Running com.graduation.analytics.boundary.PlatformMallBoundarySourcePolicyTest
[INFO] Tests run: 3, Failures: 0, Errors: 0, Skipped: 0, Time elapsed: 0.119 s -- in com.graduation.analytics.boundary.PlatformMallBoundarySourcePolicyTest
[INFO] Running com.graduation.analytics.controller.AiControllerIdentityTest
20:52:51.664 [main] WARN com.graduation.analytics.controller.AiController -- AI 问数未取到快照锚点（证据包=构建失败，结果行=null）：按 null 记录，不使用占位值
20:52:51.690 [main] WARN com.graduation.analytics.controller.AiController -- AI 问数未取到快照锚点（证据包=构建失败，结果行=null）：按 null 记录，不使用占位值
[INFO] Tests run: 7, Failures: 0, Errors: 0, Skipped: 0, Time elapsed: 0.283 s -- in com.graduation.analytics.controller.AiControllerIdentityTest
[INFO] Running com.graduation.analytics.controller.AiExplanationEndpointTest
20:52:51.804 [main] WARN com.graduation.analytics.controller.AiController -- 证据解释审计写入失败（operation_audit_log 是否已随 V14 建表？）: Table 'analytics_meta.operation_audit_log' doesn't exist
[INFO] Tests run: 7, Failures: 0, Errors: 0, Skipped: 0, Time elapsed: 0.104 s -- in com.graduation.analytics.controller.AiExplanationEndpointTest
[INFO] Running com.graduation.analytics.controller.AuthResponseMeasurementTest
20:52:52.093 [main] INFO org.hibernate.validator.internal.util.Version -- HV000001: Hibernate Validator 8.0.1.Final
20:52:52.350 [main] INFO org.springframework.mock.web.MockServletContext -- Initializing Spring TestDispatcherServlet ''
20:52:52.350 [main] INFO org.springframework.test.web.servlet.TestDispatcherServlet -- Initializing Servlet ''
20:52:52.351 [main] INFO org.springframework.test.web.servlet.TestDispatcherServlet -- Completed initialization in 1 ms
20:52:52.507 [main] INFO org.springframework.mock.web.MockServletContext -- Initializing Spring TestDispatcherServlet ''
20:52:52.508 [main] INFO org.springframework.test.web.servlet.TestDispatcherServlet -- Initializing Servlet ''
20:52:52.508 [main] INFO org.springframework.test.web.servlet.TestDispatcherServlet -- Completed initialization in 0 ms
20:52:52.523 [main] INFO org.springframework.mock.web.MockServletContext -- Initializing Spring TestDispatcherServlet ''
20:52:52.524 [main] INFO org.springframework.test.web.servlet.TestDispatcherServlet -- Initializing Servlet ''
20:52:52.524 [main] INFO org.springframework.test.web.servlet.TestDispatcherServlet -- Completed initialization in 0 ms
20:52:52.537 [main] INFO org.springframework.mock.web.MockServletContext -- Initializing Spring TestDispatcherServlet ''
20:52:52.538 [main] INFO org.springframework.test.web.servlet.TestDispatcherServlet -- Initializing Servlet ''
20:52:52.538 [main] INFO org.springframework.test.web.servlet.TestDispatcherServlet -- Completed initialization in 0 ms
20:52:52.562 [main] INFO org.springframework.mock.web.MockServletContext -- Initializing Spring TestDispatcherServlet ''
20:52:52.563 [main] INFO org.springframework.test.web.servlet.TestDispatcherServlet -- Initializing Servlet ''
20:52:52.563 [main] INFO org.springframework.test.web.servlet.TestDispatcherServlet -- Completed initialization in 0 ms
20:52:52.580 [main] INFO org.springframework.mock.web.MockServletContext -- Initializing Spring TestDispatcherServlet ''
20:52:52.581 [main] INFO org.springframework.test.web.servlet.TestDispatcherServlet -- Initializing Servlet ''
20:52:52.581 [main] INFO org.springframework.test.web.servlet.TestDispatcherServlet -- Completed initialization in 0 ms
[INFO] Tests run: 6, Failures: 0, Errors: 0, Skipped: 0, Time elapsed: 0.760 s -- in com.graduation.analytics.controller.AuthResponseMeasurementTest
[INFO] Running com.graduation.analytics.controller.CallerContextTest
[INFO] Tests run: 6, Failures: 0, Errors: 0, Skipped: 0, Time elapsed: 0.003 s -- in com.graduation.analytics.controller.CallerContextTest
[INFO] Running com.graduation.analytics.controller.ControllerPermissionCoverageTest
[INFO] Tests run: 5, Failures: 0, Errors: 0, Skipped: 0, Time elapsed: 0.233 s -- in com.graduation.analytics.controller.ControllerPermissionCoverageTest
[INFO] Running com.graduation.analytics.controller.DecisionControllerAuditTest
20:52:52.875 [main] ERROR com.graduation.analytics.controller.DecisionController -- 决策失败审计写入失败: action=DECISION_REJECT, id=3
java.lang.RuntimeException: audit db down
	at com.graduation.analytics.decision.OperationAuditService.failure(OperationAuditService.java:61)
	at com.graduation.analytics.controller.DecisionController.action(DecisionController.java:151)
	at com.graduation.analytics.controller.DecisionController.reject(DecisionController.java:88)
	at com.graduation.analytics.controller.DecisionControllerAuditTest.lambda$auditFailureDoesNotMaskBusinessError$2(DecisionControllerAuditTest.java:97)
	at org.junit.jupiter.api.AssertThrows.assertThrows(AssertThrows.java:53)
	at org.junit.jupiter.api.AssertThrows.assertThrows(AssertThrows.java:35)
	at org.junit.jupiter.api.Assertions.assertThrows(Assertions.java:3115)
	at com.graduation.analytics.controller.DecisionControllerAuditTest.auditFailureDoesNotMaskBusinessError(DecisionControllerAuditTest.java:96)
	at java.base/jdk.internal.reflect.NativeMethodAccessorImpl.invoke0(Native Method)
	at java.base/jdk.internal.reflect.NativeMethodAccessorImpl.invoke(NativeMethodAccessorImpl.java:77)
	at java.base/jdk.internal.reflect.DelegatingMethodAccessorImpl.invoke(DelegatingMethodAccessorImpl.java:43)
	at java.base/java.lang.reflect.Method.invoke(Method.java:568)
	at org.junit.platform.commons.util.ReflectionUtils.invokeMethod(ReflectionUtils.java:728)
	at org.junit.jupiter.engine.execution.MethodInvocation.proceed(MethodInvocation.java:60)
	at org.junit.jupiter.engine.execution.InvocationInterceptorChain$ValidatingInvocation.proceed(InvocationInterceptorChain.java:131)
	at org.junit.jupiter.engine.extension.TimeoutExtension.intercept(TimeoutExtension.java:156)
	at org.junit.jupiter.engine.extension.TimeoutExtension.interceptTestableMethod(TimeoutExtension.java:147)
	at org.junit.jupiter.engine.extension.TimeoutExtension.interceptTestMethod(TimeoutExtension.java:86)
	at org.junit.jupiter.engine.execution.InterceptingExecutableInvoker$ReflectiveInterceptorCall.lambda$ofVoidMethod$0(InterceptingExecutableInvoker.java:103)
	at org.junit.jupiter.engine.execution.InterceptingExecutableInvoker.lambda$invoke$0(InterceptingExecutableInvoker.java:93)
	at org.junit.jupiter.engine.execution.InvocationInterceptorChain$InterceptedInvocation.proceed(InvocationInterceptorChain.java:106)
	at org.junit.jupiter.engine.execution.InvocationInterceptorChain.proceed(InvocationInterceptorChain.java:64)
	at org.junit.jupiter.engine.execution.InvocationInterceptorChain.chainAndInvoke(InvocationInterceptorChain.java:45)
	at org.junit.jupiter.engine.execution.InvocationInterceptorChain.invoke(InvocationInterceptorChain.java:37)
	at org.junit.jupiter.engine.execution.InterceptingExecutableInvoker.invoke(InterceptingExecutableInvoker.java:92)
	at org.junit.jupiter.engine.execution.InterceptingExecutableInvoker.invoke(InterceptingExecutableInvoker.java:86)
	at org.junit.jupiter.engine.descriptor.TestMethodTestDescriptor.lambda$invokeTestMethod$7(TestMethodTestDescriptor.java:218)
	at org.junit.platform.engine.support.hierarchical.ThrowableCollector.execute(ThrowableCollector.java:73)
	at org.junit.jupiter.engine.descriptor.TestMethodTestDescriptor.invokeTestMethod(TestMethodTestDescriptor.java:214)
	at org.junit.jupiter.engine.descriptor.TestMethodTestDescriptor.execute(TestMethodTestDescriptor.java:139)
	at org.junit.jupiter.engine.descriptor.TestMethodTestDescriptor.execute(TestMethodTestDescriptor.java:69)
	at org.junit.platform.engine.support.hierarchical.NodeTestTask.lambda$executeRecursively$6(NodeTestTask.java:151)
	at org.junit.platform.engine.support.hierarchical.ThrowableCollector.execute(ThrowableCollector.java:73)
	at org.junit.platform.engine.support.hierarchical.NodeTestTask.lambda$executeRecursively$8(NodeTestTask.java:141)
	at org.junit.platform.engine.support.hierarchical.Node.around(Node.java:137)
	at org.junit.platform.engine.support.hierarchical.NodeTestTask.lambda$executeRecursively$9(NodeTestTask.java:139)
	at org.junit.platform.engine.support.hierarchical.ThrowableCollector.execute(ThrowableCollector.java:73)
	at org.junit.platform.engine.support.hierarchical.NodeTestTask.executeRecursively(NodeTestTask.java:138)
	at org.junit.platform.engine.support.hierarchical.NodeTestTask.execute(NodeTestTask.java:95)
	at java.base/java.util.ArrayList.forEach(ArrayList.java:1511)
	at org.junit.platform.engine.support.hierarchical.SameThreadHierarchicalTestExecutorService.invokeAll(SameThreadHierarchicalTestExecutorService.java:41)
	at org.junit.platform.engine.support.hierarchical.NodeTestTask.lambda$executeRecursively$6(NodeTestTask.java:155)
	at org.junit.platform.engine.support.hierarchical.ThrowableCollector.execute(ThrowableCollector.java:73)
	at org.junit.platform.engine.support.hierarchical.NodeTestTask.lambda$executeRecursively$8(NodeTestTask.java:141)
	at org.junit.platform.engine.support.hierarchical.Node.around(Node.java:137)
	at org.junit.platform.engine.support.hierarchical.NodeTestTask.lambda$executeRecursively$9(NodeTestTask.java:139)
	at org.junit.platform.engine.support.hierarchical.ThrowableCollector.execute(ThrowableCollector.java:73)
	at org.junit.platform.engine.support.hierarchical.NodeTestTask.executeRecursively(NodeTestTask.java:138)
	at org.junit.platform.engine.support.hierarchical.NodeTestTask.execute(NodeTestTask.java:95)
	at java.base/java.util.ArrayList.forEach(ArrayList.java:1511)
	at org.junit.platform.engine.support.hierarchical.SameThreadHierarchicalTestExecutorService.invokeAll(SameThreadHierarchicalTestExecutorService.java:41)
	at org.junit.platform.engine.support.hierarchical.NodeTestTask.lambda$executeRecursively$6(NodeTestTask.java:155)
	at org.junit.platform.engine.support.hierarchical.ThrowableCollector.execute(ThrowableCollector.java:73)
	at org.junit.platform.engine.support.hierarchical.NodeTestTask.lambda$executeRecursively$8(NodeTestTask.java:141)
	at org.junit.platform.engine.support.hierarchical.Node.around(Node.java:137)
	at org.junit.platform.engine.support.hierarchical.NodeTestTask.lambda$executeRecursively$9(NodeTestTask.java:139)
	at org.junit.platform.engine.support.hierarchical.ThrowableCollector.execute(ThrowableCollector.java:73)
	at org.junit.platform.engine.support.hierarchical.NodeTestTask.executeRecursively(NodeTestTask.java:138)
	at org.junit.platform.engine.support.hierarchical.NodeTestTask.execute(NodeTestTask.java:95)
	at org.junit.platform.engine.support.hierarchical.SameThreadHierarchicalTestExecutorService.submit(SameThreadHierarchicalTestExecutorService.java:35)
	at org.junit.platform.engine.support.hierarchical.HierarchicalTestExecutor.execute(HierarchicalTestExecutor.java:57)
	at org.junit.platform.engine.support.hierarchical.HierarchicalTestEngine.execute(HierarchicalTestEngine.java:54)
	at org.junit.platform.launcher.core.EngineExecutionOrchestrator.execute(EngineExecutionOrchestrator.java:198)
	at org.junit.platform.launcher.core.EngineExecutionOrchestrator.execute(EngineExecutionOrchestrator.java:169)
	at org.junit.platform.launcher.core.EngineExecutionOrchestrator.execute(EngineExecutionOrchestrator.java:93)
	at org.junit.platform.launcher.core.EngineExecutionOrchestrator.lambda$execute$0(EngineExecutionOrchestrator.java:58)
	at org.junit.platform.launcher.core.EngineExecutionOrchestrator.withInterceptedStreams(EngineExecutionOrchestrator.java:141)
	at org.junit.platform.launcher.core.EngineExecutionOrchestrator.execute(EngineExecutionOrchestrator.java:57)
	at org.junit.platform.launcher.core.DefaultLauncher.execute(DefaultLauncher.java:103)
	at org.junit.platform.launcher.core.DefaultLauncher.execute(DefaultLauncher.java:85)
	at org.junit.platform.launcher.core.DelegatingLauncher.execute(DelegatingLauncher.java:47)
	at org.apache.maven.surefire.junitplatform.LazyLauncher.execute(LazyLauncher.java:56)
	at org.apache.maven.surefire.junitplatform.JUnitPlatformProvider.execute(JUnitPlatformProvider.java:184)
	at org.apache.maven.surefire.junitplatform.JUnitPlatformProvider.invokeAllTests(JUnitPlatformProvider.java:148)
	at org.apache.maven.surefire.junitplatform.JUnitPlatformProvider.invoke(JUnitPlatformProvider.java:122)
	at java.base/jdk.internal.reflect.NativeMethodAccessorImpl.invoke0(Native Method)
	at java.base/jdk.internal.reflect.NativeMethodAccessorImpl.invoke(NativeMethodAccessorImpl.java:77)
	at java.base/jdk.internal.reflect.DelegatingMethodAccessorImpl.invoke(DelegatingMethodAccessorImpl.java:43)
	at java.base/java.lang.reflect.Method.invoke(Method.java:568)
	at org.apache.maven.surefire.api.util.ReflectionUtils.invokeMethodWithArray2(ReflectionUtils.java:137)
	at org.apache.maven.surefire.booter.ProviderFactory$ProviderProxy.invoke(ProviderFactory.java:148)
	at org.apache.maven.surefire.booter.ProviderFactory.invokeProvider(ProviderFactory.java:88)
	at org.apache.maven.plugin.surefire.InPluginVMSurefireStarter.runSuitesInProcess(InPluginVMSurefireStarter.java:91)
	at org.apache.maven.plugin.surefire.AbstractSurefireMojo.executeProvider(AbstractSurefireMojo.java:1177)
	at org.apache.maven.plugin.surefire.AbstractSurefireMojo.executeAfterPreconditionsChecked(AbstractSurefireMojo.java:1055)
	at org.apache.maven.plugin.surefire.AbstractSurefireMojo.execute(AbstractSurefireMojo.java:871)
	at org.apache.maven.plugin.DefaultBuildPluginManager.executeMojo(DefaultBuildPluginManager.java:126)
	at org.apache.maven.lifecycle.internal.MojoExecutor.doExecute2(MojoExecutor.java:328)
	at org.apache.maven.lifecycle.internal.MojoExecutor.doExecute(MojoExecutor.java:316)
	at org.apache.maven.lifecycle.internal.MojoExecutor.execute(MojoExecutor.java:212)
	at org.apache.maven.lifecycle.internal.MojoExecutor.execute(MojoExecutor.java:174)
	at org.apache.maven.lifecycle.internal.MojoExecutor.access$000(MojoExecutor.java:75)
	at org.apache.maven.lifecycle.internal.MojoExecutor$1.run(MojoExecutor.java:162)
	at org.apache.maven.plugin.DefaultMojosExecutionStrategy.execute(DefaultMojosExecutionStrategy.java:39)
	at org.apache.maven.lifecycle.internal.MojoExecutor.execute(MojoExecutor.java:159)
	at org.apache.maven.lifecycle.internal.LifecycleModuleBuilder.buildProject(LifecycleModuleBuilder.java:105)
	at org.apache.maven.lifecycle.internal.LifecycleModuleBuilder.buildProject(LifecycleModuleBuilder.java:73)
	at org.apache.maven.lifecycle.internal.builder.singlethreaded.SingleThreadedBuilder.build(SingleThreadedBuilder.java:53)
	at org.apache.maven.lifecycle.internal.LifecycleStarter.execute(LifecycleStarter.java:118)
	at org.apache.maven.DefaultMaven.doExecute(DefaultMaven.java:261)
	at org.apache.maven.DefaultMaven.doExecute(DefaultMaven.java:173)
	at org.apache.maven.DefaultMaven.execute(DefaultMaven.java:101)
	at org.apache.maven.cli.MavenCli.execute(MavenCli.java:919)
	at org.apache.maven.cli.MavenCli.doMain(MavenCli.java:285)
	at org.apache.maven.cli.MavenCli.main(MavenCli.java:207)
	at java.base/jdk.internal.reflect.NativeMethodAccessorImpl.invoke0(Native Method)
	at java.base/jdk.internal.reflect.NativeMethodAccessorImpl.invoke(NativeMethodAccessorImpl.java:77)
	at java.base/jdk.internal.reflect.DelegatingMethodAccessorImpl.invoke(DelegatingMethodAccessorImpl.java:43)
	at java.base/java.lang.reflect.Method.invoke(Method.java:568)
	at org.codehaus.plexus.classworlds.launcher.Launcher.launchEnhanced(Launcher.java:255)
	at org.codehaus.plexus.classworlds.launcher.Launcher.launch(Launcher.java:201)
	at org.codehaus.plexus.classworlds.launcher.Launcher.mainWithExitCode(Launcher.java:361)
	at org.codehaus.plexus.classworlds.launcher.Launcher.main(Launcher.java:314)
[INFO] Tests run: 6, Failures: 0, Errors: 0, Skipped: 0, Time elapsed: 0.019 s -- in com.graduation.analytics.controller.DecisionControllerAuditTest
[INFO] Running com.graduation.analytics.controller.DecisionControllerIdentityTest
[INFO] Tests run: 5, Failures: 0, Errors: 0, Skipped: 0, Time elapsed: 0.005 s -- in com.graduation.analytics.controller.DecisionControllerIdentityTest
[INFO] Running com.graduation.analytics.controller.SourceRegistryControllerAuditTest
20:52:52.940 [main] ERROR com.graduation.analytics.controller.SourceRegistryController -- 源登记审计写入失败（不掩盖原始异常） action=SOURCE_ACTIVATE id=3 trace=f61623fd-c2a9-437e-adf6-28227773404b
java.lang.RuntimeException: audit db down
	at com.graduation.analytics.decision.OperationAuditService.failure(OperationAuditService.java:61)
	at com.graduation.analytics.controller.SourceRegistryController.auditFailure(SourceRegistryController.java:146)
	at com.graduation.analytics.controller.SourceRegistryController.mutate(SourceRegistryController.java:128)
	at com.graduation.analytics.controller.SourceRegistryController.activate(SourceRegistryController.java:100)
	at com.graduation.analytics.controller.SourceRegistryControllerAuditTest.lambda$auditFailureDoesNotMaskBusinessError$1(SourceRegistryControllerAuditTest.java:137)
	at org.assertj.core.api.ThrowableAssert.catchThrowable(ThrowableAssert.java:63)
	at org.assertj.core.api.AssertionsForClassTypes.catchThrowable(AssertionsForClassTypes.java:892)
	at org.assertj.core.api.Assertions.catchThrowable(Assertions.java:1366)
	at org.assertj.core.api.Assertions.assertThatThrownBy(Assertions.java:1210)
	at com.graduation.analytics.controller.SourceRegistryControllerAuditTest.auditFailureDoesNotMaskBusinessError(SourceRegistryControllerAuditTest.java:137)
	at java.base/jdk.internal.reflect.NativeMethodAccessorImpl.invoke0(Native Method)
	at java.base/jdk.internal.reflect.NativeMethodAccessorImpl.invoke(NativeMethodAccessorImpl.java:77)
	at java.base/jdk.internal.reflect.DelegatingMethodAccessorImpl.invoke(DelegatingMethodAccessorImpl.java:43)
	at java.base/java.lang.reflect.Method.invoke(Method.java:568)
	at org.junit.platform.commons.util.ReflectionUtils.invokeMethod(ReflectionUtils.java:728)
	at org.junit.jupiter.engine.execution.MethodInvocation.proceed(MethodInvocation.java:60)
	at org.junit.jupiter.engine.execution.InvocationInterceptorChain$ValidatingInvocation.proceed(InvocationInterceptorChain.java:131)
	at org.junit.jupiter.engine.extension.TimeoutExtension.intercept(TimeoutExtension.java:156)
	at org.junit.jupiter.engine.extension.TimeoutExtension.interceptTestableMethod(TimeoutExtension.java:147)
	at org.junit.jupiter.engine.extension.TimeoutExtension.interceptTestMethod(TimeoutExtension.java:86)
	at org.junit.jupiter.engine.execution.InterceptingExecutableInvoker$ReflectiveInterceptorCall.lambda$ofVoidMethod$0(InterceptingExecutableInvoker.java:103)
	at org.junit.jupiter.engine.execution.InterceptingExecutableInvoker.lambda$invoke$0(InterceptingExecutableInvoker.java:93)
	at org.junit.jupiter.engine.execution.InvocationInterceptorChain$InterceptedInvocation.proceed(InvocationInterceptorChain.java:106)
	at org.junit.jupiter.engine.execution.InvocationInterceptorChain.proceed(InvocationInterceptorChain.java:64)
	at org.junit.jupiter.engine.execution.InvocationInterceptorChain.chainAndInvoke(InvocationInterceptorChain.java:45)
	at org.junit.jupiter.engine.execution.InvocationInterceptorChain.invoke(InvocationInterceptorChain.java:37)
	at org.junit.jupiter.engine.execution.InterceptingExecutableInvoker.invoke(InterceptingExecutableInvoker.java:92)
	at org.junit.jupiter.engine.execution.InterceptingExecutableInvoker.invoke(InterceptingExecutableInvoker.java:86)
	at org.junit.jupiter.engine.descriptor.TestMethodTestDescriptor.lambda$invokeTestMethod$7(TestMethodTestDescriptor.java:218)
	at org.junit.platform.engine.support.hierarchical.ThrowableCollector.execute(ThrowableCollector.java:73)
	at org.junit.jupiter.engine.descriptor.TestMethodTestDescriptor.invokeTestMethod(TestMethodTestDescriptor.java:214)
	at org.junit.jupiter.engine.descriptor.TestMethodTestDescriptor.execute(TestMethodTestDescriptor.java:139)
	at org.junit.jupiter.engine.descriptor.TestMethodTestDescriptor.execute(TestMethodTestDescriptor.java:69)
	at org.junit.platform.engine.support.hierarchical.NodeTestTask.lambda$executeRecursively$6(NodeTestTask.java:151)
	at org.junit.platform.engine.support.hierarchical.ThrowableCollector.execute(ThrowableCollector.java:73)
	at org.junit.platform.engine.support.hierarchical.NodeTestTask.lambda$executeRecursively$8(NodeTestTask.java:141)
	at org.junit.platform.engine.support.hierarchical.Node.around(Node.java:137)
	at org.junit.platform.engine.support.hierarchical.NodeTestTask.lambda$executeRecursively$9(NodeTestTask.java:139)
	at org.junit.platform.engine.support.hierarchical.ThrowableCollector.execute(ThrowableCollector.java:73)
	at org.junit.platform.engine.support.hierarchical.NodeTestTask.executeRecursively(NodeTestTask.java:138)
	at org.junit.platform.engine.support.hierarchical.NodeTestTask.execute(NodeTestTask.java:95)
	at java.base/java.util.ArrayList.forEach(ArrayList.java:1511)
	at org.junit.platform.engine.support.hierarchical.SameThreadHierarchicalTestExecutorService.invokeAll(SameThreadHierarchicalTestExecutorService.java:41)
	at org.junit.platform.engine.support.hierarchical.NodeTestTask.lambda$executeRecursively$6(NodeTestTask.java:155)
	at org.junit.platform.engine.support.hierarchical.ThrowableCollector.execute(ThrowableCollector.java:73)
	at org.junit.platform.engine.support.hierarchical.NodeTestTask.lambda$executeRecursively$8(NodeTestTask.java:141)
	at org.junit.platform.engine.support.hierarchical.Node.around(Node.java:137)
	at org.junit.platform.engine.support.hierarchical.NodeTestTask.lambda$executeRecursively$9(NodeTestTask.java:139)
	at org.junit.platform.engine.support.hierarchical.ThrowableCollector.execute(ThrowableCollector.java:73)
	at org.junit.platform.engine.support.hierarchical.NodeTestTask.executeRecursively(NodeTestTask.java:138)
	at org.junit.platform.engine.support.hierarchical.NodeTestTask.execute(NodeTestTask.java:95)
	at java.base/java.util.ArrayList.forEach(ArrayList.java:1511)
	at org.junit.platform.engine.support.hierarchical.SameThreadHierarchicalTestExecutorService.invokeAll(SameThreadHierarchicalTestExecutorService.java:41)
	at org.junit.platform.engine.support.hierarchical.NodeTestTask.lambda$executeRecursively$6(NodeTestTask.java:155)
	at org.junit.platform.engine.support.hierarchical.ThrowableCollector.execute(ThrowableCollector.java:73)
	at org.junit.platform.engine.support.hierarchical.NodeTestTask.lambda$executeRecursively$8(NodeTestTask.java:141)
	at org.junit.platform.engine.support.hierarchical.Node.around(Node.java:137)
	at org.junit.platform.engine.support.hierarchical.NodeTestTask.lambda$executeRecursively$9(NodeTestTask.java:139)
	at org.junit.platform.engine.support.hierarchical.ThrowableCollector.execute(ThrowableCollector.java:73)
	at org.junit.platform.engine.support.hierarchical.NodeTestTask.executeRecursively(NodeTestTask.java:138)
	at org.junit.platform.engine.support.hierarchical.NodeTestTask.execute(NodeTestTask.java:95)
	at org.junit.platform.engine.support.hierarchical.SameThreadHierarchicalTestExecutorService.submit(SameThreadHierarchicalTestExecutorService.java:35)
	at org.junit.platform.engine.support.hierarchical.HierarchicalTestExecutor.execute(HierarchicalTestExecutor.java:57)
	at org.junit.platform.engine.support.hierarchical.HierarchicalTestEngine.execute(HierarchicalTestEngine.java:54)
	at org.junit.platform.launcher.core.EngineExecutionOrchestrator.execute(EngineExecutionOrchestrator.java:198)
	at org.junit.platform.launcher.core.EngineExecutionOrchestrator.execute(EngineExecutionOrchestrator.java:169)
	at org.junit.platform.launcher.core.EngineExecutionOrchestrator.execute(EngineExecutionOrchestrator.java:93)
	at org.junit.platform.launcher.core.EngineExecutionOrchestrator.lambda$execute$0(EngineExecutionOrchestrator.java:58)
	at org.junit.platform.launcher.core.EngineExecutionOrchestrator.withInterceptedStreams(EngineExecutionOrchestrator.java:141)
	at org.junit.platform.launcher.core.EngineExecutionOrchestrator.execute(EngineExecutionOrchestrator.java:57)
	at org.junit.platform.launcher.core.DefaultLauncher.execute(DefaultLauncher.java:103)
	at org.junit.platform.launcher.core.DefaultLauncher.execute(DefaultLauncher.java:85)
	at org.junit.platform.launcher.core.DelegatingLauncher.execute(DelegatingLauncher.java:47)
	at org.apache.maven.surefire.junitplatform.LazyLauncher.execute(LazyLauncher.java:56)
	at org.apache.maven.surefire.junitplatform.JUnitPlatformProvider.execute(JUnitPlatformProvider.java:184)
	at org.apache.maven.surefire.junitplatform.JUnitPlatformProvider.invokeAllTests(JUnitPlatformProvider.java:148)
	at org.apache.maven.surefire.junitplatform.JUnitPlatformProvider.invoke(JUnitPlatformProvider.java:122)
	at java.base/jdk.internal.reflect.NativeMethodAccessorImpl.invoke0(Native Method)
	at java.base/jdk.internal.reflect.NativeMethodAccessorImpl.invoke(NativeMethodAccessorImpl.java:77)
	at java.base/jdk.internal.reflect.DelegatingMethodAccessorImpl.invoke(DelegatingMethodAccessorImpl.java:43)
	at java.base/java.lang.reflect.Method.invoke(Method.java:568)
	at org.apache.maven.surefire.api.util.ReflectionUtils.invokeMethodWithArray2(ReflectionUtils.java:137)
	at org.apache.maven.surefire.booter.ProviderFactory$ProviderProxy.invoke(ProviderFactory.java:148)
	at org.apache.maven.surefire.booter.ProviderFactory.invokeProvider(ProviderFactory.java:88)
	at org.apache.maven.plugin.surefire.InPluginVMSurefireStarter.runSuitesInProcess(InPluginVMSurefireStarter.java:91)
	at org.apache.maven.plugin.surefire.AbstractSurefireMojo.executeProvider(AbstractSurefireMojo.java:1177)
	at org.apache.maven.plugin.surefire.AbstractSurefireMojo.executeAfterPreconditionsChecked(AbstractSurefireMojo.java:1055)
	at org.apache.maven.plugin.surefire.AbstractSurefireMojo.execute(AbstractSurefireMojo.java:871)
	at org.apache.maven.plugin.DefaultBuildPluginManager.executeMojo(DefaultBuildPluginManager.java:126)
	at org.apache.maven.lifecycle.internal.MojoExecutor.doExecute2(MojoExecutor.java:328)
	at org.apache.maven.lifecycle.internal.MojoExecutor.doExecute(MojoExecutor.java:316)
	at org.apache.maven.lifecycle.internal.MojoExecutor.execute(MojoExecutor.java:212)
	at org.apache.maven.lifecycle.internal.MojoExecutor.execute(MojoExecutor.java:174)
	at org.apache.maven.lifecycle.internal.MojoExecutor.access$000(MojoExecutor.java:75)
	at org.apache.maven.lifecycle.internal.MojoExecutor$1.run(MojoExecutor.java:162)
	at org.apache.maven.plugin.DefaultMojosExecutionStrategy.execute(DefaultMojosExecutionStrategy.java:39)
	at org.apache.maven.lifecycle.internal.MojoExecutor.execute(MojoExecutor.java:159)
	at org.apache.maven.lifecycle.internal.LifecycleModuleBuilder.buildProject(LifecycleModuleBuilder.java:105)
	at org.apache.maven.lifecycle.internal.LifecycleModuleBuilder.buildProject(LifecycleModuleBuilder.java:73)
	at org.apache.maven.lifecycle.internal.builder.singlethreaded.SingleThreadedBuilder.build(SingleThreadedBuilder.java:53)
	at org.apache.maven.lifecycle.internal.LifecycleStarter.execute(LifecycleStarter.java:118)
	at org.apache.maven.DefaultMaven.doExecute(DefaultMaven.java:261)
	at org.apache.maven.DefaultMaven.doExecute(DefaultMaven.java:173)
	at org.apache.maven.DefaultMaven.execute(DefaultMaven.java:101)
	at org.apache.maven.cli.MavenCli.execute(MavenCli.java:919)
	at org.apache.maven.cli.MavenCli.doMain(MavenCli.java:285)
	at org.apache.maven.cli.MavenCli.main(MavenCli.java:207)
	at java.base/jdk.internal.reflect.NativeMethodAccessorImpl.invoke0(Native Method)
	at java.base/jdk.internal.reflect.NativeMethodAccessorImpl.invoke(NativeMethodAccessorImpl.java:77)
	at java.base/jdk.internal.reflect.DelegatingMethodAccessorImpl.invoke(DelegatingMethodAccessorImpl.java:43)
	at java.base/java.lang.reflect.Method.invoke(Method.java:568)
	at org.codehaus.plexus.classworlds.launcher.Launcher.launchEnhanced(Launcher.java:255)
	at org.codehaus.plexus.classworlds.launcher.Launcher.launch(Launcher.java:201)
	at org.codehaus.plexus.classworlds.launcher.Launcher.mainWithExitCode(Launcher.java:361)
	at org.codehaus.plexus.classworlds.launcher.Launcher.main(Launcher.java:314)
[INFO] Tests run: 17, Failures: 0, Errors: 0, Skipped: 0, Time elapsed: 0.052 s -- in com.graduation.analytics.controller.SourceRegistryControllerAuditTest
[INFO] Running com.graduation.analytics.source.FileCheckpointSourceMigrationScriptTest
[INFO] Tests run: 7, Failures: 0, Errors: 0, Skipped: 0, Time elapsed: 0.008 s -- in com.graduation.analytics.source.FileCheckpointSourceMigrationScriptTest
[INFO] Running com.graduation.analytics.source.SourceProfileFixtureTest
[INFO] Tests run: 4, Failures: 0, Errors: 0, Skipped: 0, Time elapsed: 0.007 s -- in com.graduation.analytics.source.SourceProfileFixtureTest
[INFO] Running com.graduation.analytics.source.SourceRegistryMigrationScriptTest
[INFO] Tests run: 6, Failures: 0, Errors: 0, Skipped: 0, Time elapsed: 0.004 s -- in com.graduation.analytics.source.SourceRegistryMigrationScriptTest
[INFO] 
[INFO] Results:
[INFO] 
[INFO] Tests run: 86, Failures: 0, Errors: 0, Skipped: 0
[INFO] 
[INFO] ------------------------------------------------------------------------
[INFO] Reactor Summary for analytics-server 0.1.0-SNAPSHOT:
[INFO] 
[INFO] analytics-server ................................... SUCCESS [  0.001 s]
[INFO] platform-common .................................... SUCCESS [  1.010 s]
[INFO] connection-ingestion ............................... SUCCESS [  2.958 s]
[INFO] warehouse-pipeline ................................. SUCCESS [ 36.738 s]
[INFO] metric-analysis .................................... SUCCESS [  1.275 s]
[INFO] ai-decision ........................................ SUCCESS [  1.709 s]
[INFO] platform-app ....................................... SUCCESS [  4.985 s]
[INFO] ------------------------------------------------------------------------
[INFO] BUILD SUCCESS
[INFO] ------------------------------------------------------------------------
[INFO] Total time:  48.837 s
[INFO] Finished at: 2026-09-11T20:52:52+08:00
[INFO] ------------------------------------------------------------------------
