Picked up JAVA_TOOL_OPTIONS: -Dfile.encoding=UTF-8 -XX:+UseSerialGC
[INFO] Scanning for projects...
[INFO] 
[INFO] --------------< com.graduation:synthetic-data-generator >---------------
[INFO] Building synthetic-data-generator 0.1.0-SNAPSHOT
[INFO]   from pom.xml
[INFO] --------------------------------[ jar ]---------------------------------
[INFO] 
[INFO] --- resources:3.3.1:resources (default-resources) @ synthetic-data-generator ---
[INFO] Copying 1 resource from src\main\resources to target\classes
[INFO] Copying 1 resource from src\main\resources to target\classes
[INFO] 
[INFO] --- compiler:3.11.0:compile (default-compile) @ synthetic-data-generator ---
[INFO] Nothing to compile - all classes are up to date
[INFO] 
[INFO] --- resources:3.3.1:testResources (default-testResources) @ synthetic-data-generator ---
[INFO] skip non existing resourceDirectory D:\Develop_code\GraduationProject\synthetic-data-generator\src\test\resources
[INFO] 
[INFO] --- compiler:3.11.0:testCompile (default-testCompile) @ synthetic-data-generator ---
[INFO] Nothing to compile - all classes are up to date
[INFO] 
[INFO] --- surefire:3.1.2:test (default-test) @ synthetic-data-generator ---
[WARNING] useSystemClassLoader setting has no effect when not forking
[WARNING] The parameter forkCount should likely not be 0. Forking a JVM for tests improves test accuracy. Ensure to have a <forkCount> >= 1.
[INFO] Using auto detected provider org.apache.maven.surefire.junitplatform.JUnitPlatformProvider
[INFO] Running com.graduation.generator.web.MallApiGenerationSmokeTest
10:57:29.531 [main] INFO org.springframework.test.context.support.AnnotationConfigContextLoaderUtils -- Could not detect default configuration classes for test class [com.graduation.generator.web.MallApiGenerationSmokeTest]: MallApiGenerationSmokeTest does not declare any static, non-private, non-final, nested classes annotated with @Configuration.
10:57:29.638 [main] INFO org.springframework.boot.test.context.SpringBootTestContextBootstrapper -- Found @SpringBootConfiguration com.graduation.generator.GeneratorApplication for test class com.graduation.generator.web.MallApiGenerationSmokeTest

  .   ____          _            __ _ _
 /\\ / ___'_ __ _ _(_)_ __  __ _ \ \ \ \
( ( )\___ | '_ | '_| | '_ \/ _` | \ \ \ \
 \\/  ___)| |_)| | | | | || (_| |  ) ) ) )
  '  |____| .__|_| |_|_| |_\__, | / / / /
 =========|_|==============|___/=/_/_/_/
 :: Spring Boot ::                (v3.2.5)

2026-09-12T10:57:29.941+08:00  INFO 50272 --- [synthetic-data-generator] [           main] c.g.g.web.MallApiGenerationSmokeTest     : Starting MallApiGenerationSmokeTest using Java 17.0.12 with PID 50272 (started by ASUS in D:\Develop_code\GraduationProject\synthetic-data-generator)
2026-09-12T10:57:29.942+08:00  INFO 50272 --- [synthetic-data-generator] [           main] c.g.g.web.MallApiGenerationSmokeTest     : No active profile set, falling back to 1 default profile: "default"
2026-09-12T10:57:30.908+08:00  INFO 50272 --- [synthetic-data-generator] [           main] o.s.b.w.embedded.tomcat.TomcatWebServer  : Tomcat initialized with port 0 (http)
2026-09-12T10:57:30.910+08:00  INFO 50272 --- [synthetic-data-generator] [           main] o.a.catalina.core.AprLifecycleListener   : Loaded Apache Tomcat Native library [2.0.14] using APR version [1.7.6].
2026-09-12T10:57:30.912+08:00  INFO 50272 --- [synthetic-data-generator] [           main] o.a.catalina.core.AprLifecycleListener   : OpenSSL successfully initialized [OpenSSL 3.5.5 27 Jan 2026]
2026-09-12T10:57:30.918+08:00  INFO 50272 --- [synthetic-data-generator] [           main] o.apache.catalina.core.StandardService   : Starting service [Tomcat]
2026-09-12T10:57:30.918+08:00  INFO 50272 --- [synthetic-data-generator] [           main] o.apache.catalina.core.StandardEngine    : Starting Servlet engine: [Apache Tomcat/10.1.20]
2026-09-12T10:57:30.930+08:00  INFO 50272 --- [synthetic-data-generator] [           main] o.apache.catalina.loader.WebappLoader    : Unknown class loader [jdk.internal.loader.ClassLoaders$PlatformClassLoader@5773f83d] of class [class jdk.internal.loader.ClassLoaders$PlatformClassLoader]
2026-09-12T10:57:30.944+08:00  INFO 50272 --- [synthetic-data-generator] [           main] o.a.c.c.C.[Tomcat].[localhost].[/]       : Initializing Spring embedded WebApplicationContext
2026-09-12T10:57:30.944+08:00  INFO 50272 --- [synthetic-data-generator] [           main] w.s.c.ServletWebServerApplicationContext : Root WebApplicationContext: initialization completed in 987 ms
2026-09-12T10:57:31.006+08:00  INFO 50272 --- [synthetic-data-generator] [           main] com.zaxxer.hikari.HikariDataSource       : HikariPool-1 - Starting...
2026-09-12T10:57:31.092+08:00  INFO 50272 --- [synthetic-data-generator] [           main] com.zaxxer.hikari.pool.HikariPool        : HikariPool-1 - Added connection com.mysql.cj.jdbc.ConnectionImpl@7c919e1e
2026-09-12T10:57:31.093+08:00  INFO 50272 --- [synthetic-data-generator] [           main] com.zaxxer.hikari.HikariDataSource       : HikariPool-1 - Start completed.
2026-09-12T10:57:31.151+08:00  INFO 50272 --- [synthetic-data-generator] [           main] o.f.c.internal.license.VersionPrinter    : Flyway Community Edition 9.22.3 by Redgate
2026-09-12T10:57:31.151+08:00  INFO 50272 --- [synthetic-data-generator] [           main] o.f.c.internal.license.VersionPrinter    : See release notes here: https://rd.gt/416ObMi
2026-09-12T10:57:31.152+08:00  INFO 50272 --- [synthetic-data-generator] [           main] o.f.c.internal.license.VersionPrinter    : 
2026-09-12T10:57:31.162+08:00  INFO 50272 --- [synthetic-data-generator] [           main] org.flywaydb.core.FlywayExecutor         : Database: jdbc:mysql://127.0.0.1:3306/generator_meta (MySQL 8.0)
2026-09-12T10:57:31.183+08:00  INFO 50272 --- [synthetic-data-generator] [           main] o.f.core.internal.command.DbValidate     : Successfully validated 1 migration (execution time 00:00.011s)
2026-09-12T10:57:31.192+08:00  INFO 50272 --- [synthetic-data-generator] [           main] o.f.core.internal.command.DbMigrate      : Current version of schema `generator_meta`: 1
2026-09-12T10:57:31.193+08:00  INFO 50272 --- [synthetic-data-generator] [           main] o.f.core.internal.command.DbMigrate      : Schema `generator_meta` is up to date. No migration necessary.
2026-09-12T10:57:31.436+08:00  INFO 50272 --- [synthetic-data-generator] [           main] o.s.b.w.embedded.tomcat.TomcatWebServer  : Tomcat started on port 6959 (http) with context path ''
2026-09-12T10:57:31.445+08:00  INFO 50272 --- [synthetic-data-generator] [           main] c.g.g.web.MallApiGenerationSmokeTest     : Started MallApiGenerationSmokeTest in 1.669 seconds (process running for 3.473)
Java HotSpot(TM) 64-Bit Server VM warning: Sharing is only supported for boot loader classes because bootstrap classpath has been appended
2026-09-12T10:57:31.992+08:00  INFO 50272 --- [synthetic-data-generator] [o-auto-1-exec-1] o.a.c.c.C.[Tomcat].[localhost].[/]       : Initializing Spring DispatcherServlet 'dispatcherServlet'
2026-09-12T10:57:31.992+08:00  INFO 50272 --- [synthetic-data-generator] [o-auto-1-exec-1] o.s.web.servlet.DispatcherServlet        : Initializing Servlet 'dispatcherServlet'
2026-09-12T10:57:31.993+08:00  INFO 50272 --- [synthetic-data-generator] [o-auto-1-exec-1] o.s.web.servlet.DispatcherServlet        : Completed initialization in 1 ms
2026-09-12T10:57:32.169+08:00  INFO 50272 --- [synthetic-data-generator] [o-auto-1-exec-3] c.g.g.service.GenerationRunService       : 生成运行已入队：runId=it-s4b-b14b66f9-v1-20260912-105732-1afa plan=it-s4b-b14b66f9 v1 mode=MALL_API scenario=normal eventCount=60
2026-09-12T10:57:32.319+08:00 ERROR 50272 --- [synthetic-data-generator] [  generator-run] c.g.g.service.GenerationRunService       : 生成运行失败：runId=it-s4b-b14b66f9-v1-20260912-105732-1afa code=RUN_FAILED

com.graduation.generator.adapter.MallOperationException: [runForTarget] 运行中有 39 次商城操作被真实拒绝（已写入规范流 21 条）：createOrder → [createOrder] 商城拒绝：http://127.0.0.1:6962 → HTTP 400 code=INSUFFICIENT_STOCK message=库存不足: 910000000000000002。商城侧不回滚，已成功的写操作真实存在；请清理后再重跑，或调小 event_count 让订单量落在库存可承受范围内
	at com.graduation.generator.engine.MallApiGenerationEngine.runForTarget(MallApiGenerationEngine.java:154) ~[classes/:na]
	at com.graduation.generator.service.GenerationRunService.execute(GenerationRunService.java:314) ~[classes/:na]
	at com.graduation.generator.service.GenerationRunService.lambda$start$2(GenerationRunService.java:153) ~[classes/:na]
	at java.base/java.util.concurrent.Executors$RunnableAdapter.call(Executors.java:539) ~[na:na]
	at java.base/java.util.concurrent.FutureTask.run(FutureTask.java:264) ~[na:na]
	at java.base/java.util.concurrent.ThreadPoolExecutor.runWorker(ThreadPoolExecutor.java:1136) ~[na:na]
	at java.base/java.util.concurrent.ThreadPoolExecutor$Worker.run(ThreadPoolExecutor.java:635) ~[na:na]
	at java.base/java.lang.Thread.run(Thread.java:842) ~[na:na]

2026-09-12T10:57:32.355+08:00  INFO 50272 --- [synthetic-data-generator] [  generator-run] c.g.g.service.GenerationRunService       : 生成运行收口：runId=it-s4b-b14b66f9-v1-20260912-105732-1afa status=FAILED success=21 failed=0 artifacts=2 manifestRecords=21
[ERROR] Tests run: 1, Failures: 1, Errors: 0, Skipped: 0, Time elapsed: 3.001 s <<< FAILURE! -- in com.graduation.generator.web.MallApiGenerationSmokeTest
[ERROR] com.graduation.generator.web.MallApiGenerationSmokeTest.failedRunStillKeepsPerClassEventStats -- Time elapsed: 0.978 s <<< FAILURE!
org.opentest4j.AssertionFailedError: 失败运行也必须留下运行报告 ==> expected: not <null>
	at org.junit.jupiter.api.AssertionFailureBuilder.build(AssertionFailureBuilder.java:152)
	at org.junit.jupiter.api.AssertionFailureBuilder.buildAndThrow(AssertionFailureBuilder.java:132)
	at org.junit.jupiter.api.AssertNotNull.failNull(AssertNotNull.java:49)
	at org.junit.jupiter.api.AssertNotNull.assertNotNull(AssertNotNull.java:35)
	at org.junit.jupiter.api.Assertions.assertNotNull(Assertions.java:312)
	at com.graduation.generator.web.MallApiGenerationSmokeTest.failedRunStillKeepsPerClassEventStats(MallApiGenerationSmokeTest.java:474)
	at java.base/java.lang.reflect.Method.invoke(Method.java:568)
	at java.base/java.util.ArrayList.forEach(ArrayList.java:1511)
	at java.base/java.util.ArrayList.forEach(ArrayList.java:1511)

[INFO] 
[INFO] Results:
[INFO] 
[ERROR] Failures: 
[ERROR]   MallApiGenerationSmokeTest.failedRunStillKeepsPerClassEventStats:474 失败运行也必须留下运行报告 ==> expected: not <null>
[INFO] 
[ERROR] Tests run: 1, Failures: 1, Errors: 0, Skipped: 0
[INFO] 
[INFO] ------------------------------------------------------------------------
[INFO] BUILD FAILURE
[INFO] ------------------------------------------------------------------------
[INFO] Total time:  3.901 s
[INFO] Finished at: 2026-09-12T10:57:32+08:00
[INFO] ------------------------------------------------------------------------
[ERROR] Failed to execute goal org.apache.maven.plugins:maven-surefire-plugin:3.1.2:test (default-test) on project synthetic-data-generator: There are test failures.
[ERROR] 
[ERROR] Please refer to D:\Develop_code\GraduationProject\synthetic-data-generator\target\surefire-reports for the individual test results.
[ERROR] Please refer to dump files (if any exist) [date].dump, [date]-jvmRun[N].dump and [date].dumpstream.
[ERROR] -> [Help 1]
[ERROR] 
[ERROR] To see the full stack trace of the errors, re-run Maven with the -e switch.
[ERROR] Re-run Maven using the -X switch to enable full debug logging.
[ERROR] 
[ERROR] For more information about the errors and possible solutions, please read the following articles:
[ERROR] [Help 1] http://cwiki.apache.org/confluence/display/MAVEN/MojoFailureException
2026-09-12T10:57:32.466+08:00  INFO 50272 --- [synthetic-data-generator] [ionShutdownHook] com.zaxxer.hikari.HikariDataSource       : HikariPool-1 - Shutdown initiated...
2026-09-12T10:57:32.470+08:00  INFO 50272 --- [synthetic-data-generator] [ionShutdownHook] com.zaxxer.hikari.HikariDataSource       : HikariPool-1 - Shutdown completed.
