
  .   ____          _            __ _ _
 /\\ / ___'_ __ _ _(_)_ __  __ _ \ \ \ \
( ( )\___ | '_ | '_| | '_ \/ _` | \ \ \ \
 \\/  ___)| |_)| | | | | || (_| |  ) ) ) )
  '  |____| .__|_| |_|_| |_\__, | / / / /
 =========|_|==============|___/=/_/_/_/
 :: Spring Boot ::                (v3.2.5)

2026-09-12T11:01:27.123+08:00  INFO 3612 --- [synthetic-data-generator] [           main] c.g.generator.GeneratorApplication       : Starting GeneratorApplication v0.1.0-SNAPSHOT using Java 17.0.12 with PID 3612 (D:\Develop_code\GraduationProject\synthetic-data-generator\target\synthetic-data-generator-0.1.0-SNAPSHOT.jar started by ASUS in D:\Develop_code\GraduationProject)
2026-09-12T11:01:27.125+08:00  INFO 3612 --- [synthetic-data-generator] [           main] c.g.generator.GeneratorApplication       : No active profile set, falling back to 1 default profile: "default"
2026-09-12T11:01:28.212+08:00  INFO 3612 --- [synthetic-data-generator] [           main] com.zaxxer.hikari.HikariDataSource       : HikariPool-1 - Starting...
2026-09-12T11:01:28.523+08:00  INFO 3612 --- [synthetic-data-generator] [           main] com.zaxxer.hikari.pool.HikariPool        : HikariPool-1 - Added connection com.mysql.cj.jdbc.ConnectionImpl@79b84841
2026-09-12T11:01:28.525+08:00  INFO 3612 --- [synthetic-data-generator] [           main] com.zaxxer.hikari.HikariDataSource       : HikariPool-1 - Start completed.
2026-09-12T11:01:28.593+08:00  INFO 3612 --- [synthetic-data-generator] [           main] o.f.c.internal.license.VersionPrinter    : Flyway Community Edition 9.22.3 by Redgate
2026-09-12T11:01:28.595+08:00  INFO 3612 --- [synthetic-data-generator] [           main] o.f.c.internal.license.VersionPrinter    : See release notes here: https://rd.gt/416ObMi
2026-09-12T11:01:28.595+08:00  INFO 3612 --- [synthetic-data-generator] [           main] o.f.c.internal.license.VersionPrinter    : 
2026-09-12T11:01:28.618+08:00  INFO 3612 --- [synthetic-data-generator] [           main] org.flywaydb.core.FlywayExecutor         : Database: jdbc:mysql://127.0.0.1:3306/generator_meta (MySQL 8.0)
2026-09-12T11:01:28.651+08:00  INFO 3612 --- [synthetic-data-generator] [           main] o.f.core.internal.command.DbValidate     : Successfully validated 1 migration (execution time 00:00.019s)
2026-09-12T11:01:28.663+08:00  INFO 3612 --- [synthetic-data-generator] [           main] o.f.core.internal.command.DbMigrate      : Current version of schema `generator_meta`: 1
2026-09-12T11:01:28.668+08:00  INFO 3612 --- [synthetic-data-generator] [           main] o.f.core.internal.command.DbMigrate      : Schema `generator_meta` is up to date. No migration necessary.
2026-09-12T11:01:29.078+08:00  INFO 3612 --- [synthetic-data-generator] [           main] c.g.generator.GeneratorApplication       : Started GeneratorApplication in 2.595 seconds (process running for 3.098)
plan_id=m1-4-d10-failpath-v1 version=1 mode=MALL_API scenario=normal seed=20260912 event_count=860
2026-09-12T11:01:29.138+08:00  INFO 3612 --- [synthetic-data-generator] [           main] com.zaxxer.hikari.HikariDataSource       : HikariPool-1 - Shutdown initiated...
2026-09-12T11:01:29.151+08:00  INFO 3612 --- [synthetic-data-generator] [           main] com.zaxxer.hikari.HikariDataSource       : HikariPool-1 - Shutdown completed.
