Picked up JAVA_TOOL_OPTIONS: -Dfile.encoding=UTF-8 -XX:+UseSerialGC
[INFO] Scanning for projects...
[INFO] ------------------------------------------------------------------------
[INFO] Reactor Build Order:
[INFO] 
[INFO] analytics-server                                                   [pom]
[INFO] platform-common                                                    [jar]
[INFO] connection-ingestion                                               [jar]
[INFO] warehouse-pipeline                                                 [jar]
[INFO] metric-analysis                                                    [jar]
[INFO] ai-decision                                                        [jar]
[INFO] platform-app                                                       [jar]
[INFO] 
[INFO] -------------< com.graduation.analytics:analytics-server >--------------
[INFO] Building analytics-server 0.1.0-SNAPSHOT                           [1/7]
[INFO]   from pom.xml
[INFO] --------------------------------[ pom ]---------------------------------
[INFO] 
[INFO] --------------< com.graduation.analytics:platform-common >--------------
[INFO] Building platform-common 0.1.0-SNAPSHOT                            [2/7]
[INFO]   from platform-common\pom.xml
[INFO] --------------------------------[ jar ]---------------------------------
[INFO] 
[INFO] --- resources:3.3.1:resources (default-resources) @ platform-common ---
[INFO] skip non existing resourceDirectory D:\Develop_code\GraduationProject\analytics-server\platform-common\src\main\resources
[INFO] skip non existing resourceDirectory D:\Develop_code\GraduationProject\analytics-server\platform-common\src\main\resources
[INFO] 
[INFO] --- compiler:3.11.0:compile (default-compile) @ platform-common ---
[INFO] Nothing to compile - all classes are up to date
[INFO] 
[INFO] --- resources:3.3.1:testResources (default-testResources) @ platform-common ---
[INFO] skip non existing resourceDirectory D:\Develop_code\GraduationProject\analytics-server\platform-common\src\test\resources
[INFO] 
[INFO] --- compiler:3.11.0:testCompile (default-testCompile) @ platform-common ---
[INFO] Nothing to compile - all classes are up to date
[INFO] 
[INFO] --- surefire:3.1.2:test (default-test) @ platform-common ---
[WARNING] useSystemClassLoader setting has no effect when not forking
[WARNING] The parameter forkCount should likely not be 0. Forking a JVM for tests improves test accuracy. Ensure to have a <forkCount> >= 1.
[INFO] Using auto detected provider org.apache.maven.surefire.junitplatform.JUnitPlatformProvider
[INFO] Running com.graduation.analytics.common.LandingUriTest
[INFO] Tests run: 4, Failures: 0, Errors: 0, Skipped: 0, Time elapsed: 0.097 s -- in com.graduation.analytics.common.LandingUriTest
[INFO] Running com.graduation.analytics.contracts.CanonicalEventSchemaParityTest
[INFO] Tests run: 5, Failures: 0, Errors: 0, Skipped: 0, Time elapsed: 0.099 s -- in com.graduation.analytics.contracts.CanonicalEventSchemaParityTest
[INFO] Running com.graduation.analytics.warehouse.WarehouseNameLiteralGateTest
[INFO] Tests run: 3, Failures: 0, Errors: 0, Skipped: 0, Time elapsed: 0.111 s -- in com.graduation.analytics.warehouse.WarehouseNameLiteralGateTest
[INFO] Running com.graduation.analytics.warehouse.WarehouseNamespaceContractTest
[INFO] Tests run: 24, Failures: 0, Errors: 0, Skipped: 0, Time elapsed: 0.030 s -- in com.graduation.analytics.warehouse.WarehouseNamespaceContractTest
[INFO] 
[INFO] Results:
[INFO] 
[INFO] Tests run: 36, Failures: 0, Errors: 0, Skipped: 0
[INFO] 
[INFO] 
[INFO] -----------< com.graduation.analytics:connection-ingestion >------------
[INFO] Building connection-ingestion 0.1.0-SNAPSHOT                       [3/7]
[INFO]   from connection-ingestion\pom.xml
[INFO] --------------------------------[ jar ]---------------------------------
[WARNING] 2 problems were encountered while building the effective model for org.apache.yetus:audience-annotations:jar:0.5.0 during dependency collection step for project (use -X to see details)
[INFO] 
[INFO] --- resources:3.3.1:resources (default-resources) @ connection-ingestion ---
[INFO] skip non existing resourceDirectory D:\Develop_code\GraduationProject\analytics-server\connection-ingestion\src\main\resources
[INFO] skip non existing resourceDirectory D:\Develop_code\GraduationProject\analytics-server\connection-ingestion\src\main\resources
[INFO] 
[INFO] --- compiler:3.11.0:compile (default-compile) @ connection-ingestion ---
[INFO] Nothing to compile - all classes are up to date
[INFO] 
[INFO] --- resources:3.3.1:testResources (default-testResources) @ connection-ingestion ---
[INFO] skip non existing resourceDirectory D:\Develop_code\GraduationProject\analytics-server\connection-ingestion\src\test\resources
[INFO] 
[INFO] --- compiler:3.11.0:testCompile (default-testCompile) @ connection-ingestion ---
[INFO] Nothing to compile - all classes are up to date
[INFO] 
[INFO] --- surefire:3.1.2:test (default-test) @ connection-ingestion ---
[WARNING] useSystemClassLoader setting has no effect when not forking
[WARNING] The parameter forkCount should likely not be 0. Forking a JVM for tests improves test accuracy. Ensure to have a <forkCount> >= 1.
[INFO] Using auto detected provider org.apache.maven.surefire.junitplatform.JUnitPlatformProvider
[INFO] Running com.graduation.analytics.auth.AuthInterceptorTest
Java HotSpot(TM) 64-Bit Server VM warning: Sharing is only supported for boot loader classes because bootstrap classpath has been appended
Standard Commons Logging discovery in action with spring-jcl: please remove commons-logging.jar from classpath in order to avoid potential conflicts
SLF4J(W): Class path contains multiple SLF4J providers.
SLF4J(W): Found provider [ch.qos.logback.classic.spi.LogbackServiceProvider@bb38c49]
SLF4J(W): Found provider [org.slf4j.reload4j.Reload4jServiceProvider@4e67e090]
SLF4J(W): See https://www.slf4j.org/codes.html#multiple_bindings for an explanation.
SLF4J(I): Actual provider is of type [ch.qos.logback.classic.spi.LogbackServiceProvider@bb38c49]
[INFO] Tests run: 13, Failures: 0, Errors: 0, Skipped: 0, Time elapsed: 0.773 s -- in com.graduation.analytics.auth.AuthInterceptorTest
[INFO] Running com.graduation.analytics.auth.AuthServiceRoleWhitelistTest
[INFO] Tests run: 5, Failures: 0, Errors: 0, Skipped: 0, Time elapsed: 0.427 s -- in com.graduation.analytics.auth.AuthServiceRoleWhitelistTest
[INFO] Running com.graduation.analytics.auth.RolePermissionsTest
[INFO] Tests run: 11, Failures: 0, Errors: 0, Skipped: 0, Time elapsed: 0.007 s -- in com.graduation.analytics.auth.RolePermissionsTest
[INFO] Running com.graduation.analytics.ingestion.IngestionRunNoNewDataTest
19:57:14.004 [main] INFO com.graduation.analytics.ingestion.IngestionService -- ingestion run ing-20260912100000-63f94ffa: status=QUARANTINED records=0 quarantine=4 errors=0 files=1 bytes=0 noNewData=false
19:57:14.049 [main] INFO com.graduation.analytics.ingestion.IngestionService -- ingestion run ing-20260912100000-c467c44c: status=SUCCESS records=0 quarantine=0 errors=0 files=0 bytes=0 noNewData=true
19:57:14.061 [main] INFO com.graduation.analytics.ingestion.IngestionService -- ingestion run ing-20260912100000-04674215: status=SUCCESS records=3 quarantine=0 errors=0 files=1 bytes=64 noNewData=false
19:57:14.071 [main] INFO com.graduation.analytics.ingestion.IngestionService -- ingestion run ing-20260912100000-0d83227f: status=SUCCESS records=0 quarantine=0 errors=0 files=0 bytes=0 noNewData=true
[INFO] Tests run: 4, Failures: 0, Errors: 0, Skipped: 0, Time elapsed: 0.191 s -- in com.graduation.analytics.ingestion.IngestionRunNoNewDataTest
[INFO] Running com.graduation.analytics.ingestion.IngestionServiceStatusTest
19:57:14.242 [main] WARN com.graduation.analytics.ingestion.IngestionService -- landingUri 不可解析（profile 1）：暂不支持的 landingUri 协议：hdfs://（当前仅支持本地 file:// 与裸路径）
[INFO] Tests run: 11, Failures: 0, Errors: 0, Skipped: 0, Time elapsed: 0.168 s -- in com.graduation.analytics.ingestion.IngestionServiceStatusTest
[INFO] Running com.graduation.analytics.ingestion.LocalFileIngestorCheckpointKeyTest
19:57:14.352 [main] INFO com.graduation.analytics.ingestion.LocalFileIngestor -- ingest a.jsonl: collected=2 quarantined=0 acceptedBytes=16 offset 0→16 identity=1789127834345
[INFO] Tests run: 3, Failures: 0, Errors: 0, Skipped: 0, Time elapsed: 0.070 s -- in com.graduation.analytics.ingestion.LocalFileIngestorCheckpointKeyTest
[INFO] Running com.graduation.analytics.ingestion.LocalFileIngestorConsumableDataTest
[INFO] Tests run: 11, Failures: 0, Errors: 0, Skipped: 0, Time elapsed: 0.051 s -- in com.graduation.analytics.ingestion.LocalFileIngestorConsumableDataTest
[INFO] Running com.graduation.analytics.runtime.submit.LocalProcessSparkSubmitterLogTest
[INFO] Tests run: 5, Failures: 0, Errors: 0, Skipped: 0, Time elapsed: 0.037 s -- in com.graduation.analytics.runtime.submit.LocalProcessSparkSubmitterLogTest
[INFO] Running com.graduation.analytics.runtime.submit.LocalProcessSparkSubmitterProcessTest
19:57:14.481 [main] INFO com.graduation.analytics.runtime.submit.LocalProcessSparkSubmitter -- spark-submit lp-1789127834465-c2e56c -> pid=28400 log=C:\Users\ASUS\AppData\Local\Temp\junit13461710391401574359\m1-11-ok__lp-1789127834465-c2e56c.log
19:57:14.598 [main] INFO com.graduation.analytics.runtime.submit.LocalProcessSparkSubmitter -- spark-submit lp-1789127834587-d6d795 -> pid=41316 log=C:\Users\ASUS\AppData\Local\Temp\junit13461710391401574359\m1-11-bad__lp-1789127834587-d6d795.log
19:57:14.723 [main] INFO com.graduation.analytics.runtime.submit.LocalProcessSparkSubmitter -- spark-submit lp-1789127834714-39e39a -> pid=37092 log=C:\Users\ASUS\AppData\Local\Temp\junit5985559806584533213\m1-11-cancel__lp-1789127834714-39e39a.log
19:57:14.741 [main] WARN com.graduation.analytics.runtime.submit.LocalProcessSparkSubmitter -- 本地进程任务已终止: lp-1789127834714-39e39a pid=37092 子进程=1
19:57:14.743 [spark-log-lp-1789127834714-39e39a] WARN com.graduation.analytics.runtime.submit.LocalProcessSparkSubmitter -- capture spark-submit log failed: C:\Users\ASUS\AppData\Local\Temp\junit5985559806584533213\m1-11-cancel__lp-1789127834714-39e39a.log
[INFO] Tests run: 4, Failures: 0, Errors: 0, Skipped: 0, Time elapsed: 0.284 s -- in com.graduation.analytics.runtime.submit.LocalProcessSparkSubmitterProcessTest
[INFO] 
[INFO] Results:
[INFO] 
[INFO] Tests run: 67, Failures: 0, Errors: 0, Skipped: 0
[INFO] 
[INFO] 
[INFO] ------------< com.graduation.analytics:warehouse-pipeline >-------------
[INFO] Building warehouse-pipeline 0.1.0-SNAPSHOT                         [4/7]
[INFO]   from warehouse-pipeline\pom.xml
[INFO] --------------------------------[ jar ]---------------------------------
[INFO] 
[INFO] --- resources:3.3.1:resources (default-resources) @ warehouse-pipeline ---
[INFO] skip non existing resourceDirectory D:\Develop_code\GraduationProject\analytics-server\warehouse-pipeline\src\main\resources
[INFO] skip non existing resourceDirectory D:\Develop_code\GraduationProject\analytics-server\warehouse-pipeline\src\main\resources
[INFO] 
[INFO] --- compiler:3.11.0:compile (default-compile) @ warehouse-pipeline ---
[INFO] Nothing to compile - all classes are up to date
[INFO] 
[INFO] --- resources:3.3.1:testResources (default-testResources) @ warehouse-pipeline ---
[INFO] skip non existing resourceDirectory D:\Develop_code\GraduationProject\analytics-server\warehouse-pipeline\src\test\resources
[INFO] 
[INFO] --- compiler:3.11.0:testCompile (default-testCompile) @ warehouse-pipeline ---
[INFO] Nothing to compile - all classes are up to date
[INFO] 
[INFO] --- surefire:3.1.2:test (default-test) @ warehouse-pipeline ---
[WARNING] useSystemClassLoader setting has no effect when not forking
[WARNING] The parameter forkCount should likely not be 0. Forking a JVM for tests improves test accuracy. Ensure to have a <forkCount> >= 1.
[INFO] Using auto detected provider org.apache.maven.surefire.junitplatform.JUnitPlatformProvider
[INFO] Running com.graduation.analytics.contracts.EventContractTest
[INFO] Tests run: 28, Failures: 0, Errors: 0, Skipped: 0, Time elapsed: 0.152 s -- in com.graduation.analytics.contracts.EventContractTest
[INFO] Running com.graduation.analytics.pipeline.DataQualityGateTest
Java HotSpot(TM) 64-Bit Server VM warning: Sharing is only supported for boot loader classes because bootstrap classpath has been appended
[INFO] Tests run: 6, Failures: 0, Errors: 0, Skipped: 0, Time elapsed: 0.476 s -- in com.graduation.analytics.pipeline.DataQualityGateTest
[INFO] Running com.graduation.analytics.pipeline.PipelineRecoveryServiceTest
[INFO] Tests run: 3, Failures: 0, Errors: 0, Skipped: 0, Time elapsed: 0.176 s -- in com.graduation.analytics.pipeline.PipelineRecoveryServiceTest
[INFO] Running com.graduation.analytics.pipeline.PipelineServiceTest
19:57:16.212 [main] WARN com.graduation.analytics.pipeline.PipelineService -- pipeline 1 failed: ADS 暂存质量门未通过，正式分区未发布: dqc: 质量门阻断发布: ADS_STAGING_PRESENT
19:57:16.311 [main] WARN com.graduation.analytics.pipeline.PipelineService -- pipeline 1 failed: 金额对账未通过，正式分区未发布
19:57:16.322 [main] WARN com.graduation.analytics.pipeline.PipelineService -- pipeline 1 failed: accepted 无归属业务日事件
19:57:16.349 [main] WARN com.graduation.analytics.pipeline.PipelineService -- pipeline 1 failed: accepted 无归属业务日事件
19:57:16.377 [main] WARN com.graduation.analytics.pipeline.PipelineService -- pipeline 1 failed: BUILD_DWD 作业失败: bdw: 作业失败
19:57:16.390 [main] WARN com.graduation.analytics.pipeline.PipelineService -- pipeline 1 failed: accepted 无归属业务日事件
19:57:16.402 [main] INFO com.graduation.analytics.pipeline.PipelineService -- pipeline 1: stage WAIT_LANDING 已成功，重试跳过（不重复执行）
[INFO] Tests run: 12, Failures: 0, Errors: 0, Skipped: 0, Time elapsed: 0.436 s -- in com.graduation.analytics.pipeline.PipelineServiceTest
[INFO] Running com.graduation.analytics.pipeline.QualityCheckerAmountReconcileTest
19:57:16.473 [main] INFO com.graduation.analytics.pipeline.QualityChecker -- quality check: rules=4 corePassed=true
19:57:16.475 [main] INFO com.graduation.analytics.pipeline.QualityChecker -- quality check: rules=4 corePassed=false
19:57:16.476 [main] INFO com.graduation.analytics.pipeline.QualityChecker -- quality check: rules=4 corePassed=true
19:57:16.477 [main] INFO com.graduation.analytics.pipeline.QualityChecker -- quality check: rules=4 corePassed=false
19:57:16.478 [main] INFO com.graduation.analytics.pipeline.QualityChecker -- quality check: rules=4 corePassed=false
[INFO] Tests run: 4, Failures: 0, Errors: 0, Skipped: 0, Time elapsed: 0.013 s -- in com.graduation.analytics.pipeline.QualityCheckerAmountReconcileTest
[INFO] Running com.graduation.analytics.pipeline.spark.JobCommandBuilderTest
[INFO] Tests run: 9, Failures: 0, Errors: 0, Skipped: 0, Time elapsed: 0.010 s -- in com.graduation.analytics.pipeline.spark.JobCommandBuilderTest
[INFO] Running com.graduation.analytics.pipeline.spark.JobResultParserTest
[INFO] Tests run: 12, Failures: 0, Errors: 0, Skipped: 0, Time elapsed: 0.012 s -- in com.graduation.analytics.pipeline.spark.JobResultParserTest
[INFO] Running com.graduation.analytics.pipeline.spark.SparkStageExecutorSmokeTest
19:57:16.584 [main] INFO com.graduation.analytics.runtime.submit.LocalProcessSparkSubmitter -- spark-submit lp-1789127836570-321f88 -> pid=37724 log=D:\Develop_code\GraduationProject\tests\r6-smoke-warehouse\logs\smoke-sci__lp-1789127836570-321f88.log
19:57:29.824 [main] INFO com.graduation.analytics.runtime.submit.LocalProcessSparkSubmitter -- spark-submit lp-1789127849811-205f3e -> pid=12744 log=D:\Develop_code\GraduationProject\tests\r6-smoke-warehouse\logs\pipeline-1-LOAD_ODS-odl-a1__lp-1789127849811-205f3e.log
[smoke] warehouse=D:\Develop_code\GraduationProject\tests\r6-smoke-warehouse\warehouse
[INFO] Tests run: 1, Failures: 0, Errors: 0, Skipped: 0, Time elapsed: 34.49 s -- in com.graduation.analytics.pipeline.spark.SparkStageExecutorSmokeTest
[INFO] Running com.graduation.analytics.pipeline.spark.SparkStageExecutorTest
19:57:51.054 [main] WARN com.graduation.analytics.pipeline.spark.SparkStageExecutor -- stage LOAD_ODS fail-fast: job odl 失败（外部任务被取消），不再提交剩余作业 []
19:57:51.056 [main] WARN com.graduation.analytics.pipeline.spark.SparkStageExecutor -- stage LOAD_ODS fail-fast: job odl 失败（进程退出码非0(exit=1): schema mismatch），不再提交剩余作业 []
19:57:53.063 [main] WARN com.graduation.analytics.pipeline.spark.SparkStageExecutor -- stage LOAD_ODS fail-fast: job odl 失败（未找到 JobResult 结果行），不再提交剩余作业 []
19:57:53.065 [main] WARN com.graduation.analytics.pipeline.spark.SparkStageExecutor -- stage LOAD_ODS fail-fast: job odl 失败（进程退出码非0(exit=1): ok），不再提交剩余作业 []
19:57:53.067 [main] WARN com.graduation.analytics.pipeline.spark.SparkStageExecutor -- stage BUILD_DWD fail-fast: job dim 失败（进程退出码非0(exit=1): 维度构建失败），不再提交剩余作业 [tdw]
[INFO] Tests run: 10, Failures: 0, Errors: 0, Skipped: 0, Time elapsed: 2.016 s -- in com.graduation.analytics.pipeline.spark.SparkStageExecutorTest
[INFO] Running com.graduation.analytics.runtime.submit.FakeJobSubmitterTest
[INFO] Tests run: 5, Failures: 0, Errors: 0, Skipped: 0, Time elapsed: 0.002 s -- in com.graduation.analytics.runtime.submit.FakeJobSubmitterTest
[INFO] Running com.graduation.analytics.runtime.submit.JobSubmitterFactoryTest
[INFO] Tests run: 8, Failures: 0, Errors: 0, Skipped: 0, Time elapsed: 0.010 s -- in com.graduation.analytics.runtime.submit.JobSubmitterFactoryTest
[INFO] Running com.graduation.analytics.runtime.submit.LocalProcessSparkSubmitterLogTest
19:57:53.137 [main] INFO com.graduation.analytics.runtime.submit.LocalProcessSparkSubmitter -- spark-submit lp-1789127873126-e668ea -> pid=22684 log=C:\Users\ASUS\AppData\Local\Temp\junit13538452239017174452\prefix-1789127873126__lp-1789127873126-e668ea.log
19:57:53.266 [main] INFO com.graduation.analytics.runtime.submit.LocalProcessSparkSubmitter -- spark-submit lp-1789127873255-b88631 -> pid=39716 log=C:\Users\ASUS\AppData\Local\Temp\junit13602405137375487406\pipeline-9-LOAD_ODS__lp-1789127873255-b88631.log
[INFO] Tests run: 4, Failures: 0, Errors: 0, Skipped: 0, Time elapsed: 0.254 s -- in com.graduation.analytics.runtime.submit.LocalProcessSparkSubmitterLogTest
[INFO] 
[INFO] Results:
[INFO] 
[INFO] Tests run: 102, Failures: 0, Errors: 0, Skipped: 0
[INFO] 
[INFO] 
[INFO] --------------< com.graduation.analytics:metric-analysis >--------------
[INFO] Building metric-analysis 0.1.0-SNAPSHOT                            [5/7]
[INFO]   from metric-analysis\pom.xml
[INFO] --------------------------------[ jar ]---------------------------------
[INFO] 
[INFO] --- resources:3.3.1:resources (default-resources) @ metric-analysis ---
[INFO] skip non existing resourceDirectory D:\Develop_code\GraduationProject\analytics-server\metric-analysis\src\main\resources
[INFO] skip non existing resourceDirectory D:\Develop_code\GraduationProject\analytics-server\metric-analysis\src\main\resources
[INFO] 
[INFO] --- compiler:3.11.0:compile (default-compile) @ metric-analysis ---
[INFO] Nothing to compile - all classes are up to date
[INFO] 
[INFO] --- resources:3.3.1:testResources (default-testResources) @ metric-analysis ---
[INFO] skip non existing resourceDirectory D:\Develop_code\GraduationProject\analytics-server\metric-analysis\src\test\resources
[INFO] 
[INFO] --- compiler:3.11.0:testCompile (default-testCompile) @ metric-analysis ---
[INFO] Nothing to compile - all classes are up to date
[INFO] 
[INFO] --- surefire:3.1.2:test (default-test) @ metric-analysis ---
[WARNING] useSystemClassLoader setting has no effect when not forking
[WARNING] The parameter forkCount should likely not be 0. Forking a JVM for tests improves test accuracy. Ensure to have a <forkCount> >= 1.
[INFO] Using auto detected provider org.apache.maven.surefire.junitplatform.JUnitPlatformProvider
[INFO] Running com.graduation.analytics.analysis.AnalysisServiceTest
Java HotSpot(TM) 64-Bit Server VM warning: Sharing is only supported for boot loader classes because bootstrap classpath has been appended
19:57:54.291 [main] WARN com.graduation.analytics.analysis.AnalysisService -- quality gate unavailable for run 24: meta 库不可用
[INFO] Tests run: 9, Failures: 0, Errors: 0, Skipped: 0, Time elapsed: 0.692 s -- in com.graduation.analytics.analysis.AnalysisServiceTest
[INFO] Running com.graduation.analytics.analysis.AnalysisSourcePolicyTest
[INFO] Tests run: 3, Failures: 0, Errors: 0, Skipped: 0, Time elapsed: 0.013 s -- in com.graduation.analytics.analysis.AnalysisSourcePolicyTest
[INFO] Running com.graduation.analytics.analysis.AnalysisViewModelTest
[INFO] Tests run: 3, Failures: 0, Errors: 0, Skipped: 0, Time elapsed: 0.002 s -- in com.graduation.analytics.analysis.AnalysisViewModelTest
[INFO] Running com.graduation.analytics.analysis.RfmServiceTest
[INFO] Tests run: 5, Failures: 0, Errors: 0, Skipped: 0, Time elapsed: 0.014 s -- in com.graduation.analytics.analysis.RfmServiceTest
[INFO] Running com.graduation.analytics.metric.MetricAdsDaoTest
19:57:54.460 [main] INFO com.graduation.analytics.metric.MetricAdsWriter -- metric ads delete snapshot snap-r7: 共删除 16 行（8 张表）
19:57:54.474 [main] INFO com.graduation.analytics.metric.MetricAdsWriter -- metric ads insert ads_operation_overview_m (snapshot=snap-r7, dt=2026-09-04): 2 行 / 3 列
[INFO] Tests run: 9, Failures: 0, Errors: 0, Skipped: 0, Time elapsed: 0.105 s -- in com.graduation.analytics.metric.MetricAdsDaoTest
[INFO] Running com.graduation.analytics.metric.publish.MetricPublishValidatorTest
[INFO] Tests run: 9, Failures: 0, Errors: 0, Skipped: 0, Time elapsed: 0.151 s -- in com.graduation.analytics.metric.publish.MetricPublishValidatorTest
[INFO] 
[INFO] Results:
[INFO] 
[INFO] Tests run: 38, Failures: 0, Errors: 0, Skipped: 0
[INFO] 
[INFO] 
[INFO] ----------------< com.graduation.analytics:ai-decision >----------------
[INFO] Building ai-decision 0.1.0-SNAPSHOT                                [6/7]
[INFO]   from ai-decision\pom.xml
[INFO] --------------------------------[ jar ]---------------------------------
[INFO] 
[INFO] --- resources:3.3.1:resources (default-resources) @ ai-decision ---
[INFO] skip non existing resourceDirectory D:\Develop_code\GraduationProject\analytics-server\ai-decision\src\main\resources
[INFO] skip non existing resourceDirectory D:\Develop_code\GraduationProject\analytics-server\ai-decision\src\main\resources
[INFO] 
[INFO] --- compiler:3.11.0:compile (default-compile) @ ai-decision ---
[INFO] Nothing to compile - all classes are up to date
[INFO] 
[INFO] --- resources:3.3.1:testResources (default-testResources) @ ai-decision ---
[INFO] skip non existing resourceDirectory D:\Develop_code\GraduationProject\analytics-server\ai-decision\src\test\resources
[INFO] 
[INFO] --- compiler:3.11.0:testCompile (default-testCompile) @ ai-decision ---
[INFO] Nothing to compile - all classes are up to date
[INFO] 
[INFO] --- surefire:3.1.2:test (default-test) @ ai-decision ---
[WARNING] useSystemClassLoader setting has no effect when not forking
[WARNING] The parameter forkCount should likely not be 0. Forking a JVM for tests improves test accuracy. Ensure to have a <forkCount> >= 1.
[INFO] Using auto detected provider org.apache.maven.surefire.junitplatform.JUnitPlatformProvider
[INFO] Running com.graduation.analytics.ai.AiSqlDriftTest
[INFO] Tests run: 6, Failures: 0, Errors: 0, Skipped: 0, Time elapsed: 0.034 s -- in com.graduation.analytics.ai.AiSqlDriftTest
[INFO] Running com.graduation.analytics.ai.AiSqlSecurityTest
Java HotSpot(TM) 64-Bit Server VM warning: Sharing is only supported for boot loader classes because bootstrap classpath has been appended
[INFO] Tests run: 33, Failures: 0, Errors: 0, Skipped: 0, Time elapsed: 0.787 s -- in com.graduation.analytics.ai.AiSqlSecurityTest
[INFO] Running com.graduation.analytics.ai.evidence.EvidenceBuilderTest
19:57:55.902 [main] WARN com.graduation.analytics.ai.evidence.EvidenceBuilder -- 证据包商品维度读取失败（降级为空维度）: metricReadDataSource 未配置
[INFO] Tests run: 7, Failures: 0, Errors: 0, Skipped: 0, Time elapsed: 0.165 s -- in com.graduation.analytics.ai.evidence.EvidenceBuilderTest
[INFO] Running com.graduation.analytics.ai.ExplanationEvidenceTest
19:57:56.033 [main] WARN com.graduation.analytics.ai.ExplanationService -- evidence explanation rewrite failed, fallback to template: timeout
[INFO] Tests run: 5, Failures: 0, Errors: 0, Skipped: 0, Time elapsed: 0.116 s -- in com.graduation.analytics.ai.ExplanationEvidenceTest
[INFO] Running com.graduation.analytics.ai.QuestionSafetyScreenTest
[INFO] Tests run: 3, Failures: 0, Errors: 0, Skipped: 0, Time elapsed: 0.003 s -- in com.graduation.analytics.ai.QuestionSafetyScreenTest
[INFO] Running com.graduation.analytics.ai.sql.ComponentWiringContractTest
[INFO] Tests run: 2, Failures: 0, Errors: 0, Skipped: 0, Time elapsed: 0.019 s -- in com.graduation.analytics.ai.sql.ComponentWiringContractTest
[INFO] Running com.graduation.analytics.ai.TextToSqlAuditTest
19:57:56.138 [main] WARN com.graduation.analytics.ai.TextToSqlService -- text-to-sql rejected at stage SCOPE_RESOLVE: [NO_ACTIVE_SNAPSHOT] metric_snapshot 中没有 status='ACTIVE'
19:57:56.306 [main] WARN com.graduation.analytics.ai.TextToSqlService -- text-to-sql rejected at stage REPAIR: [SQL_JOIN] 修复后仍未通过安全校验: 禁止 JOIN（第一阶段强制单表查询）
[INFO] Tests run: 4, Failures: 0, Errors: 0, Skipped: 0, Time elapsed: 0.238 s -- in com.graduation.analytics.ai.TextToSqlAuditTest
[INFO] Running com.graduation.analytics.decision.AuditActorTest
[INFO] Tests run: 2, Failures: 0, Errors: 0, Skipped: 0, Time elapsed: 0.002 s -- in com.graduation.analytics.decision.AuditActorTest
[INFO] Running com.graduation.analytics.decision.DecisionServiceTest
19:57:56.430 [main] INFO com.graduation.analytics.decision.DecisionService -- 决策 DC-20260901120000-abcd 批准 by=alice 基线=100.0000（快照 S20260901_24）窗口 3 天
19:57:56.432 [main] INFO com.graduation.analytics.decision.DecisionService -- 决策 DC-20260901120000-abcd 评价结果=EFFECTIVE 基线=100.0000 实际=80.0000 改善率=0.2000（窗口 2026-09-05~2026-09-07，口径 r8-window-v1）
19:57:56.437 [main] INFO com.graduation.analytics.decision.DecisionService -- 决策草稿创建 id=null no=DC-20260911195756-729c source=ai by=alice
19:57:56.440 [main] INFO com.graduation.analytics.decision.DecisionService -- 决策 DC-20260901120000-abcd 评价结果=EFFECTIVE 基线=100.0000 实际=120.0000 改善率=0.2000（窗口 2026-09-05~2026-09-07，口径 r8-window-v1）
19:57:56.445 [main] INFO com.graduation.analytics.decision.DecisionService -- 决策 DC-20260901120000-abcd 评价结果=INSUFFICIENT_DATA 基线=0.0000 实际=null 改善率=null（窗口 2026-09-05~2026-09-07，口径 r8-window-v1）
19:57:56.450 [main] INFO com.graduation.analytics.decision.DecisionService -- 决策 DC-20260901120000-abcd 评价结果=INSUFFICIENT_DATA 基线=100 实际=null 改善率=null（窗口 2026-09-05~2026-09-07，口径 r8-window-v1）
19:57:56.452 [main] INFO com.graduation.analytics.decision.DecisionService -- 决策 DC-20260901120000-abcd 评价结果=INSUFFICIENT_DATA 基线=100.0000 实际=null 改善率=null（窗口 2026-09-05~2026-09-07，口径 r8-window-v1）
19:57:56.454 [main] INFO com.graduation.analytics.decision.DecisionService -- 决策 DC-20260901120000-abcd 评价结果=EFFECTIVE 基线=100.0000 实际=110.0000 改善率=0.1000（窗口 2026-09-05~2026-09-07，口径 r8-window-v1）
19:57:56.458 [main] INFO com.graduation.analytics.decision.DecisionService -- 决策 DC-20260901120000-abcd 评价结果=PARTIAL 基线=100.0000 实际=102.0000 改善率=0.0200（窗口 2026-09-05~2026-09-07，口径 r8-window-v1）
19:57:56.460 [main] INFO com.graduation.analytics.decision.DecisionService -- 决策 DC-20260901120000-abcd 评价结果=INSUFFICIENT_DATA 基线=100.0000 实际=null 改善率=null（窗口 2026-09-05~2026-09-07，口径 r8-window-v1）
19:57:56.463 [main] INFO com.graduation.analytics.decision.DecisionService -- 决策 DC-20260901120000-abcd 评价结果=INEFFECTIVE 基线=100.0000 实际=90.0000 改善率=-0.1000（窗口 2026-09-05~2026-09-07，口径 r8-window-v1）
[INFO] Tests run: 22, Failures: 0, Errors: 0, Skipped: 0, Time elapsed: 0.133 s -- in com.graduation.analytics.decision.DecisionServiceTest
[INFO] Running com.graduation.analytics.decision.DecisionStateMachineTest
[INFO] Tests run: 7, Failures: 0, Errors: 0, Skipped: 0, Time elapsed: 0.003 s -- in com.graduation.analytics.decision.DecisionStateMachineTest
[INFO] 
[INFO] Results:
[INFO] 
[INFO] Tests run: 91, Failures: 0, Errors: 0, Skipped: 0
[INFO] 
[INFO] 
[INFO] ---------------< com.graduation.analytics:platform-app >----------------
[INFO] Building platform-app 0.1.0-SNAPSHOT                               [7/7]
[INFO]   from platform-app\pom.xml
[INFO] --------------------------------[ jar ]---------------------------------
[INFO] 
[INFO] --- resources:3.3.1:resources (default-resources) @ platform-app ---
[INFO] Copying 1 resource from src\main\resources to target\classes
[INFO] Copying 44 resources from src\main\resources to target\classes
[INFO] 
[INFO] --- compiler:3.11.0:compile (default-compile) @ platform-app ---
[INFO] Changes detected - recompiling the module! :source
[INFO] Compiling 19 source files with javac [debug release 17] to target\classes
[INFO] 
[INFO] --- resources:3.3.1:testResources (default-testResources) @ platform-app ---
[INFO] skip non existing resourceDirectory D:\Develop_code\GraduationProject\analytics-server\platform-app\src\test\resources
[INFO] 
[INFO] --- compiler:3.11.0:testCompile (default-testCompile) @ platform-app ---
[INFO] Changes detected - recompiling the module! :dependency
[INFO] Compiling 12 source files with javac [debug release 17] to target\test-classes
[INFO] 
[INFO] --- surefire:3.1.2:test (default-test) @ platform-app ---
[WARNING] useSystemClassLoader setting has no effect when not forking
[WARNING] The parameter forkCount should likely not be 0. Forking a JVM for tests improves test accuracy. Ensure to have a <forkCount> >= 1.
[INFO] Using auto detected provider org.apache.maven.surefire.junitplatform.JUnitPlatformProvider
[INFO] Running com.graduation.analytics.auth.UserAdminControllerAuditTest
Java HotSpot(TM) 64-Bit Server VM warning: Sharing is only supported for boot loader classes because bootstrap classpath has been appended
[INFO] Tests run: 7, Failures: 0, Errors: 0, Skipped: 0, Time elapsed: 0.598 s -- in com.graduation.analytics.auth.UserAdminControllerAuditTest
[INFO] Running com.graduation.analytics.boundary.PlatformMallBoundarySourcePolicyTest
[INFO] Tests run: 3, Failures: 0, Errors: 0, Skipped: 0, Time elapsed: 0.120 s -- in com.graduation.analytics.boundary.PlatformMallBoundarySourcePolicyTest
[INFO] Running com.graduation.analytics.controller.AiControllerIdentityTest
19:58:00.173 [main] WARN com.graduation.analytics.controller.AiController -- AI 问数未取到快照锚点（证据包=构建失败，结果行=null）：按 null 记录，不使用占位值
19:58:00.212 [main] WARN com.graduation.analytics.controller.AiController -- AI 问数未取到快照锚点（证据包=构建失败，结果行=null）：按 null 记录，不使用占位值
[INFO] Tests run: 7, Failures: 0, Errors: 0, Skipped: 0, Time elapsed: 0.321 s -- in com.graduation.analytics.controller.AiControllerIdentityTest
[INFO] Running com.graduation.analytics.controller.AiExplanationEndpointTest
19:58:00.347 [main] WARN com.graduation.analytics.controller.AiController -- 证据解释审计写入失败（operation_audit_log 是否已随 V14 建表？）: Table 'analytics_meta.operation_audit_log' doesn't exist
[INFO] Tests run: 7, Failures: 0, Errors: 0, Skipped: 0, Time elapsed: 0.124 s -- in com.graduation.analytics.controller.AiExplanationEndpointTest
[INFO] Running com.graduation.analytics.controller.AuthResponseMeasurementTest
19:58:00.670 [main] INFO org.hibernate.validator.internal.util.Version -- HV000001: Hibernate Validator 8.0.1.Final
19:58:00.935 [main] INFO org.springframework.mock.web.MockServletContext -- Initializing Spring TestDispatcherServlet ''
19:58:00.935 [main] INFO org.springframework.test.web.servlet.TestDispatcherServlet -- Initializing Servlet ''
19:58:00.937 [main] INFO org.springframework.test.web.servlet.TestDispatcherServlet -- Completed initialization in 2 ms
19:58:01.124 [main] INFO org.springframework.mock.web.MockServletContext -- Initializing Spring TestDispatcherServlet ''
19:58:01.125 [main] INFO org.springframework.test.web.servlet.TestDispatcherServlet -- Initializing Servlet ''
19:58:01.125 [main] INFO org.springframework.test.web.servlet.TestDispatcherServlet -- Completed initialization in 0 ms
19:58:01.144 [main] INFO org.springframework.mock.web.MockServletContext -- Initializing Spring TestDispatcherServlet ''
19:58:01.145 [main] INFO org.springframework.test.web.servlet.TestDispatcherServlet -- Initializing Servlet ''
19:58:01.145 [main] INFO org.springframework.test.web.servlet.TestDispatcherServlet -- Completed initialization in 0 ms
19:58:01.162 [main] INFO org.springframework.mock.web.MockServletContext -- Initializing Spring TestDispatcherServlet ''
19:58:01.163 [main] INFO org.springframework.test.web.servlet.TestDispatcherServlet -- Initializing Servlet ''
19:58:01.163 [main] INFO org.springframework.test.web.servlet.TestDispatcherServlet -- Completed initialization in 0 ms
19:58:01.191 [main] INFO org.springframework.mock.web.MockServletContext -- Initializing Spring TestDispatcherServlet ''
19:58:01.192 [main] INFO org.springframework.test.web.servlet.TestDispatcherServlet -- Initializing Servlet ''
19:58:01.192 [main] INFO org.springframework.test.web.servlet.TestDispatcherServlet -- Completed initialization in 0 ms
19:58:01.214 [main] INFO org.springframework.mock.web.MockServletContext -- Initializing Spring TestDispatcherServlet ''
19:58:01.214 [main] INFO org.springframework.test.web.servlet.TestDispatcherServlet -- Initializing Servlet ''
19:58:01.214 [main] INFO org.springframework.test.web.servlet.TestDispatcherServlet -- Completed initialization in 0 ms
[INFO] Tests run: 6, Failures: 0, Errors: 0, Skipped: 0, Time elapsed: 0.847 s -- in com.graduation.analytics.controller.AuthResponseMeasurementTest
[INFO] Running com.graduation.analytics.controller.CallerContextTest
[INFO] Tests run: 6, Failures: 0, Errors: 0, Skipped: 0, Time elapsed: 0.003 s -- in com.graduation.analytics.controller.CallerContextTest
[INFO] Running com.graduation.analytics.controller.ControllerPermissionCoverageTest
[INFO] Tests run: 5, Failures: 0, Errors: 0, Skipped: 0, Time elapsed: 0.280 s -- in com.graduation.analytics.controller.ControllerPermissionCoverageTest
[INFO] Running com.graduation.analytics.controller.DecisionControllerAuditTest
19:58:01.558 [main] ERROR com.graduation.analytics.controller.DecisionController -- 决策失败审计写入失败: action=DECISION_REJECT, id=3
java.lang.RuntimeException: audit db down
	at com.graduation.analytics.decision.OperationAuditService.failure(OperationAuditService.java:61)
	at com.graduation.analytics.controller.DecisionController.action(DecisionController.java:151)
	at com.graduation.analytics.controller.DecisionController.reject(DecisionController.java:88)
	at com.graduation.analytics.controller.DecisionControllerAuditTest.lambda$auditFailureDoesNotMaskBusinessError$2(DecisionControllerAuditTest.java:97)
	at org.junit.jupiter.api.AssertThrows.assertThrows(AssertThrows.java:53)
	at org.junit.jupiter.api.AssertThrows.assertThrows(AssertThrows.java:35)
	at org.junit.jupiter.api.Assertions.assertThrows(Assertions.java:3115)
	at com.graduation.analytics.controller.DecisionControllerAuditTest.auditFailureDoesNotMaskBusinessError(DecisionControllerAuditTest.java:96)
	at java.base/jdk.internal.reflect.NativeMethodAccessorImpl.invoke0(Native Method)
	at java.base/jdk.internal.reflect.NativeMethodAccessorImpl.invoke(NativeMethodAccessorImpl.java:77)
	at java.base/jdk.internal.reflect.DelegatingMethodAccessorImpl.invoke(DelegatingMethodAccessorImpl.java:43)
	at java.base/java.lang.reflect.Method.invoke(Method.java:568)
	at org.junit.platform.commons.util.ReflectionUtils.invokeMethod(ReflectionUtils.java:728)
	at org.junit.jupiter.engine.execution.MethodInvocation.proceed(MethodInvocation.java:60)
	at org.junit.jupiter.engine.execution.InvocationInterceptorChain$ValidatingInvocation.proceed(InvocationInterceptorChain.java:131)
	at org.junit.jupiter.engine.extension.TimeoutExtension.intercept(TimeoutExtension.java:156)
	at org.junit.jupiter.engine.extension.TimeoutExtension.interceptTestableMethod(TimeoutExtension.java:147)
	at org.junit.jupiter.engine.extension.TimeoutExtension.interceptTestMethod(TimeoutExtension.java:86)
	at org.junit.jupiter.engine.execution.InterceptingExecutableInvoker$ReflectiveInterceptorCall.lambda$ofVoidMethod$0(InterceptingExecutableInvoker.java:103)
	at org.junit.jupiter.engine.execution.InterceptingExecutableInvoker.lambda$invoke$0(InterceptingExecutableInvoker.java:93)
	at org.junit.jupiter.engine.execution.InvocationInterceptorChain$InterceptedInvocation.proceed(InvocationInterceptorChain.java:106)
	at org.junit.jupiter.engine.execution.InvocationInterceptorChain.proceed(InvocationInterceptorChain.java:64)
	at org.junit.jupiter.engine.execution.InvocationInterceptorChain.chainAndInvoke(InvocationInterceptorChain.java:45)
	at org.junit.jupiter.engine.execution.InvocationInterceptorChain.invoke(InvocationInterceptorChain.java:37)
	at org.junit.jupiter.engine.execution.InterceptingExecutableInvoker.invoke(InterceptingExecutableInvoker.java:92)
	at org.junit.jupiter.engine.execution.InterceptingExecutableInvoker.invoke(InterceptingExecutableInvoker.java:86)
	at org.junit.jupiter.engine.descriptor.TestMethodTestDescriptor.lambda$invokeTestMethod$7(TestMethodTestDescriptor.java:218)
	at org.junit.platform.engine.support.hierarchical.ThrowableCollector.execute(ThrowableCollector.java:73)
	at org.junit.jupiter.engine.descriptor.TestMethodTestDescriptor.invokeTestMethod(TestMethodTestDescriptor.java:214)
	at org.junit.jupiter.engine.descriptor.TestMethodTestDescriptor.execute(TestMethodTestDescriptor.java:139)
	at org.junit.jupiter.engine.descriptor.TestMethodTestDescriptor.execute(TestMethodTestDescriptor.java:69)
	at org.junit.platform.engine.support.hierarchical.NodeTestTask.lambda$executeRecursively$6(NodeTestTask.java:151)
	at org.junit.platform.engine.support.hierarchical.ThrowableCollector.execute(ThrowableCollector.java:73)
	at org.junit.platform.engine.support.hierarchical.NodeTestTask.lambda$executeRecursively$8(NodeTestTask.java:141)
	at org.junit.platform.engine.support.hierarchical.Node.around(Node.java:137)
	at org.junit.platform.engine.support.hierarchical.NodeTestTask.lambda$executeRecursively$9(NodeTestTask.java:139)
	at org.junit.platform.engine.support.hierarchical.ThrowableCollector.execute(ThrowableCollector.java:73)
	at org.junit.platform.engine.support.hierarchical.NodeTestTask.executeRecursively(NodeTestTask.java:138)
	at org.junit.platform.engine.support.hierarchical.NodeTestTask.execute(NodeTestTask.java:95)
	at java.base/java.util.ArrayList.forEach(ArrayList.java:1511)
	at org.junit.platform.engine.support.hierarchical.SameThreadHierarchicalTestExecutorService.invokeAll(SameThreadHierarchicalTestExecutorService.java:41)
	at org.junit.platform.engine.support.hierarchical.NodeTestTask.lambda$executeRecursively$6(NodeTestTask.java:155)
	at org.junit.platform.engine.support.hierarchical.ThrowableCollector.execute(ThrowableCollector.java:73)
	at org.junit.platform.engine.support.hierarchical.NodeTestTask.lambda$executeRecursively$8(NodeTestTask.java:141)
	at org.junit.platform.engine.support.hierarchical.Node.around(Node.java:137)
	at org.junit.platform.engine.support.hierarchical.NodeTestTask.lambda$executeRecursively$9(NodeTestTask.java:139)
	at org.junit.platform.engine.support.hierarchical.ThrowableCollector.execute(ThrowableCollector.java:73)
	at org.junit.platform.engine.support.hierarchical.NodeTestTask.executeRecursively(NodeTestTask.java:138)
	at org.junit.platform.engine.support.hierarchical.NodeTestTask.execute(NodeTestTask.java:95)
	at java.base/java.util.ArrayList.forEach(ArrayList.java:1511)
	at org.junit.platform.engine.support.hierarchical.SameThreadHierarchicalTestExecutorService.invokeAll(SameThreadHierarchicalTestExecutorService.java:41)
	at org.junit.platform.engine.support.hierarchical.NodeTestTask.lambda$executeRecursively$6(NodeTestTask.java:155)
	at org.junit.platform.engine.support.hierarchical.ThrowableCollector.execute(ThrowableCollector.java:73)
	at org.junit.platform.engine.support.hierarchical.NodeTestTask.lambda$executeRecursively$8(NodeTestTask.java:141)
	at org.junit.platform.engine.support.hierarchical.Node.around(Node.java:137)
	at org.junit.platform.engine.support.hierarchical.NodeTestTask.lambda$executeRecursively$9(NodeTestTask.java:139)
	at org.junit.platform.engine.support.hierarchical.ThrowableCollector.execute(ThrowableCollector.java:73)
	at org.junit.platform.engine.support.hierarchical.NodeTestTask.executeRecursively(NodeTestTask.java:138)
	at org.junit.platform.engine.support.hierarchical.NodeTestTask.execute(NodeTestTask.java:95)
	at org.junit.platform.engine.support.hierarchical.SameThreadHierarchicalTestExecutorService.submit(SameThreadHierarchicalTestExecutorService.java:35)
	at org.junit.platform.engine.support.hierarchical.HierarchicalTestExecutor.execute(HierarchicalTestExecutor.java:57)
	at org.junit.platform.engine.support.hierarchical.HierarchicalTestEngine.execute(HierarchicalTestEngine.java:54)
	at org.junit.platform.launcher.core.EngineExecutionOrchestrator.execute(EngineExecutionOrchestrator.java:198)
	at org.junit.platform.launcher.core.EngineExecutionOrchestrator.execute(EngineExecutionOrchestrator.java:169)
	at org.junit.platform.launcher.core.EngineExecutionOrchestrator.execute(EngineExecutionOrchestrator.java:93)
	at org.junit.platform.launcher.core.EngineExecutionOrchestrator.lambda$execute$0(EngineExecutionOrchestrator.java:58)
	at org.junit.platform.launcher.core.EngineExecutionOrchestrator.withInterceptedStreams(EngineExecutionOrchestrator.java:141)
	at org.junit.platform.launcher.core.EngineExecutionOrchestrator.execute(EngineExecutionOrchestrator.java:57)
	at org.junit.platform.launcher.core.DefaultLauncher.execute(DefaultLauncher.java:103)
	at org.junit.platform.launcher.core.DefaultLauncher.execute(DefaultLauncher.java:85)
	at org.junit.platform.launcher.core.DelegatingLauncher.execute(DelegatingLauncher.java:47)
	at org.apache.maven.surefire.junitplatform.LazyLauncher.execute(LazyLauncher.java:56)
	at org.apache.maven.surefire.junitplatform.JUnitPlatformProvider.execute(JUnitPlatformProvider.java:184)
	at org.apache.maven.surefire.junitplatform.JUnitPlatformProvider.invokeAllTests(JUnitPlatformProvider.java:148)
	at org.apache.maven.surefire.junitplatform.JUnitPlatformProvider.invoke(JUnitPlatformProvider.java:122)
	at java.base/jdk.internal.reflect.NativeMethodAccessorImpl.invoke0(Native Method)
	at java.base/jdk.internal.reflect.NativeMethodAccessorImpl.invoke(NativeMethodAccessorImpl.java:77)
	at java.base/jdk.internal.reflect.DelegatingMethodAccessorImpl.invoke(DelegatingMethodAccessorImpl.java:43)
	at java.base/java.lang.reflect.Method.invoke(Method.java:568)
	at org.apache.maven.surefire.api.util.ReflectionUtils.invokeMethodWithArray2(ReflectionUtils.java:137)
	at org.apache.maven.surefire.booter.ProviderFactory$ProviderProxy.invoke(ProviderFactory.java:148)
	at org.apache.maven.surefire.booter.ProviderFactory.invokeProvider(ProviderFactory.java:88)
	at org.apache.maven.plugin.surefire.InPluginVMSurefireStarter.runSuitesInProcess(InPluginVMSurefireStarter.java:91)
	at org.apache.maven.plugin.surefire.AbstractSurefireMojo.executeProvider(AbstractSurefireMojo.java:1177)
	at org.apache.maven.plugin.surefire.AbstractSurefireMojo.executeAfterPreconditionsChecked(AbstractSurefireMojo.java:1055)
	at org.apache.maven.plugin.surefire.AbstractSurefireMojo.execute(AbstractSurefireMojo.java:871)
	at org.apache.maven.plugin.DefaultBuildPluginManager.executeMojo(DefaultBuildPluginManager.java:126)
	at org.apache.maven.lifecycle.internal.MojoExecutor.doExecute2(MojoExecutor.java:328)
	at org.apache.maven.lifecycle.internal.MojoExecutor.doExecute(MojoExecutor.java:316)
	at org.apache.maven.lifecycle.internal.MojoExecutor.execute(MojoExecutor.java:212)
	at org.apache.maven.lifecycle.internal.MojoExecutor.execute(MojoExecutor.java:174)
	at org.apache.maven.lifecycle.internal.MojoExecutor.access$000(MojoExecutor.java:75)
	at org.apache.maven.lifecycle.internal.MojoExecutor$1.run(MojoExecutor.java:162)
	at org.apache.maven.plugin.DefaultMojosExecutionStrategy.execute(DefaultMojosExecutionStrategy.java:39)
	at org.apache.maven.lifecycle.internal.MojoExecutor.execute(MojoExecutor.java:159)
	at org.apache.maven.lifecycle.internal.LifecycleModuleBuilder.buildProject(LifecycleModuleBuilder.java:105)
	at org.apache.maven.lifecycle.internal.LifecycleModuleBuilder.buildProject(LifecycleModuleBuilder.java:73)
	at org.apache.maven.lifecycle.internal.builder.singlethreaded.SingleThreadedBuilder.build(SingleThreadedBuilder.java:53)
	at org.apache.maven.lifecycle.internal.LifecycleStarter.execute(LifecycleStarter.java:118)
	at org.apache.maven.DefaultMaven.doExecute(DefaultMaven.java:261)
	at org.apache.maven.DefaultMaven.doExecute(DefaultMaven.java:173)
	at org.apache.maven.DefaultMaven.execute(DefaultMaven.java:101)
	at org.apache.maven.cli.MavenCli.execute(MavenCli.java:919)
	at org.apache.maven.cli.MavenCli.doMain(MavenCli.java:285)
	at org.apache.maven.cli.MavenCli.main(MavenCli.java:207)
	at java.base/jdk.internal.reflect.NativeMethodAccessorImpl.invoke0(Native Method)
	at java.base/jdk.internal.reflect.NativeMethodAccessorImpl.invoke(NativeMethodAccessorImpl.java:77)
	at java.base/jdk.internal.reflect.DelegatingMethodAccessorImpl.invoke(DelegatingMethodAccessorImpl.java:43)
	at java.base/java.lang.reflect.Method.invoke(Method.java:568)
	at org.codehaus.plexus.classworlds.launcher.Launcher.launchEnhanced(Launcher.java:255)
	at org.codehaus.plexus.classworlds.launcher.Launcher.launch(Launcher.java:201)
	at org.codehaus.plexus.classworlds.launcher.Launcher.mainWithExitCode(Launcher.java:361)
	at org.codehaus.plexus.classworlds.launcher.Launcher.main(Launcher.java:314)
[INFO] Tests run: 6, Failures: 0, Errors: 0, Skipped: 0, Time elapsed: 0.010 s -- in com.graduation.analytics.controller.DecisionControllerAuditTest
[INFO] Running com.graduation.analytics.controller.DecisionControllerIdentityTest
[INFO] Tests run: 5, Failures: 0, Errors: 0, Skipped: 0, Time elapsed: 0.006 s -- in com.graduation.analytics.controller.DecisionControllerIdentityTest
[INFO] Running com.graduation.analytics.source.SourceRegistryMigrationScriptTest
[INFO] Tests run: 6, Failures: 0, Errors: 0, Skipped: 0, Time elapsed: 0.008 s -- in com.graduation.analytics.source.SourceRegistryMigrationScriptTest
[INFO] 
[INFO] Results:
[INFO] 
[INFO] Tests run: 58, Failures: 0, Errors: 0, Skipped: 0
[INFO] 
[INFO] ------------------------------------------------------------------------
[INFO] Reactor Summary for analytics-server 0.1.0-SNAPSHOT:
[INFO] 
[INFO] analytics-server ................................... SUCCESS [  0.001 s]
[INFO] platform-common .................................... SUCCESS [  1.159 s]
[INFO] connection-ingestion ............................... SUCCESS [  2.685 s]
[INFO] warehouse-pipeline ................................. SUCCESS [ 38.620 s]
[INFO] metric-analysis .................................... SUCCESS [  1.252 s]
[INFO] ai-decision ........................................ SUCCESS [  1.896 s]
[INFO] platform-app ....................................... SUCCESS [  5.047 s]
[INFO] ------------------------------------------------------------------------
[INFO] BUILD SUCCESS
[INFO] ------------------------------------------------------------------------
[INFO] Total time:  50.878 s
[INFO] Finished at: 2026-09-11T19:58:01+08:00
[INFO] ------------------------------------------------------------------------
