Picked up JAVA_TOOL_OPTIONS: -Dfile.encoding=UTF-8 -XX:+UseSerialGC
[INFO] Scanning for projects...
[INFO] ------------------------------------------------------------------------
[INFO] Reactor Build Order:
[INFO] 
[INFO] analytics-server                                                   [pom]
[INFO] platform-common                                                    [jar]
[INFO] connection-ingestion                                               [jar]
[INFO] warehouse-pipeline                                                 [jar]
[INFO] metric-analysis                                                    [jar]
[INFO] ai-decision                                                        [jar]
[INFO] platform-app                                                       [jar]
[INFO] 
[INFO] -------------< com.graduation.analytics:analytics-server >--------------
[INFO] Building analytics-server 0.1.0-SNAPSHOT                           [1/7]
[INFO]   from pom.xml
[INFO] --------------------------------[ pom ]---------------------------------
[INFO] 
[INFO] --- clean:3.3.2:clean (default-clean) @ analytics-server ---
[INFO] 
[INFO] --------------< com.graduation.analytics:platform-common >--------------
[INFO] Building platform-common 0.1.0-SNAPSHOT                            [2/7]
[INFO]   from platform-common\pom.xml
[INFO] --------------------------------[ jar ]---------------------------------
[INFO] 
[INFO] --- clean:3.3.2:clean (default-clean) @ platform-common ---
[INFO] Deleting D:\Develop_code\GraduationProject\analytics-server\platform-common\target
[INFO] 
[INFO] --- resources:3.3.1:resources (default-resources) @ platform-common ---
[INFO] skip non existing resourceDirectory D:\Develop_code\GraduationProject\analytics-server\platform-common\src\main\resources
[INFO] skip non existing resourceDirectory D:\Develop_code\GraduationProject\analytics-server\platform-common\src\main\resources
[INFO] 
[INFO] --- compiler:3.11.0:compile (default-compile) @ platform-common ---
[INFO] Changes detected - recompiling the module! :source
[INFO] Compiling 17 source files with javac [debug release 17] to target\classes
[INFO] 
[INFO] --- resources:3.3.1:testResources (default-testResources) @ platform-common ---
[INFO] skip non existing resourceDirectory D:\Develop_code\GraduationProject\analytics-server\platform-common\src\test\resources
[INFO] 
[INFO] --- compiler:3.11.0:testCompile (default-testCompile) @ platform-common ---
[INFO] Changes detected - recompiling the module! :dependency
[INFO] Compiling 5 source files with javac [debug release 17] to target\test-classes
[INFO] 
[INFO] --- surefire:3.1.2:test (default-test) @ platform-common ---
[INFO] Tests are skipped.
[INFO] 
[INFO] --- jar:3.3.0:jar (default-jar) @ platform-common ---
[INFO] Building jar: D:\Develop_code\GraduationProject\analytics-server\platform-common\target\platform-common-0.1.0-SNAPSHOT.jar
[INFO] 
[INFO] --- jar:3.3.0:test-jar (test-jar) @ platform-common ---
[INFO] Building jar: D:\Develop_code\GraduationProject\analytics-server\platform-common\target\platform-common-0.1.0-SNAPSHOT-tests.jar
[INFO] 
[INFO] -----------< com.graduation.analytics:connection-ingestion >------------
[INFO] Building connection-ingestion 0.1.0-SNAPSHOT                       [3/7]
[INFO]   from connection-ingestion\pom.xml
[INFO] --------------------------------[ jar ]---------------------------------
[WARNING] 2 problems were encountered while building the effective model for org.apache.yetus:audience-annotations:jar:0.5.0 during dependency collection step for project (use -X to see details)
[INFO] 
[INFO] --- clean:3.3.2:clean (default-clean) @ connection-ingestion ---
[INFO] Deleting D:\Develop_code\GraduationProject\analytics-server\connection-ingestion\target
[INFO] 
[INFO] --- resources:3.3.1:resources (default-resources) @ connection-ingestion ---
[INFO] skip non existing resourceDirectory D:\Develop_code\GraduationProject\analytics-server\connection-ingestion\src\main\resources
[INFO] skip non existing resourceDirectory D:\Develop_code\GraduationProject\analytics-server\connection-ingestion\src\main\resources
[INFO] 
[INFO] --- compiler:3.11.0:compile (default-compile) @ connection-ingestion ---
[INFO] Changes detected - recompiling the module! :dependency
[INFO] Compiling 40 source files with javac [debug release 17] to target\classes
[INFO] 
[INFO] --- resources:3.3.1:testResources (default-testResources) @ connection-ingestion ---
[INFO] skip non existing resourceDirectory D:\Develop_code\GraduationProject\analytics-server\connection-ingestion\src\test\resources
[INFO] 
[INFO] --- compiler:3.11.0:testCompile (default-testCompile) @ connection-ingestion ---
[INFO] Changes detected - recompiling the module! :dependency
[INFO] Compiling 9 source files with javac [debug release 17] to target\test-classes
[INFO] 
[INFO] --- surefire:3.1.2:test (default-test) @ connection-ingestion ---
[INFO] Tests are skipped.
[INFO] 
[INFO] --- jar:3.3.0:jar (default-jar) @ connection-ingestion ---
[INFO] Building jar: D:\Develop_code\GraduationProject\analytics-server\connection-ingestion\target\connection-ingestion-0.1.0-SNAPSHOT.jar
[INFO] 
[INFO] ------------< com.graduation.analytics:warehouse-pipeline >-------------
[INFO] Building warehouse-pipeline 0.1.0-SNAPSHOT                         [4/7]
[INFO]   from warehouse-pipeline\pom.xml
[INFO] --------------------------------[ jar ]---------------------------------
[INFO] 
[INFO] --- clean:3.3.2:clean (default-clean) @ warehouse-pipeline ---
[INFO] Deleting D:\Develop_code\GraduationProject\analytics-server\warehouse-pipeline\target
[INFO] 
[INFO] --- resources:3.3.1:resources (default-resources) @ warehouse-pipeline ---
[INFO] skip non existing resourceDirectory D:\Develop_code\GraduationProject\analytics-server\warehouse-pipeline\src\main\resources
[INFO] skip non existing resourceDirectory D:\Develop_code\GraduationProject\analytics-server\warehouse-pipeline\src\main\resources
[INFO] 
[INFO] --- compiler:3.11.0:compile (default-compile) @ warehouse-pipeline ---
[INFO] Changes detected - recompiling the module! :dependency
[INFO] Compiling 16 source files with javac [debug release 17] to target\classes
[INFO] 
[INFO] --- resources:3.3.1:testResources (default-testResources) @ warehouse-pipeline ---
[INFO] skip non existing resourceDirectory D:\Develop_code\GraduationProject\analytics-server\warehouse-pipeline\src\test\resources
[INFO] 
[INFO] --- compiler:3.11.0:testCompile (default-testCompile) @ warehouse-pipeline ---
[INFO] Changes detected - recompiling the module! :dependency
[INFO] Compiling 13 source files with javac [debug release 17] to target\test-classes
[INFO] /D:/Develop_code/GraduationProject/analytics-server/warehouse-pipeline/src/test/java/com/graduation/analytics/pipeline/PipelineRecoveryServiceTest.java: D:\Develop_code\GraduationProject\analytics-server\warehouse-pipeline\src\test\java\com\graduation\analytics\pipeline\PipelineRecoveryServiceTest.java使用了未经检查或不安全的操作。
[INFO] /D:/Develop_code/GraduationProject/analytics-server/warehouse-pipeline/src/test/java/com/graduation/analytics/pipeline/PipelineRecoveryServiceTest.java: 有关详细信息, 请使用 -Xlint:unchecked 重新编译。
[INFO] 
[INFO] --- surefire:3.1.2:test (default-test) @ warehouse-pipeline ---
[INFO] Tests are skipped.
[INFO] 
[INFO] --- jar:3.3.0:jar (default-jar) @ warehouse-pipeline ---
[INFO] Building jar: D:\Develop_code\GraduationProject\analytics-server\warehouse-pipeline\target\warehouse-pipeline-0.1.0-SNAPSHOT.jar
[INFO] 
[INFO] --------------< com.graduation.analytics:metric-analysis >--------------
[INFO] Building metric-analysis 0.1.0-SNAPSHOT                            [5/7]
[INFO]   from metric-analysis\pom.xml
[INFO] --------------------------------[ jar ]---------------------------------
[INFO] 
[INFO] --- clean:3.3.2:clean (default-clean) @ metric-analysis ---
[INFO] Deleting D:\Develop_code\GraduationProject\analytics-server\metric-analysis\target
[INFO] 
[INFO] --- resources:3.3.1:resources (default-resources) @ metric-analysis ---
[INFO] skip non existing resourceDirectory D:\Develop_code\GraduationProject\analytics-server\metric-analysis\src\main\resources
[INFO] skip non existing resourceDirectory D:\Develop_code\GraduationProject\analytics-server\metric-analysis\src\main\resources
[INFO] 
[INFO] --- compiler:3.11.0:compile (default-compile) @ metric-analysis ---
[INFO] Changes detected - recompiling the module! :dependency
[INFO] Compiling 13 source files with javac [debug release 17] to target\classes
[INFO] /D:/Develop_code/GraduationProject/analytics-server/metric-analysis/src/main/java/com/graduation/analytics/metric/publish/AdsExportReader.java: D:\Develop_code\GraduationProject\analytics-server\metric-analysis\src\main\java\com\graduation\analytics\metric\publish\AdsExportReader.java使用或覆盖了已过时的 API。
[INFO] /D:/Develop_code/GraduationProject/analytics-server/metric-analysis/src/main/java/com/graduation/analytics/metric/publish/AdsExportReader.java: 有关详细信息, 请使用 -Xlint:deprecation 重新编译。
[INFO] 
[INFO] --- resources:3.3.1:testResources (default-testResources) @ metric-analysis ---
[INFO] skip non existing resourceDirectory D:\Develop_code\GraduationProject\analytics-server\metric-analysis\src\test\resources
[INFO] 
[INFO] --- compiler:3.11.0:testCompile (default-testCompile) @ metric-analysis ---
[INFO] Changes detected - recompiling the module! :dependency
[INFO] Compiling 9 source files with javac [debug release 17] to target\test-classes
[INFO] /D:/Develop_code/GraduationProject/analytics-server/metric-analysis/src/test/java/com/graduation/analytics/metric/MetricAdsDaoTest.java: D:\Develop_code\GraduationProject\analytics-server\metric-analysis\src\test\java\com\graduation\analytics\metric\MetricAdsDaoTest.java使用了未经检查或不安全的操作。
[INFO] /D:/Develop_code/GraduationProject/analytics-server/metric-analysis/src/test/java/com/graduation/analytics/metric/MetricAdsDaoTest.java: 有关详细信息, 请使用 -Xlint:unchecked 重新编译。
[INFO] 
[INFO] --- surefire:3.1.2:test (default-test) @ metric-analysis ---
[INFO] Tests are skipped.
[INFO] 
[INFO] --- jar:3.3.0:jar (default-jar) @ metric-analysis ---
[INFO] Building jar: D:\Develop_code\GraduationProject\analytics-server\metric-analysis\target\metric-analysis-0.1.0-SNAPSHOT.jar
[INFO] 
[INFO] ----------------< com.graduation.analytics:ai-decision >----------------
[INFO] Building ai-decision 0.1.0-SNAPSHOT                                [6/7]
[INFO]   from ai-decision\pom.xml
[INFO] --------------------------------[ jar ]---------------------------------
[INFO] 
[INFO] --- clean:3.3.2:clean (default-clean) @ ai-decision ---
[INFO] Deleting D:\Develop_code\GraduationProject\analytics-server\ai-decision\target
[INFO] 
[INFO] --- resources:3.3.1:resources (default-resources) @ ai-decision ---
[INFO] skip non existing resourceDirectory D:\Develop_code\GraduationProject\analytics-server\ai-decision\src\main\resources
[INFO] skip non existing resourceDirectory D:\Develop_code\GraduationProject\analytics-server\ai-decision\src\main\resources
[INFO] 
[INFO] --- compiler:3.11.0:compile (default-compile) @ ai-decision ---
[INFO] Changes detected - recompiling the module! :dependency
[INFO] Compiling 37 source files with javac [debug release 17] to target\classes
[INFO] /D:/Develop_code/GraduationProject/analytics-server/ai-decision/src/main/java/com/graduation/analytics/ai/sql/SqlSafetyValidator.java: D:\Develop_code\GraduationProject\analytics-server\ai-decision\src\main\java\com\graduation\analytics\ai\sql\SqlSafetyValidator.java使用或覆盖了已过时的 API。
[INFO] /D:/Develop_code/GraduationProject/analytics-server/ai-decision/src/main/java/com/graduation/analytics/ai/sql/SqlSafetyValidator.java: 有关详细信息, 请使用 -Xlint:deprecation 重新编译。
[INFO] 
[INFO] --- resources:3.3.1:testResources (default-testResources) @ ai-decision ---
[INFO] skip non existing resourceDirectory D:\Develop_code\GraduationProject\analytics-server\ai-decision\src\test\resources
[INFO] 
[INFO] --- compiler:3.11.0:testCompile (default-testCompile) @ ai-decision ---
[INFO] Changes detected - recompiling the module! :dependency
[INFO] Compiling 10 source files with javac [debug release 17] to target\test-classes
[INFO] 
[INFO] --- surefire:3.1.2:test (default-test) @ ai-decision ---
[INFO] Tests are skipped.
[INFO] 
[INFO] --- jar:3.3.0:jar (default-jar) @ ai-decision ---
[INFO] Building jar: D:\Develop_code\GraduationProject\analytics-server\ai-decision\target\ai-decision-0.1.0-SNAPSHOT.jar
[INFO] 
[INFO] ---------------< com.graduation.analytics:platform-app >----------------
[INFO] Building platform-app 0.1.0-SNAPSHOT                               [7/7]
[INFO]   from platform-app\pom.xml
[INFO] --------------------------------[ jar ]---------------------------------
[INFO] 
[INFO] --- clean:3.3.2:clean (default-clean) @ platform-app ---
[INFO] Deleting D:\Develop_code\GraduationProject\analytics-server\platform-app\target
[INFO] 
[INFO] --- resources:3.3.1:resources (default-resources) @ platform-app ---
[INFO] Copying 1 resource from src\main\resources to target\classes
[INFO] Copying 44 resources from src\main\resources to target\classes
[INFO] 
[INFO] --- compiler:3.11.0:compile (default-compile) @ platform-app ---
[INFO] Changes detected - recompiling the module! :dependency
[INFO] Compiling 19 source files with javac [debug release 17] to target\classes
[INFO] 
[INFO] --- resources:3.3.1:testResources (default-testResources) @ platform-app ---
[INFO] skip non existing resourceDirectory D:\Develop_code\GraduationProject\analytics-server\platform-app\src\test\resources
[INFO] 
[INFO] --- compiler:3.11.0:testCompile (default-testCompile) @ platform-app ---
[INFO] Changes detected - recompiling the module! :dependency
[INFO] Compiling 12 source files with javac [debug release 17] to target\test-classes
[INFO] 
[INFO] --- surefire:3.1.2:test (default-test) @ platform-app ---
[INFO] Tests are skipped.
[INFO] 
[INFO] --- jar:3.3.0:jar (default-jar) @ platform-app ---
[INFO] Building jar: D:\Develop_code\GraduationProject\analytics-server\platform-app\target\platform-app-0.1.0-SNAPSHOT.jar
[INFO] 
[INFO] --- spring-boot:3.2.5:repackage (repackage) @ platform-app ---
[INFO] Replacing main artifact D:\Develop_code\GraduationProject\analytics-server\platform-app\target\platform-app-0.1.0-SNAPSHOT.jar with repackaged archive, adding nested dependencies in BOOT-INF/.
[INFO] The original artifact has been renamed to D:\Develop_code\GraduationProject\analytics-server\platform-app\target\platform-app-0.1.0-SNAPSHOT.jar.original
[INFO] ------------------------------------------------------------------------
[INFO] Reactor Summary for analytics-server 0.1.0-SNAPSHOT:
[INFO] 
[INFO] analytics-server ................................... SUCCESS [  0.077 s]
[INFO] platform-common .................................... SUCCESS [  2.881 s]
[INFO] connection-ingestion ............................... SUCCESS [  3.132 s]
[INFO] warehouse-pipeline ................................. SUCCESS [  2.499 s]
[INFO] metric-analysis .................................... SUCCESS [  2.186 s]
[INFO] ai-decision ........................................ SUCCESS [  2.245 s]
[INFO] platform-app ....................................... SUCCESS [  2.195 s]
[INFO] ------------------------------------------------------------------------
[INFO] BUILD SUCCESS
[INFO] ------------------------------------------------------------------------
[INFO] Total time:  15.484 s
[INFO] Finished at: 2026-09-11T19:59:25+08:00
[INFO] ------------------------------------------------------------------------
