
  .   ____          _            __ _ _
 /\\ / ___'_ __ _ _(_)_ __  __ _ \ \ \ \
( ( )\___ | '_ | '_| | '_ \/ _` | \ \ \ \
 \\/  ___)| |_)| | | | | || (_| |  ) ) ) )
  '  |____| .__|_| |_|_| |_\__, | / / / /
 =========|_|==============|___/=/_/_/_/
 :: Spring Boot ::                (v3.2.5)

2026-09-11T19:59:26.682+08:00  INFO 16568 --- [           main] c.g.analytics.AnalyticsApplication       : Starting AnalyticsApplication v0.1.0-SNAPSHOT using Java 17.0.12 with PID 16568 (D:\Develop_code\GraduationProject\analytics-server\platform-app\target\platform-app-0.1.0-SNAPSHOT.jar started by ASUS in D:\Develop_code\GraduationProject)
2026-09-11T19:59:26.685+08:00  INFO 16568 --- [           main] c.g.analytics.AnalyticsApplication       : No active profile set, falling back to 1 default profile: "default"
2026-09-11T19:59:28.329+08:00  INFO 16568 --- [           main] o.s.b.w.embedded.tomcat.TomcatWebServer  : Tomcat initialized with port 8091 (http)
2026-09-11T19:59:28.332+08:00  INFO 16568 --- [           main] o.a.catalina.core.AprLifecycleListener   : Loaded Apache Tomcat Native library [2.0.14] using APR version [1.7.6].
2026-09-11T19:59:28.336+08:00  INFO 16568 --- [           main] o.a.catalina.core.AprLifecycleListener   : OpenSSL successfully initialized [OpenSSL 3.5.5 27 Jan 2026]
2026-09-11T19:59:28.343+08:00  INFO 16568 --- [           main] o.apache.catalina.core.StandardService   : Starting service [Tomcat]
2026-09-11T19:59:28.343+08:00  INFO 16568 --- [           main] o.apache.catalina.core.StandardEngine    : Starting Servlet engine: [Apache Tomcat/10.1.20]
2026-09-11T19:59:28.378+08:00  INFO 16568 --- [           main] o.a.c.c.C.[Tomcat].[localhost].[/]       : Initializing Spring embedded WebApplicationContext
2026-09-11T19:59:28.379+08:00  INFO 16568 --- [           main] w.s.c.ServletWebServerApplicationContext : Root WebApplicationContext: initialization completed in 1590 ms
 _ _   |_  _ _|_. ___ _ |    _ 
| | |\/|_)(_| | |_\  |_)||_|_\ 
     /               |         
                        3.5.7 
2026-09-11T19:59:29.209+08:00  INFO 16568 --- [           main] com.zaxxer.hikari.HikariDataSource       : meta-ds - Starting...
2026-09-11T19:59:29.386+08:00  INFO 16568 --- [           main] com.zaxxer.hikari.pool.HikariPool        : meta-ds - Added connection com.mysql.cj.jdbc.ConnectionImpl@251d7fdd
2026-09-11T19:59:29.387+08:00  INFO 16568 --- [           main] com.zaxxer.hikari.HikariDataSource       : meta-ds - Start completed.
2026-09-11T19:59:29.453+08:00  INFO 16568 --- [           main] o.f.c.internal.license.VersionPrinter    : Flyway Community Edition 9.22.3 by Redgate
2026-09-11T19:59:29.453+08:00  INFO 16568 --- [           main] o.f.c.internal.license.VersionPrinter    : See release notes here: https://rd.gt/416ObMi
2026-09-11T19:59:29.454+08:00  INFO 16568 --- [           main] o.f.c.internal.license.VersionPrinter    : 
2026-09-11T19:59:29.468+08:00  INFO 16568 --- [           main] org.flywaydb.core.FlywayExecutor         : Database: jdbc:mysql://127.0.0.1:3306/analytics_meta (MySQL 8.0)
2026-09-11T19:59:29.528+08:00  INFO 16568 --- [           main] o.f.core.internal.command.DbValidate     : Successfully validated 15 migrations (execution time 00:00.029s)
2026-09-11T19:59:29.541+08:00  INFO 16568 --- [           main] o.f.core.internal.command.DbMigrate      : Current version of schema `analytics_meta`: 16
2026-09-11T19:59:29.545+08:00  INFO 16568 --- [           main] o.f.core.internal.command.DbMigrate      : Schema `analytics_meta` is up to date. No migration necessary.
2026-09-11T19:59:29.547+08:00  INFO 16568 --- [           main] c.g.a.config.MetaFlywayInitializer       : analytics_meta 迁移完成: 执行 0 个脚本，版本 null
2026-09-11T19:59:29.550+08:00  INFO 16568 --- [           main] com.zaxxer.hikari.HikariDataSource       : metric-publish-ds - Starting...
2026-09-11T19:59:29.553+08:00  INFO 16568 --- [           main] com.zaxxer.hikari.pool.HikariPool        : metric-publish-ds - Added connection com.mysql.cj.jdbc.ConnectionImpl@7d25913
2026-09-11T19:59:29.555+08:00  INFO 16568 --- [           main] com.zaxxer.hikari.HikariDataSource       : metric-publish-ds - Start completed.
2026-09-11T19:59:29.561+08:00  INFO 16568 --- [           main] org.flywaydb.core.FlywayExecutor         : Database: jdbc:mysql://127.0.0.1:3306/analytics_metric (MySQL 8.0)
2026-09-11T19:59:29.571+08:00  INFO 16568 --- [           main] o.f.core.internal.command.DbValidate     : Successfully validated 3 migrations (execution time 00:00.005s)
2026-09-11T19:59:29.578+08:00  INFO 16568 --- [           main] o.f.core.internal.command.DbMigrate      : Current version of schema `analytics_metric`: 3
2026-09-11T19:59:29.579+08:00  INFO 16568 --- [           main] o.f.core.internal.command.DbMigrate      : Schema `analytics_metric` is up to date. No migration necessary.
2026-09-11T19:59:29.606+08:00  INFO 16568 --- [           main] c.g.a.config.MetricFlywayInitializer     : analytics_metric 迁移完成: 执行 0 个脚本，当前版本 3 (迁移历史 analytics_metric.flyway_schema_history)
2026-09-11T19:59:29.941+08:00  INFO 16568 --- [           main] c.g.a.r.storage.LocalLandingStorage      : LocalLandingStorage root = D:\Develop_code\GraduationProject\landing
2026-09-11T19:59:30.487+08:00  INFO 16568 --- [           main] o.s.b.a.w.s.WelcomePageHandlerMapping    : Adding welcome page: class path resource [static/index.html]
2026-09-11T19:59:31.227+08:00  INFO 16568 --- [           main] o.s.b.w.embedded.tomcat.TomcatWebServer  : Tomcat started on port 8091 (http) with context path ''
2026-09-11T19:59:31.240+08:00  INFO 16568 --- [           main] c.g.analytics.AnalyticsApplication       : Started AnalyticsApplication in 5.006 seconds (process running for 5.673)
2026-09-11T19:59:31.389+08:00  INFO 16568 --- [           main] c.g.a.pipeline.PipelineRecoveryService   : R6-14 启动对账完成: pending重排=[] running判定中断=[] 孤立作业置UNKNOWN=0 errors=[]
2026-09-11T19:59:31.670+08:00  INFO 16568 --- [nio-8091-exec-1] o.a.c.c.C.[Tomcat].[localhost].[/]       : Initializing Spring DispatcherServlet 'dispatcherServlet'
2026-09-11T19:59:31.670+08:00  INFO 16568 --- [nio-8091-exec-1] o.s.web.servlet.DispatcherServlet        : Initializing Servlet 'dispatcherServlet'
2026-09-11T19:59:31.671+08:00  INFO 16568 --- [nio-8091-exec-1] o.s.web.servlet.DispatcherServlet        : Completed initialization in 0 ms
2026-09-11T19:59:31.693+08:00  INFO 16568 --- [nio-8091-exec-1] com.zaxxer.hikari.HikariDataSource       : metric-read-ds - Starting...
2026-09-11T19:59:31.698+08:00  INFO 16568 --- [nio-8091-exec-1] com.zaxxer.hikari.pool.HikariPool        : metric-read-ds - Added connection com.mysql.cj.jdbc.ConnectionImpl@3aebf3ca
2026-09-11T19:59:31.698+08:00  INFO 16568 --- [nio-8091-exec-1] com.zaxxer.hikari.HikariDataSource       : metric-read-ds - Start completed.
